Component: ARM Compiler 5.06 update 7 (build 960) Tool: armlink [4d3601]

==============================================================================

    Removing COMDAT group __ARM_asm.debug_abbrev.1 from the image.
    Removing stm32f4xx_it.o(.debug_abbrev), (32 bytes).
    Removing COMDAT group __ARM_grp.stdint.h.2_EH1000_GYiWGhpHn79_300000 from the image.
    Removing stm32f4xx_it.o(.debug_macinfo), (2200 bytes).
    Removing stm32f4xx_it.o(.debug_line), (116 bytes).
    Removing stm32f4xx_it.o(.debug_info), (812 bytes).
    Removing COMDAT group __ARM_grp.cmsis_version.h.2_Ix0000_Vwbvpl6jcM1_300000 from the image.
    Removing stm32f4xx_it.o(.debug_macinfo), (172 bytes).
    Removing stm32f4xx_it.o(.debug_line), (80 bytes).
    Removing stm32f4xx_it.o(.debug_info), (208 bytes).
    Removing COMDAT group __ARM_grp.cmsis_armcc.h.2_Up3000_52UYm99yqGc_Q00000 from the image.
    Removing stm32f4xx_it.o(.debug_macinfo), (3936 bytes).
    Removing stm32f4xx_it.o(.debug_line), (76 bytes).
    Removing stm32f4xx_it.o(.debug_info), (1348 bytes).
    Removing COMDAT group __ARM_grp.cmsis_compiler.h.2_sw0000_qdIHccblhy0_300000 from the image.
    Removing stm32f4xx_it.o(.debug_macinfo), (36 bytes).
    Removing stm32f4xx_it.o(.debug_line), (176 bytes).
    Removing stm32f4xx_it.o(.debug_info), (208 bytes).
    Removing COMDAT group __ARM_grp.mpu_armv7.h.2_sL2000_lN$ba84xIDa_k00000 from the image.
    Removing stm32f4xx_it.o(.debug_macinfo), (2936 bytes).
    Removing stm32f4xx_it.o(.debug_line), (76 bytes).
    Removing stm32f4xx_it.o(.debug_info), (632 bytes).
    Removing COMDAT group __ARM_grp.core_cm4.h.2_X2i400_SpV8ck7zM3a_d50000 from the image.
    Removing stm32f4xx_it.o(.debug_macinfo), (25016 bytes).
    Removing stm32f4xx_it.o(.debug_line), (208 bytes).
    Removing stm32f4xx_it.o(.debug_info), (4804 bytes).
    Removing stm32f4xx_it.o(.debug_pubnames), (35 bytes).
    Removing COMDAT group __ARM_grp.system_stm32f4xx.h.2_ew2000_cIHBPiKTYg8_h00000 from the image.
    Removing stm32f4xx_it.o(.debug_macinfo), (32 bytes).
    Removing stm32f4xx_it.o(.debug_line), (100 bytes).
    Removing stm32f4xx_it.o(.debug_info), (320 bytes).
    Removing stm32f4xx_it.o(.debug_pubnames), (74 bytes).
    Removing COMDAT group __ARM_grp.stm32f405xx.h.2_cdW300__aVB7MBduRb_L00000 from the image.
    Removing stm32f4xx_it.o(.debug_macinfo), (506016 bytes).
    Removing stm32f4xx_it.o(.debug_line), (240 bytes).
    Removing stm32f4xx_it.o(.debug_info), (7760 bytes).
    Removing COMDAT group __ARM_grp.stm32f4xx_hal.h.2_bM5000_ATFRdd4M319_h00000 from the image.
    Removing stm32f4xx_it.o(.debug_macinfo), (4392 bytes).
    Removing stm32f4xx_it.o(.debug_line), (128 bytes).
    Removing stm32f4xx_it.o(.debug_info), (400 bytes).
    Removing stm32f4xx_it.o(.debug_pubnames), (59 bytes).
    Removing COMDAT group __ARM_grp.stm32f4xx.h.2_kt1000_Se9oPl$EIu7_300000 from the image.
    Removing stm32f4xx_it.o(.debug_macinfo), (1908 bytes).
    Removing stm32f4xx_it.o(.debug_line), (168 bytes).
    Removing stm32f4xx_it.o(.debug_info), (376 bytes).
    Removing COMDAT group __ARM_grp.stm32_hal_legacy.h.2_EgR000_nl2jSnPMMua_300000 from the image.
    Removing stm32f4xx_it.o(.debug_macinfo), (108140 bytes).
    Removing stm32f4xx_it.o(.debug_line), (100 bytes).
    Removing stm32f4xx_it.o(.debug_info), (228 bytes).
    Removing COMDAT group __ARM_grp.stddef.h.2_kA0000_iKKuxNcG5X4_300000 from the image.
    Removing stm32f4xx_it.o(.debug_macinfo), (176 bytes).
    Removing stm32f4xx_it.o(.debug_line), (116 bytes).
    Removing stm32f4xx_it.o(.debug_info), (296 bytes).
    Removing COMDAT group __ARM_grp.stm32f4xx_hal_def.h.2_QX0000_WTKFxnQzk72_300000 from the image.
    Removing stm32f4xx_it.o(.debug_macinfo), (748 bytes).
    Removing stm32f4xx_it.o(.debug_line), (264 bytes).
    Removing stm32f4xx_it.o(.debug_info), (360 bytes).
    Removing COMDAT group __ARM_grp.stm32f4xx_hal_rcc_ex.h.2_4If000_8$io15RBjse_g00000 from the image.
    Removing stm32f4xx_it.o(.debug_macinfo), (29460 bytes).
    Removing stm32f4xx_it.o(.debug_line), (120 bytes).
    Removing stm32f4xx_it.o(.debug_info), (528 bytes).
    Removing COMDAT group __ARM_grp.stm32f4xx_hal_rcc.h.2_MRm000_NOqV75vYM73_v00000 from the image.
    Removing stm32f4xx_it.o(.debug_macinfo), (29024 bytes).
    Removing stm32f4xx_it.o(.debug_line), (144 bytes).
    Removing stm32f4xx_it.o(.debug_info), (536 bytes).
    Removing COMDAT group __ARM_grp.stm32f4xx_hal_gpio_ex.h.2_oN1000_0ZZ_RPn6sL7_300000 from the image.
    Removing stm32f4xx_it.o(.debug_macinfo), (2672 bytes).
    Removing stm32f4xx_it.o(.debug_line), (120 bytes).
    Removing stm32f4xx_it.o(.debug_info), (228 bytes).
    Removing COMDAT group __ARM_grp.stm32f4xx_hal_gpio.h.2_U_2000_O$xn6uLEiv6_b00000 from the image.
    Removing stm32f4xx_it.o(.debug_macinfo), (3484 bytes).
    Removing stm32f4xx_it.o(.debug_line), (144 bytes).
    Removing stm32f4xx_it.o(.debug_info), (388 bytes).
[...]
    Removing stm32f4xx_hal_tim.o(.debug_line), (92 bytes).
    Removing stm32f4xx_hal_tim.o(.debug_info), (272 bytes).
    Removing stm32f4xx_hal_tim.o(.debug_line), (92 bytes).
    Removing stm32f4xx_hal_tim.o(.debug_frame), (116 bytes).
    Removing stm32f4xx_hal_tim.o(.debug_frame), (116 bytes).
    Removing stm32f4xx_hal_tim.o(.debug_frame), (116 bytes).
    Removing stm32f4xx_hal_tim.o(.debug_info), (224 bytes).
    Removing stm32f4xx_hal_tim.o(.debug_line), (92 bytes).
    Removing stm32f4xx_hal_tim.o(.debug_macinfo), (1092 bytes).
    Removing stm32f4xx_hal_tim_ex.o(.debug_info), (280 bytes).
    Removing stm32f4xx_hal_tim_ex.o(.debug_line), (92 bytes).
    Removing stm32f4xx_hal_tim_ex.o(.debug_info), (280 bytes).
    Removing stm32f4xx_hal_tim_ex.o(.debug_line), (92 bytes).
    Removing stm32f4xx_hal_tim_ex.o(.debug_info), (280 bytes).
    Removing stm32f4xx_hal_tim_ex.o(.debug_line), (92 bytes).
    Removing stm32f4xx_hal_tim_ex.o(.debug_frame), (116 bytes).
    Removing stm32f4xx_hal_tim_ex.o(.debug_frame), (116 bytes).
    Removing stm32f4xx_hal_tim_ex.o(.debug_frame), (116 bytes).
    Removing stm32f4xx_hal_tim_ex.o(.debug_info), (228 bytes).
    Removing stm32f4xx_hal_tim_ex.o(.debug_line), (96 bytes).
    Removing stm32f4xx_hal_tim_ex.o(.debug_macinfo), (1092 bytes).
    Removing stm32f4xx_hal_uart.o(.debug_info), (288 bytes).
    Removing stm32f4xx_hal_uart.o(.debug_line), (92 bytes).
    Removing stm32f4xx_hal_uart.o(.debug_info), (288 bytes).
    Removing stm32f4xx_hal_uart.o(.debug_line), (92 bytes).
    Removing stm32f4xx_hal_uart.o(.debug_info), (284 bytes).
    Removing stm32f4xx_hal_uart.o(.debug_line), (92 bytes).
    Removing stm32f4xx_hal_uart.o(.debug_frame), (116 bytes).
    Removing stm32f4xx_hal_uart.o(.debug_frame), (116 bytes).
    Removing stm32f4xx_hal_uart.o(.debug_frame), (116 bytes).
    Removing stm32f4xx_hal_uart.o(.debug_info), (224 bytes).
    Removing stm32f4xx_hal_uart.o(.debug_line), (92 bytes).
    Removing stm32f4xx_hal_uart.o(.debug_macinfo), (1092 bytes).
    Removing stm32f4xx_hal_rcc.o(.debug_info), (284 bytes).
    Removing stm32f4xx_hal_rcc.o(.debug_line), (92 bytes).
    Removing stm32f4xx_hal_rcc.o(.debug_info), (284 bytes).
    Removing stm32f4xx_hal_rcc.o(.debug_line), (92 bytes).
    Removing stm32f4xx_hal_rcc.o(.debug_info), (284 bytes).
    Removing stm32f4xx_hal_rcc.o(.debug_line), (92 bytes).
    Removing stm32f4xx_hal_rcc.o(.debug_frame), (116 bytes).
    Removing stm32f4xx_hal_rcc.o(.debug_frame), (116 bytes).
    Removing stm32f4xx_hal_rcc.o(.debug_frame), (116 bytes).
    Removing stm32f4xx_hal_rcc.o(.debug_info), (224 bytes).
    Removing stm32f4xx_hal_rcc.o(.debug_line), (92 bytes).
    Removing stm32f4xx_hal_rcc.o(.debug_macinfo), (1092 bytes).
    Removing stm32f4xx_hal_rcc_ex.o(.debug_info), (292 bytes).
    Removing stm32f4xx_hal_rcc_ex.o(.debug_line), (92 bytes).
    Removing stm32f4xx_hal_rcc_ex.o(.debug_info), (292 bytes).
    Removing stm32f4xx_hal_rcc_ex.o(.debug_line), (92 bytes).
    Removing stm32f4xx_hal_rcc_ex.o(.debug_info), (288 bytes).
    Removing stm32f4xx_hal_rcc_ex.o(.debug_line), (92 bytes).
    Removing stm32f4xx_hal_rcc_ex.o(.debug_frame), (116 bytes).
    Removing stm32f4xx_hal_rcc_ex.o(.debug_frame), (116 bytes).
    Removing stm32f4xx_hal_rcc_ex.o(.debug_frame), (116 bytes).
    Removing stm32f4xx_hal_rcc_ex.o(.debug_frame), (352 bytes).
    Removing stm32f4xx_hal_rcc_ex.o(.debug_info), (228 bytes).
    Removing stm32f4xx_hal_rcc_ex.o(.debug_info), (928 bytes).
    Removing stm32f4xx_hal_rcc_ex.o(.debug_line), (96 bytes).
    Removing stm32f4xx_hal_rcc_ex.o(.debug_line), (1044 bytes).
    Removing stm32f4xx_hal_rcc_ex.o(.debug_loc), (460 bytes).
    Removing stm32f4xx_hal_rcc_ex.o(.debug_macinfo), (1092 bytes).
    Removing stm32f4xx_hal_rcc_ex.o(.debug_pubnames), (186 bytes).
    Removing stm32f4xx_hal_flash.o(.debug_info), (288 bytes).
    Removing stm32f4xx_hal_flash.o(.debug_line), (92 bytes).
    Removing stm32f4xx_hal_flash.o(.debug_info), (288 bytes).
    Removing stm32f4xx_hal_flash.o(.debug_line), (92 bytes).
    Removing stm32f4xx_hal_flash.o(.debug_info), (288 bytes).
    Removing stm32f4xx_hal_flash.o(.debug_line), (92 bytes).
    Removing stm32f4xx_hal_flash.o(.debug_frame), (116 bytes).
    Removing stm32f4xx_hal_flash.o(.debug_frame), (116 bytes).
    Removing stm32f4xx_hal_flash.o(.debug_frame), (116 bytes).
    Removing stm32f4xx_hal_flash.o(.debug_frame), (780 bytes).
    Removing stm32f4xx_hal_flash.o(.debug_info), (224 bytes).
    Removing stm32f4xx_hal_flash.o(.debug_info), (236 bytes).
    Removing stm32f4xx_hal_flash.o(.debug_info), (1568 bytes).
    Removing stm32f4xx_hal_flash.o(.debug_line), (96 bytes).
    Removing stm32f4xx_hal_flash.o(.debug_line), (1012 bytes).
    Removing stm32f4xx_hal_flash.o(.debug_loc), (1056 bytes).
    Removing stm32f4xx_hal_flash.o(.debug_macinfo), (1092 bytes).
    Removing stm32f4xx_hal_flash.o(.debug_pubnames), (29 bytes).
    Removing stm32f4xx_hal_flash.o(.debug_pubnames), (328 bytes).
    Removing stm32f4xx_hal_flash_ex.o(.debug_info), (296 bytes).
    Removing stm32f4xx_hal_flash_ex.o(.debug_line), (92 bytes).
    Removing stm32f4xx_hal_flash_ex.o(.debug_info), (296 bytes).
    Removing stm32f4xx_hal_flash_ex.o(.debug_line), (92 bytes).
    Removing stm32f4xx_hal_flash_ex.o(.debug_info), (292 bytes).
    Removing stm32f4xx_hal_flash_ex.o(.debug_line), (92 bytes).
    Removing stm32f4xx_hal_flash_ex.o(.debug_frame), (116 bytes).
    Removing stm32f4xx_hal_flash_ex.o(.debug_frame), (116 bytes).
    Removing stm32f4xx_hal_flash_ex.o(.debug_frame), (116 bytes).
    Removing stm32f4xx_hal_flash_ex.o(.debug_frame), (596 bytes).
    Removing stm32f4xx_hal_flash_ex.o(.debug_info), (228 bytes).
    Removing stm32f4xx_hal_flash_ex.o(.debug_info), (1688 bytes).
    Removing stm32f4xx_hal_flash_ex.o(.debug_line), (96 bytes).
    Removing stm32f4xx_hal_flash_ex.o(.debug_line), (1064 bytes).
    Removing stm32f4xx_hal_flash_ex.o(.debug_loc), (1140 bytes).
    Removing stm32f4xx_hal_flash_ex.o(.debug_macinfo), (1092 bytes).
    Removing stm32f4xx_hal_flash_ex.o(.debug_pubnames), (164 bytes).
    Removing stm32f4xx_hal_flash_ramfunc.o(.debug_info), (296 bytes).
    Removing stm32f4xx_hal_flash_ramfunc.o(.debug_line), (92 bytes).
    Removing stm32f4xx_hal_flash_ramfunc.o(.debug_info), (296 bytes).
    Removing stm32f4xx_hal_flash_ramfunc.o(.debug_line), (92 bytes).
    Removing stm32f4xx_hal_flash_ramfunc.o(.debug_info), (292 bytes).
    Removing stm32f4xx_hal_flash_ramfunc.o(.debug_line), (92 bytes).
    Removing stm32f4xx_hal_flash_ramfunc.o(.debug_frame), (116 bytes).
    Removing stm32f4xx_hal_flash_ramfunc.o(.debug_frame), (116 bytes).
    Removing stm32f4xx_hal_flash_ramfunc.o(.debug_frame), (116 bytes).
    Removing stm32f4xx_hal_flash_ramfunc.o(.debug_info), (232 bytes).
    Removing stm32f4xx_hal_flash_ramfunc.o(.debug_line), (104 bytes).
    Removing stm32f4xx_hal_flash_ramfunc.o(.debug_macinfo), (1092 bytes).
    Removing stm32f4xx_hal_gpio.o(.debug_info), (288 bytes).
    Removing stm32f4xx_hal_gpio.o(.debug_line), (92 bytes).
    Removing stm32f4xx_hal_gpio.o(.debug_info), (288 bytes).
    Removing stm32f4xx_hal_gpio.o(.debug_line), (92 bytes).
    Removing stm32f4xx_hal_gpio.o(.debug_info), (284 bytes).
    Removing stm32f4xx_hal_gpio.o(.debug_line), (92 bytes).
    Removing stm32f4xx_hal_gpio.o(.debug_frame), (116 bytes).
    Removing stm32f4xx_hal_gpio.o(.debug_frame), (116 bytes).
    Removing stm32f4xx_hal_gpio.o(.debug_frame), (116 bytes).
    Removing stm32f4xx_hal_gpio.o(.debug_info), (224 bytes).
    Removing stm32f4xx_hal_gpio.o(.debug_line), (92 bytes).
    Removing stm32f4xx_hal_gpio.o(.debug_macinfo), (1092 bytes).
    Removing stm32f4xx_hal_dma_ex.o(.debug_info), (292 bytes).
    Removing stm32f4xx_hal_dma_ex.o(.debug_line), (92 bytes).
    Removing stm32f4xx_hal_dma_ex.o(.debug_info), (292 bytes).
    Removing stm32f4xx_hal_dma_ex.o(.debug_line), (92 bytes).
    Removing stm32f4xx_hal_dma_ex.o(.debug_info), (288 bytes).
    Removing stm32f4xx_hal_dma_ex.o(.debug_line), (92 bytes).
    Removing stm32f4xx_hal_dma_ex.o(.debug_frame), (116 bytes).
    Removing stm32f4xx_hal_dma_ex.o(.debug_frame), (116 bytes).
    Removing stm32f4xx_hal_dma_ex.o(.debug_frame), (116 bytes).
    Removing stm32f4xx_hal_dma_ex.o(.debug_frame), (312 bytes).
    Removing stm32f4xx_hal_dma_ex.o(.debug_info), (228 bytes).
    Removing stm32f4xx_hal_dma_ex.o(.debug_info), (864 bytes).
    Removing stm32f4xx_hal_dma_ex.o(.debug_line), (96 bytes).
    Removing stm32f4xx_hal_dma_ex.o(.debug_line), (2544 bytes).
    Removing stm32f4xx_hal_dma_ex.o(.debug_loc), (616 bytes).
    Removing stm32f4xx_hal_dma_ex.o(.debug_macinfo), (1092 bytes).
    Removing stm32f4xx_hal_dma_ex.o(.debug_pubnames), (110 bytes).
    Removing stm32f4xx_hal_dma.o(.debug_info), (284 bytes).
    Removing stm32f4xx_hal_dma.o(.debug_line), (92 bytes).
    Removing stm32f4xx_hal_dma.o(.debug_info), (284 bytes).
    Removing stm32f4xx_hal_dma.o(.debug_line), (92 bytes).
    Removing stm32f4xx_hal_dma.o(.debug_info), (284 bytes).
    Removing stm32f4xx_hal_dma.o(.debug_line), (92 bytes).
    Removing stm32f4xx_hal_dma.o(.debug_frame), (116 bytes).
    Removing stm32f4xx_hal_dma.o(.debug_frame), (116 bytes).
    Removing stm32f4xx_hal_dma.o(.debug_frame), (116 bytes).
    Removing stm32f4xx_hal_dma.o(.debug_info), (224 bytes).
    Removing stm32f4xx_hal_dma.o(.debug_line), (92 bytes).
    Removing stm32f4xx_hal_dma.o(.debug_macinfo), (1092 bytes).
    Removing stm32f4xx_hal_pwr.o(.debug_info), (284 bytes).
    Removing stm32f4xx_hal_pwr.o(.debug_line), (92 bytes).
    Removing stm32f4xx_hal_pwr.o(.debug_info), (284 bytes).
    Removing stm32f4xx_hal_pwr.o(.debug_line), (92 bytes).
    Removing stm32f4xx_hal_pwr.o(.debug_info), (284 bytes).
    Removing stm32f4xx_hal_pwr.o(.debug_line), (92 bytes).
    Removing stm32f4xx_hal_pwr.o(.debug_frame), (116 bytes).
    Removing stm32f4xx_hal_pwr.o(.debug_frame), (116 bytes).
    Removing stm32f4xx_hal_pwr.o(.debug_frame), (116 bytes).
    Removing stm32f4xx_hal_pwr.o(.debug_frame), (644 bytes).
    Removing stm32f4xx_hal_pwr.o(.debug_info), (224 bytes).
    Removing stm32f4xx_hal_pwr.o(.debug_info), (1148 bytes).
    Removing stm32f4xx_hal_pwr.o(.debug_line), (92 bytes).
    Removing stm32f4xx_hal_pwr.o(.debug_line), (584 bytes).
    Removing stm32f4xx_hal_pwr.o(.debug_loc), (648 bytes).
    Removing stm32f4xx_hal_pwr.o(.debug_macinfo), (1092 bytes).
    Removing stm32f4xx_hal_pwr.o(.debug_pubnames), (471 bytes).
    Removing stm32f4xx_hal_pwr_ex.o(.debug_info), (292 bytes).
    Removing stm32f4xx_hal_pwr_ex.o(.debug_line), (92 bytes).
    Removing stm32f4xx_hal_pwr_ex.o(.debug_info), (292 bytes).
    Removing stm32f4xx_hal_pwr_ex.o(.debug_line), (92 bytes).
    Removing stm32f4xx_hal_pwr_ex.o(.debug_info), (288 bytes).
    Removing stm32f4xx_hal_pwr_ex.o(.debug_line), (92 bytes).
    Removing stm32f4xx_hal_pwr_ex.o(.debug_frame), (116 bytes).
    Removing stm32f4xx_hal_pwr_ex.o(.debug_frame), (116 bytes).
    Removing stm32f4xx_hal_pwr_ex.o(.debug_frame), (116 bytes).
    Removing stm32f4xx_hal_pwr_ex.o(.debug_frame), (424 bytes).
    Removing stm32f4xx_hal_pwr_ex.o(.debug_info), (228 bytes).
    Removing stm32f4xx_hal_pwr_ex.o(.debug_info), (768 bytes).
    Removing stm32f4xx_hal_pwr_ex.o(.debug_line), (96 bytes).
    Removing stm32f4xx_hal_pwr_ex.o(.debug_line), (308 bytes).
    Removing stm32f4xx_hal_pwr_ex.o(.debug_loc), (300 bytes).
    Removing stm32f4xx_hal_pwr_ex.o(.debug_macinfo), (1092 bytes).
    Removing stm32f4xx_hal_pwr_ex.o(.debug_pubnames), (212 bytes).
    Removing stm32f4xx_hal_cortex.o(.debug_info), (292 bytes).
    Removing stm32f4xx_hal_cortex.o(.debug_line), (92 bytes).
    Removing stm32f4xx_hal_cortex.o(.debug_info), (292 bytes).
    Removing stm32f4xx_hal_cortex.o(.debug_line), (92 bytes).
    Removing stm32f4xx_hal_cortex.o(.debug_info), (288 bytes).
    Removing stm32f4xx_hal_cortex.o(.debug_line), (92 bytes).
    Removing stm32f4xx_hal_cortex.o(.debug_frame), (116 bytes).
    Removing stm32f4xx_hal_cortex.o(.debug_frame), (116 bytes).
    Removing stm32f4xx_hal_cortex.o(.debug_frame), (116 bytes).
    Removing stm32f4xx_hal_cortex.o(.debug_info), (228 bytes).
    Removing stm32f4xx_hal_cortex.o(.debug_line), (96 bytes).
    Removing stm32f4xx_hal_cortex.o(.debug_macinfo), (1092 bytes).
    Removing stm32f4xx_hal.o(.debug_info), (276 bytes).
    Removing stm32f4xx_hal.o(.debug_line), (92 bytes).
    Removing stm32f4xx_hal.o(.debug_info), (276 bytes).
    Removing stm32f4xx_hal.o(.debug_line), (92 bytes).
    Removing stm32f4xx_hal.o(.debug_info), (276 bytes).
    Removing stm32f4xx_hal.o(.debug_line), (92 bytes).
    Removing stm32f4xx_hal.o(.debug_frame), (116 bytes).
    Removing stm32f4xx_hal.o(.debug_frame), (116 bytes).
    Removing stm32f4xx_hal.o(.debug_frame), (116 bytes).
    Removing stm32f4xx_hal.o(.debug_info), (220 bytes).
    Removing stm32f4xx_hal.o(.debug_line), (88 bytes).
    Removing stm32f4xx_hal.o(.debug_macinfo), (1092 bytes).
    Removing stm32f4xx_hal_exti.o(.debug_info), (288 bytes).
    Removing stm32f4xx_hal_exti.o(.debug_line), (92 bytes).
    Removing stm32f4xx_hal_exti.o(.debug_info), (288 bytes).
    Removing stm32f4xx_hal_exti.o(.debug_line), (92 bytes).
    Removing stm32f4xx_hal_exti.o(.debug_info), (284 bytes).
    Removing stm32f4xx_hal_exti.o(.debug_line), (92 bytes).
    Removing stm32f4xx_hal_exti.o(.debug_frame), (116 bytes).
    Removing stm32f4xx_hal_exti.o(.debug_frame), (116 bytes).
    Removing stm32f4xx_hal_exti.o(.debug_frame), (116 bytes).
    Removing stm32f4xx_hal_exti.o(.debug_frame), (464 bytes).
    Removing stm32f4xx_hal_exti.o(.debug_info), (224 bytes).
    Removing stm32f4xx_hal_exti.o(.debug_info), (1356 bytes).
    Removing stm32f4xx_hal_exti.o(.debug_line), (92 bytes).
    Removing stm32f4xx_hal_exti.o(.debug_line), (888 bytes).
    Removing stm32f4xx_hal_exti.o(.debug_loc), (1064 bytes).
    Removing stm32f4xx_hal_exti.o(.debug_macinfo), (1092 bytes).
    Removing stm32f4xx_hal_exti.o(.debug_pubnames), (253 bytes).
    Removing system_stm32f4xx.o(.debug_info), (260 bytes).
    Removing system_stm32f4xx.o(.debug_line), (92 bytes).
    Removing system_stm32f4xx.o(.debug_info), (260 bytes).
    Removing system_stm32f4xx.o(.debug_line), (92 bytes).
    Removing system_stm32f4xx.o(.debug_info), (256 bytes).
    Removing system_stm32f4xx.o(.debug_line), (92 bytes).
    Removing system_stm32f4xx.o(.debug_frame), (116 bytes).
    Removing system_stm32f4xx.o(.debug_frame), (116 bytes).
    Removing system_stm32f4xx.o(.debug_frame), (116 bytes).
    Removing system_stm32f4xx.o(.debug_info), (200 bytes).
    Removing system_stm32f4xx.o(.debug_line), (68 bytes).
    Removing system_stm32f4xx.o(.debug_macinfo), (1092 bytes).
    Removing fault-dump.o(.debug_info), (268 bytes).
    Removing fault-dump.o(.debug_line), (92 bytes).
    Removing fault-dump.o(.debug_info), (268 bytes).
    Removing fault-dump.o(.debug_line), (92 bytes).
    Removing fault-dump.o(.debug_info), (264 bytes).
    Removing fault-dump.o(.debug_line), (92 bytes).
    Removing fault-dump.o(.debug_frame), (116 bytes).
    Removing fault-dump.o(.debug_frame), (116 bytes).
    Removing fault-dump.o(.debug_frame), (116 bytes).
    Removing fault-dump.o(.debug_info), (212 bytes).
    Removing fault-dump.o(.debug_line), (84 bytes).
    Removing fault-dump.o(.debug_macinfo), (1092 bytes).
    Removing fault-hal.o(.debug_info), (276 bytes).
    Removing fault-hal.o(.debug_line), (92 bytes).
    Removing fault-hal.o(.debug_info), (276 bytes).
    Removing fault-hal.o(.debug_line), (92 bytes).
    Removing fault-hal.o(.debug_info), (272 bytes).
    Removing fault-hal.o(.debug_line), (92 bytes).
    Removing fault-hal.o(.debug_frame), (116 bytes).
    Removing fault-hal.o(.debug_frame), (116 bytes).
    Removing fault-hal.o(.debug_frame), (116 bytes).
    Removing fault-hal.o(.debug_info), (224 bytes).
    Removing fault-hal.o(.debug_line), (92 bytes).
    Removing fault-hal.o(.debug_macinfo), (1092 bytes).
    Removing printfb.o(.debug_frame), (68 bytes).
    Removing printfb.o(.debug_frame), (68 bytes).
    Removing printfb.o(.debug_frame), (68 bytes).
    Removing printfb.o(.debug_frame), (68 bytes).
    Removing printfb.o(.debug_frame), (84 bytes).
    Removing printfb.o(.debug_frame), (80 bytes).
    Removing printfb.o(.debug_frame), (68 bytes).
    Removing printfb.o(.debug_frame), (76 bytes).
    Removing printfb.o(.debug_frame), (76 bytes).
    Removing printfb.o(.debug_frame), (84 bytes).
    Removing printfb.o(.debug_frame), (68 bytes).
    Removing printf0.o(.debug_frame), (84 bytes).
    Removing printf0.o(.debug_frame), (84 bytes).
    Removing printf0.o(.debug_frame), (80 bytes).
    Removing printf0.o(.debug_frame), (84 bytes).
    Removing printf0.o(.debug_frame), (68 bytes).
    Removing printf0.o(.debug_frame), (84 bytes).
    Removing printf0.o(.debug_frame), (80 bytes).
    Removing printf0.o(.debug_frame), (68 bytes).
    Removing printf0.o(.debug_frame), (88 bytes).
    Removing printf0.o(.debug_frame), (80 bytes).
    Removing printf0.o(.debug_frame), (68 bytes).
    Removing printf1.o(.debug_frame), (100 bytes).
    Removing printf1.o(.debug_frame), (84 bytes).
    Removing printf1.o(.debug_frame), (80 bytes).
    Removing printf1.o(.debug_frame), (84 bytes).
    Removing printf1.o(.debug_frame), (68 bytes).
    Removing printf1.o(.debug_frame), (84 bytes).
    Removing printf1.o(.debug_frame), (80 bytes).
    Removing printf1.o(.debug_frame), (68 bytes).
    Removing printf1.o(.debug_frame), (88 bytes).
    Removing printf1.o(.debug_frame), (80 bytes).
    Removing printf1.o(.debug_frame), (68 bytes).
    Removing printf2.o(.debug_frame), (92 bytes).
    Removing printf2.o(.debug_frame), (84 bytes).
    Removing printf2.o(.debug_frame), (80 bytes).
    Removing printf2.o(.debug_frame), (84 bytes).
    Removing printf2.o(.debug_frame), (68 bytes).
    Removing printf2.o(.debug_frame), (84 bytes).
    Removing printf2.o(.debug_frame), (80 bytes).
    Removing printf2.o(.debug_frame), (68 bytes).
    Removing printf2.o(.debug_frame), (88 bytes).
    Removing printf2.o(.debug_frame), (80 bytes).
    Removing printf2.o(.debug_frame), (68 bytes).
    Removing printf3.o(.debug_frame), (100 bytes).
    Removing printf3.o(.debug_frame), (84 bytes).
    Removing printf3.o(.debug_frame), (80 bytes).
    Removing printf3.o(.debug_frame), (84 bytes).
    Removing printf3.o(.debug_frame), (68 bytes).
    Removing printf3.o(.debug_frame), (84 bytes).
    Removing printf3.o(.debug_frame), (80 bytes).
    Removing printf3.o(.debug_frame), (68 bytes).
    Removing printf3.o(.debug_frame), (88 bytes).
    Removing printf3.o(.debug_frame), (80 bytes).
    Removing printf3.o(.debug_frame), (68 bytes).
    Removing printf4.o(.debug_frame), (100 bytes).
    Removing printf4.o(.debug_frame), (84 bytes).
    Removing printf4.o(.debug_frame), (80 bytes).
    Removing printf4.o(.debug_frame), (84 bytes).
    Removing printf4.o(.debug_frame), (68 bytes).
    Removing printf4.o(.debug_frame), (84 bytes).
    Removing printf4.o(.debug_frame), (80 bytes).
    Removing printf4.o(.debug_frame), (68 bytes).
    Removing printf4.o(.debug_frame), (88 bytes).
    Removing printf4.o(.debug_frame), (80 bytes).
    Removing printf4.o(.debug_frame), (68 bytes).
    Removing printf5.o(.debug_frame), (100 bytes).
    Removing printf5.o(.debug_frame), (84 bytes).
    Removing printf5.o(.debug_frame), (80 bytes).
    Removing printf5.o(.debug_frame), (84 bytes).
    Removing printf5.o(.debug_frame), (68 bytes).
    Removing printf5.o(.debug_frame), (84 bytes).
    Removing printf5.o(.debug_frame), (80 bytes).
    Removing printf5.o(.debug_frame), (68 bytes).
    Removing printf5.o(.debug_frame), (88 bytes).
    Removing printf5.o(.debug_frame), (80 bytes).
    Removing printf5.o(.debug_frame), (68 bytes).
    Removing printf6.o(.debug_frame), (100 bytes).
    Removing printf6.o(.debug_frame), (84 bytes).
    Removing printf6.o(.debug_frame), (80 bytes).
    Removing printf6.o(.debug_frame), (84 bytes).
    Removing printf6.o(.debug_frame), (68 bytes).
    Removing printf6.o(.debug_frame), (84 bytes).
    Removing printf6.o(.debug_frame), (80 bytes).
    Removing printf6.o(.debug_frame), (68 bytes).
    Removing printf6.o(.debug_frame), (88 bytes).
    Removing printf6.o(.debug_frame), (80 bytes).
    Removing printf6.o(.debug_frame), (84 bytes).
    Removing printf6.o(.debug_frame), (84 bytes).
    Removing printf6.o(.debug_frame), (68 bytes).
    Removing printf7.o(.debug_frame), (100 bytes).
    Removing printf7.o(.debug_frame), (84 bytes).
    Removing printf7.o(.debug_frame), (80 bytes).
    Removing printf7.o(.debug_frame), (84 bytes).
    Removing printf7.o(.debug_frame), (68 bytes).
    Removing printf7.o(.debug_frame), (84 bytes).
    Removing printf7.o(.debug_frame), (80 bytes).
    Removing printf7.o(.debug_frame), (68 bytes).
    Removing printf7.o(.debug_frame), (88 bytes).
    Removing printf7.o(.debug_frame), (80 bytes).
    Removing printf7.o(.debug_frame), (84 bytes).
    Removing printf7.o(.debug_frame), (84 bytes).
    Removing printf7.o(.debug_frame), (68 bytes).
    Removing printf8.o(.debug_frame), (84 bytes).
    Removing printf8.o(.debug_frame), (80 bytes).
    Removing printf8.o(.debug_frame), (68 bytes).
    Removing printf8.o(.debug_frame), (84 bytes).
    Removing printf8.o(.debug_frame), (80 bytes).
    Removing printf8.o(.debug_frame), (68 bytes).
    Removing printf8.o(.debug_frame), (88 bytes).
    Removing printf8.o(.debug_frame), (80 bytes).
    Removing printf8.o(.debug_frame), (68 bytes).
    Removing printfa.o(.debug_frame), (100 bytes).
    Removing printfa.o(.debug_frame), (112 bytes).
    Removing printfa.o(.debug_frame), (84 bytes).
    Removing printfa.o(.debug_frame), (80 bytes).
    Removing printfa.o(.debug_frame), (84 bytes).
    Removing printfa.o(.debug_frame), (68 bytes).
    Removing printfa.o(.debug_frame), (84 bytes).
    Removing printfa.o(.debug_frame), (80 bytes).
    Removing printfa.o(.debug_frame), (68 bytes).
    Removing printfa.o(.debug_frame), (88 bytes).
    Removing printfa.o(.debug_frame), (80 bytes).
    Removing printfa.o(.debug_frame), (84 bytes).
    Removing printfa.o(.debug_frame), (84 bytes).
    Removing printfa.o(.debug_frame), (68 bytes).
    Removing uidiv.o(.debug_frame), (80 bytes).
    Removing dadd.o(.debug_frame), (148 bytes).
    Removing dmul.o(.debug_frame), (96 bytes).
    Removing ddiv.o(.debug_frame), (100 bytes).
    Removing dfixul.o(.debug_frame), (68 bytes).
    Removing cdrcmple.o(.debug_frame), (68 bytes).
    Removing llsshr.o(.debug_frame), (68 bytes).
    Removing depilogue.o(.debug_frame), (176 bytes).
    Removing main.o(.debug_macinfo), (172 bytes).
    Removing main.o(.debug_line), (80 bytes).
    Removing main.o(.debug_info), (208 bytes).
    Removing main.o(.debug_macinfo), (3936 bytes).
    Removing main.o(.debug_line), (76 bytes).
    Removing main.o(.debug_info), (1348 bytes).
    Removing main.o(.debug_macinfo), (36 bytes).
    Removing main.o(.debug_line), (176 bytes).
    Removing main.o(.debug_info), (208 bytes).
    Removing main.o(.debug_macinfo), (2936 bytes).
    Removing main.o(.debug_line), (76 bytes).
    Removing main.o(.debug_info), (632 bytes).
    Removing main.o(.debug_macinfo), (25016 bytes).
    Removing main.o(.debug_line), (208 bytes).
    Removing main.o(.debug_info), (4804 bytes).
    Removing main.o(.debug_pubnames), (35 bytes).
    Removing main.o(.debug_macinfo), (32 bytes).
    Removing main.o(.debug_line), (100 bytes).
    Removing main.o(.debug_info), (320 bytes).
    Removing main.o(.debug_pubnames), (74 bytes).
    Removing main.o(.debug_macinfo), (4392 bytes).
    Removing main.o(.debug_line), (128 bytes).
    Removing main.o(.debug_info), (400 bytes).
    Removing main.o(.debug_pubnames), (59 bytes).
    Removing main.o(.debug_macinfo), (108140 bytes).
    Removing main.o(.debug_line), (100 bytes).
    Removing main.o(.debug_info), (228 bytes).
    Removing main.o(.debug_macinfo), (176 bytes).
    Removing main.o(.debug_line), (116 bytes).
    Removing main.o(.debug_info), (296 bytes).
    Removing main.o(.debug_macinfo), (2672 bytes).
    Removing main.o(.debug_line), (120 bytes).
    Removing main.o(.debug_info), (228 bytes).
    Removing main.o(.debug_macinfo), (2764 bytes).
    Removing main.o(.debug_line), (116 bytes).
    Removing main.o(.debug_info), (452 bytes).
    Removing main.o(.debug_macinfo), (40 bytes).
    Removing main.o(.debug_line), (120 bytes).
    Removing main.o(.debug_info), (284 bytes).
    Removing main.o(.debug_macinfo), (4064 bytes).
    Removing main.o(.debug_line), (120 bytes).
    Removing main.o(.debug_info), (520 bytes).
    Removing main.o(.debug_macinfo), (36 bytes).
    Removing main.o(.debug_line), (104 bytes).
    Removing main.o(.debug_info), (232 bytes).
    Removing main.o(.debug_macinfo), (2544 bytes).
    Removing main.o(.debug_line), (180 bytes).
    Removing main.o(.debug_info), (540 bytes).
    Removing main.o(.debug_macinfo), (1304 bytes).
    Removing main.o(.debug_line), (120 bytes).
    Removing main.o(.debug_info), (228 bytes).
    Removing main.o(.debug_macinfo), (4068 bytes).
    Removing main.o(.debug_line), (144 bytes).
    Removing main.o(.debug_info), (284 bytes).
    Removing main.o(.debug_macinfo), (3284 bytes).
    Removing main.o(.debug_line), (300 bytes).
    Removing main.o(.debug_info), (200 bytes).
    Removing main.o(.debug_macinfo), (28 bytes).
    Removing main.o(.debug_line), (64 bytes).
    Removing main.o(.debug_info), (196 bytes).
    Removing main.o(.debug_macinfo), (28 bytes).
    Removing main.o(.debug_line), (132 bytes).
    Removing main.o(.debug_info), (204 bytes).
    Removing main.o(.debug_pubnames), (29 bytes).
    Removing main.o(.debug_macinfo), (28 bytes).
    Removing main.o(.debug_line), (132 bytes).
    Removing main.o(.debug_info), (188 bytes).
    Removing main.o(.debug_macinfo), (136 bytes).
    Removing main.o(.debug_line), (128 bytes).
    Removing main.o(.debug_info), (204 bytes).
    Removing main.o(.debug_macinfo), (680 bytes).
    Removing main.o(.debug_line), (128 bytes).
    Removing main.o(.debug_info), (740 bytes).
    Removing main.o(.debug_macinfo), (100 bytes).
    Removing main.o(.debug_line), (116 bytes).
    Removing main.o(.debug_info), (176 bytes).
    Removing main.o(.debug_macinfo), (124 bytes).
    Removing main.o(.debug_line), (152 bytes).
    Removing main.o(.debug_info), (224 bytes).
    Removing main.o(.debug_macinfo), (144 bytes).
    Removing main.o(.debug_line), (236 bytes).
    Removing main.o(.debug_info), (624 bytes).
    Removing usart.o(.debug_macinfo), (28 bytes).
    Removing usart.o(.debug_line), (132 bytes).
    Removing usart.o(.debug_info), (188 bytes).
    Removing stm32f4xx_hal_tim.o(.debug_macinfo), (12 bytes).
    Removing stm32f4xx_hal_tim.o(.debug_line), (148 bytes).
    Removing stm32f4xx_hal_tim.o(.debug_info), (224 bytes).
    Removing stm32f4xx_hal_tim_ex.o(.debug_macinfo), (12 bytes).
    Removing stm32f4xx_hal_tim_ex.o(.debug_line), (152 bytes).
    Removing stm32f4xx_hal_tim_ex.o(.debug_info), (228 bytes).
    Removing stm32f4xx_hal_rcc_ex.o(.debug_macinfo), (12 bytes).
    Removing stm32f4xx_hal_rcc_ex.o(.debug_line), (152 bytes).
    Removing stm32f4xx_hal_rcc_ex.o(.debug_info), (244 bytes).
    Removing stm32f4xx_hal_flash.o(.debug_macinfo), (40 bytes).
    Removing stm32f4xx_hal_flash.o(.debug_line), (152 bytes).
    Removing stm32f4xx_hal_flash.o(.debug_info), (224 bytes).
    Removing stm32f4xx_hal_flash_ex.o(.debug_macinfo), (40 bytes).
    Removing stm32f4xx_hal_flash_ex.o(.debug_line), (152 bytes).
    Removing stm32f4xx_hal_flash_ex.o(.debug_info), (260 bytes).
    Removing stm32f4xx_hal_flash_ex.o(.debug_pubnames), (29 bytes).
    Removing stm32f4xx_hal_flash_ramfunc.o(.debug_macinfo), (12 bytes).
    Removing stm32f4xx_hal_flash_ramfunc.o(.debug_line), (160 bytes).
    Removing stm32f4xx_hal_flash_ramfunc.o(.debug_info), (232 bytes).
    Removing stm32f4xx_hal_dma_ex.o(.debug_macinfo), (12 bytes).
    Removing stm32f4xx_hal_dma_ex.o(.debug_line), (152 bytes).
    Removing stm32f4xx_hal_dma_ex.o(.debug_info), (232 bytes).
    Removing stm32f4xx_hal_pwr.o(.debug_macinfo), (124 bytes).
    Removing stm32f4xx_hal_pwr.o(.debug_line), (148 bytes).
    Removing stm32f4xx_hal_pwr.o(.debug_info), (236 bytes).
    Removing stm32f4xx_hal_pwr_ex.o(.debug_macinfo), (148 bytes).
    Removing stm32f4xx_hal_pwr_ex.o(.debug_line), (152 bytes).
    Removing stm32f4xx_hal_pwr_ex.o(.debug_info), (232 bytes).
    Removing stm32f4xx_hal_exti.o(.debug_macinfo), (12 bytes).
    Removing stm32f4xx_hal_exti.o(.debug_line), (148 bytes).
    Removing stm32f4xx_hal_exti.o(.debug_info), (236 bytes).
    Removing system_stm32f4xx.o(.debug_macinfo), (32 bytes).
    Removing system_stm32f4xx.o(.debug_line), (100 bytes).
    Removing system_stm32f4xx.o(.debug_info), (232 bytes).
    Removing fault-dump.o(.debug_macinfo), (176 bytes).
    Removing fault-dump.o(.debug_line), (124 bytes).
    Removing fault-dump.o(.debug_info), (296 bytes).
    Removing fault-hal.o(.debug_macinfo), (12 bytes).
    Removing fault-hal.o(.debug_line), (140 bytes).
    Removing fault-hal.o(.debug_info), (264 bytes).

584 unused debug section(s) (total 296251 bytes) removed from the image.

==============================================================================

Image Symbol Table

    Local Symbols

    Symbol Name                              Value     Ov Type        Size  Object(Section)

    ../../../libutils/fault-dump/cpu/cortex-m4/fault-hal.c 0x00000000   Number         0  fault-hal.o ABSOLUTE
    ../../../libutils/fault-dump/cpu/cortex-m4/fault-mdk.s 0x00000000   Number         0  fault-mdk.o ABSOLUTE
    ../../../libutils/fault-dump/src/fault-dump.c 0x00000000   Number         0  fault-dump.o ABSOLUTE
    ../Core/Src/gpio.c                       0x00000000   Number         0  gpio.o ABSOLUTE
    ../Core/Src/stm32f4xx_hal_msp.c          0x00000000   Number         0  stm32f4xx_hal_msp.o ABSOLUTE
    ../Core/Src/system_stm32f4xx.c           0x00000000   Number         0  system_stm32f4xx.o ABSOLUTE
    ../Core/Src/usart.c                      0x00000000   Number         0  usart.o ABSOLUTE
    ../Drivers/STM32F4xx_HAL_Driver/Src/stm32f4xx_hal.c 0x00000000   Number         0  stm32f4xx_hal.o ABSOLUTE
    ../Drivers/STM32F4xx_HAL_Driver/Src/stm32f4xx_hal_cortex.c 0x00000000   Number         0  stm32f4xx_hal_cortex.o ABSOLUTE
    ../Drivers/STM32F4xx_HAL_Driver/Src/stm32f4xx_hal_dma.c 0x00000000   Number         0  stm32f4xx_hal_dma.o ABSOLUTE
    ../Drivers/STM32F4xx_HAL_Driver/Src/stm32f4xx_hal_dma_ex.c 0x00000000   Number         0  stm32f4xx_hal_dma_ex.o ABSOLUTE
    ../Drivers/STM32F4xx_HAL_Driver/Src/stm32f4xx_hal_exti.c 0x00000000   Number         0  stm32f4xx_hal_exti.o ABSOLUTE
    ../Drivers/STM32F4xx_HAL_Driver/Src/stm32f4xx_hal_flash.c 0x00000000   Number         0  stm32f4xx_hal_flash.o ABSOLUTE
    ../Drivers/STM32F4xx_HAL_Driver/Src/stm32f4xx_hal_flash_ex.c 0x00000000   Number         0  stm32f4xx_hal_flash_ex.o ABSOLUTE
    ../Drivers/STM32F4xx_HAL_Driver/Src/stm32f4xx_hal_flash_ramfunc.c 0x00000000   Number         0  stm32f4xx_hal_flash_ramfunc.o ABSOLUTE
    ../Drivers/STM32F4xx_HAL_Driver/Src/stm32f4xx_hal_gpio.c 0x00000000   Number         0  stm32f4xx_hal_gpio.o ABSOLUTE
    ../Drivers/STM32F4xx_HAL_Driver/Src/stm32f4xx_hal_pwr.c 0x00000000   Number         0  stm32f4xx_hal_pwr.o ABSOLUTE
    ../Drivers/STM32F4xx_HAL_Driver/Src/stm32f4xx_hal_pwr_ex.c 0x00000000   Number         0  stm32f4xx_hal_pwr_ex.o ABSOLUTE
    ../Drivers/STM32F4xx_HAL_Driver/Src/stm32f4xx_hal_rcc.c 0x00000000   Number         0  stm32f4xx_hal_rcc.o ABSOLUTE
    ../Drivers/STM32F4xx_HAL_Driver/Src/stm32f4xx_hal_rcc_ex.c 0x00000000   Number         0  stm32f4xx_hal_rcc_ex.o ABSOLUTE
    ../Drivers/STM32F4xx_HAL_Driver/Src/stm32f4xx_hal_tim.c 0x00000000   Number         0  stm32f4xx_hal_tim.o ABSOLUTE
    ../Drivers/STM32F4xx_HAL_Driver/Src/stm32f4xx_hal_tim_ex.c 0x00000000   Number         0  stm32f4xx_hal_tim_ex.o ABSOLUTE
    ../Drivers/STM32F4xx_HAL_Driver/Src/stm32f4xx_hal_uart.c 0x00000000   Number         0  stm32f4xx_hal_uart.o ABSOLUTE
    ../clib/microlib/division.c              0x00000000   Number         0  uldiv.o ABSOLUTE
    ../clib/microlib/division.c              0x00000000   Number         0  uidiv.o ABSOLUTE
    ../clib/microlib/init/entry.s            0x00000000   Number         0  entry.o ABSOLUTE
    ../clib/microlib/init/entry.s            0x00000000   Number         0  entry11b.o ABSOLUTE
    ../clib/microlib/init/entry.s            0x00000000   Number         0  entry12b.o ABSOLUTE
    ../clib/microlib/init/entry.s            0x00000000   Number         0  entry2.o ABSOLUTE
    ../clib/microlib/init/entry.s            0x00000000   Number         0  entry11a.o ABSOLUTE
    ../clib/microlib/init/entry.s            0x00000000   Number         0  entry10b.o ABSOLUTE
    ../clib/microlib/init/entry.s            0x00000000   Number         0  entry12a.o ABSOLUTE
    ../clib/microlib/init/entry.s            0x00000000   Number         0  entry9b.o ABSOLUTE
    ../clib/microlib/init/entry.s            0x00000000   Number         0  entry9a.o ABSOLUTE
    ../clib/microlib/init/entry.s            0x00000000   Number         0  entry8b.o ABSOLUTE
    ../clib/microlib/init/entry.s            0x00000000   Number         0  entry8a.o ABSOLUTE
    ../clib/microlib/init/entry.s            0x00000000   Number         0  entry7b.o ABSOLUTE
    ../clib/microlib/init/entry.s            0x00000000   Number         0  entry7a.o ABSOLUTE
    ../clib/microlib/init/entry.s            0x00000000   Number         0  entry5.o ABSOLUTE
    ../clib/microlib/init/entry.s            0x00000000   Number         0  entry10a.o ABSOLUTE
    ../clib/microlib/longlong.c              0x00000000   Number         0  llsshr.o ABSOLUTE
    ../clib/microlib/longlong.c              0x00000000   Number         0  llushr.o ABSOLUTE
    ../clib/microlib/longlong.c              0x00000000   Number         0  llshl.o ABSOLUTE
    ../clib/microlib/printf/printf.c         0x00000000   Number         0  printf3.o ABSOLUTE
    ../clib/microlib/printf/printf.c         0x00000000   Number         0  printfa.o ABSOLUTE
    ../clib/microlib/printf/printf.c         0x00000000   Number         0  printf8.o ABSOLUTE
    ../clib/microlib/printf/printf.c         0x00000000   Number         0  printf7.o ABSOLUTE
    ../clib/microlib/printf/printf.c         0x00000000   Number         0  printf6.o ABSOLUTE
    ../clib/microlib/printf/printf.c         0x00000000   Number         0  printf5.o ABSOLUTE
    ../clib/microlib/printf/printf.c         0x00000000   Number         0  printf4.o ABSOLUTE
    ../clib/microlib/printf/printf.c         0x00000000   Number         0  printf2.o ABSOLUTE
    ../clib/microlib/printf/printf.c         0x00000000   Number         0  printf1.o ABSOLUTE
    ../clib/microlib/printf/printf.c         0x00000000   Number         0  printf0.o ABSOLUTE
    ../clib/microlib/printf/printf.c         0x00000000   Number         0  printfb.o ABSOLUTE
    ../clib/microlib/printf/stubs.s          0x00000000   Number         0  stubs.o ABSOLUTE
    ../clib/microlib/stdio/streams.c         0x00000000   Number         0  stdout.o ABSOLUTE
    ../clib/microlib/string/memset.c         0x00000000   Number         0  memseta.o ABSOLUTE
    ../clib/microlib/stubs.s                 0x00000000   Number         0  iusefp.o ABSOLUTE
    ../fplib/microlib/fpadd.c                0x00000000   Number         0  dadd.o ABSOLUTE
    ../fplib/microlib/fpdiv.c                0x00000000   Number         0  ddiv.o ABSOLUTE
    ../fplib/microlib/fpepilogue.c           0x00000000   Number         0  depilogue.o ABSOLUTE
    ../fplib/microlib/fpfix.c                0x00000000   Number         0  dfixul.o ABSOLUTE
    ../fplib/microlib/fpmul.c                0x00000000   Number         0  dmul.o ABSOLUTE
    ..\..\..\libutils\fault-dump\cpu\cortex-m4\fault-hal.c 0x00000000   Number         0  fault-hal.o ABSOLUTE
    ..\..\..\libutils\fault-dump\src\fault-dump.c 0x00000000   Number         0  fault-dump.o ABSOLUTE
    ..\Core\Src\gpio.c                       0x00000000   Number         0  gpio.o ABSOLUTE
    ..\Core\Src\stm32f4xx_hal_msp.c          0x00000000   Number         0  stm32f4xx_hal_msp.o ABSOLUTE
    ..\Core\Src\system_stm32f4xx.c           0x00000000   Number         0  system_stm32f4xx.o ABSOLUTE
    ..\Core\Src\usart.c                      0x00000000   Number         0  usart.o ABSOLUTE
    ..\Drivers\STM32F4xx_HAL_Driver\Src\stm32f4xx_hal.c 0x00000000   Number         0  stm32f4xx_hal.o ABSOLUTE
    ..\Drivers\STM32F4xx_HAL_Driver\Src\stm32f4xx_hal_cortex.c 0x00000000   Number         0  stm32f4xx_hal_cortex.o ABSOLUTE
    ..\Drivers\STM32F4xx_HAL_Driver\Src\stm32f4xx_hal_dma.c 0x00000000   Number         0  stm32f4xx_hal_dma.o ABSOLUTE
    ..\Drivers\STM32F4xx_HAL_Driver\Src\stm32f4xx_hal_dma_ex.c 0x00000000   Number         0  stm32f4xx_hal_dma_ex.o ABSOLUTE
    ..\Drivers\STM32F4xx_HAL_Driver\Src\stm32f4xx_hal_exti.c 0x00000000   Number         0  stm32f4xx_hal_exti.o ABSOLUTE
    ..\Drivers\STM32F4xx_HAL_Driver\Src\stm32f4xx_hal_flash.c 0x00000000   Number         0  stm32f4xx_hal_flash.o ABSOLUTE
    ..\Drivers\STM32F4xx_HAL_Driver\Src\stm32f4xx_hal_flash_ex.c 0x00000000   Number         0  stm32f4xx_hal_flash_ex.o ABSOLUTE
    ..\Drivers\STM32F4xx_HAL_Driver\Src\stm32f4xx_hal_flash_ramfunc.c 0x00000000   Number         0  stm32f4xx_hal_flash_ramfunc.o ABSOLUTE
    ..\Drivers\STM32F4xx_HAL_Driver\Src\stm32f4xx_hal_gpio.c 0x00000000   Number         0  stm32f4xx_hal_gpio.o ABSOLUTE
    ..\Drivers\STM32F4xx_HAL_Driver\Src\stm32f4xx_hal_pwr.c 0x00000000   Number         0  stm32f4xx_hal_pwr.o ABSOLUTE
    ..\Drivers\STM32F4xx_HAL_Driver\Src\stm32f4xx_hal_pwr_ex.c 0x00000000   Number         0  stm32f4xx_hal_pwr_ex.o ABSOLUTE
    ..\Drivers\STM32F4xx_HAL_Driver\Src\stm32f4xx_hal_rcc.c 0x00000000   Number         0  stm32f4xx_hal_rcc.o ABSOLUTE
    ..\Drivers\STM32F4xx_HAL_Driver\Src\stm32f4xx_hal_rcc_ex.c 0x00000000   Number         0  stm32f4xx_hal_rcc_ex.o ABSOLUTE
    ..\Drivers\STM32F4xx_HAL_Driver\Src\stm32f4xx_hal_tim.c 0x00000000   Number         0  stm32f4xx_hal_tim.o ABSOLUTE
    ..\Drivers\STM32F4xx_HAL_Driver\Src\stm32f4xx_hal_tim_ex.c 0x00000000   Number         0  stm32f4xx_hal_tim_ex.o ABSOLUTE
    ..\Drivers\STM32F4xx_HAL_Driver\Src\stm32f4xx_hal_uart.c 0x00000000   Number         0  stm32f4xx_hal_uart.o ABSOLUTE
    ./application/main.c                     0x00000000   Number         0  main.o ABSOLUTE
    ./application/stm32f4xx_it.c             0x00000000   Number         0  stm32f4xx_it.o ABSOLUTE
    ./startup/mdk/startup_stm32f405xx.s      0x00000000   Number         0  startup_stm32f405xx.o ABSOLUTE
    .\application\main.c                     0x00000000   Number         0  main.o ABSOLUTE
    .\application\stm32f4xx_it.c             0x00000000   Number         0  stm32f4xx_it.o ABSOLUTE
    cdrcmple.s                               0x00000000   Number         0  cdrcmple.o ABSOLUTE
    dc.s                                     0x00000000   Number         0  dc.o ABSOLUTE
    handlers.s                               0x00000000   Number         0  handlers.o ABSOLUTE
    init.s                                   0x00000000   Number         0  init.o ABSOLUTE
    RESET                                    0x08000000   Section      392  startup_stm32f405xx.o(RESET)
    .ARM.Collect$$$$00000000                 0x08000188   Section        0  entry.o(.ARM.Collect$$$$00000000)
    .ARM.Collect$$$$00000001                 0x08000188   Section        4  entry2.o(.ARM.Collect$$$$00000001)
    .ARM.Collect$$$$00000004                 0x0800018c   Section        4  entry5.o(.ARM.Collect$$$$00000004)
    .ARM.Collect$$$$00000008                 0x08000190   Section        0  entry7b.o(.ARM.Collect$$$$00000008)
    .ARM.Collect$$$$0000000A                 0x08000190   Section        0  entry8b.o(.ARM.Collect$$$$0000000A)
    .ARM.Collect$$$$0000000B                 0x08000190   Section        8  entry9a.o(.ARM.Collect$$$$0000000B)
    .ARM.Collect$$$$0000000E                 0x08000198   Section        4  entry12b.o(.ARM.Collect$$$$0000000E)
    .ARM.Collect$$$$0000000F                 0x0800019c   Section        0  entry10a.o(.ARM.Collect$$$$0000000F)
    .ARM.Collect$$$$00000011                 0x0800019c   Section        0  entry11a.o(.ARM.Collect$$$$00000011)
    .ARM.Collect$$$$00002712                 0x0800019c   Section        4  entry2.o(.ARM.Collect$$$$00002712)
    __lit__00000000                          0x0800019c   Data           4  entry2.o(.ARM.Collect$$$$00002712)
    .text                                    0x080001a0   Section        0  main.o(.text)
    .text                                    0x08000330   Section        0  stm32f4xx_it.o(.text)
    .text                                    0x080003d0   Section        0  gpio.o(.text)
    .text                                    0x08000434   Section        0  usart.o(.text)
    .text                                    0x08000528   Section        0  stm32f4xx_hal_msp.o(.text)
    .text                                    0x08000570   Section        0  stm32f4xx_hal_uart.o(.text)
    UART_SetConfig                           0x08000571   Thumb Code   664  stm32f4xx_hal_uart.o(.text)
    UART_EndRxTransfer                       0x08000d45   Thumb Code   132  stm32f4xx_hal_uart.o(.text)
    UART_WaitOnFlagUntilTimeout              0x08000dc9   Thumb Code   140  stm32f4xx_hal_uart.o(.text)
    UART_EndTxTransfer                       0x0800107b   Thumb Code    38  stm32f4xx_hal_uart.o(.text)
    UART_DMAError                            0x080010a1   Thumb Code    80  stm32f4xx_hal_uart.o(.text)
    UART_DMATxHalfCplt                       0x080010f3   Thumb Code    14  stm32f4xx_hal_uart.o(.text)
    UART_DMATransmitCplt                     0x08001103   Thumb Code    88  stm32f4xx_hal_uart.o(.text)
    UART_DMARxHalfCplt                       0x080011df   Thumb Code    36  stm32f4xx_hal_uart.o(.text)
    UART_DMAReceiveCplt                      0x08001205   Thumb Code   180  stm32f4xx_hal_uart.o(.text)
    UART_DMARxAbortCallback                  0x080019fd   Thumb Code    56  stm32f4xx_hal_uart.o(.text)
    UART_DMATxAbortCallback                  0x08001a35   Thumb Code    56  stm32f4xx_hal_uart.o(.text)
    UART_DMATxOnlyAbortCallback              0x08001bb7   Thumb Code    24  stm32f4xx_hal_uart.o(.text)
    UART_DMARxOnlyAbortCallback              0x08001c5d   Thumb Code    28  stm32f4xx_hal_uart.o(.text)
    UART_EndTransmit_IT                      0x08001d4f   Thumb Code    32  stm32f4xx_hal_uart.o(.text)
    UART_Transmit_IT                         0x08001d6f   Thumb Code    96  stm32f4xx_hal_uart.o(.text)
    UART_DMAAbortOnError                     0x08001dcf   Thumb Code    20  stm32f4xx_hal_uart.o(.text)
    UART_Receive_IT                          0x08001de3   Thumb Code   268  stm32f4xx_hal_uart.o(.text)
    .text                                    0x08002444   Section        0  stm32f4xx_hal_rcc.o(.text)
    .text                                    0x08003078   Section        0  stm32f4xx_hal_gpio.o(.text)
    .text                                    0x08003720   Section        0  stm32f4xx_hal_dma.o(.text)
    DMA_CalcBaseAndBitshift                  0x08003721   Thumb Code    46  stm32f4xx_hal_dma.o(.text)
    DMA_CheckFifoParam                       0x0800374f   Thumb Code   170  stm32f4xx_hal_dma.o(.text)
    DMA_SetConfig                            0x08003c73   Thumb Code    44  stm32f4xx_hal_dma.o(.text)
    .text                                    0x08004324   Section        0  stm32f4xx_hal_cortex.o(.text)
    __NVIC_SetPriority                       0x08004325   Thumb Code    32  stm32f4xx_hal_cortex.o(.text)
    __NVIC_GetPriorityGrouping               0x08004981   Thumb Code    12  stm32f4xx_hal_cortex.o(.text)
    .text                                    0x0800499c   Section        0  stm32f4xx_hal.o(.text)
    .text                                    0x08004bf8   Section        0  system_stm32f4xx.o(.text)
    .text                                    0x08004cc8   Section        0  fault-dump.o(.text)
    fault_dump_opcode                        0x08004d03   Thumb Code    44  fault-dump.o(.text)
    opcode_is_bl_or_blx                      0x08004d2f   Thumb Code    50  fault-dump.o(.text)
    dump_exc_return                          0x08004d61   Thumb Code    20  fault-dump.o(.text)
    stack_using_msp                          0x08004d75   Thumb Code    18  fault-dump.o(.text)
    .text                                    0x080051e4   Section        0  fault-hal.o(.text)
    .text                                    0x080053f8   Section       36  startup_stm32f405xx.o(.text)
    $v0                                      0x080053f8   Number         0  startup_stm32f405xx.o(.text)
    .text                                    0x0800541c   Section       68  fault-mdk.o(.text)
    $v0                                      0x0800541c   Number         0  fault-mdk.o(.text)
    .text                                    0x08005460   Section        0  uldiv.o(.text)
    .text                                    0x080054c2   Section        0  memseta.o(.text)
    .text                                    0x080054e6   Section        0  llshl.o(.text)
    .text                                    0x08005504   Section        0  llushr.o(.text)
    .text                                    0x08005524   Section       36  init.o(.text)
    i.__0printf$8                            0x08005548   Section        0  printf8.o(i.__0printf$8)
    i.__scatterload_copy                     0x08005568   Section       14  handlers.o(i.__scatterload_copy)
    i.__scatterload_null                     0x08005576   Section        2  handlers.o(i.__scatterload_null)
    i.__scatterload_zeroinit                 0x08005578   Section       14  handlers.o(i.__scatterload_zeroinit)
    i._printf_core                           0x08005588   Section        0  printf8.o(i._printf_core)
    _printf_core                             0x08005589   Thumb Code   984  printf8.o(i._printf_core)
    i._printf_post_padding                   0x0800598c   Section        0  printf8.o(i._printf_post_padding)
    _printf_post_padding                     0x0800598d   Thumb Code    36  printf8.o(i._printf_post_padding)
    i._printf_pre_padding                    0x080059b0   Section        0  printf8.o(i._printf_pre_padding)
    _printf_pre_padding                      0x080059b1   Thumb Code    46  printf8.o(i._printf_pre_padding)
    .constdata                               0x080059de   Section       36  main.o(.constdata)
    __func__                                 0x080059de   Data           6  main.o(.constdata)
    __func__                                 0x080059e4   Data           6  main.o(.constdata)
    __func__                                 0x080059ea   Data           6  main.o(.constdata)
    __func__                                 0x080059f0   Data           6  main.o(.constdata)
    __func__                                 0x080059f6   Data           6  main.o(.constdata)
    __func__                                 0x080059fc   Data           6  main.o(.constdata)
    .constdata                               0x08005a02   Section      120  stm32f4xx_it.o(.constdata)
    __func__                                 0x08005a02   Data          12  stm32f4xx_it.o(.constdata)
    __func__                                 0x08005a0e   Data          26  stm32f4xx_it.o(.constdata)
    __func__                                 0x08005a28   Data          18  stm32f4xx_it.o(.constdata)
    __func__                                 0x08005a3a   Data          17  stm32f4xx_it.o(.constdata)
    __func__                                 0x08005a4b   Data          19  stm32f4xx_it.o(.constdata)
    __func__                                 0x08005a5e   Data          14  stm32f4xx_it.o(.constdata)
    __func__                                 0x08005a6c   Data          14  stm32f4xx_it.o(.constdata)
    .constdata                               0x08005a7a   Section        8  stm32f4xx_hal_dma.o(.constdata)
    flagBitshiftOffset                       0x08005a7a   Data           8  stm32f4xx_hal_dma.o(.constdata)
    .constdata                               0x08005a82   Section       24  system_stm32f4xx.o(.constdata)
    .data                                    0x20000000   Section        9  stm32f4xx_hal.o(.data)
    .data                                    0x2000000c   Section        4  system_stm32f4xx.o(.data)
    .data                                    0x20000010   Section       16  fault-dump.o(.data)
    fd_msp_stack_parser                      0x20000010   Data           4  fault-dump.o(.data)
    fd_psp_stack_parser                      0x20000014   Data           4  fault-dump.o(.data)
    .data                                    0x20000020   Section        4  stdout.o(.data)
    .bss                                     0x20000024   Section       72  usart.o(.bss)
    .bss                                     0x2000006c   Section      320  fault-dump.o(.bss)
    frame                                    0x2000006c   Data          64  fault-dump.o(.bss)
    buffer                                   0x200000ac   Data         256  fault-dump.o(.bss)
    STACK                                    0x200001b0   Section     2048  startup_stm32f405xx.o(STACK)

    Global Symbols

    Symbol Name                              Value     Ov Type        Size  Object(Section)

    BuildAttributes$$THM_ISAv4$E$P$D$K$B$S$7EM$VFPi3$EXTD16$VFPS$VFMA$PE$A:L22UL41UL21$X:L11$S22US41US21$IEEE1$IW$USESV6$~STKCKD$USESV7$~SHL$OSPACE$ROPI$EBA8$MICROLIB$REQ8$PRES8$EABIv2 0x00000000   Number         0  anon$$obj.o ABSOLUTE
    __ARM_use_no_argv                        0x00000000   Number         0  main.o ABSOLUTE
    _printf_a                                0x00000000   Number         0  stubs.o ABSOLUTE
    _printf_c                                0x00000000   Number         0  stubs.o ABSOLUTE
    _printf_charcount                        0x00000000   Number         0  stubs.o ABSOLUTE
    _printf_d                                0x00000000   Number         0  stubs.o ABSOLUTE
    _printf_e                                0x00000000   Number         0  stubs.o ABSOLUTE
    _printf_f                                0x00000000   Number         0  stubs.o ABSOLUTE
    _printf_flags                            0x00000000   Number         0  stubs.o ABSOLUTE
    _printf_fp_dec                           0x00000000   Number         0  stubs.o ABSOLUTE
    _printf_fp_hex                           0x00000000   Number         0  stubs.o ABSOLUTE
    _printf_g                                0x00000000   Number         0  stubs.o ABSOLUTE
    _printf_i                                0x00000000   Number         0  stubs.o ABSOLUTE
    _printf_int_dec                          0x00000000   Number         0  stubs.o ABSOLUTE
    _printf_l                                0x00000000   Number         0  stubs.o ABSOLUTE
    _printf_lc                               0x00000000   Number         0  stubs.o ABSOLUTE
    _printf_ll                               0x00000000   Number         0  stubs.o ABSOLUTE
    _printf_lld                              0x00000000   Number         0  stubs.o ABSOLUTE
    _printf_lli                              0x00000000   Number         0  stubs.o ABSOLUTE
    _printf_llo                              0x00000000   Number         0  stubs.o ABSOLUTE
    _printf_llu                              0x00000000   Number         0  stubs.o ABSOLUTE
    _printf_llx                              0x00000000   Number         0  stubs.o ABSOLUTE
    _printf_longlong_dec                     0x00000000   Number         0  stubs.o ABSOLUTE
    _printf_longlong_hex                     0x00000000   Number         0  stubs.o ABSOLUTE
    _printf_longlong_oct                     0x00000000   Number         0  stubs.o ABSOLUTE
    _printf_ls                               0x00000000   Number         0  stubs.o ABSOLUTE
    _printf_mbtowc                           0x00000000   Number         0  stubs.o ABSOLUTE
    _printf_n                                0x00000000   Number         0  stubs.o ABSOLUTE
    _printf_o                                0x00000000   Number         0  stubs.o ABSOLUTE
    _printf_p                                0x00000000   Number         0  stubs.o ABSOLUTE
    _printf_percent                          0x00000000   Number         0  stubs.o ABSOLUTE
    _printf_pre_padding                      0x00000000   Number         0  stubs.o ABSOLUTE
    _printf_return_value                     0x00000000   Number         0  stubs.o ABSOLUTE
    _printf_s                                0x00000000   Number         0  stubs.o ABSOLUTE
    _printf_sizespec                         0x00000000   Number         0  stubs.o ABSOLUTE
    _printf_str                              0x00000000   Number         0  stubs.o ABSOLUTE
    _printf_truncate_signed                  0x00000000   Number         0  stubs.o ABSOLUTE
    _printf_truncate_unsigned                0x00000000   Number         0  stubs.o ABSOLUTE
    _printf_u                                0x00000000   Number         0  stubs.o ABSOLUTE
    _printf_wc                               0x00000000   Number         0  stubs.o ABSOLUTE
    _printf_wctomb                           0x00000000   Number         0  stubs.o ABSOLUTE
    _printf_widthprec                        0x00000000   Number         0  stubs.o ABSOLUTE
    _printf_x                                0x00000000   Number         0  stubs.o ABSOLUTE
    __arm_fini_                               - Undefined Weak Reference
    __cpp_initialize__aeabi_                  - Undefined Weak Reference
    __cxa_finalize                            - Undefined Weak Reference
    __decompress                              - Undefined Weak Reference
    _clock_init                               - Undefined Weak Reference
    _microlib_exit                            - Undefined Weak Reference
    __Vectors_Size                           0x00000188   Number         0  startup_stm32f405xx.o ABSOLUTE
    STACK$$Length                            0x00000800   Number         0  anon$$obj.o ABSOLUTE
    Image$$ER_IROM1$$Length                  0x00005abc   Number         0  anon$$obj.o ABSOLUTE
    Image$$ER_IROM1$$Base                    0x08000000   Number         0  anon$$obj.o ABSOLUTE
    __Vectors                                0x08000000   Data           4  startup_stm32f405xx.o(RESET)
    __Vectors_End                            0x08000188   Data           0  startup_stm32f405xx.o(RESET)
    __main                                   0x08000189   Thumb Code     0  entry.o(.ARM.Collect$$$$00000000)
    _main_stk                                0x08000189   Thumb Code     0  entry2.o(.ARM.Collect$$$$00000001)
    _main_scatterload                        0x0800018d   Thumb Code     0  entry5.o(.ARM.Collect$$$$00000004)
    __main_after_scatterload                 0x08000191   Thumb Code     0  entry5.o(.ARM.Collect$$$$00000004)
    _main_clock                              0x08000191   Thumb Code     0  entry7b.o(.ARM.Collect$$$$00000008)
    _main_cpp_init                           0x08000191   Thumb Code     0  entry8b.o(.ARM.Collect$$$$0000000A)
    _main_init                               0x08000191   Thumb Code     0  entry9a.o(.ARM.Collect$$$$0000000B)
    __rt_lib_shutdown_fini                   0x08000199   Thumb Code     0  entry12b.o(.ARM.Collect$$$$0000000E)
    __rt_final_cpp                           0x0800019d   Thumb Code     0  entry10a.o(.ARM.Collect$$$$0000000F)
    __rt_final_exit                          0x0800019d   Thumb Code     0  entry11a.o(.ARM.Collect$$$$00000011)
    fputc                                    0x080001a1   Thumb Code    22  main.o(.text)
    test0                                    0x080001b7   Thumb Code    16  main.o(.text)
    test1                                    0x080001c7   Thumb Code    16  main.o(.text)
    test2                                    0x080001d7   Thumb Code    16  main.o(.text)
    test3                                    0x080001e7   Thumb Code    16  main.o(.text)
    test4                                    0x080001f7   Thumb Code    16  main.o(.text)
    test5                                    0x08000207   Thumb Code    16  main.o(.text)
    main                                     0x08000217   Thumb Code    38  main.o(.text)
    SystemClock_Config                       0x0800023d   Thumb Code   174  main.o(.text)
    NMI_Handler                              0x08000331   Thumb Code    12  stm32f4xx_it.o(.text)
    HardFault_Handler_Legency                0x0800033d   Thumb Code    12  stm32f4xx_it.o(.text)
    MemManage_Handler                        0x08000349   Thumb Code    12  stm32f4xx_it.o(.text)
    BusFault_Handler                         0x08000355   Thumb Code    12  stm32f4xx_it.o(.text)
    UsageFault_Handler                       0x08000361   Thumb Code    12  stm32f4xx_it.o(.text)
    SVC_Handler                              0x0800036d   Thumb Code     2  stm32f4xx_it.o(.text)
    DebugMon_Handler                         0x0800036f   Thumb Code     2  stm32f4xx_it.o(.text)
    PendSV_Handler                           0x08000371   Thumb Code     2  stm32f4xx_it.o(.text)
    SysTick_Handler                          0x08000373   Thumb Code     8  stm32f4xx_it.o(.text)
    USART1_IRQHandler                        0x0800037b   Thumb Code    10  stm32f4xx_it.o(.text)
    Error_Handler                            0x08000385   Thumb Code    14  stm32f4xx_it.o(.text)
    assert_failed                            0x08000393   Thumb Code    14  stm32f4xx_it.o(.text)
    MX_GPIO_Init                             0x080003d1   Thumb Code    96  gpio.o(.text)
    MX_USART1_UART_Init                      0x08000435   Thumb Code    46  usart.o(.text)
    HAL_UART_MspInit                         0x08000463   Thumb Code   140  usart.o(.text)
    HAL_UART_MspDeInit                       0x080004ef   Thumb Code    42  usart.o(.text)
    HAL_MspInit                              0x08000529   Thumb Code    68  stm32f4xx_hal_msp.o(.text)
    HAL_UART_Init                            0x0800080b   Thumb Code   310  stm32f4xx_hal_uart.o(.text)
    HAL_HalfDuplex_Init                      0x08000941   Thumb Code   326  stm32f4xx_hal_uart.o(.text)
    HAL_LIN_Init                             0x08000a87   Thumb Code   264  stm32f4xx_hal_uart.o(.text)
    HAL_MultiProcessor_Init                  0x08000b8f   Thumb Code   312  stm32f4xx_hal_uart.o(.text)
    HAL_UART_DeInit                          0x08000cc9   Thumb Code   124  stm32f4xx_hal_uart.o(.text)
    HAL_UART_Transmit                        0x08000e55   Thumb Code   190  stm32f4xx_hal_uart.o(.text)
    HAL_UART_Receive                         0x08000f13   Thumb Code   194  stm32f4xx_hal_uart.o(.text)
    HAL_UART_Transmit_IT                     0x08000fd5   Thumb Code    56  stm32f4xx_hal_uart.o(.text)
    UART_Start_Receive_IT                    0x0800100d   Thumb Code    64  stm32f4xx_hal_uart.o(.text)
    HAL_UART_Receive_IT                      0x0800104d   Thumb Code    44  stm32f4xx_hal_uart.o(.text)
    HAL_UART_ErrorCallback                   0x08001079   Thumb Code     2  stm32f4xx_hal_uart.o(.text)
    HAL_UART_TxHalfCpltCallback              0x080010f1   Thumb Code     2  stm32f4xx_hal_uart.o(.text)
    HAL_UART_TxCpltCallback                  0x08001101   Thumb Code     2  stm32f4xx_hal_uart.o(.text)
    HAL_UART_Transmit_DMA                    0x0800115b   Thumb Code   128  stm32f4xx_hal_uart.o(.text)
    HAL_UART_RxHalfCpltCallback              0x080011db   Thumb Code     2  stm32f4xx_hal_uart.o(.text)
    HAL_UARTEx_RxEventCallback               0x080011dd   Thumb Code     2  stm32f4xx_hal_uart.o(.text)
    HAL_UART_RxCpltCallback                  0x08001203   Thumb Code     2  stm32f4xx_hal_uart.o(.text)
    UART_Start_Receive_DMA                   0x080012b9   Thumb Code   186  stm32f4xx_hal_uart.o(.text)
    HAL_UART_Receive_DMA                     0x08001373   Thumb Code    44  stm32f4xx_hal_uart.o(.text)
    HAL_UART_DMAPause                        0x0800139f   Thumb Code   166  stm32f4xx_hal_uart.o(.text)
    HAL_UART_DMAResume                       0x08001445   Thumb Code   170  stm32f4xx_hal_uart.o(.text)
    HAL_UART_DMAStop                         0x080014ef   Thumb Code   158  stm32f4xx_hal_uart.o(.text)
    HAL_UARTEx_ReceiveToIdle                 0x0800158d   Thumb Code   296  stm32f4xx_hal_uart.o(.text)
    HAL_UARTEx_ReceiveToIdle_IT              0x080016b5   Thumb Code   114  stm32f4xx_hal_uart.o(.text)
    HAL_UARTEx_ReceiveToIdle_DMA             0x08001727   Thumb Code   114  stm32f4xx_hal_uart.o(.text)
    HAL_UARTEx_GetRxEventType                0x08001799   Thumb Code     6  stm32f4xx_hal_uart.o(.text)
    HAL_UART_Abort                           0x0800179f   Thumb Code   282  stm32f4xx_hal_uart.o(.text)
    HAL_UART_AbortTransmit                   0x080018b9   Thumb Code   126  stm32f4xx_hal_uart.o(.text)
    HAL_UART_AbortReceive                    0x08001937   Thumb Code   196  stm32f4xx_hal_uart.o(.text)
    HAL_UART_AbortCpltCallback               0x080019fb   Thumb Code     2  stm32f4xx_hal_uart.o(.text)
    HAL_UART_Abort_IT                        0x08001a6d   Thumb Code   328  stm32f4xx_hal_uart.o(.text)
    HAL_UART_AbortTransmitCpltCallback       0x08001bb5   Thumb Code     2  stm32f4xx_hal_uart.o(.text)
    HAL_UART_AbortTransmit_IT                0x08001bcf   Thumb Code   140  stm32f4xx_hal_uart.o(.text)
    HAL_UART_AbortReceiveCpltCallback        0x08001c5b   Thumb Code     2  stm32f4xx_hal_uart.o(.text)
    HAL_UART_AbortReceive_IT                 0x08001c79   Thumb Code   214  stm32f4xx_hal_uart.o(.text)
    HAL_UART_IRQHandler                      0x08001eef   Thumb Code   740  stm32f4xx_hal_uart.o(.text)
    HAL_LIN_SendBreak                        0x080021d3   Thumb Code   142  stm32f4xx_hal_uart.o(.text)
    HAL_MultiProcessor_EnterMuteMode         0x08002261   Thumb Code   144  stm32f4xx_hal_uart.o(.text)
    HAL_MultiProcessor_ExitMuteMode          0x080022f1   Thumb Code   144  stm32f4xx_hal_uart.o(.text)
    HAL_HalfDuplex_EnableTransmitter         0x08002381   Thumb Code    68  stm32f4xx_hal_uart.o(.text)
    HAL_HalfDuplex_EnableReceiver            0x080023c5   Thumb Code   102  stm32f4xx_hal_uart.o(.text)
    HAL_UART_GetState                        0x0800242b   Thumb Code    20  stm32f4xx_hal_uart.o(.text)
    HAL_UART_GetError                        0x0800243f   Thumb Code     6  stm32f4xx_hal_uart.o(.text)
    HAL_RCC_OscConfig                        0x08002449   Thumb Code  1550  stm32f4xx_hal_rcc.o(.text)
    HAL_RCC_GetSysClockFreq                  0x08002a57   Thumb Code   162  stm32f4xx_hal_rcc.o(.text)
    HAL_RCC_ClockConfig                      0x08002af9   Thumb Code   660  stm32f4xx_hal_rcc.o(.text)
    HAL_RCC_MCOConfig                        0x08002d8d   Thumb Code   308  stm32f4xx_hal_rcc.o(.text)
    HAL_RCC_EnableCSS                        0x08002ec1   Thumb Code     8  stm32f4xx_hal_rcc.o(.text)
    HAL_RCC_DisableCSS                       0x08002ec9   Thumb Code     8  stm32f4xx_hal_rcc.o(.text)
    HAL_RCC_GetHCLKFreq                      0x08002ed1   Thumb Code     6  stm32f4xx_hal_rcc.o(.text)
    HAL_RCC_GetPCLK1Freq                     0x08002ed7   Thumb Code    22  stm32f4xx_hal_rcc.o(.text)
    HAL_RCC_GetPCLK2Freq                     0x08002eed   Thumb Code    22  stm32f4xx_hal_rcc.o(.text)
    HAL_RCC_GetOscConfig                     0x08002f03   Thumb Code   248  stm32f4xx_hal_rcc.o(.text)
    HAL_RCC_GetClockConfig                   0x08002ffb   Thumb Code    58  stm32f4xx_hal_rcc.o(.text)
    HAL_RCC_CSSCallback                      0x08003035   Thumb Code     2  stm32f4xx_hal_rcc.o(.text)
    HAL_RCC_NMI_IRQHandler                   0x08003037   Thumb Code    30  stm32f4xx_hal_rcc.o(.text)
    HAL_GPIO_Init                            0x08003079   Thumb Code   922  stm32f4xx_hal_gpio.o(.text)
    HAL_GPIO_DeInit                          0x08003413   Thumb Code   482  stm32f4xx_hal_gpio.o(.text)
    HAL_GPIO_ReadPin                         0x080035f5   Thumb Code    46  stm32f4xx_hal_gpio.o(.text)
    HAL_GPIO_WritePin                        0x08003623   Thumb Code    64  stm32f4xx_hal_gpio.o(.text)
    HAL_GPIO_TogglePin                       0x08003663   Thumb Code    48  stm32f4xx_hal_gpio.o(.text)
    HAL_GPIO_LockPin                         0x08003693   Thumb Code    72  stm32f4xx_hal_gpio.o(.text)
    HAL_GPIO_EXTI_Callback                   0x080036db   Thumb Code     2  stm32f4xx_hal_gpio.o(.text)
    HAL_GPIO_EXTI_IRQHandler                 0x080036dd   Thumb Code    28  stm32f4xx_hal_gpio.o(.text)
    HAL_DMA_Init                             0x080037f9   Thumb Code   864  stm32f4xx_hal_dma.o(.text)
    HAL_DMA_DeInit                           0x08003b59   Thumb Code   282  stm32f4xx_hal_dma.o(.text)
    HAL_DMA_Start                            0x08003c9f   Thumb Code   124  stm32f4xx_hal_dma.o(.text)
    HAL_DMA_Start_IT                         0x08003d1b   Thumb Code   168  stm32f4xx_hal_dma.o(.text)
    HAL_DMA_Abort                            0x08003dc3   Thumb Code   172  stm32f4xx_hal_dma.o(.text)
    HAL_DMA_Abort_IT                         0x08003e6f   Thumb Code    40  stm32f4xx_hal_dma.o(.text)
    HAL_DMA_PollForTransfer                  0x08003e97   Thumb Code   358  stm32f4xx_hal_dma.o(.text)
    HAL_DMA_IRQHandler                       0x08003ffd   Thumb Code   570  stm32f4xx_hal_dma.o(.text)
    HAL_DMA_RegisterCallback                 0x08004237   Thumb Code    96  stm32f4xx_hal_dma.o(.text)
    HAL_DMA_UnRegisterCallback               0x08004297   Thumb Code   124  stm32f4xx_hal_dma.o(.text)
    HAL_DMA_GetState                         0x08004313   Thumb Code     8  stm32f4xx_hal_dma.o(.text)
    HAL_DMA_GetError                         0x0800431b   Thumb Code     6  stm32f4xx_hal_dma.o(.text)
    HAL_NVIC_SetPriorityGrouping             0x08004345   Thumb Code    70  stm32f4xx_hal_cortex.o(.text)
    HAL_NVIC_SetPriority                     0x0800438b   Thumb Code   152  stm32f4xx_hal_cortex.o(.text)
    HAL_NVIC_EnableIRQ                       0x08004423   Thumb Code    56  stm32f4xx_hal_cortex.o(.text)
    HAL_NVIC_DisableIRQ                      0x0800445b   Thumb Code    52  stm32f4xx_hal_cortex.o(.text)
    HAL_NVIC_SystemReset                     0x0800448f   Thumb Code    40  stm32f4xx_hal_cortex.o(.text)
    HAL_SYSTICK_Config                       0x080044b7   Thumb Code    52  stm32f4xx_hal_cortex.o(.text)
    HAL_MPU_Disable                          0x080044eb   Thumb Code    30  stm32f4xx_hal_cortex.o(.text)
    HAL_MPU_Enable                           0x08004509   Thumb Code    36  stm32f4xx_hal_cortex.o(.text)
    HAL_MPU_ConfigRegion                     0x0800452d   Thumb Code   618  stm32f4xx_hal_cortex.o(.text)
    HAL_CORTEX_ClearEvent                    0x08004797   Thumb Code     6  stm32f4xx_hal_cortex.o(.text)
    HAL_NVIC_GetPriorityGrouping             0x0800479d   Thumb Code     8  stm32f4xx_hal_cortex.o(.text)
    HAL_NVIC_GetPriority                     0x080047a5   Thumb Code   180  stm32f4xx_hal_cortex.o(.text)
    HAL_NVIC_SetPendingIRQ                   0x08004859   Thumb Code    48  stm32f4xx_hal_cortex.o(.text)
    HAL_NVIC_GetPendingIRQ                   0x08004889   Thumb Code    62  stm32f4xx_hal_cortex.o(.text)
    HAL_NVIC_ClearPendingIRQ                 0x080048c7   Thumb Code    50  stm32f4xx_hal_cortex.o(.text)
    HAL_NVIC_GetActive                       0x080048f9   Thumb Code    62  stm32f4xx_hal_cortex.o(.text)
    HAL_SYSTICK_CLKSourceConfig              0x08004937   Thumb Code    64  stm32f4xx_hal_cortex.o(.text)
    HAL_SYSTICK_Callback                     0x08004977   Thumb Code     2  stm32f4xx_hal_cortex.o(.text)
    HAL_SYSTICK_IRQHandler                   0x08004979   Thumb Code     8  stm32f4xx_hal_cortex.o(.text)
    HAL_InitTick                             0x0800499f   Thumb Code    64  stm32f4xx_hal.o(.text)
    HAL_Init                                 0x080049df   Thumb Code    54  stm32f4xx_hal.o(.text)
    HAL_MspDeInit                            0x08004a15   Thumb Code     2  stm32f4xx_hal.o(.text)
    HAL_DeInit                               0x08004a17   Thumb Code    62  stm32f4xx_hal.o(.text)
    HAL_IncTick                              0x08004a55   Thumb Code    16  stm32f4xx_hal.o(.text)
    HAL_GetTick                              0x08004a65   Thumb Code     6  stm32f4xx_hal.o(.text)
    HAL_GetTickPrio                          0x08004a6b   Thumb Code     6  stm32f4xx_hal.o(.text)
    HAL_SetTickFreq                          0x08004a71   Thumb Code    64  stm32f4xx_hal.o(.text)
    HAL_GetTickFreq                          0x08004ab1   Thumb Code     6  stm32f4xx_hal.o(.text)
    HAL_Delay                                0x08004ab7   Thumb Code    36  stm32f4xx_hal.o(.text)
    HAL_SuspendTick                          0x08004adb   Thumb Code    18  stm32f4xx_hal.o(.text)
    HAL_ResumeTick                           0x08004aed   Thumb Code    18  stm32f4xx_hal.o(.text)
    HAL_GetHalVersion                        0x08004aff   Thumb Code     4  stm32f4xx_hal.o(.text)
    HAL_GetREVID                             0x08004b03   Thumb Code     8  stm32f4xx_hal.o(.text)
    HAL_GetDEVID                             0x08004b0b   Thumb Code    10  stm32f4xx_hal.o(.text)
    HAL_DBGMCU_EnableDBGSleepMode            0x08004b15   Thumb Code    14  stm32f4xx_hal.o(.text)
    HAL_DBGMCU_DisableDBGSleepMode           0x08004b23   Thumb Code    14  stm32f4xx_hal.o(.text)
    HAL_DBGMCU_EnableDBGStopMode             0x08004b31   Thumb Code    14  stm32f4xx_hal.o(.text)
    HAL_DBGMCU_DisableDBGStopMode            0x08004b3f   Thumb Code    14  stm32f4xx_hal.o(.text)
    HAL_DBGMCU_EnableDBGStandbyMode          0x08004b4d   Thumb Code    14  stm32f4xx_hal.o(.text)
    HAL_DBGMCU_DisableDBGStandbyMode         0x08004b5b   Thumb Code    14  stm32f4xx_hal.o(.text)
    HAL_EnableCompensationCell               0x08004b69   Thumb Code     8  stm32f4xx_hal.o(.text)
    HAL_DisableCompensationCell              0x08004b71   Thumb Code     8  stm32f4xx_hal.o(.text)
    HAL_GetUIDw0                             0x08004b79   Thumb Code     6  stm32f4xx_hal.o(.text)
    HAL_GetUIDw1                             0x08004b7f   Thumb Code     8  stm32f4xx_hal.o(.text)
    HAL_GetUIDw2                             0x08004b87   Thumb Code     8  stm32f4xx_hal.o(.text)
    SystemInit                               0x08004bf9   Thumb Code    14  system_stm32f4xx.o(.text)
    SystemCoreClockUpdate                    0x08004c07   Thumb Code   170  system_stm32f4xx.o(.text)
    fault_dump_init                          0x08004cc9   Thumb Code    58  fault-dump.o(.text)
    fault_dump_handler                       0x08004d87   Thumb Code   382  fault-dump.o(.text)
    fault_dump_callstack                     0x08004f05   Thumb Code   140  fault-dump.o(.text)
    fault_dump_bm_stack_point                0x08004f91   Thumb Code     8  fault-dump.o(.text)
    fault_dump_bm_stack_start                0x08004f99   Thumb Code     8  fault-dump.o(.text)
    fault_dump_psp_stack_parser              0x08004fa1   Thumb Code    14  fault-dump.o(.text)
    fault_dump_exc_return                    0x080051e5   Thumb Code    96  fault-hal.o(.text)
    fault_dump_using_msp                     0x08005245   Thumb Code    16  fault-hal.o(.text)
    fault_dump_div_zero                      0x08005255   Thumb Code    36  fault-hal.o(.text)
    fault_dump_unalign                       0x08005279   Thumb Code    70  fault-hal.o(.text)
    Reset_Handler                            0x080053f9   Thumb Code     8  startup_stm32f405xx.o(.text)
    ADC_IRQHandler                           0x08005413   Thumb Code     0  startup_stm32f405xx.o(.text)
    CAN1_RX0_IRQHandler                      0x08005413   Thumb Code     0  startup_stm32f405xx.o(.text)
    CAN1_RX1_IRQHandler                      0x08005413   Thumb Code     0  startup_stm32f405xx.o(.text)
    CAN1_SCE_IRQHandler                      0x08005413   Thumb Code     0  startup_stm32f405xx.o(.text)
    CAN1_TX_IRQHandler                       0x08005413   Thumb Code     0  startup_stm32f405xx.o(.text)
    CAN2_RX0_IRQHandler                      0x08005413   Thumb Code     0  startup_stm32f405xx.o(.text)
    CAN2_RX1_IRQHandler                      0x08005413   Thumb Code     0  startup_stm32f405xx.o(.text)
    CAN2_SCE_IRQHandler                      0x08005413   Thumb Code     0  startup_stm32f405xx.o(.text)
    CAN2_TX_IRQHandler                       0x08005413   Thumb Code     0  startup_stm32f405xx.o(.text)
    DMA1_Stream0_IRQHandler                  0x08005413   Thumb Code     0  startup_stm32f405xx.o(.text)
    DMA1_Stream1_IRQHandler                  0x08005413   Thumb Code     0  startup_stm32f405xx.o(.text)
    DMA1_Stream2_IRQHandler                  0x08005413   Thumb Code     0  startup_stm32f405xx.o(.text)
    DMA1_Stream3_IRQHandler                  0x08005413   Thumb Code     0  startup_stm32f405xx.o(.text)
    DMA1_Stream4_IRQHandler                  0x08005413   Thumb Code     0  startup_stm32f405xx.o(.text)
    DMA1_Stream5_IRQHandler                  0x08005413   Thumb Code     0  startup_stm32f405xx.o(.text)
    DMA1_Stream6_IRQHandler                  0x08005413   Thumb Code     0  startup_stm32f405xx.o(.text)
    DMA1_Stream7_IRQHandler                  0x08005413   Thumb Code     0  startup_stm32f405xx.o(.text)
    DMA2_Stream0_IRQHandler                  0x08005413   Thumb Code     0  startup_stm32f405xx.o(.text)
    DMA2_Stream1_IRQHandler                  0x08005413   Thumb Code     0  startup_stm32f405xx.o(.text)
    DMA2_Stream2_IRQHandler                  0x08005413   Thumb Code     0  startup_stm32f405xx.o(.text)
    DMA2_Stream3_IRQHandler                  0x08005413   Thumb Code     0  startup_stm32f405xx.o(.text)
    DMA2_Stream4_IRQHandler                  0x08005413   Thumb Code     0  startup_stm32f405xx.o(.text)
    DMA2_Stream5_IRQHandler                  0x08005413   Thumb Code     0  startup_stm32f405xx.o(.text)
    DMA2_Stream6_IRQHandler                  0x08005413   Thumb Code     0  startup_stm32f405xx.o(.text)
    DMA2_Stream7_IRQHandler                  0x08005413   Thumb Code     0  startup_stm32f405xx.o(.text)
    EXTI0_IRQHandler                         0x08005413   Thumb Code     0  startup_stm32f405xx.o(.text)
    EXTI15_10_IRQHandler                     0x08005413   Thumb Code     0  startup_stm32f405xx.o(.text)
    EXTI1_IRQHandler                         0x08005413   Thumb Code     0  startup_stm32f405xx.o(.text)
    EXTI2_IRQHandler                         0x08005413   Thumb Code     0  startup_stm32f405xx.o(.text)
    EXTI3_IRQHandler                         0x08005413   Thumb Code     0  startup_stm32f405xx.o(.text)
    EXTI4_IRQHandler                         0x08005413   Thumb Code     0  startup_stm32f405xx.o(.text)
    EXTI9_5_IRQHandler                       0x08005413   Thumb Code     0  startup_stm32f405xx.o(.text)
    FLASH_IRQHandler                         0x08005413   Thumb Code     0  startup_stm32f405xx.o(.text)
    FMC_IRQHandler                           0x08005413   Thumb Code     0  startup_stm32f405xx.o(.text)
    FPU_IRQHandler                           0x08005413   Thumb Code     0  startup_stm32f405xx.o(.text)
    HASH_RNG_IRQHandler                      0x08005413   Thumb Code     0  startup_stm32f405xx.o(.text)
    I2C1_ER_IRQHandler                       0x08005413   Thumb Code     0  startup_stm32f405xx.o(.text)
    I2C1_EV_IRQHandler                       0x08005413   Thumb Code     0  startup_stm32f405xx.o(.text)
    I2C2_ER_IRQHandler                       0x08005413   Thumb Code     0  startup_stm32f405xx.o(.text)
    I2C2_EV_IRQHandler                       0x08005413   Thumb Code     0  startup_stm32f405xx.o(.text)
    I2C3_ER_IRQHandler                       0x08005413   Thumb Code     0  startup_stm32f405xx.o(.text)
    I2C3_EV_IRQHandler                       0x08005413   Thumb Code     0  startup_stm32f405xx.o(.text)
    OTG_FS_IRQHandler                        0x08005413   Thumb Code     0  startup_stm32f405xx.o(.text)
    OTG_FS_WKUP_IRQHandler                   0x08005413   Thumb Code     0  startup_stm32f405xx.o(.text)
    OTG_HS_EP1_IN_IRQHandler                 0x08005413   Thumb Code     0  startup_stm32f405xx.o(.text)
    OTG_HS_EP1_OUT_IRQHandler                0x08005413   Thumb Code     0  startup_stm32f405xx.o(.text)
    OTG_HS_IRQHandler                        0x08005413   Thumb Code     0  startup_stm32f405xx.o(.text)
    OTG_HS_WKUP_IRQHandler                   0x08005413   Thumb Code     0  startup_stm32f405xx.o(.text)
    PVD_IRQHandler                           0x08005413   Thumb Code     0  startup_stm32f405xx.o(.text)
    RCC_IRQHandler                           0x08005413   Thumb Code     0  startup_stm32f405xx.o(.text)
    RTC_Alarm_IRQHandler                     0x08005413   Thumb Code     0  startup_stm32f405xx.o(.text)
    RTC_WKUP_IRQHandler                      0x08005413   Thumb Code     0  startup_stm32f405xx.o(.text)
    SDIO_IRQHandler                          0x08005413   Thumb Code     0  startup_stm32f405xx.o(.text)
    SPI1_IRQHandler                          0x08005413   Thumb Code     0  startup_stm32f405xx.o(.text)
    SPI2_IRQHandler                          0x08005413   Thumb Code     0  startup_stm32f405xx.o(.text)
    SPI3_IRQHandler                          0x08005413   Thumb Code     0  startup_stm32f405xx.o(.text)
    TAMP_STAMP_IRQHandler                    0x08005413   Thumb Code     0  startup_stm32f405xx.o(.text)
    TIM1_BRK_TIM9_IRQHandler                 0x08005413   Thumb Code     0  startup_stm32f405xx.o(.text)
    TIM1_CC_IRQHandler                       0x08005413   Thumb Code     0  startup_stm32f405xx.o(.text)
    TIM1_TRG_COM_TIM11_IRQHandler            0x08005413   Thumb Code     0  startup_stm32f405xx.o(.text)
    TIM1_UP_TIM10_IRQHandler                 0x08005413   Thumb Code     0  startup_stm32f405xx.o(.text)
    TIM2_IRQHandler                          0x08005413   Thumb Code     0  startup_stm32f405xx.o(.text)
    TIM3_IRQHandler                          0x08005413   Thumb Code     0  startup_stm32f405xx.o(.text)
    TIM4_IRQHandler                          0x08005413   Thumb Code     0  startup_stm32f405xx.o(.text)
    TIM5_IRQHandler                          0x08005413   Thumb Code     0  startup_stm32f405xx.o(.text)
    TIM6_DAC_IRQHandler                      0x08005413   Thumb Code     0  startup_stm32f405xx.o(.text)
    TIM7_IRQHandler                          0x08005413   Thumb Code     0  startup_stm32f405xx.o(.text)
    TIM8_BRK_TIM12_IRQHandler                0x08005413   Thumb Code     0  startup_stm32f405xx.o(.text)
    TIM8_CC_IRQHandler                       0x08005413   Thumb Code     0  startup_stm32f405xx.o(.text)
    TIM8_TRG_COM_TIM14_IRQHandler            0x08005413   Thumb Code     0  startup_stm32f405xx.o(.text)
    TIM8_UP_TIM13_IRQHandler                 0x08005413   Thumb Code     0  startup_stm32f405xx.o(.text)
    UART4_IRQHandler                         0x08005413   Thumb Code     0  startup_stm32f405xx.o(.text)
    UART5_IRQHandler                         0x08005413   Thumb Code     0  startup_stm32f405xx.o(.text)
    USART2_IRQHandler                        0x08005413   Thumb Code     0  startup_stm32f405xx.o(.text)
    USART3_IRQHandler                        0x08005413   Thumb Code     0  startup_stm32f405xx.o(.text)
    USART6_IRQHandler                        0x08005413   Thumb Code     0  startup_stm32f405xx.o(.text)
    WWDG_IRQHandler                          0x08005413   Thumb Code     0  startup_stm32f405xx.o(.text)
    HardFault_Handler                        0x0800541d   Thumb Code    58  fault-mdk.o(.text)
    __aeabi_uldivmod                         0x08005461   Thumb Code    98  uldiv.o(.text)
    __aeabi_memset                           0x080054c3   Thumb Code    14  memseta.o(.text)
    __aeabi_memset4                          0x080054c3   Thumb Code     0  memseta.o(.text)
    __aeabi_memset8                          0x080054c3   Thumb Code     0  memseta.o(.text)
    __aeabi_memclr                           0x080054d1   Thumb Code     4  memseta.o(.text)
    __aeabi_memclr4                          0x080054d1   Thumb Code     0  memseta.o(.text)
    __aeabi_memclr8                          0x080054d1   Thumb Code     0  memseta.o(.text)
    _memset$wrapper                          0x080054d5   Thumb Code    18  memseta.o(.text)
    __aeabi_llsl                             0x080054e7   Thumb Code    30  llshl.o(.text)
    _ll_shift_l                              0x080054e7   Thumb Code     0  llshl.o(.text)
    __aeabi_llsr                             0x08005505   Thumb Code    32  llushr.o(.text)
    _ll_ushift_r                             0x08005505   Thumb Code     0  llushr.o(.text)
    __scatterload                            0x08005525   Thumb Code    28  init.o(.text)
    __scatterload_rt2                        0x08005525   Thumb Code     0  init.o(.text)
    __0printf$8                              0x08005549   Thumb Code    22  printf8.o(i.__0printf$8)
    __1printf$8                              0x08005549   Thumb Code     0  printf8.o(i.__0printf$8)
    __2printf                                0x08005549   Thumb Code     0  printf8.o(i.__0printf$8)
    __scatterload_copy                       0x08005569   Thumb Code    14  handlers.o(i.__scatterload_copy)
    __scatterload_null                       0x08005577   Thumb Code     2  handlers.o(i.__scatterload_null)
    __scatterload_zeroinit                   0x08005579   Thumb Code    14  handlers.o(i.__scatterload_zeroinit)
    AHBPrescTable                            0x08005a82   Data          16  system_stm32f4xx.o(.constdata)
    APBPrescTable                            0x08005a92   Data           8  system_stm32f4xx.o(.constdata)
    Region$$Table$$Base                      0x08005a9c   Number         0  anon$$obj.o(Region$$Table)
    Region$$Table$$Limit                     0x08005abc   Number         0  anon$$obj.o(Region$$Table)
    uwTick                                   0x20000000   Data           4  stm32f4xx_hal.o(.data)
    uwTickPrio                               0x20000004   Data           4  stm32f4xx_hal.o(.data)
    uwTickFreq                               0x20000008   Data           1  stm32f4xx_hal.o(.data)
    SystemCoreClock                          0x2000000c   Data           4  system_stm32f4xx.o(.data)
    fd_main_stack_base                       0x20000018   Data           4  fault-dump.o(.data)
    fd_main_stack_full                       0x2000001c   Data           4  fault-dump.o(.data)
    __stdout                                 0x20000020   Data           4  stdout.o(.data)
    huart1                                   0x20000024   Data          72  usart.o(.bss)
    STACK$$Base                              0x200001b0   Number         0  startup_stm32f405xx.o(STACK)
    __initial_sp                             0x200009b0   Data           0  startup_stm32f405xx.o(STACK)



==============================================================================

Memory Map of the image

  Image Entry point : 0x08000189

  Load Region LR_IROM1 (Base: 0x08000000, Size: 0x00005ae0, Max: 0x00100000, ABSOLUTE)

    Execution Region ER_IROM1 (Base: 0x08000000, Size: 0x00005abc, Max: 0x00100000, ABSOLUTE)

    Base Addr    Size         Type   Attr      Idx    E Section Name        Object

    0x08000000   0x00000188   Data   RO          729    RESET               startup_stm32f405xx.o
    0x08000188   0x00000000   Code   RO          738  * .ARM.Collect$$$$00000000  mc_w.l(entry.o)
    0x08000188   0x00000004   Code   RO         1006    .ARM.Collect$$$$00000001  mc_w.l(entry2.o)
    0x0800018c   0x00000004   Code   RO         1009    .ARM.Collect$$$$00000004  mc_w.l(entry5.o)
    0x08000190   0x00000000   Code   RO         1011    .ARM.Collect$$$$00000008  mc_w.l(entry7b.o)
    0x08000190   0x00000000   Code   RO         1013    .ARM.Collect$$$$0000000A  mc_w.l(entry8b.o)
    0x08000190   0x00000008   Code   RO         1014    .ARM.Collect$$$$0000000B  mc_w.l(entry9a.o)
    0x08000198   0x00000004   Code   RO         1021    .ARM.Collect$$$$0000000E  mc_w.l(entry12b.o)
    0x0800019c   0x00000000   Code   RO         1016    .ARM.Collect$$$$0000000F  mc_w.l(entry10a.o)
    0x0800019c   0x00000000   Code   RO         1018    .ARM.Collect$$$$00000011  mc_w.l(entry11a.o)
    0x0800019c   0x00000004   Code   RO         1007    .ARM.Collect$$$$00002712  mc_w.l(entry2.o)
    0x080001a0   0x00000190   Code   RO            4    .text               main.o
    0x08000330   0x000000a0   Code   RO          148    .text               stm32f4xx_it.o
    0x080003d0   0x00000064   Code   RO          174    .text               gpio.o
    0x08000434   0x000000f4   Code   RO          198    .text               usart.o
    0x08000528   0x00000048   Code   RO          228    .text               stm32f4xx_hal_msp.o
    0x08000570   0x00001ed4   Code   RO          288    .text               stm32f4xx_hal_uart.o
    0x08002444   0x00000c34   Code   RO          312    .text               stm32f4xx_hal_rcc.o
    0x08003078   0x000006a8   Code   RO          430    .text               stm32f4xx_hal_gpio.o
    0x08003720   0x00000c04   Code   RO          478    .text               stm32f4xx_hal_dma.o
    0x08004324   0x00000678   Code   RO          551    .text               stm32f4xx_hal_cortex.o
    0x0800499c   0x0000025c   Code   RO          579    .text               stm32f4xx_hal.o
    0x08004bf8   0x000000d0   Code   RO          633    .text               system_stm32f4xx.o
    0x08004cc8   0x0000051c   Code   RO          664    .text               fault-dump.o
    0x080051e4   0x00000214   Code   RO          706    .text               fault-hal.o
    0x080053f8   0x00000024   Code   RO          730    .text               startup_stm32f405xx.o
    0x0800541c   0x00000044   Code   RO          734    .text               fault-mdk.o
    0x08005460   0x00000062   Code   RO          741    .text               mc_w.l(uldiv.o)
    0x080054c2   0x00000024   Code   RO          743    .text               mc_w.l(memseta.o)
    0x080054e6   0x0000001e   Code   RO         1025    .text               mc_w.l(llshl.o)
    0x08005504   0x00000020   Code   RO         1027    .text               mc_w.l(llushr.o)
    0x08005524   0x00000024   Code   RO         1040    .text               mc_w.l(init.o)
    0x08005548   0x00000020   Code   RO          952    i.__0printf$8       mc_w.l(printf8.o)
    0x08005568   0x0000000e   Code   RO         1048    i.__scatterload_copy  mc_w.l(handlers.o)
    0x08005576   0x00000002   Code   RO         1049    i.__scatterload_null  mc_w.l(handlers.o)
    0x08005578   0x0000000e   Code   RO         1050    i.__scatterload_zeroinit  mc_w.l(handlers.o)
    0x08005586   0x00000002   PAD
    0x08005588   0x00000404   Code   RO          959    i._printf_core      mc_w.l(printf8.o)
    0x0800598c   0x00000024   Code   RO          960    i._printf_post_padding  mc_w.l(printf8.o)
    0x080059b0   0x0000002e   Code   RO          961    i._printf_pre_padding  mc_w.l(printf8.o)
    0x080059de   0x00000024   Data   RO            5    .constdata          main.o
    0x08005a02   0x00000078   Data   RO          149    .constdata          stm32f4xx_it.o
    0x08005a7a   0x00000008   Data   RO          479    .constdata          stm32f4xx_hal_dma.o
    0x08005a82   0x00000018   Data   RO          634    .constdata          system_stm32f4xx.o
    0x08005a9a   0x00000002   PAD
    0x08005a9c   0x00000020   Data   RO         1046    Region$$Table       anon$$obj.o


    Execution Region RW_IRAM1 (Base: 0x20000000, Size: 0x000009b0, Max: 0x0001c000, ABSOLUTE)

    Base Addr    Size         Type   Attr      Idx    E Section Name        Object

    0x20000000   0x00000009   Data   RW          580    .data               stm32f4xx_hal.o
    0x20000009   0x00000003   PAD
    0x2000000c   0x00000004   Data   RW          635    .data               system_stm32f4xx.o
    0x20000010   0x00000010   Data   RW          666    .data               fault-dump.o
    0x20000020   0x00000004   Data   RW         1022    .data               mc_w.l(stdout.o)
    0x20000024   0x00000048   Zero   RW          199    .bss                usart.o
    0x2000006c   0x00000140   Zero   RW          665    .bss                fault-dump.o
    0x200001ac   0x00000004   PAD
    0x200001b0   0x00000800   Zero   RW          727    STACK               startup_stm32f405xx.o


    Execution Region RW_IRAM2 (Base: 0x2001c000, Size: 0x00000000, Max: 0x00004000, ABSOLUTE)

    **** No section assigned to this execution region ****


==============================================================================

Image component sizes


      Code (inc. data)   RO Data    RW Data    ZI Data      Debug   Object Name

      1308        566          0         16        320      12896   fault-dump.o
       532        314          0          0          0       1428   fault-hal.o
        68         10          0          0          0        492   fault-mdk.o
       100          4          0          0          0        899   gpio.o
       400         70         36          0          0     618960   main.o
        36          8        392          0       2048        860   startup_stm32f405xx.o
       604        106          0          9          0      10928   stm32f4xx_hal.o
      1656         92          0          0          0      36796   stm32f4xx_hal_cortex.o
      3076        100          8          0          0       7585   stm32f4xx_hal_dma.o
      1704        148          0          0          0       3895   stm32f4xx_hal_gpio.o
        72          4          0          0          0        942   stm32f4xx_hal_msp.o
      3124        130          0          0          0       5827   stm32f4xx_hal_rcc.o
      7892        182          0          0          0      23308   stm32f4xx_hal_uart.o
       160         48        120          0          0       2593   stm32f4xx_it.o
       208         24         24          4          0       1605   system_stm32f4xx.o
       244         16          0          0         72       1623   usart.o

    ----------------------------------------------------------------------
     21184       1822        614         32       2444     730637   Object Totals
         0          0         32          0          0          0   (incl. Generated)
         0          0          2          3          4          0   (incl. Padding)

    ----------------------------------------------------------------------

      Code (inc. data)   RO Data    RW Data    ZI Data      Debug   Library Member Name

         0          0          0          0          0          0   entry.o
         0          0          0          0          0          0   entry10a.o
         0          0          0          0          0          0   entry11a.o
         4          0          0          0          0          0   entry12b.o
         8          4          0          0          0          0   entry2.o
         4          0          0          0          0          0   entry5.o
         0          0          0          0          0          0   entry7b.o
         0          0          0          0          0          0   entry8b.o
         8          4          0          0          0          0   entry9a.o
        30          0          0          0          0          0   handlers.o
        36          8          0          0          0         68   init.o
        30          0          0          0          0         68   llshl.o
        32          0          0          0          0         68   llushr.o
        36          0          0          0          0        108   memseta.o
      1142         54          0          0          0        352   printf8.o
         0          0          0          4          0          0   stdout.o
        98          0          0          0          0         92   uldiv.o

    ----------------------------------------------------------------------
      1430         70          0          4          0        756   Library Totals
         2          0          0          0          0          0   (incl. Padding)

    ----------------------------------------------------------------------

      Code (inc. data)   RO Data    RW Data    ZI Data      Debug   Library Name

      1428         70          0          4          0        756   mc_w.l

    ----------------------------------------------------------------------
      1430         70          0          4          0        756   Library Totals

    ----------------------------------------------------------------------

==============================================================================


      Code (inc. data)   RO Data    RW Data    ZI Data      Debug   

     22614       1892        614         36       2444     728585   Grand Totals
     22614       1892        614         36       2444     728585   ELF Image Totals
     22614       1892        614         36          0          0   ROM Totals

==============================================================================

    Total RO  Size (Code + RO Data)                23228 (  22.68kB)
    Total RW  Size (RW Data + ZI Data)              2480 (   2.42kB)
    Total ROM Size (Code + RO Data + RW Data)      23264 (  22.72kB)

==============================================================================


==============================================================================

Image input and output debug sizes

    Total input debug size                    19272112 (18820.42kB)
    Duplicate debug size                      18244264 (17816.66kB)
    Unused debug size                           296251 ( 289.31kB)
    Compressed debug size                         3012 (   2.94kB)
    Total output debug size                     728585 ( 711.51kB)
    Image debug size reduction                   96.22 percent

==============================================================================

