Component: Arm Compiler for Embedded 6.21 Tool: armlink [5ec1fa00]

==============================================================================

Removing Unused input sections from the image.

    Removing main.o(.text), (0 bytes).
    Removing main.o(.text.HardFault_Handler_Legency), (24 bytes).
    Removing main.o(.ARM.exidx.text.HardFault_Handler_Legency), (8 bytes).
    Removing main.o(.text.Default_Handler), (24 bytes).
    Removing main.o(.ARM.exidx.text.Default_Handler), (8 bytes).
    Removing main.o(.text.test0), (24 bytes).
    Removing main.o(.ARM.exidx.text.test0), (8 bytes).
    Removing main.o(.text.test1), (28 bytes).
    Removing main.o(.ARM.exidx.text.test1), (8 bytes).
    Removing main.o(.text.test2), (28 bytes).
    Removing main.o(.ARM.exidx.text.test2), (8 bytes).
    Removing main.o(.text.test3), (28 bytes).
    Removing main.o(.ARM.exidx.text.test3), (8 bytes).
    Removing main.o(.text.test4), (28 bytes).
    Removing main.o(.ARM.exidx.text.test4), (8 bytes).
    Removing main.o(.text.test5), (28 bytes).
    Removing main.o(.ARM.exidx.text.test5), (8 bytes).
    Removing main.o(.ARM.exidx.text.tx_application_define), (8 bytes).
    Removing main.o(.ARM.exidx.text.tx_task_entry), (8 bytes).
    Removing main.o(.ARM.exidx.text.main), (8 bytes).
    Removing main.o(.ARM.use_no_argv), (4 bytes).
    Removing system_ARMCM33.o(.text), (0 bytes).
    Removing system_ARMCM33.o(.text.SystemCoreClockUpdate), (20 bytes).
    Removing system_ARMCM33.o(.ARM.exidx.text.SystemCoreClockUpdate), (8 bytes).
    Removing system_ARMCM33.o(.ARM.exidx.text.SystemInit), (8 bytes).
    Removing printf.o(.text), (0 bytes).
    Removing printf.o(.ARM.exidx.text.printf), (8 bytes).
    Removing printf.o(.ARM.exidx.text._vsnprintf), (8 bytes).
    Removing printf.o(.ARM.exidx.text._out_char), (8 bytes).
    Removing printf.o(.text.sprintf), (58 bytes).
    Removing printf.o(.ARM.exidx.text.sprintf), (8 bytes).
    Removing printf.o(.text._out_buffer), (38 bytes).
    Removing printf.o(.ARM.exidx.text._out_buffer), (8 bytes).
    Removing printf.o(.text.snprintf), (58 bytes).
    Removing printf.o(.ARM.exidx.text.snprintf), (8 bytes).
    Removing printf.o(.text.vprintf), (40 bytes).
    Removing printf.o(.ARM.exidx.text.vprintf), (8 bytes).
    Removing printf.o(.text.vsnprintf), (42 bytes).
    Removing printf.o(.ARM.exidx.text.vsnprintf), (8 bytes).
    Removing printf.o(.text.fctprintf), (66 bytes).
    Removing printf.o(.ARM.exidx.text.fctprintf), (8 bytes).
    Removing printf.o(.text._out_fct), (40 bytes).
    Removing printf.o(.ARM.exidx.text._out_fct), (8 bytes).
    Removing printf.o(.ARM.exidx.text._out_null), (8 bytes).
    Removing printf.o(.ARM.exidx.text._is_digit), (8 bytes).
    Removing printf.o(.ARM.exidx.text._atoi), (8 bytes).
    Removing printf.o(.ARM.exidx.text._ntoa_long_long), (8 bytes).
    Removing printf.o(.ARM.exidx.text._ntoa_long), (8 bytes).
    Removing printf.o(.ARM.exidx.text._ftoa), (8 bytes).
    Removing printf.o(.ARM.exidx.text._etoa), (8 bytes).
    Removing printf.o(.ARM.exidx.text._strnlen_s), (8 bytes).
    Removing printf.o(.ARM.exidx.text._ntoa_format), (8 bytes).
    Removing printf.o(.ARM.exidx.text._out_rev), (8 bytes).
    Removing uart.o(.text), (0 bytes).
    Removing uart.o(.ARM.exidx.text.put_char), (8 bytes).
    Removing uart.o(.text.get_char), (30 bytes).
    Removing uart.o(.ARM.exidx.text.get_char), (8 bytes).
    Removing uart.o(.text.puts), (52 bytes).
    Removing uart.o(.ARM.exidx.text.puts), (8 bytes).
    Removing uart.o(.ARM.exidx.text.uart_init), (8 bytes).
    Removing uart.o(.text.uart_send), (16 bytes).
    Removing uart.o(.ARM.exidx.text.uart_send), (8 bytes).
    Removing uart.o(.text.uart_recv), (82 bytes).
    Removing uart.o(.ARM.exidx.text.uart_recv), (8 bytes).
    Removing tx_block_allocate.o(.text), (0 bytes).
    Removing tx_block_allocate.o(.text._tx_block_allocate), (320 bytes).
    Removing tx_block_allocate.o(.ARM.exidx.text._tx_block_allocate), (8 bytes).
    Removing tx_block_pool_cleanup.o(.text), (0 bytes).
    Removing tx_block_pool_cleanup.o(.text._tx_block_pool_cleanup), (124 bytes).
    Removing tx_block_pool_cleanup.o(.ARM.exidx.text._tx_block_pool_cleanup), (8 bytes).
    Removing tx_block_pool_create.o(.text), (0 bytes).
    Removing tx_block_pool_create.o(.text._tx_block_pool_create), (336 bytes).
    Removing tx_block_pool_create.o(.ARM.exidx.text._tx_block_pool_create), (8 bytes).
    Removing tx_block_pool_delete.o(.text), (0 bytes).
    Removing tx_block_pool_delete.o(.text._tx_block_pool_delete), (288 bytes).
    Removing tx_block_pool_delete.o(.ARM.exidx.text._tx_block_pool_delete), (8 bytes).
    Removing tx_block_pool_info_get.o(.text), (0 bytes).
    Removing tx_block_pool_info_get.o(.text._tx_block_pool_info_get), (150 bytes).
    Removing tx_block_pool_info_get.o(.ARM.exidx.text._tx_block_pool_info_get), (8 bytes).
    Removing tx_block_pool_initialize.o(.text), (0 bytes).
[...]
    Removing txe_semaphore_put.o(.debug_str), (2556 bytes).
    Removing txe_semaphore_put.o(.debug_frame), (48 bytes).
    Removing txe_semaphore_put.o(.debug_line), (288 bytes).
    Removing txe_semaphore_put_notify.o(.debug_abbrev), (164 bytes).
    Removing txe_semaphore_put_notify.o(.debug_info), (1342 bytes).
    Removing txe_semaphore_put_notify.o(.debug_str), (2591 bytes).
    Removing txe_semaphore_put_notify.o(.debug_frame), (48 bytes).
    Removing txe_semaphore_put_notify.o(.debug_line), (298 bytes).
    Removing txe_thread_delete.o(.debug_abbrev), (227 bytes).
    Removing txe_thread_delete.o(.debug_info), (1202 bytes).
    Removing txe_thread_delete.o(.debug_str), (2226 bytes).
    Removing txe_thread_delete.o(.debug_frame), (48 bytes).
    Removing txe_thread_delete.o(.debug_line), (326 bytes).
    Removing txe_thread_entry_exit_notify.o(.debug_abbrev), (171 bytes).
    Removing txe_thread_entry_exit_notify.o(.debug_info), (1182 bytes).
    Removing txe_thread_entry_exit_notify.o(.debug_str), (2249 bytes).
    Removing txe_thread_entry_exit_notify.o(.debug_frame), (48 bytes).
    Removing txe_thread_entry_exit_notify.o(.debug_line), (302 bytes).
    Removing txe_thread_info_get.o(.debug_abbrev), (171 bytes).
    Removing txe_thread_info_get.o(.debug_info), (1288 bytes).
    Removing txe_thread_info_get.o(.debug_str), (2302 bytes).
    Removing txe_thread_info_get.o(.debug_frame), (52 bytes).
    Removing txe_thread_info_get.o(.debug_line), (320 bytes).
    Removing txe_thread_preemption_change.o(.debug_abbrev), (227 bytes).
    Removing txe_thread_preemption_change.o(.debug_info), (1235 bytes).
    Removing txe_thread_preemption_change.o(.debug_str), (2276 bytes).
    Removing txe_thread_preemption_change.o(.debug_frame), (48 bytes).
    Removing txe_thread_preemption_change.o(.debug_line), (389 bytes).
    Removing txe_thread_priority_change.o(.debug_abbrev), (227 bytes).
    Removing txe_thread_priority_change.o(.debug_info), (1235 bytes).
    Removing txe_thread_priority_change.o(.debug_str), (2270 bytes).
    Removing txe_thread_priority_change.o(.debug_frame), (48 bytes).
    Removing txe_thread_priority_change.o(.debug_line), (379 bytes).
    Removing txe_thread_relinquish.o(.debug_abbrev), (210 bytes).
    Removing txe_thread_relinquish.o(.debug_info), (1184 bytes).
    Removing txe_thread_relinquish.o(.debug_str), (2231 bytes).
    Removing txe_thread_relinquish.o(.debug_frame), (48 bytes).
    Removing txe_thread_relinquish.o(.debug_line), (268 bytes).
    Removing txe_thread_reset.o(.debug_abbrev), (227 bytes).
    Removing txe_thread_reset.o(.debug_info), (1216 bytes).
    Removing txe_thread_reset.o(.debug_str), (2239 bytes).
    Removing txe_thread_reset.o(.debug_frame), (48 bytes).
    Removing txe_thread_reset.o(.debug_line), (366 bytes).
    Removing txe_thread_resume.o(.debug_abbrev), (171 bytes).
    Removing txe_thread_resume.o(.debug_info), (1151 bytes).
    Removing txe_thread_resume.o(.debug_str), (2202 bytes).
    Removing txe_thread_resume.o(.debug_frame), (48 bytes).
    Removing txe_thread_resume.o(.debug_line), (288 bytes).
    Removing txe_thread_suspend.o(.debug_abbrev), (171 bytes).
    Removing txe_thread_suspend.o(.debug_info), (1151 bytes).
    Removing txe_thread_suspend.o(.debug_str), (2204 bytes).
    Removing txe_thread_suspend.o(.debug_frame), (48 bytes).
    Removing txe_thread_suspend.o(.debug_line), (289 bytes).
    Removing txe_thread_terminate.o(.debug_abbrev), (227 bytes).
    Removing txe_thread_terminate.o(.debug_info), (1202 bytes).
    Removing txe_thread_terminate.o(.debug_str), (2232 bytes).
    Removing txe_thread_terminate.o(.debug_frame), (48 bytes).
    Removing txe_thread_terminate.o(.debug_line), (329 bytes).
    Removing txe_thread_time_slice_change.o(.debug_abbrev), (227 bytes).
    Removing txe_thread_time_slice_change.o(.debug_info), (1235 bytes).
    Removing txe_thread_time_slice_change.o(.debug_str), (2278 bytes).
    Removing txe_thread_time_slice_change.o(.debug_frame), (48 bytes).
    Removing txe_thread_time_slice_change.o(.debug_line), (362 bytes).
    Removing txe_thread_wait_abort.o(.debug_abbrev), (171 bytes).
    Removing txe_thread_wait_abort.o(.debug_info), (1151 bytes).
    Removing txe_thread_wait_abort.o(.debug_str), (2210 bytes).
    Removing txe_thread_wait_abort.o(.debug_frame), (48 bytes).
    Removing txe_thread_wait_abort.o(.debug_line), (292 bytes).
    Removing txe_timer_activate.o(.debug_abbrev), (164 bytes).
    Removing txe_timer_activate.o(.debug_info), (446 bytes).
    Removing txe_timer_activate.o(.debug_str), (865 bytes).
    Removing txe_timer_activate.o(.debug_frame), (48 bytes).
    Removing txe_timer_activate.o(.debug_line), (289 bytes).
    Removing txe_timer_change.o(.debug_abbrev), (227 bytes).
    Removing txe_timer_change.o(.debug_info), (535 bytes).
    Removing txe_timer_change.o(.debug_str), (916 bytes).
    Removing txe_timer_change.o(.debug_frame), (48 bytes).
    Removing txe_timer_change.o(.debug_line), (350 bytes).
    Removing txe_timer_create.o(.debug_abbrev), (281 bytes).
    Removing txe_timer_create.o(.debug_info), (1777 bytes).
    Removing txe_timer_create.o(.debug_str), (2776 bytes).
    Removing txe_timer_create.o(.debug_frame), (52 bytes).
    Removing txe_timer_create.o(.debug_line), (663 bytes).
    Removing txe_timer_deactivate.o(.debug_abbrev), (164 bytes).
    Removing txe_timer_deactivate.o(.debug_info), (446 bytes).
    Removing txe_timer_deactivate.o(.debug_str), (869 bytes).
    Removing txe_timer_deactivate.o(.debug_frame), (48 bytes).
    Removing txe_timer_deactivate.o(.debug_line), (291 bytes).
    Removing txe_timer_delete.o(.debug_abbrev), (227 bytes).
    Removing txe_timer_delete.o(.debug_info), (1378 bytes).
    Removing txe_timer_delete.o(.debug_str), (2547 bytes).
    Removing txe_timer_delete.o(.debug_frame), (48 bytes).
    Removing txe_timer_delete.o(.debug_line), (368 bytes).
    Removing txe_timer_info_get.o(.debug_abbrev), (164 bytes).
    Removing txe_timer_info_get.o(.debug_info), (536 bytes).
    Removing txe_timer_info_get.o(.debug_str), (921 bytes).
    Removing txe_timer_info_get.o(.debug_frame), (48 bytes).
    Removing txe_timer_info_get.o(.debug_line), (305 bytes).
    Removing tx_thread_context_restore.o(.debug_info), (280 bytes).
    Removing tx_thread_context_restore.o(.debug_abbrev), (33 bytes).
    Removing tx_thread_context_restore.o(.debug_aranges), (32 bytes).
    Removing tx_thread_context_restore.o(.debug_line), (127 bytes).
    Removing tx_thread_context_save.o(.debug_info), (274 bytes).
    Removing tx_thread_context_save.o(.debug_abbrev), (33 bytes).
    Removing tx_thread_context_save.o(.debug_aranges), (32 bytes).
    Removing tx_thread_context_save.o(.debug_line), (124 bytes).
    Removing tx_thread_interrupt_control.o(.debug_info), (284 bytes).
    Removing tx_thread_interrupt_control.o(.debug_abbrev), (33 bytes).
    Removing tx_thread_interrupt_control.o(.debug_aranges), (32 bytes).
    Removing tx_thread_interrupt_control.o(.debug_line), (132 bytes).
    Removing tx_thread_interrupt_disable.o(.debug_info), (284 bytes).
    Removing tx_thread_interrupt_disable.o(.debug_abbrev), (33 bytes).
    Removing tx_thread_interrupt_disable.o(.debug_aranges), (32 bytes).
    Removing tx_thread_interrupt_disable.o(.debug_line), (131 bytes).
    Removing tx_thread_interrupt_restore.o(.debug_info), (284 bytes).
    Removing tx_thread_interrupt_restore.o(.debug_abbrev), (33 bytes).
    Removing tx_thread_interrupt_restore.o(.debug_aranges), (32 bytes).
    Removing tx_thread_interrupt_restore.o(.debug_line), (130 bytes).
    Removing tx_thread_secure_stack_allocate.o(.debug_info), (336 bytes).
    Removing tx_thread_secure_stack_allocate.o(.debug_abbrev), (33 bytes).
    Removing tx_thread_secure_stack_allocate.o(.debug_aranges), (32 bytes).
    Removing tx_thread_secure_stack_allocate.o(.debug_line), (134 bytes).
    Removing tx_thread_secure_stack_free.o(.debug_info), (327 bytes).
    Removing tx_thread_secure_stack_free.o(.debug_abbrev), (33 bytes).
    Removing tx_thread_secure_stack_free.o(.debug_aranges), (32 bytes).
    Removing tx_thread_secure_stack_free.o(.debug_line), (130 bytes).
    Removing tx_thread_secure_stack_initialize.o(.debug_info), (296 bytes).
    Removing tx_thread_secure_stack_initialize.o(.debug_abbrev), (33 bytes).
    Removing tx_thread_secure_stack_initialize.o(.debug_aranges), (32 bytes).
    Removing tx_thread_secure_stack_initialize.o(.debug_line), (136 bytes).
    Removing tx_thread_system_return.o(.debug_info), (301 bytes).
    Removing tx_thread_system_return.o(.debug_abbrev), (33 bytes).
    Removing tx_thread_system_return.o(.debug_aranges), (32 bytes).
    Removing tx_thread_system_return.o(.debug_line), (134 bytes).
    Removing Unwind-EHABI.cpp.o(.debug_frame), (540 bytes).
    Removing getc.o(.debug_frame), (68 bytes).
    Removing libunwind.cpp.o(.debug_frame), (816 bytes).
    Removing fgetc.o(.debug_frame), (68 bytes).
    Removing fgetc_u.o(.debug_frame), (136 bytes).
    Removing fgetc_b.o(.debug_frame), (144 bytes).
    Removing fgetc_ub.o(.debug_frame), (212 bytes).
    Removing fgetc_h.o(.debug_frame), (68 bytes).
    Removing abort.o(.debug_frame), (68 bytes).
    Removing memcpya.o(.debug_frame), (68 bytes).
    Removing memcpyb.o(.debug_frame), (68 bytes).

803 unused debug section(s) (total 616056 bytes) removed from the image.

==============================================================================

Image Symbol Table

    Local Symbols

    Symbol Name                              Value     Ov Type        Size  Object(Section)

    ../clib/microlib/division.c              0x00000000   Number         0  uldiv.o ABSOLUTE
    ../clib/microlib/init/entry.s            0x00000000   Number         0  entry.o ABSOLUTE
    ../clib/microlib/init/entry.s            0x00000000   Number         0  entry4.o ABSOLUTE
    ../clib/microlib/init/entry.s            0x00000000   Number         0  entry5.o ABSOLUTE
    ../clib/microlib/init/entry.s            0x00000000   Number         0  entry7a.o ABSOLUTE
    ../clib/microlib/init/entry.s            0x00000000   Number         0  entry7b.o ABSOLUTE
    ../clib/microlib/init/entry.s            0x00000000   Number         0  entry8a.o ABSOLUTE
    ../clib/microlib/init/entry.s            0x00000000   Number         0  entry8b.o ABSOLUTE
    ../clib/microlib/init/entry.s            0x00000000   Number         0  entry9a.o ABSOLUTE
    ../clib/microlib/init/entry.s            0x00000000   Number         0  entry9b.o ABSOLUTE
    ../clib/microlib/init/entry.s            0x00000000   Number         0  entry10a.o ABSOLUTE
    ../clib/microlib/init/entry.s            0x00000000   Number         0  entry10b.o ABSOLUTE
    ../clib/microlib/init/entry.s            0x00000000   Number         0  entry11a.o ABSOLUTE
    ../clib/microlib/init/entry.s            0x00000000   Number         0  entry11b.o ABSOLUTE
    ../clib/microlib/longlong.c              0x00000000   Number         0  llshl.o ABSOLUTE
    ../clib/microlib/longlong.c              0x00000000   Number         0  llushr.o ABSOLUTE
    ../clib/microlib/longlong.c              0x00000000   Number         0  llsshr.o ABSOLUTE
    ../clib/microlib/stdio/fgetc.c           0x00000000   Number         0  fgetc.o ABSOLUTE
    ../clib/microlib/stdio/fgetc.c           0x00000000   Number         0  fgetc_u.o ABSOLUTE
    ../clib/microlib/stdio/fgetc.c           0x00000000   Number         0  fgetc_b.o ABSOLUTE
    ../clib/microlib/stdio/fgetc.c           0x00000000   Number         0  fgetc_ub.o ABSOLUTE
    ../clib/microlib/stdio/fgetc.c           0x00000000   Number         0  fgetc_h.o ABSOLUTE
    ../clib/microlib/stdio/getc.c            0x00000000   Number         0  getc.o ABSOLUTE
    ../clib/microlib/stdio/semi.s            0x00000000   Number         0  semi.o ABSOLUTE
    ../clib/microlib/stdio/streams.c         0x00000000   Number         0  stdin.o ABSOLUTE
    ../clib/microlib/stdlib/abort.c          0x00000000   Number         0  abort.o ABSOLUTE
    ../clib/microlib/stdlib/rand.c           0x00000000   Number         0  rand.o ABSOLUTE
    ../clib/microlib/string/memcpy.c         0x00000000   Number         0  memcpya.o ABSOLUTE
    ../clib/microlib/string/memcpy.c         0x00000000   Number         0  memcpyb.o ABSOLUTE
    ../clib/microlib/string/memset.c         0x00000000   Number         0  memseta.o ABSOLUTE
    ../clib/microlib/stubs.s                 0x00000000   Number         0  iusefp.o ABSOLUTE
    ../clib/microlib/stubs.s                 0x00000000   Number         0  iusesemig.o ABSOLUTE
    ../fplib/microlib/fpadd.c                0x00000000   Number         0  dadd.o ABSOLUTE
    ../fplib/microlib/fpcmp.c                0x00000000   Number         0  dcmple.o ABSOLUTE
    ../fplib/microlib/fpcmp.c                0x00000000   Number         0  dcmplt.o ABSOLUTE
    ../fplib/microlib/fpcmp.c                0x00000000   Number         0  dcmpge.o ABSOLUTE
    ../fplib/microlib/fpcmp.c                0x00000000   Number         0  dcmpgt.o ABSOLUTE
    ../fplib/microlib/fpcmp.c                0x00000000   Number         0  dcmpeq.o ABSOLUTE
    ../fplib/microlib/fpdiv.c                0x00000000   Number         0  ddiv.o ABSOLUTE
    ../fplib/microlib/fpepilogue.c           0x00000000   Number         0  depilogue.o ABSOLUTE
    ../fplib/microlib/fpfix.c                0x00000000   Number         0  dfixi.o ABSOLUTE
    ../fplib/microlib/fpfix.c                0x00000000   Number         0  dfixui.o ABSOLUTE
    ../fplib/microlib/fpflt.c                0x00000000   Number         0  dflti.o ABSOLUTE
    ../fplib/microlib/fpflt.c                0x00000000   Number         0  dfltui.o ABSOLUTE
    ../fplib/microlib/fpmul.c                0x00000000   Number         0  dmul.o ABSOLUTE
    HEAP_SIZE                                0x00000000   Number         0  tx_initialize_low_level.o ABSOLUTE
    Unwind-EHABI.cpp                         0x00000000   Number         0  Unwind-EHABI.cpp.o ABSOLUTE
    dc.s                                     0x00000000   Number         0  dc.o ABSOLUTE
    handlers.s                               0x00000000   Number         0  handlers.o ABSOLUTE
    init.s                                   0x00000000   Number         0  init.o ABSOLUTE
    libunwind.cpp                            0x00000000   Number         0  libunwind.cpp.o ABSOLUTE
    main.c                                   0x00000000   Number         0  main.o ABSOLUTE
    printf.c                                 0x00000000   Number         0  printf.o ABSOLUTE
    system_ARMCM33.c                         0x00000000   Number         0  system_ARMCM33.o ABSOLUTE
    tx_block_allocate.c                      0x00000000   Number         0  tx_block_allocate.o ABSOLUTE
    tx_block_pool_cleanup.c                  0x00000000   Number         0  tx_block_pool_cleanup.o ABSOLUTE
    tx_block_pool_create.c                   0x00000000   Number         0  tx_block_pool_create.o ABSOLUTE
    tx_block_pool_delete.c                   0x00000000   Number         0  tx_block_pool_delete.o ABSOLUTE
    tx_block_pool_info_get.c                 0x00000000   Number         0  tx_block_pool_info_get.o ABSOLUTE
    tx_block_pool_initialize.c               0x00000000   Number         0  tx_block_pool_initialize.o ABSOLUTE
    tx_block_pool_performance_info_get.c     0x00000000   Number         0  tx_block_pool_performance_info_get.o ABSOLUTE
    tx_block_pool_performance_system_info_get.c 0x00000000   Number         0  tx_block_pool_performance_system_info_get.o ABSOLUTE
    tx_block_pool_prioritize.c               0x00000000   Number         0  tx_block_pool_prioritize.o ABSOLUTE
    tx_block_release.c                       0x00000000   Number         0  tx_block_release.o ABSOLUTE
    tx_byte_allocate.c                       0x00000000   Number         0  tx_byte_allocate.o ABSOLUTE
    tx_byte_pool_cleanup.c                   0x00000000   Number         0  tx_byte_pool_cleanup.o ABSOLUTE
    tx_byte_pool_create.c                    0x00000000   Number         0  tx_byte_pool_create.o ABSOLUTE
    tx_byte_pool_delete.c                    0x00000000   Number         0  tx_byte_pool_delete.o ABSOLUTE
    tx_byte_pool_info_get.c                  0x00000000   Number         0  tx_byte_pool_info_get.o ABSOLUTE
    tx_byte_pool_initialize.c                0x00000000   Number         0  tx_byte_pool_initialize.o ABSOLUTE
    tx_byte_pool_performance_info_get.c      0x00000000   Number         0  tx_byte_pool_performance_info_get.o ABSOLUTE
    tx_byte_pool_performance_system_info_get.c 0x00000000   Number         0  tx_byte_pool_performance_system_info_get.o ABSOLUTE
    tx_byte_pool_prioritize.c                0x00000000   Number         0  tx_byte_pool_prioritize.o ABSOLUTE
    tx_byte_pool_search.c                    0x00000000   Number         0  tx_byte_pool_search.o ABSOLUTE
    tx_byte_release.c                        0x00000000   Number         0  tx_byte_release.o ABSOLUTE
    tx_event_flags_cleanup.c                 0x00000000   Number         0  tx_event_flags_cleanup.o ABSOLUTE
    tx_event_flags_create.c                  0x00000000   Number         0  tx_event_flags_create.o ABSOLUTE
    tx_event_flags_delete.c                  0x00000000   Number         0  tx_event_flags_delete.o ABSOLUTE
    tx_event_flags_get.c                     0x00000000   Number         0  tx_event_flags_get.o ABSOLUTE
    tx_event_flags_info_get.c                0x00000000   Number         0  tx_event_flags_info_get.o ABSOLUTE
    tx_event_flags_initialize.c              0x00000000   Number         0  tx_event_flags_initialize.o ABSOLUTE
    tx_event_flags_performance_info_get.c    0x00000000   Number         0  tx_event_flags_performance_info_get.o ABSOLUTE
    tx_event_flags_performance_system_info_get.c 0x00000000   Number         0  tx_event_flags_performance_system_info_get.o ABSOLUTE
    tx_event_flags_set.c                     0x00000000   Number         0  tx_event_flags_set.o ABSOLUTE
    tx_event_flags_set_notify.c              0x00000000   Number         0  tx_event_flags_set_notify.o ABSOLUTE
    tx_initialize_high_level.c               0x00000000   Number         0  tx_initialize_high_level.o ABSOLUTE
    tx_initialize_kernel_enter.c             0x00000000   Number         0  tx_initialize_kernel_enter.o ABSOLUTE
    tx_initialize_kernel_setup.c             0x00000000   Number         0  tx_initialize_kernel_setup.o ABSOLUTE
    tx_misra.c                               0x00000000   Number         0  tx_misra.o ABSOLUTE
    tx_mutex_cleanup.c                       0x00000000   Number         0  tx_mutex_cleanup.o ABSOLUTE
    tx_mutex_create.c                        0x00000000   Number         0  tx_mutex_create.o ABSOLUTE
    tx_mutex_delete.c                        0x00000000   Number         0  tx_mutex_delete.o ABSOLUTE
    tx_mutex_get.c                           0x00000000   Number         0  tx_mutex_get.o ABSOLUTE
    tx_mutex_info_get.c                      0x00000000   Number         0  tx_mutex_info_get.o ABSOLUTE
    tx_mutex_initialize.c                    0x00000000   Number         0  tx_mutex_initialize.o ABSOLUTE
    tx_mutex_performance_info_get.c          0x00000000   Number         0  tx_mutex_performance_info_get.o ABSOLUTE
    tx_mutex_performance_system_info_get.c   0x00000000   Number         0  tx_mutex_performance_system_info_get.o ABSOLUTE
    tx_mutex_prioritize.c                    0x00000000   Number         0  tx_mutex_prioritize.o ABSOLUTE
    tx_mutex_priority_change.c               0x00000000   Number         0  tx_mutex_priority_change.o ABSOLUTE
    tx_mutex_put.c                           0x00000000   Number         0  tx_mutex_put.o ABSOLUTE
    tx_queue_cleanup.c                       0x00000000   Number         0  tx_queue_cleanup.o ABSOLUTE
    tx_queue_create.c                        0x00000000   Number         0  tx_queue_create.o ABSOLUTE
    tx_queue_delete.c                        0x00000000   Number         0  tx_queue_delete.o ABSOLUTE
    tx_queue_flush.c                         0x00000000   Number         0  tx_queue_flush.o ABSOLUTE
    tx_queue_front_send.c                    0x00000000   Number         0  tx_queue_front_send.o ABSOLUTE
    tx_queue_info_get.c                      0x00000000   Number         0  tx_queue_info_get.o ABSOLUTE
    tx_queue_initialize.c                    0x00000000   Number         0  tx_queue_initialize.o ABSOLUTE
    tx_queue_performance_info_get.c          0x00000000   Number         0  tx_queue_performance_info_get.o ABSOLUTE
    tx_queue_performance_system_info_get.c   0x00000000   Number         0  tx_queue_performance_system_info_get.o ABSOLUTE
    tx_queue_prioritize.c                    0x00000000   Number         0  tx_queue_prioritize.o ABSOLUTE
    tx_queue_receive.c                       0x00000000   Number         0  tx_queue_receive.o ABSOLUTE
    tx_queue_send.c                          0x00000000   Number         0  tx_queue_send.o ABSOLUTE
    tx_queue_send_notify.c                   0x00000000   Number         0  tx_queue_send_notify.o ABSOLUTE
    tx_semaphore_ceiling_put.c               0x00000000   Number         0  tx_semaphore_ceiling_put.o ABSOLUTE
    tx_semaphore_cleanup.c                   0x00000000   Number         0  tx_semaphore_cleanup.o ABSOLUTE
    tx_semaphore_create.c                    0x00000000   Number         0  tx_semaphore_create.o ABSOLUTE
    tx_semaphore_delete.c                    0x00000000   Number         0  tx_semaphore_delete.o ABSOLUTE
    tx_semaphore_get.c                       0x00000000   Number         0  tx_semaphore_get.o ABSOLUTE
    tx_semaphore_info_get.c                  0x00000000   Number         0  tx_semaphore_info_get.o ABSOLUTE
    tx_semaphore_initialize.c                0x00000000   Number         0  tx_semaphore_initialize.o ABSOLUTE
    tx_semaphore_performance_info_get.c      0x00000000   Number         0  tx_semaphore_performance_info_get.o ABSOLUTE
    tx_semaphore_performance_system_info_get.c 0x00000000   Number         0  tx_semaphore_performance_system_info_get.o ABSOLUTE
    tx_semaphore_prioritize.c                0x00000000   Number         0  tx_semaphore_prioritize.o ABSOLUTE
    tx_semaphore_put.c                       0x00000000   Number         0  tx_semaphore_put.o ABSOLUTE
    tx_semaphore_put_notify.c                0x00000000   Number         0  tx_semaphore_put_notify.o ABSOLUTE
    tx_thread_create.c                       0x00000000   Number         0  tx_thread_create.o ABSOLUTE
    tx_thread_delete.c                       0x00000000   Number         0  tx_thread_delete.o ABSOLUTE
    tx_thread_entry_exit_notify.c            0x00000000   Number         0  tx_thread_entry_exit_notify.o ABSOLUTE
    tx_thread_identify.c                     0x00000000   Number         0  tx_thread_identify.o ABSOLUTE
    tx_thread_info_get.c                     0x00000000   Number         0  tx_thread_info_get.o ABSOLUTE
    tx_thread_initialize.c                   0x00000000   Number         0  tx_thread_initialize.o ABSOLUTE
    tx_thread_performance_info_get.c         0x00000000   Number         0  tx_thread_performance_info_get.o ABSOLUTE
    tx_thread_performance_system_info_get.c  0x00000000   Number         0  tx_thread_performance_system_info_get.o ABSOLUTE
    tx_thread_preemption_change.c            0x00000000   Number         0  tx_thread_preemption_change.o ABSOLUTE
    tx_thread_priority_change.c              0x00000000   Number         0  tx_thread_priority_change.o ABSOLUTE
    tx_thread_relinquish.c                   0x00000000   Number         0  tx_thread_relinquish.o ABSOLUTE
    tx_thread_reset.c                        0x00000000   Number         0  tx_thread_reset.o ABSOLUTE
    tx_thread_resume.c                       0x00000000   Number         0  tx_thread_resume.o ABSOLUTE
    tx_thread_shell_entry.c                  0x00000000   Number         0  tx_thread_shell_entry.o ABSOLUTE
    tx_thread_sleep.c                        0x00000000   Number         0  tx_thread_sleep.o ABSOLUTE
    tx_thread_stack_analyze.c                0x00000000   Number         0  tx_thread_stack_analyze.o ABSOLUTE
    tx_thread_stack_error_handler.c          0x00000000   Number         0  tx_thread_stack_error_handler.o ABSOLUTE
    tx_thread_stack_error_notify.c           0x00000000   Number         0  tx_thread_stack_error_notify.o ABSOLUTE
    tx_thread_suspend.c                      0x00000000   Number         0  tx_thread_suspend.o ABSOLUTE
    tx_thread_system_preempt_check.c         0x00000000   Number         0  tx_thread_system_preempt_check.o ABSOLUTE
    tx_thread_system_resume.c                0x00000000   Number         0  tx_thread_system_resume.o ABSOLUTE
    tx_thread_system_suspend.c               0x00000000   Number         0  tx_thread_system_suspend.o ABSOLUTE
    tx_thread_terminate.c                    0x00000000   Number         0  tx_thread_terminate.o ABSOLUTE
    tx_thread_time_slice.c                   0x00000000   Number         0  tx_thread_time_slice.o ABSOLUTE
    tx_thread_time_slice_change.c            0x00000000   Number         0  tx_thread_time_slice_change.o ABSOLUTE
    tx_thread_timeout.c                      0x00000000   Number         0  tx_thread_timeout.o ABSOLUTE
    tx_thread_wait_abort.c                   0x00000000   Number         0  tx_thread_wait_abort.o ABSOLUTE
    tx_time_get.c                            0x00000000   Number         0  tx_time_get.o ABSOLUTE
    tx_time_set.c                            0x00000000   Number         0  tx_time_set.o ABSOLUTE
    tx_timer_activate.c                      0x00000000   Number         0  tx_timer_activate.o ABSOLUTE
    tx_timer_change.c                        0x00000000   Number         0  tx_timer_change.o ABSOLUTE
    tx_timer_create.c                        0x00000000   Number         0  tx_timer_create.o ABSOLUTE
    tx_timer_deactivate.c                    0x00000000   Number         0  tx_timer_deactivate.o ABSOLUTE
    tx_timer_delete.c                        0x00000000   Number         0  tx_timer_delete.o ABSOLUTE
    tx_timer_expiration_process.c            0x00000000   Number         0  tx_timer_expiration_process.o ABSOLUTE
    tx_timer_info_get.c                      0x00000000   Number         0  tx_timer_info_get.o ABSOLUTE
    tx_timer_initialize.c                    0x00000000   Number         0  tx_timer_initialize.o ABSOLUTE
    tx_timer_performance_info_get.c          0x00000000   Number         0  tx_timer_performance_info_get.o ABSOLUTE
    tx_timer_performance_system_info_get.c   0x00000000   Number         0  tx_timer_performance_system_info_get.o ABSOLUTE
    tx_timer_system_activate.c               0x00000000   Number         0  tx_timer_system_activate.o ABSOLUTE
    tx_timer_system_deactivate.c             0x00000000   Number         0  tx_timer_system_deactivate.o ABSOLUTE
    tx_timer_thread_entry.c                  0x00000000   Number         0  tx_timer_thread_entry.o ABSOLUTE
    tx_trace_buffer_full_notify.c            0x00000000   Number         0  tx_trace_buffer_full_notify.o ABSOLUTE
    tx_trace_disable.c                       0x00000000   Number         0  tx_trace_disable.o ABSOLUTE
    tx_trace_enable.c                        0x00000000   Number         0  tx_trace_enable.o ABSOLUTE
    tx_trace_event_filter.c                  0x00000000   Number         0  tx_trace_event_filter.o ABSOLUTE
    tx_trace_event_unfilter.c                0x00000000   Number         0  tx_trace_event_unfilter.o ABSOLUTE
    tx_trace_initialize.c                    0x00000000   Number         0  tx_trace_initialize.o ABSOLUTE
    tx_trace_interrupt_control.c             0x00000000   Number         0  tx_trace_interrupt_control.o ABSOLUTE
    tx_trace_isr_enter_insert.c              0x00000000   Number         0  tx_trace_isr_enter_insert.o ABSOLUTE
    tx_trace_isr_exit_insert.c               0x00000000   Number         0  tx_trace_isr_exit_insert.o ABSOLUTE
    tx_trace_object_register.c               0x00000000   Number         0  tx_trace_object_register.o ABSOLUTE
    tx_trace_object_unregister.c             0x00000000   Number         0  tx_trace_object_unregister.o ABSOLUTE
    tx_trace_user_event_insert.c             0x00000000   Number         0  tx_trace_user_event_insert.o ABSOLUTE
    txe_block_allocate.c                     0x00000000   Number         0  txe_block_allocate.o ABSOLUTE
    txe_block_pool_create.c                  0x00000000   Number         0  txe_block_pool_create.o ABSOLUTE
    txe_block_pool_delete.c                  0x00000000   Number         0  txe_block_pool_delete.o ABSOLUTE
    txe_block_pool_info_get.c                0x00000000   Number         0  txe_block_pool_info_get.o ABSOLUTE
    txe_block_pool_prioritize.c              0x00000000   Number         0  txe_block_pool_prioritize.o ABSOLUTE
    txe_block_release.c                      0x00000000   Number         0  txe_block_release.o ABSOLUTE
    txe_byte_allocate.c                      0x00000000   Number         0  txe_byte_allocate.o ABSOLUTE
    txe_byte_pool_create.c                   0x00000000   Number         0  txe_byte_pool_create.o ABSOLUTE
    txe_byte_pool_delete.c                   0x00000000   Number         0  txe_byte_pool_delete.o ABSOLUTE
    txe_byte_pool_info_get.c                 0x00000000   Number         0  txe_byte_pool_info_get.o ABSOLUTE
    txe_byte_pool_prioritize.c               0x00000000   Number         0  txe_byte_pool_prioritize.o ABSOLUTE
    txe_byte_release.c                       0x00000000   Number         0  txe_byte_release.o ABSOLUTE
    txe_event_flags_create.c                 0x00000000   Number         0  txe_event_flags_create.o ABSOLUTE
    txe_event_flags_delete.c                 0x00000000   Number         0  txe_event_flags_delete.o ABSOLUTE
    txe_event_flags_get.c                    0x00000000   Number         0  txe_event_flags_get.o ABSOLUTE
    txe_event_flags_info_get.c               0x00000000   Number         0  txe_event_flags_info_get.o ABSOLUTE
    txe_event_flags_set.c                    0x00000000   Number         0  txe_event_flags_set.o ABSOLUTE
    txe_event_flags_set_notify.c             0x00000000   Number         0  txe_event_flags_set_notify.o ABSOLUTE
    txe_mutex_create.c                       0x00000000   Number         0  txe_mutex_create.o ABSOLUTE
    txe_mutex_delete.c                       0x00000000   Number         0  txe_mutex_delete.o ABSOLUTE
    txe_mutex_get.c                          0x00000000   Number         0  txe_mutex_get.o ABSOLUTE
    txe_mutex_info_get.c                     0x00000000   Number         0  txe_mutex_info_get.o ABSOLUTE
    txe_mutex_prioritize.c                   0x00000000   Number         0  txe_mutex_prioritize.o ABSOLUTE
    txe_mutex_put.c                          0x00000000   Number         0  txe_mutex_put.o ABSOLUTE
    txe_queue_create.c                       0x00000000   Number         0  txe_queue_create.o ABSOLUTE
    txe_queue_delete.c                       0x00000000   Number         0  txe_queue_delete.o ABSOLUTE
    txe_queue_flush.c                        0x00000000   Number         0  txe_queue_flush.o ABSOLUTE
    txe_queue_front_send.c                   0x00000000   Number         0  txe_queue_front_send.o ABSOLUTE
    txe_queue_info_get.c                     0x00000000   Number         0  txe_queue_info_get.o ABSOLUTE
    txe_queue_prioritize.c                   0x00000000   Number         0  txe_queue_prioritize.o ABSOLUTE
    txe_queue_receive.c                      0x00000000   Number         0  txe_queue_receive.o ABSOLUTE
    txe_queue_send.c                         0x00000000   Number         0  txe_queue_send.o ABSOLUTE
    txe_queue_send_notify.c                  0x00000000   Number         0  txe_queue_send_notify.o ABSOLUTE
    txe_semaphore_ceiling_put.c              0x00000000   Number         0  txe_semaphore_ceiling_put.o ABSOLUTE
    txe_semaphore_create.c                   0x00000000   Number         0  txe_semaphore_create.o ABSOLUTE
    txe_semaphore_delete.c                   0x00000000   Number         0  txe_semaphore_delete.o ABSOLUTE
    txe_semaphore_get.c                      0x00000000   Number         0  txe_semaphore_get.o ABSOLUTE
    txe_semaphore_info_get.c                 0x00000000   Number         0  txe_semaphore_info_get.o ABSOLUTE
    txe_semaphore_prioritize.c               0x00000000   Number         0  txe_semaphore_prioritize.o ABSOLUTE
    txe_semaphore_put.c                      0x00000000   Number         0  txe_semaphore_put.o ABSOLUTE
    txe_semaphore_put_notify.c               0x00000000   Number         0  txe_semaphore_put_notify.o ABSOLUTE
    txe_thread_create.c                      0x00000000   Number         0  txe_thread_create.o ABSOLUTE
    txe_thread_delete.c                      0x00000000   Number         0  txe_thread_delete.o ABSOLUTE
    txe_thread_entry_exit_notify.c           0x00000000   Number         0  txe_thread_entry_exit_notify.o ABSOLUTE
    txe_thread_info_get.c                    0x00000000   Number         0  txe_thread_info_get.o ABSOLUTE
    txe_thread_preemption_change.c           0x00000000   Number         0  txe_thread_preemption_change.o ABSOLUTE
    txe_thread_priority_change.c             0x00000000   Number         0  txe_thread_priority_change.o ABSOLUTE
    txe_thread_relinquish.c                  0x00000000   Number         0  txe_thread_relinquish.o ABSOLUTE
    txe_thread_reset.c                       0x00000000   Number         0  txe_thread_reset.o ABSOLUTE
    txe_thread_resume.c                      0x00000000   Number         0  txe_thread_resume.o ABSOLUTE
    txe_thread_suspend.c                     0x00000000   Number         0  txe_thread_suspend.o ABSOLUTE
    txe_thread_terminate.c                   0x00000000   Number         0  txe_thread_terminate.o ABSOLUTE
    txe_thread_time_slice_change.c           0x00000000   Number         0  txe_thread_time_slice_change.o ABSOLUTE
    txe_thread_wait_abort.c                  0x00000000   Number         0  txe_thread_wait_abort.o ABSOLUTE
    txe_timer_activate.c                     0x00000000   Number         0  txe_timer_activate.o ABSOLUTE
    txe_timer_change.c                       0x00000000   Number         0  txe_timer_change.o ABSOLUTE
    txe_timer_create.c                       0x00000000   Number         0  txe_timer_create.o ABSOLUTE
    txe_timer_deactivate.c                   0x00000000   Number         0  txe_timer_deactivate.o ABSOLUTE
    txe_timer_delete.c                       0x00000000   Number         0  txe_timer_delete.o ABSOLUTE
    txe_timer_info_get.c                     0x00000000   Number         0  txe_timer_info_get.o ABSOLUTE
    uart.c                                   0x00000000   Number         0  uart.o ABSOLUTE
    STACK_SIZE                               0x00000400   Number         0  tx_initialize_low_level.o ABSOLUTE
    SYSTICK_CYCLES                           0x0000ea5f   Number         0  tx_initialize_low_level.o ABSOLUTE
    SYSTEM_CLOCK                             0x005b8d80   Number         0  tx_initialize_low_level.o ABSOLUTE
    .ARM.Collect$$$$00000000                 0x100007c0   Section        0  entry.o(.ARM.Collect$$$$00000000)
    .ARM.Collect$$$$00000003                 0x100007c0   Section        4  entry4.o(.ARM.Collect$$$$00000003)
    .ARM.Collect$$$$00000004                 0x100007c4   Section        4  entry5.o(.ARM.Collect$$$$00000004)
    .ARM.Collect$$$$00000008                 0x100007c8   Section        0  entry7b.o(.ARM.Collect$$$$00000008)
    .ARM.Collect$$$$0000000A                 0x100007c8   Section        0  entry8b.o(.ARM.Collect$$$$0000000A)
    .ARM.Collect$$$$0000000B                 0x100007c8   Section        8  entry9a.o(.ARM.Collect$$$$0000000B)
    __lit__00000000                          0x100007d0   Data           4  entry4.o(.ARM.Collect$$$$00002714)
    .ARM.Collect$$$$0000000D                 0x100007d0   Section        0  entry10a.o(.ARM.Collect$$$$0000000D)
    .ARM.Collect$$$$0000000F                 0x100007d0   Section        0  entry11a.o(.ARM.Collect$$$$0000000F)
    .ARM.Collect$$$$00002714                 0x100007d0   Section        4  entry4.o(.ARM.Collect$$$$00002714)
    [Anonymous Symbol]                       0x100007d4   Section        0  startup_ARMCM33.o(.text)
    [Anonymous Symbol]                       0x100007f8   Section        0  tx_initialize_low_level.o(.text)
    _unhandled_usage_loop                    0x1000086e   Number         0  tx_initialize_low_level.o(.text)
    [Anonymous Symbol]                       0x100008d4   Section        0  tx_thread_schedule.o(.text)
    __tx_wait_here                           0x100008fe   Number         0  tx_thread_schedule.o(.text)
    __tx_ts_handler                          0x10000900   Number         0  tx_thread_schedule.o(.text)
    _skip_vfp_save                           0x10000920   Number         0  tx_thread_schedule.o(.text)
    __tx_ts_new                              0x10000932   Number         0  tx_thread_schedule.o(.text)
    __tx_ts_restore                          0x1000093c   Number         0  tx_thread_schedule.o(.text)
    _skip_vfp_restore                        0x10000964   Number         0  tx_thread_schedule.o(.text)
    __tx_ts_wait                             0x1000096e   Number         0  tx_thread_schedule.o(.text)
    __tx_ts_ready                            0x1000097a   Number         0  tx_thread_schedule.o(.text)
    [Anonymous Symbol]                       0x100009a4   Section        0  tx_thread_stack_build.o(.text)
    [Anonymous Symbol]                       0x100009e4   Section        0  tx_timer_interrupt.o(.text)
    __tx_timer_no_time_slice                 0x10000a04   Number         0  tx_timer_interrupt.o(.text)
    __tx_timer_no_timer                      0x10000a16   Number         0  tx_timer_interrupt.o(.text)
    __tx_timer_skip_wrap                     0x10000a26   Number         0  tx_timer_interrupt.o(.text)
    __tx_timer_done                          0x10000a28   Number         0  tx_timer_interrupt.o(.text)
    __tx_something_expired                   0x10000a34   Number         0  tx_timer_interrupt.o(.text)
    __tx_timer_dont_activate                 0x10000a40   Number         0  tx_timer_interrupt.o(.text)
    __tx_timer_not_ts_expiration             0x10000a64   Number         0  tx_timer_interrupt.o(.text)
    __tx_timer_skip_time_slice               0x10000a64   Number         0  tx_timer_interrupt.o(.text)
    __tx_timer_nothing_expired               0x10000a68   Number         0  tx_timer_interrupt.o(.text)
    .text                                    0x10000a9c   Section        0  uldiv.o(.text)
    .text                                    0x10000b00   Section        0  rand.o(.text)
    .text                                    0x10000b24   Section        0  memseta.o(.text)
    .text                                    0x10000b48   Section        0  dadd.o(.text)
    .text                                    0x10000c96   Section        0  dmul.o(.text)
    .text                                    0x10000d7a   Section        0  ddiv.o(.text)
    .text                                    0x10000e58   Section        0  dcmple.o(.text)
    .text                                    0x10000e8e   Section        0  dcmplt.o(.text)
    .text                                    0x10000ec4   Section        0  dcmpge.o(.text)
    .text                                    0x10000efa   Section        0  dcmpgt.o(.text)
    .text                                    0x10000f30   Section        0  dcmpeq.o(.text)
    .text                                    0x10000f68   Section        0  dflti.o(.text)
    .text                                    0x10000f8a   Section        0  dfltui.o(.text)
    .text                                    0x10000fa4   Section        0  dfixi.o(.text)
    .text                                    0x10000fe2   Section        0  dfixui.o(.text)
    .text                                    0x10001014   Section        0  llshl.o(.text)
    .text                                    0x10001032   Section        0  llushr.o(.text)
    .text                                    0x10001052   Section        0  llsshr.o(.text)
    .text                                    0x10001076   Section        0  iusefp.o(.text)
    .text                                    0x10001076   Section        0  depilogue.o(.text)
    .text                                    0x10001130   Section       48  init.o(.text)
    [Anonymous Symbol]                       0x10001160   Section        0  system_ARMCM33.o(.text.SystemInit)
    _atoi                                    0x10001199   Thumb Code    58  printf.o(.text._atoi)
    [Anonymous Symbol]                       0x10001198   Section        0  printf.o(.text._atoi)
    _etoa                                    0x100011d9   Thumb Code  1560  printf.o(.text._etoa)
    [Anonymous Symbol]                       0x100011d8   Section        0  printf.o(.text._etoa)
    _ftoa                                    0x10001819   Thumb Code  1400  printf.o(.text._ftoa)
    [Anonymous Symbol]                       0x10001818   Section        0  printf.o(.text._ftoa)
    _is_digit                                0x10001d99   Thumb Code    46  printf.o(.text._is_digit)
    [Anonymous Symbol]                       0x10001d98   Section        0  printf.o(.text._is_digit)
    _ntoa_format                             0x10001dc9   Thumb Code   572  printf.o(.text._ntoa_format)
    [Anonymous Symbol]                       0x10001dc8   Section        0  printf.o(.text._ntoa_format)
    _ntoa_long                               0x10002005   Thumb Code   276  printf.o(.text._ntoa_long)
    [Anonymous Symbol]                       0x10002004   Section        0  printf.o(.text._ntoa_long)
    _ntoa_long_long                          0x10002119   Thumb Code   312  printf.o(.text._ntoa_long_long)
    [Anonymous Symbol]                       0x10002118   Section        0  printf.o(.text._ntoa_long_long)
    _out_char                                0x10002251   Thumb Code    36  printf.o(.text._out_char)
    [Anonymous Symbol]                       0x10002250   Section        0  printf.o(.text._out_char)
    _out_null                                0x10002275   Thumb Code    16  printf.o(.text._out_null)
    [Anonymous Symbol]                       0x10002274   Section        0  printf.o(.text._out_null)
    _out_rev                                 0x10002285   Thumb Code   192  printf.o(.text._out_rev)
    [Anonymous Symbol]                       0x10002284   Section        0  printf.o(.text._out_rev)
    _strnlen_s                               0x10002345   Thumb Code    68  printf.o(.text._strnlen_s)
    [Anonymous Symbol]                       0x10002344   Section        0  printf.o(.text._strnlen_s)
    [Anonymous Symbol]                       0x10002388   Section        0  tx_block_release.o(.text._tx_block_release)
    [Anonymous Symbol]                       0x10002450   Section        0  tx_byte_allocate.o(.text._tx_byte_allocate)
    [Anonymous Symbol]                       0x100025c4   Section        0  tx_byte_pool_cleanup.o(.text._tx_byte_pool_cleanup)
    [Anonymous Symbol]                       0x10002640   Section        0  tx_byte_pool_create.o(.text._tx_byte_pool_create)
    [Anonymous Symbol]                       0x10002770   Section        0  tx_byte_pool_search.o(.text._tx_byte_pool_search)
    [Anonymous Symbol]                       0x100029ac   Section        0  tx_initialize_high_level.o(.text._tx_initialize_high_level)
    [Anonymous Symbol]                       0x100029b8   Section        0  tx_initialize_kernel_enter.o(.text._tx_initialize_kernel_enter)
    [Anonymous Symbol]                       0x10002a20   Section        0  tx_thread_create.o(.text._tx_thread_create)
    [Anonymous Symbol]                       0x10002c5c   Section        0  tx_thread_initialize.o(.text._tx_thread_initialize)
    [Anonymous Symbol]                       0x10002c80   Section        0  tx_thread_shell_entry.o(.text._tx_thread_shell_entry)
    [Anonymous Symbol]                       0x10002d00   Section        0  tx_thread_sleep.o(.text._tx_thread_sleep)
    [Anonymous Symbol]                       0x10002de4   Section        0  tx_thread_stack_analyze.o(.text._tx_thread_stack_analyze)
    [Anonymous Symbol]                       0x10002f08   Section        0  tx_thread_stack_error_handler.o(.text._tx_thread_stack_error_handler)
    [Anonymous Symbol]                       0x10002f4c   Section        0  tx_thread_system_resume.o(.text._tx_thread_system_ni_resume)
    [Anonymous Symbol]                       0x10003530   Section        0  tx_thread_system_suspend.o(.text._tx_thread_system_ni_suspend)
    [Anonymous Symbol]                       0x10003a50   Section        0  tx_thread_system_preempt_check.o(.text._tx_thread_system_preempt_check)
    [Anonymous Symbol]                       0x10003bc4   Section        0  tx_thread_time_slice.o(.text._tx_thread_time_slice)
    [Anonymous Symbol]                       0x10003e48   Section        0  tx_thread_timeout.o(.text._tx_thread_timeout)
    [Anonymous Symbol]                       0x10003ec4   Section        0  tx_timer_expiration_process.o(.text._tx_timer_expiration_process)
    [Anonymous Symbol]                       0x10003ef4   Section        0  tx_timer_initialize.o(.text._tx_timer_initialize)
    [Anonymous Symbol]                       0x10003fbc   Section        0  tx_timer_system_activate.o(.text._tx_timer_system_activate)
    [Anonymous Symbol]                       0x10004090   Section        0  tx_timer_system_deactivate.o(.text._tx_timer_system_deactivate)
    [Anonymous Symbol]                       0x10004100   Section        0  tx_timer_thread_entry.o(.text._tx_timer_thread_entry)
    [Anonymous Symbol]                       0x1000449c   Section        0  txe_block_release.o(.text._txe_block_release)
    [Anonymous Symbol]                       0x10004500   Section        0  txe_byte_allocate.o(.text._txe_byte_allocate)
    [Anonymous Symbol]                       0x1000461c   Section        0  txe_byte_pool_create.o(.text._txe_byte_pool_create)
    [Anonymous Symbol]                       0x10004790   Section        0  txe_thread_create.o(.text._txe_thread_create)
    _vsnprintf                               0x100049f9   Thumb Code  2608  printf.o(.text._vsnprintf)
    [Anonymous Symbol]                       0x100049f8   Section        0  printf.o(.text._vsnprintf)
    [Anonymous Symbol]                       0x10005428   Section        0  main.o(.text.main)
    [Anonymous Symbol]                       0x10005460   Section        0  printf.o(.text.printf)
    [Anonymous Symbol]                       0x1000549c   Section        0  uart.o(.text.put_char)
    [Anonymous Symbol]                       0x100054c4   Section        0  main.o(.text.tx_application_define)
    tx_task_entry                            0x1000555d   Thumb Code    40  main.o(.text.tx_task_entry)
    [Anonymous Symbol]                       0x1000555c   Section        0  main.o(.text.tx_task_entry)
    [Anonymous Symbol]                       0x10005584   Section        0  uart.o(.text.uart_init)
    i.__scatterload_copy                     0x100055c4   Section       14  handlers.o(i.__scatterload_copy)
    i.__scatterload_null                     0x100055d2   Section        2  handlers.o(i.__scatterload_null)
    i.__scatterload_zeroinit                 0x100055d4   Section       14  handlers.o(i.__scatterload_zeroinit)
    _ftoa.pow10                              0x100055e8   Data          80  printf.o(.rodata._ftoa.pow10)
    [Anonymous Symbol]                       0x100055e8   Section        0  printf.o(.rodata._ftoa.pow10)
    .L.str                                   0x10005638   Data           4  main.o(.rodata.str1.1)
    .L.str.5                                 0x10005638   Data          20  main.o(.rodata.str1.1)
    [Anonymous Symbol]                       0x10005638   Section        0  main.o(.rodata.str1.1)
    .L__func__.HardFault_Handler_Legency     0x1000563c   Data          26  main.o(.rodata.str1.1)
    .L__func__.Default_Handler               0x10005656   Data          16  main.o(.rodata.str1.1)
    .L.str.6                                 0x1000565a   Data          19  main.o(.rodata.str1.1)
    .L.str.1                                 0x10005666   Data          14  main.o(.rodata.str1.1)
    .L.str.4                                 0x1000566d   Data           8  main.o(.rodata.str1.1)
    .L__func__.test0                         0x10005674   Data           6  main.o(.rodata.str1.1)
    .L__func__.test1                         0x1000567a   Data           6  main.o(.rodata.str1.1)
    .L__func__.test2                         0x10005680   Data           6  main.o(.rodata.str1.1)
    .L__func__.test3                         0x10005686   Data           6  main.o(.rodata.str1.1)
    .L__func__.test4                         0x1000568c   Data           6  main.o(.rodata.str1.1)
    .L__func__.test5                         0x10005692   Data           6  main.o(.rodata.str1.1)
    .L.str.3                                 0x1000569d   Data           8  main.o(.rodata.str1.1)
    .L.str.2                                 0x100056a5   Data           8  main.o(.rodata.str1.1)
    .L.str.2                                 0x100056d7   Data           5  printf.o(.rodata.str1.1)
    [Anonymous Symbol]                       0x100056d7   Section        0  printf.o(.rodata.str1.1)
    .L.str.1                                 0x100056dc   Data           5  printf.o(.rodata.str1.1)
    .L.str.3                                 0x100056e1   Data           4  printf.o(.rodata.str1.1)
    .L.str                                   0x100056e5   Data           4  printf.o(.rodata.str1.1)
    .L.str                                   0x100056e9   Data          20  tx_timer_initialize.o(.rodata.str1.1)
    [Anonymous Symbol]                       0x100056e9   Section        0  tx_timer_initialize.o(.rodata.str1.1)
    _rand_state                              0x38000000   Data           4  rand.o(.data)
    .data                                    0x38000000   Section        4  rand.o(.data)
    tx_application_define.tx_memory          0x38001298   Data        4096  main.o(.bss.tx_application_define.tx_memory)
    [Anonymous Symbol]                       0x38001298   Section        0  main.o(.bss.tx_application_define.tx_memory)
    tx_application_define.tx_pool            0x38002298   Data          52  main.o(.bss.tx_application_define.tx_pool)
    [Anonymous Symbol]                       0x38002298   Section        0  main.o(.bss.tx_application_define.tx_pool)
    tx_application_define.tx_task            0x380022cc   Data         216  main.o(.bss.tx_application_define.tx_task)
    [Anonymous Symbol]                       0x380022cc   Section        0  main.o(.bss.tx_application_define.tx_task)

    Global Symbols

    Symbol Name                              Value     Ov Type        Size  Object(Section)

    BuildAttributes$$THM_ISAv4$E$P$D$K$B$S$7EM$8M$VFPi5$EXTD16$VFPS$VFMA$PE$A:L22UL41UL21$X:L11$S22US41US21$IEEE1$IW$USESV6$~STKCKD$USESV7$WCHAR32$ENUMINT$~SHL$OSPACE$ROPI$EBA8$UX$MICROLIB$REQ8$EABIv2 0x00000000   Number         0  anon$$obj.o ABSOLUTE
    SHT$$ARM_EXIDX$$Base                      - Undefined Reference
    SHT$$ARM_EXIDX$$Limit                     - Undefined Reference
    __arm_find_exidx_section                  - Undefined Weak Reference
    __cpp_initialize__aeabi_                  - Undefined Weak Reference
    __cxa_finalize                            - Undefined Weak Reference
    __decompress                              - Undefined Weak Reference
    _clock_init                               - Undefined Weak Reference
    _microlib_exit                            - Undefined Weak Reference
    __Vectors_Size                           0x000007c0   Number         0  startup_ARMCM33.o ABSOLUTE
    __Vectors                                0x10000000   Number      1984  startup_ARMCM33.o(RESET)
    __Vectors_End                            0x100007c0   Number         0  startup_ARMCM33.o(RESET)
    __main                                   0x100007c1   Thumb Code     0  entry.o(.ARM.Collect$$$$00000000)
    _main_stk                                0x100007c1   Thumb Code     0  entry4.o(.ARM.Collect$$$$00000003)
    _main_scatterload                        0x100007c5   Thumb Code     0  entry5.o(.ARM.Collect$$$$00000004)
    __main_after_scatterload                 0x100007c9   Thumb Code     0  entry5.o(.ARM.Collect$$$$00000004)
    _main_clock                              0x100007c9   Thumb Code     0  entry7b.o(.ARM.Collect$$$$00000008)
    _main_cpp_init                           0x100007c9   Thumb Code     0  entry8b.o(.ARM.Collect$$$$0000000A)
    _main_init                               0x100007c9   Thumb Code     0  entry9a.o(.ARM.Collect$$$$0000000B)
    __rt_final_cpp                           0x100007d1   Thumb Code     0  entry10a.o(.ARM.Collect$$$$0000000D)
    __rt_final_exit                          0x100007d1   Thumb Code     0  entry11a.o(.ARM.Collect$$$$0000000F)
    Reset_Handler                            0x100007d5   Thumb Code    24  startup_ARMCM33.o(.text)
    BusFault_Handler                         0x100007ef   Thumb Code     2  startup_ARMCM33.o(.text)
    DebugMon_Handler                         0x100007ef   Thumb Code     2  startup_ARMCM33.o(.text)
    Interrupt0_Handler                       0x100007ef   Thumb Code     2  startup_ARMCM33.o(.text)
    Interrupt1_Handler                       0x100007ef   Thumb Code     2  startup_ARMCM33.o(.text)
    Interrupt2_Handler                       0x100007ef   Thumb Code     2  startup_ARMCM33.o(.text)
    Interrupt3_Handler                       0x100007ef   Thumb Code     2  startup_ARMCM33.o(.text)
    Interrupt4_Handler                       0x100007ef   Thumb Code     2  startup_ARMCM33.o(.text)
    Interrupt5_Handler                       0x100007ef   Thumb Code     2  startup_ARMCM33.o(.text)
    Interrupt6_Handler                       0x100007ef   Thumb Code     2  startup_ARMCM33.o(.text)
    Interrupt7_Handler                       0x100007ef   Thumb Code     2  startup_ARMCM33.o(.text)
    Interrupt8_Handler                       0x100007ef   Thumb Code     2  startup_ARMCM33.o(.text)
    Interrupt9_Handler                       0x100007ef   Thumb Code     2  startup_ARMCM33.o(.text)
    MemManage_Handler                        0x100007ef   Thumb Code     2  startup_ARMCM33.o(.text)
    NMI_Handler                              0x100007ef   Thumb Code     2  startup_ARMCM33.o(.text)
    SVC_Handler                              0x100007ef   Thumb Code     2  startup_ARMCM33.o(.text)
    SecureFault_Handler                      0x100007ef   Thumb Code     2  startup_ARMCM33.o(.text)
    _tx_initialize_low_level                 0x100007f9   Thumb Code     0  tx_initialize_low_level.o(.text)
    __tx_BadHandler                          0x10000849   Thumb Code     0  tx_initialize_low_level.o(.text)
    __tx_IntHandler                          0x1000084d   Thumb Code     0  tx_initialize_low_level.o(.text)
    SysTick_Handler                          0x10000855   Thumb Code     0  tx_initialize_low_level.o(.text)
    HardFault_Handler                        0x10000861   Thumb Code     0  tx_initialize_low_level.o(.text)
    UsageFault_Handler                       0x10000865   Thumb Code     0  tx_initialize_low_level.o(.text)
    __tx_NMIHandler                          0x100008a5   Thumb Code     0  tx_initialize_low_level.o(.text)
    __tx_DBGHandler                          0x100008a9   Thumb Code     0  tx_initialize_low_level.o(.text)
    _tx_thread_schedule                      0x100008d5   Thumb Code     0  tx_thread_schedule.o(.text)
    PendSV_Handler                           0x10000901   Thumb Code     0  tx_thread_schedule.o(.text)
    _tx_vfp_access                           0x1000098d   Thumb Code     0  tx_thread_schedule.o(.text)
    _tx_thread_stack_build                   0x100009a5   Thumb Code     0  tx_thread_stack_build.o(.text)
    _tx_timer_interrupt                      0x100009e5   Thumb Code     0  tx_timer_interrupt.o(.text)
    __aeabi_uldivmod                         0x10000a9d   Thumb Code    98  uldiv.o(.text)
    rand                                     0x10000b01   Thumb Code    20  rand.o(.text)
    srand                                    0x10000b15   Thumb Code     6  rand.o(.text)
    __aeabi_memset                           0x10000b25   Thumb Code    14  memseta.o(.text)
    __aeabi_memset4                          0x10000b25   Thumb Code     0  memseta.o(.text)
    __aeabi_memset8                          0x10000b25   Thumb Code     0  memseta.o(.text)
    __aeabi_memclr                           0x10000b33   Thumb Code     4  memseta.o(.text)
    __aeabi_memclr4                          0x10000b33   Thumb Code     0  memseta.o(.text)
    __aeabi_memclr8                          0x10000b33   Thumb Code     0  memseta.o(.text)
    _memset$wrapper                          0x10000b37   Thumb Code    18  memseta.o(.text)
    __aeabi_dadd                             0x10000b49   Thumb Code   322  dadd.o(.text)
    __aeabi_dsub                             0x10000c8b   Thumb Code     6  dadd.o(.text)
    __aeabi_drsub                            0x10000c91   Thumb Code     6  dadd.o(.text)
    __aeabi_dmul                             0x10000c97   Thumb Code   228  dmul.o(.text)
    __aeabi_ddiv                             0x10000d7b   Thumb Code   222  ddiv.o(.text)
    __aeabi_dcmple                           0x10000e59   Thumb Code    54  dcmple.o(.text)
    __aeabi_dcmplt                           0x10000e8f   Thumb Code    54  dcmplt.o(.text)
    __aeabi_dcmpge                           0x10000ec5   Thumb Code    54  dcmpge.o(.text)
    __aeabi_dcmpgt                           0x10000efb   Thumb Code    54  dcmpgt.o(.text)
    __aeabi_dcmpeq                           0x10000f31   Thumb Code    56  dcmpeq.o(.text)
    __aeabi_i2d                              0x10000f69   Thumb Code    34  dflti.o(.text)
    __aeabi_ui2d                             0x10000f8b   Thumb Code    26  dfltui.o(.text)
    __aeabi_d2iz                             0x10000fa5   Thumb Code    62  dfixi.o(.text)
    __aeabi_d2uiz                            0x10000fe3   Thumb Code    50  dfixui.o(.text)
    __aeabi_llsl                             0x10001015   Thumb Code    30  llshl.o(.text)
    _ll_shift_l                              0x10001015   Thumb Code     0  llshl.o(.text)
    __aeabi_llsr                             0x10001033   Thumb Code    32  llushr.o(.text)
    _ll_ushift_r                             0x10001033   Thumb Code     0  llushr.o(.text)
    __aeabi_lasr                             0x10001053   Thumb Code    36  llsshr.o(.text)
    _ll_sshift_r                             0x10001053   Thumb Code     0  llsshr.o(.text)
    __I$use$fp                               0x10001077   Thumb Code     0  iusefp.o(.text)
    _double_round                            0x10001077   Thumb Code    30  depilogue.o(.text)
    _double_epilogue                         0x10001095   Thumb Code   156  depilogue.o(.text)
    __scatterload                            0x10001131   Thumb Code    38  init.o(.text)
    __scatterload_rt2                        0x10001131   Thumb Code     0  init.o(.text)
    SystemInit                               0x10001161   Thumb Code    54  system_ARMCM33.o(.text.SystemInit)
    _tx_block_release                        0x10002389   Thumb Code   200  tx_block_release.o(.text._tx_block_release)
    _tx_byte_allocate                        0x10002451   Thumb Code   370  tx_byte_allocate.o(.text._tx_byte_allocate)
    _tx_byte_pool_cleanup                    0x100025c5   Thumb Code   124  tx_byte_pool_cleanup.o(.text._tx_byte_pool_cleanup)
    _tx_byte_pool_create                     0x10002641   Thumb Code   304  tx_byte_pool_create.o(.text._tx_byte_pool_create)
    _tx_byte_pool_search                     0x10002771   Thumb Code   572  tx_byte_pool_search.o(.text._tx_byte_pool_search)
    _tx_initialize_high_level                0x100029ad   Thumb Code    12  tx_initialize_high_level.o(.text._tx_initialize_high_level)
    _tx_initialize_kernel_enter              0x100029b9   Thumb Code   104  tx_initialize_kernel_enter.o(.text._tx_initialize_kernel_enter)
    _tx_thread_create                        0x10002a21   Thumb Code   572  tx_thread_create.o(.text._tx_thread_create)
    _tx_thread_initialize                    0x10002c5d   Thumb Code    36  tx_thread_initialize.o(.text._tx_thread_initialize)
    _tx_thread_shell_entry                   0x10002c81   Thumb Code   126  tx_thread_shell_entry.o(.text._tx_thread_shell_entry)
    _tx_thread_sleep                         0x10002d01   Thumb Code   228  tx_thread_sleep.o(.text._tx_thread_sleep)
    _tx_thread_stack_analyze                 0x10002de5   Thumb Code   290  tx_thread_stack_analyze.o(.text._tx_thread_stack_analyze)
    _tx_thread_stack_error_handler           0x10002f09   Thumb Code    66  tx_thread_stack_error_handler.o(.text._tx_thread_stack_error_handler)
    _tx_thread_system_ni_resume              0x10002f4d   Thumb Code  1508  tx_thread_system_resume.o(.text._tx_thread_system_ni_resume)
    _tx_thread_system_ni_suspend             0x10003531   Thumb Code  1312  tx_thread_system_suspend.o(.text._tx_thread_system_ni_suspend)
    _tx_thread_system_preempt_check          0x10003a51   Thumb Code   372  tx_thread_system_preempt_check.o(.text._tx_thread_system_preempt_check)
    _tx_thread_time_slice                    0x10003bc5   Thumb Code   642  tx_thread_time_slice.o(.text._tx_thread_time_slice)
    _tx_thread_timeout                       0x10003e49   Thumb Code   122  tx_thread_timeout.o(.text._tx_thread_timeout)
    _tx_timer_expiration_process             0x10003ec5   Thumb Code    46  tx_timer_expiration_process.o(.text._tx_timer_expiration_process)
    _tx_timer_initialize                     0x10003ef5   Thumb Code   200  tx_timer_initialize.o(.text._tx_timer_initialize)
    _tx_timer_system_activate                0x10003fbd   Thumb Code   212  tx_timer_system_activate.o(.text._tx_timer_system_activate)
    _tx_timer_system_deactivate              0x10004091   Thumb Code   112  tx_timer_system_deactivate.o(.text._tx_timer_system_deactivate)
    _tx_timer_thread_entry                   0x10004101   Thumb Code   924  tx_timer_thread_entry.o(.text._tx_timer_thread_entry)
    _txe_block_release                       0x1000449d   Thumb Code    98  txe_block_release.o(.text._txe_block_release)
    _txe_byte_allocate                       0x10004501   Thumb Code   282  txe_byte_allocate.o(.text._txe_byte_allocate)
    _txe_byte_pool_create                    0x1000461d   Thumb Code   372  txe_byte_pool_create.o(.text._txe_byte_pool_create)
    _txe_thread_create                       0x10004791   Thumb Code   616  txe_thread_create.o(.text._txe_thread_create)
    main                                     0x10005429   Thumb Code    54  main.o(.text.main)
    printf                                   0x10005461   Thumb Code    60  printf.o(.text.printf)
    put_char                                 0x1000549d   Thumb Code    40  uart.o(.text.put_char)
    tx_application_define                    0x100054c5   Thumb Code   150  main.o(.text.tx_application_define)
    uart_init                                0x10005585   Thumb Code    64  uart.o(.text.uart_init)
    __scatterload_copy                       0x100055c5   Thumb Code    14  handlers.o(i.__scatterload_copy)
    __scatterload_null                       0x100055d3   Thumb Code     2  handlers.o(i.__scatterload_null)
    __scatterload_zeroinit                   0x100055d5   Thumb Code    14  handlers.o(i.__scatterload_zeroinit)
    Region$$Table$$Base                      0x10005700   Number         0  anon$$obj.o(Region$$Table)
    Region$$Table$$Limit                     0x10005720   Number         0  anon$$obj.o(Region$$Table)
    SystemCoreClock                          0x38000004   Data           4  system_ARMCM33.o(.data.SystemCoreClock)
    _tx_thread_system_state                  0x38000008   Data           4  tx_thread_initialize.o(.data._tx_thread_system_state)
    _tx_build_options                        0x3800000c   Data           4  tx_thread_initialize.o(.bss._tx_build_options)
    _tx_byte_pool_created_count              0x38000010   Data           4  tx_initialize_high_level.o(.bss._tx_byte_pool_created_count)
    _tx_byte_pool_created_ptr                0x38000014   Data           4  tx_initialize_high_level.o(.bss._tx_byte_pool_created_ptr)
    _tx_initialize_unused_memory             0x38000018   Data           4  tx_initialize_high_level.o(.bss._tx_initialize_unused_memory)
    _tx_thread_application_stack_error_handler 0x3800001c   Data           4  tx_thread_initialize.o(.bss._tx_thread_application_stack_error_handler)
    _tx_thread_created_count                 0x38000020   Data           4  tx_thread_initialize.o(.bss._tx_thread_created_count)
    _tx_thread_created_ptr                   0x38000024   Data           4  tx_thread_initialize.o(.bss._tx_thread_created_ptr)
    _tx_thread_current_ptr                   0x38000028   Data           4  tx_thread_initialize.o(.bss._tx_thread_current_ptr)
    _tx_thread_execute_ptr                   0x3800002c   Data           4  tx_thread_initialize.o(.bss._tx_thread_execute_ptr)
    _tx_thread_highest_priority              0x38000030   Data           4  tx_thread_initialize.o(.bss._tx_thread_highest_priority)
    _tx_thread_mutex_release                 0x38000034   Data           4  tx_thread_initialize.o(.bss._tx_thread_mutex_release)
    _tx_thread_performance__execute_log_index 0x38000038   Data           4  tx_thread_initialize.o(.bss._tx_thread_performance__execute_log_index)
    _tx_thread_performance_execute_log       0x3800003c   Data          32  tx_thread_initialize.o(.bss._tx_thread_performance_execute_log)
    _tx_thread_performance_idle_return_count 0x3800005c   Data           4  tx_thread_initialize.o(.bss._tx_thread_performance_idle_return_count)
    _tx_thread_performance_interrupt_preemption_count 0x38000060   Data           4  tx_thread_initialize.o(.bss._tx_thread_performance_interrupt_preemption_count)
    _tx_thread_performance_non_idle_return_count 0x38000064   Data           4  tx_thread_initialize.o(.bss._tx_thread_performance_non_idle_return_count)
    _tx_thread_performance_resume_count      0x38000068   Data           4  tx_thread_initialize.o(.bss._tx_thread_performance_resume_count)
    _tx_thread_performance_solicited_preemption_count 0x3800006c   Data           4  tx_thread_initialize.o(.bss._tx_thread_performance_solicited_preemption_count)
    _tx_thread_performance_suspend_count     0x38000070   Data           4  tx_thread_initialize.o(.bss._tx_thread_performance_suspend_count)
    _tx_thread_performance_time_slice_count  0x38000074   Data           4  tx_thread_initialize.o(.bss._tx_thread_performance_time_slice_count)
    _tx_thread_performance_timeout_count     0x38000078   Data           4  tx_thread_initialize.o(.bss._tx_thread_performance_timeout_count)
    _tx_thread_preempt_disable               0x3800007c   Data           4  tx_thread_initialize.o(.bss._tx_thread_preempt_disable)
    _tx_thread_priority_list                 0x38000080   Data         128  tx_thread_initialize.o(.bss._tx_thread_priority_list)
    _tx_thread_priority_maps                 0x38000100   Data           4  tx_thread_initialize.o(.bss._tx_thread_priority_maps)
    _tx_thread_system_stack_ptr              0x38000104   Data           4  tx_thread_initialize.o(.bss._tx_thread_system_stack_ptr)
    _tx_timer_current_ptr                    0x38000108   Data           4  tx_timer_initialize.o(.bss._tx_timer_current_ptr)
    _tx_timer_expired                        0x3800010c   Data           4  tx_timer_initialize.o(.bss._tx_timer_expired)
    _tx_timer_expired_time_slice             0x38000110   Data           4  tx_timer_initialize.o(.bss._tx_timer_expired_time_slice)
    _tx_timer_expired_timer_ptr              0x38000114   Data           4  tx_timer_initialize.o(.bss._tx_timer_expired_timer_ptr)
    _tx_timer_list                           0x38000118   Data         128  tx_timer_initialize.o(.bss._tx_timer_list)
    _tx_timer_list_end                       0x38000198   Data           4  tx_timer_initialize.o(.bss._tx_timer_list_end)
    _tx_timer_list_start                     0x3800019c   Data           4  tx_timer_initialize.o(.bss._tx_timer_list_start)
    _tx_timer_performance__expiration_adjust_count 0x380001a0   Data           4  tx_timer_initialize.o(.bss._tx_timer_performance__expiration_adjust_count)
    _tx_timer_performance_expiration_count   0x380001a4   Data           4  tx_timer_initialize.o(.bss._tx_timer_performance_expiration_count)
    _tx_timer_performance_reactivate_count   0x380001a8   Data           4  tx_timer_initialize.o(.bss._tx_timer_performance_reactivate_count)
    _tx_timer_priority                       0x380001ac   Data           4  tx_timer_initialize.o(.bss._tx_timer_priority)
    _tx_timer_stack_size                     0x380001b0   Data           4  tx_timer_initialize.o(.bss._tx_timer_stack_size)
    _tx_timer_stack_start                    0x380001b4   Data           4  tx_timer_initialize.o(.bss._tx_timer_stack_start)
    _tx_timer_system_clock                   0x380001b8   Data           4  tx_timer_initialize.o(.bss._tx_timer_system_clock)
    _tx_timer_thread                         0x380001bc   Data         216  tx_timer_initialize.o(.bss._tx_timer_thread)
    _tx_timer_thread_stack_area              0x38000294   Data        4096  tx_timer_initialize.o(.bss._tx_timer_thread_stack_area)
    _tx_timer_time_slice                     0x38001294   Data           4  tx_timer_initialize.o(.bss._tx_timer_time_slice)
    Image$$ARM_LIB_STACK$$ZI$$Base           0x380ff000   Number         0  anon$$obj.o ABSOLUTE
    Image$$ARM_LIB_STACK$$ZI$$Limit          0x38100000   Number         0  anon$$obj.o ABSOLUTE



==============================================================================

Memory Map of the image

  Image Entry point : 0x100007c1

  Load Region LR_ROM (Base: 0x10000000, Size: 0x0000572c, Max: 0x00100000, ABSOLUTE)

    Execution Region ER_IROM1 (Base: 0x10000000, Size: 0x00005720, Max: 0x00100000, ABSOLUTE)

    Base Addr    Size         Type   Attr      Idx    E Section Name        Object

    0x10000000   0x000007c0   Data   RO         1625    RESET               startup_ARMCM33.o
    0x100007c0   0x00000000   Code   RO         1736  * .ARM.Collect$$$$00000000  mc_w.l(entry.o)
    0x100007c0   0x00000004   Code   RO         1849    .ARM.Collect$$$$00000003  mc_w.l(entry4.o)
    0x100007c4   0x00000004   Code   RO         1852    .ARM.Collect$$$$00000004  mc_w.l(entry5.o)
    0x100007c8   0x00000000   Code   RO         1854    .ARM.Collect$$$$00000008  mc_w.l(entry7b.o)
    0x100007c8   0x00000000   Code   RO         1856    .ARM.Collect$$$$0000000A  mc_w.l(entry8b.o)
    0x100007c8   0x00000008   Code   RO         1857    .ARM.Collect$$$$0000000B  mc_w.l(entry9a.o)
    0x100007d0   0x00000000   Code   RO         1859    .ARM.Collect$$$$0000000D  mc_w.l(entry10a.o)
    0x100007d0   0x00000000   Code   RO         1861    .ARM.Collect$$$$0000000F  mc_w.l(entry11a.o)
    0x100007d0   0x00000004   Code   RO         1850    .ARM.Collect$$$$00002714  mc_w.l(entry4.o)
    0x100007d4   0x00000024   Code   RO         1624    .text               startup_ARMCM33.o
    0x100007f8   0x000000dc   Code   RO         1631    .text               tx_initialize_low_level.o
    0x100008d4   0x000000d0   Code   RO         1661    .text               tx_thread_schedule.o
    0x100009a4   0x00000040   Code   RO         1681    .text               tx_thread_stack_build.o
    0x100009e4   0x000000b8   Code   RO         1691    .text               tx_timer_interrupt.o
    0x10000a9c   0x00000062   Code   RO         1742    .text               mc_w.l(uldiv.o)
    0x10000afe   0x00000002   PAD
    0x10000b00   0x00000024   Code   RO         1744    .text               mc_w.l(rand.o)
    0x10000b24   0x00000024   Code   RO         1747    .text               mc_w.l(memseta.o)
    0x10000b48   0x0000014e   Code   RO         1749    .text               mf_w.l(dadd.o)
    0x10000c96   0x000000e4   Code   RO         1751    .text               mf_w.l(dmul.o)
    0x10000d7a   0x000000de   Code   RO         1753    .text               mf_w.l(ddiv.o)
    0x10000e58   0x00000036   Code   RO         1755    .text               mf_w.l(dcmple.o)
    0x10000e8e   0x00000036   Code   RO         1757    .text               mf_w.l(dcmplt.o)
    0x10000ec4   0x00000036   Code   RO         1759    .text               mf_w.l(dcmpge.o)
    0x10000efa   0x00000036   Code   RO         1761    .text               mf_w.l(dcmpgt.o)
    0x10000f30   0x00000038   Code   RO         1763    .text               mf_w.l(dcmpeq.o)
    0x10000f68   0x00000022   Code   RO         1765    .text               mf_w.l(dflti.o)
    0x10000f8a   0x0000001a   Code   RO         1767    .text               mf_w.l(dfltui.o)
    0x10000fa4   0x0000003e   Code   RO         1769    .text               mf_w.l(dfixi.o)
    0x10000fe2   0x00000032   Code   RO         1771    .text               mf_w.l(dfixui.o)
    0x10001014   0x0000001e   Code   RO         1876    .text               mc_w.l(llshl.o)
    0x10001032   0x00000020   Code   RO         1878    .text               mc_w.l(llushr.o)
    0x10001052   0x00000024   Code   RO         1880    .text               mc_w.l(llsshr.o)
    0x10001076   0x00000000   Code   RO         1884    .text               mc_w.l(iusefp.o)
    0x10001076   0x000000ba   Code   RO         1885    .text               mf_w.l(depilogue.o)
    0x10001130   0x00000030   Code   RO         1888    .text               mc_w.l(init.o)
    0x10001160   0x00000036   Code   RO           40    .text.SystemInit    system_ARMCM33.o
    0x10001196   0x00000002   PAD
    0x10001198   0x0000003a   Code   RO           74    .text._atoi         printf.o
    0x100011d2   0x00000006   PAD
    0x100011d8   0x00000640   Code   RO           82    .text._etoa         printf.o
    0x10001818   0x00000580   Code   RO           80    .text._ftoa         printf.o
    0x10001d98   0x0000002e   Code   RO           72    .text._is_digit     printf.o
    0x10001dc6   0x00000002   PAD
    0x10001dc8   0x0000023c   Code   RO           86    .text._ntoa_format  printf.o
    0x10002004   0x00000114   Code   RO           78    .text._ntoa_long    printf.o
    0x10002118   0x00000138   Code   RO           76    .text._ntoa_long_long  printf.o
    0x10002250   0x00000024   Code   RO           54    .text._out_char     printf.o
    0x10002274   0x00000010   Code   RO           70    .text._out_null     printf.o
    0x10002284   0x000000c0   Code   RO           88    .text._out_rev      printf.o
    0x10002344   0x00000044   Code   RO           84    .text._strnlen_s    printf.o
    0x10002388   0x000000c8   Code   RO          183    .text._tx_block_release  tx_block_release.o
    0x10002450   0x00000172   Code   RO          191    .text._tx_byte_allocate  tx_byte_allocate.o
    0x100025c2   0x00000002   PAD
    0x100025c4   0x0000007c   Code   RO          199    .text._tx_byte_pool_cleanup  tx_byte_pool_cleanup.o
    0x10002640   0x00000130   Code   RO          207    .text._tx_byte_pool_create  tx_byte_pool_create.o
    0x10002770   0x0000023c   Code   RO          256    .text._tx_byte_pool_search  tx_byte_pool_search.o
    0x100029ac   0x0000000c   Code   RO          345    .text._tx_initialize_high_level  tx_initialize_high_level.o
    0x100029b8   0x00000068   Code   RO          370    .text._tx_initialize_kernel_enter  tx_initialize_kernel_enter.o
    0x10002a20   0x0000023c   Code   RO          657    .text._tx_thread_create  tx_thread_create.o
    0x10002c5c   0x00000024   Code   RO          697    .text._tx_thread_initialize  tx_thread_initialize.o
    0x10002c80   0x0000007e   Code   RO          789    .text._tx_thread_shell_entry  tx_thread_shell_entry.o
    0x10002cfe   0x00000002   PAD
    0x10002d00   0x000000e4   Code   RO          797    .text._tx_thread_sleep  tx_thread_sleep.o
    0x10002de4   0x00000122   Code   RO          805    .text._tx_thread_stack_analyze  tx_thread_stack_analyze.o
    0x10002f06   0x00000002   PAD
    0x10002f08   0x00000042   Code   RO          813    .text._tx_thread_stack_error_handler  tx_thread_stack_error_handler.o
    0x10002f4a   0x00000002   PAD
    0x10002f4c   0x000005e4   Code   RO          847    .text._tx_thread_system_ni_resume  tx_thread_system_resume.o
    0x10003530   0x00000520   Code   RO          858    .text._tx_thread_system_ni_suspend  tx_thread_system_suspend.o
    0x10003a50   0x00000174   Code   RO          837    .text._tx_thread_system_preempt_check  tx_thread_system_preempt_check.o
    0x10003bc4   0x00000282   Code   RO          875    .text._tx_thread_time_slice  tx_thread_time_slice.o
    0x10003e46   0x00000002   PAD
    0x10003e48   0x0000007a   Code   RO          891    .text._tx_thread_timeout  tx_thread_timeout.o
    0x10003ec2   0x00000002   PAD
    0x10003ec4   0x0000002e   Code   RO          963    .text._tx_timer_expiration_process  tx_timer_expiration_process.o
    0x10003ef2   0x00000002   PAD
    0x10003ef4   0x000000c8   Code   RO          979    .text._tx_timer_initialize  tx_timer_initialize.o
    0x10003fbc   0x000000d4   Code   RO         1025    .text._tx_timer_system_activate  tx_timer_system_activate.o
    0x10004090   0x00000070   Code   RO         1033    .text._tx_timer_system_deactivate  tx_timer_system_deactivate.o
    0x10004100   0x0000039c   Code   RO         1041    .text._tx_timer_thread_entry  tx_timer_thread_entry.o
    0x1000449c   0x00000062   Code   RO         1185    .text._txe_block_release  txe_block_release.o
    0x100044fe   0x00000002   PAD
    0x10004500   0x0000011a   Code   RO         1193    .text._txe_byte_allocate  txe_byte_allocate.o
    0x1000461a   0x00000002   PAD
    0x1000461c   0x00000174   Code   RO         1201    .text._txe_byte_pool_create  txe_byte_pool_create.o
    0x10004790   0x00000268   Code   RO         1473    .text._txe_thread_create  txe_thread_create.o
    0x100049f8   0x00000a30   Code   RO           52    .text._vsnprintf    printf.o
    0x10005428   0x00000036   Code   RO           24    .text.main          main.o
    0x1000545e   0x00000002   PAD
    0x10005460   0x0000003c   Code   RO           50    .text.printf        printf.o
    0x1000549c   0x00000028   Code   RO           99    .text.put_char      uart.o
    0x100054c4   0x00000096   Code   RO           20    .text.tx_application_define  main.o
    0x1000555a   0x00000002   PAD
    0x1000555c   0x00000028   Code   RO           22    .text.tx_task_entry  main.o
    0x10005584   0x00000040   Code   RO          105    .text.uart_init     uart.o
    0x100055c4   0x0000000e   Code   RO         1898    i.__scatterload_copy  mc_w.l(handlers.o)
    0x100055d2   0x00000002   Code   RO         1899    i.__scatterload_null  mc_w.l(handlers.o)
    0x100055d4   0x0000000e   Code   RO         1900    i.__scatterload_zeroinit  mc_w.l(handlers.o)
    0x100055e2   0x00000006   PAD
    0x100055e8   0x00000050   Data   RO           90    .rodata._ftoa.pow10  printf.o
    0x10005638   0x0000009f   Data   RO           26    .rodata.str1.1      main.o
    0x100056d7   0x00000012   Data   RO           91    .rodata.str1.1      printf.o
    0x100056e9   0x00000014   Data   RO          990    .rodata.str1.1      tx_timer_initialize.o
    0x100056fd   0x00000003   PAD
    0x10005700   0x00000020   Data   RO         1897    Region$$Table       anon$$obj.o


    Execution Region RW_RAM (Base: 0x38000000, Size: 0x000023a4, Max: 0x000fe000, ABSOLUTE)

    Base Addr    Size         Type   Attr      Idx    E Section Name        Object

    0x38000000   0x00000004   Data   RW         1745    .data               mc_w.l(rand.o)
    0x38000004   0x00000004   Data   RW           42    .data.SystemCoreClock  system_ARMCM33.o
    0x38000008   0x00000004   Data   RW          700    .data._tx_thread_system_state  tx_thread_initialize.o
    0x3800000c   0x00000004   Zero   RW          703    .bss._tx_build_options  tx_thread_initialize.o
    0x38000010   0x00000004   Zero   RW          362    .bss._tx_byte_pool_created_count  tx_initialize_high_level.o
    0x38000014   0x00000004   Zero   RW          361    .bss._tx_byte_pool_created_ptr  tx_initialize_high_level.o
    0x38000018   0x00000004   Zero   RW          363    .bss._tx_initialize_unused_memory  tx_initialize_high_level.o
    0x3800001c   0x00000004   Zero   RW          713    .bss._tx_thread_application_stack_error_handler  tx_thread_initialize.o
    0x38000020   0x00000004   Zero   RW          708    .bss._tx_thread_created_count  tx_thread_initialize.o
    0x38000024   0x00000004   Zero   RW          707    .bss._tx_thread_created_ptr  tx_thread_initialize.o
    0x38000028   0x00000004   Zero   RW          705    .bss._tx_thread_current_ptr  tx_thread_initialize.o
    0x3800002c   0x00000004   Zero   RW          706    .bss._tx_thread_execute_ptr  tx_thread_initialize.o
    0x38000030   0x00000004   Zero   RW          702    .bss._tx_thread_highest_priority  tx_thread_initialize.o
    0x38000034   0x00000004   Zero   RW          712    .bss._tx_thread_mutex_release  tx_thread_initialize.o
    0x38000038   0x00000004   Zero   RW          725    .bss._tx_thread_performance__execute_log_index  tx_thread_initialize.o
    0x3800003c   0x00000020   Zero   RW          726    .bss._tx_thread_performance_execute_log  tx_thread_initialize.o
    0x3800005c   0x00000004   Zero   RW          723    .bss._tx_thread_performance_idle_return_count  tx_thread_initialize.o
    0x38000060   0x00000004   Zero   RW          717    .bss._tx_thread_performance_interrupt_preemption_count  tx_thread_initialize.o
    0x38000064   0x00000004   Zero   RW          724    .bss._tx_thread_performance_non_idle_return_count  tx_thread_initialize.o
    0x38000068   0x00000004   Zero   RW          714    .bss._tx_thread_performance_resume_count  tx_thread_initialize.o
    0x3800006c   0x00000004   Zero   RW          716    .bss._tx_thread_performance_solicited_preemption_count  tx_thread_initialize.o
    0x38000070   0x00000004   Zero   RW          715    .bss._tx_thread_performance_suspend_count  tx_thread_initialize.o
    0x38000074   0x00000004   Zero   RW          719    .bss._tx_thread_performance_time_slice_count  tx_thread_initialize.o
    0x38000078   0x00000004   Zero   RW          721    .bss._tx_thread_performance_timeout_count  tx_thread_initialize.o
    0x3800007c   0x00000004   Zero   RW          711    .bss._tx_thread_preempt_disable  tx_thread_initialize.o
    0x38000080   0x00000080   Zero   RW          710    .bss._tx_thread_priority_list  tx_thread_initialize.o
    0x38000100   0x00000004   Zero   RW          709    .bss._tx_thread_priority_maps  tx_thread_initialize.o
    0x38000104   0x00000004   Zero   RW          704    .bss._tx_thread_system_stack_ptr  tx_thread_initialize.o
    0x38000108   0x00000004   Zero   RW          983    .bss._tx_timer_current_ptr  tx_timer_initialize.o
    0x3800010c   0x00000004   Zero   RW          993    .bss._tx_timer_expired  tx_timer_initialize.o
    0x38000110   0x00000004   Zero   RW          992    .bss._tx_timer_expired_time_slice  tx_timer_initialize.o
    0x38000114   0x00000004   Zero   RW          996    .bss._tx_timer_expired_timer_ptr  tx_timer_initialize.o
    0x38000118   0x00000080   Zero   RW          981    .bss._tx_timer_list  tx_timer_initialize.o
    0x38000198   0x00000004   Zero   RW          984    .bss._tx_timer_list_end  tx_timer_initialize.o
    0x3800019c   0x00000004   Zero   RW          982    .bss._tx_timer_list_start  tx_timer_initialize.o
    0x380001a0   0x00000004   Zero   RW         1001    .bss._tx_timer_performance__expiration_adjust_count  tx_timer_initialize.o
    0x380001a4   0x00000004   Zero   RW         1000    .bss._tx_timer_performance_expiration_count  tx_timer_initialize.o
    0x380001a8   0x00000004   Zero   RW          998    .bss._tx_timer_performance_reactivate_count  tx_timer_initialize.o
    0x380001ac   0x00000004   Zero   RW          988    .bss._tx_timer_priority  tx_timer_initialize.o
    0x380001b0   0x00000004   Zero   RW          987    .bss._tx_timer_stack_size  tx_timer_initialize.o
    0x380001b4   0x00000004   Zero   RW          986    .bss._tx_timer_stack_start  tx_timer_initialize.o
    0x380001b8   0x00000004   Zero   RW          991    .bss._tx_timer_system_clock  tx_timer_initialize.o
    0x380001bc   0x000000d8   Zero   RW          989    .bss._tx_timer_thread  tx_timer_initialize.o
    0x38000294   0x00001000   Zero   RW          985    .bss._tx_timer_thread_stack_area  tx_timer_initialize.o
    0x38001294   0x00000004   Zero   RW         1002    .bss._tx_timer_time_slice  tx_timer_initialize.o
    0x38001298   0x00001000   Zero   RW           29    .bss.tx_application_define.tx_memory  main.o
    0x38002298   0x00000034   Zero   RW           28    .bss.tx_application_define.tx_pool  main.o
    0x380022cc   0x000000d8   Zero   RW           27    .bss.tx_application_define.tx_task  main.o


    Execution Region ARM_LIB_HEAP (Base: 0x380023a8, Size: 0x00001000, Max: 0x00001000, ABSOLUTE)

    Base Addr    Size         Type   Attr      Idx    E Section Name        Object

    0x380023a8   0x00001000   Zero   RW            1    ARM_LIB_HEAP.bss    anon$$obj.o


    Execution Region ARM_LIB_STACK (Base: 0x380ff000, Size: 0x00001000, Max: 0x00001000, ABSOLUTE)

    Base Addr    Size         Type   Attr      Idx    E Section Name        Object

    0x380ff000   0x00001000   Zero   RW            2    ARM_LIB_STACK.bss   anon$$obj.o


==============================================================================

Image component sizes


      Code (inc. data)   RO Data    RW Data    ZI Data      Debug   Object Name

       244          0        159          0       4364       5810   main.o
      7252        406         98          0          0      10503   printf.o
        36          8       1984          0          0        440   startup_ARMCM33.o
        54          0          0          4          0       1989   system_ARMCM33.o
       200          0          0          0          0       5245   tx_block_release.o
       370          0          0          0          0       5670   tx_byte_allocate.o
       124          0          0          0          0       4650   tx_byte_pool_cleanup.o
       304          0          0          0          0       5331   tx_byte_pool_create.o
       572          0          0          0          0       5993   tx_byte_pool_search.o
        12          0          0          0         12       7277   tx_initialize_high_level.o
       104          0          0          0          0        680   tx_initialize_kernel_enter.o
       220         40          0          0          0        784   tx_initialize_low_level.o
       572          0          0          0          0       5372   tx_thread_create.o
        36          0          0          4        240       5305   tx_thread_initialize.o
       208         16          0          0          0        800   tx_thread_schedule.o
       126          0          0          0          0       4471   tx_thread_shell_entry.o
       228          0          0          0          0       4667   tx_thread_sleep.o
       290          0          0          0          0       4648   tx_thread_stack_analyze.o
        64          0          0          0          0        485   tx_thread_stack_build.o
        66          0          0          0          0       4247   tx_thread_stack_error_handler.o
       372          0          0          0          0       5022   tx_thread_system_preempt_check.o
      1508          0          0          0          0       7190   tx_thread_system_resume.o
      1312          0          0          0          0       6810   tx_thread_system_suspend.o
       642          0          0          0          0       5263   tx_thread_time_slice.o
       122          0          0          0          0       4404   tx_thread_timeout.o
        46          0          0          0          0       1123   tx_timer_expiration_process.o
       200          0         20          0       4496       5358   tx_timer_initialize.o
       184         44          0          0          0        838   tx_timer_interrupt.o
       212          0          0          0          0       1586   tx_timer_system_activate.o
       112          0          0          0          0       1437   tx_timer_system_deactivate.o
       924          0          0          0          0       6343   tx_timer_thread_entry.o
        98          0          0          0          0       4541   txe_block_release.o
       282          0          0          0          0       4955   txe_byte_allocate.o
       372          0          0          0          0       5506   txe_byte_pool_create.o
       616          0          0          0          0       5489   txe_thread_create.o
       104          0          0          0          0       1571   uart.o

    ----------------------------------------------------------------------
     18220        514       2296          8      17304     151803   Object Totals
         0          0         32          0       8192          0   (incl. Generated)
        32          0          3          0          0          0   (incl. Padding)

    ----------------------------------------------------------------------

      Code (inc. data)   RO Data    RW Data    ZI Data      Debug   Library Member Name

         0          0          0          0          0          0   entry.o
         0          0          0          0          0          0   entry10a.o
         0          0          0          0          0          0   entry11a.o
         8          4          0          0          0          0   entry4.o
         4          0          0          0          0          0   entry5.o
         0          0          0          0          0          0   entry7b.o
         0          0          0          0          0          0   entry8b.o
         8          4          0          0          0          0   entry9a.o
        30          0          0          0          0          0   handlers.o
        48         10          0          0          0         68   init.o
         0          0          0          0          0          0   iusefp.o
        30          0          0          0          0         68   llshl.o
        36          0          0          0          0         68   llsshr.o
        32          0          0          0          0         68   llushr.o
        36          0          0          0          0        108   memseta.o
        36         10          0          4          0        136   rand.o
        98          0          0          0          0         92   uldiv.o
       334          0          0          0          0        148   dadd.o
        56          0          0          0          0         80   dcmpeq.o
        54          0          0          0          0         80   dcmpge.o
        54          0          0          0          0         80   dcmpgt.o
        54          0          0          0          0         80   dcmple.o
        54          0          0          0          0         80   dcmplt.o
       222          0          0          0          0        100   ddiv.o
       186          0          0          0          0        176   depilogue.o
        62          0          0          0          0         80   dfixi.o
        50          0          0          0          0         76   dfixui.o
        34          0          0          0          0         76   dflti.o
        26          0          0          0          0         76   dfltui.o
       228          0          0          0          0         96   dmul.o

    ----------------------------------------------------------------------
      1788         28          0          4          0       1836   Library Totals
         8          0          0          0          0          0   (incl. Padding)

    ----------------------------------------------------------------------

      Code (inc. data)   RO Data    RW Data    ZI Data      Debug   Library Name

       366         28          0          4          0        608   mc_w.l
      1414          0          0          0          0       1228   mf_w.l

    ----------------------------------------------------------------------
      1788         28          0          4          0       1836   Library Totals

    ----------------------------------------------------------------------

==============================================================================


      Code (inc. data)   RO Data    RW Data    ZI Data      Debug   

     20008        542       2296         12      17304     152359   Grand Totals
     20008        542       2296         12      17304     152359   ELF Image Totals
     20008        542       2296         12          0          0   ROM Totals

==============================================================================

    Total RO  Size (Code + RO Data)                22304 (  21.78kB)
    Total RW  Size (RW Data + ZI Data)             17316 (  16.91kB)
    Total ROM Size (Code + RO Data + RW Data)      22316 (  21.79kB)

==============================================================================


==============================================================================

Image input and output debug sizes

    Total input debug size                      769899 ( 751.85kB)
    Duplicate debug size                             0 (   0.00kB)
    Unused debug size                           616056 ( 601.62kB)
    Compressed debug size                         1484 (   1.45kB)
    Total output debug size                     152359 ( 148.79kB)
    Image debug size reduction                   80.21 percent

==============================================================================

