###############################################################################
#
# IAR ELF Linker V9.50.2.385/W64 for ARM                  07/Jun/2024  23:18:33
# Copyright 2007-2024 IAR Systems AB.
#
#    Output file  =  .\build\iar/stm32-qemu.out
#    Map file     =  .\build\iar/stm32-qemu.map
#    Command line =
#        .\build\iar/main.o .\build\iar/stm32f4xx_it.o .\build\iar/gpio.o
#        .\build\iar/usart.o .\build\iar/stm32f4xx_hal_msp.o
#        .\build\iar/stm32f4xx_hal_tim.o .\build\iar/stm32f4xx_hal_tim_ex.o
#        .\build\iar/stm32f4xx_hal_uart.o .\build\iar/stm32f4xx_hal_rcc.o
#        .\build\iar/stm32f4xx_hal_rcc_ex.o .\build\iar/stm32f4xx_hal_flash.o
#        .\build\iar/stm32f4xx_hal_flash_ex.o
#        .\build\iar/stm32f4xx_hal_flash_ramfunc.o
#        .\build\iar/stm32f4xx_hal_gpio.o .\build\iar/stm32f4xx_hal_dma_ex.o
#        .\build\iar/stm32f4xx_hal_dma.o .\build\iar/stm32f4xx_hal_pwr.o
#        .\build\iar/stm32f4xx_hal_pwr_ex.o .\build\iar/stm32f4xx_hal_cortex.o
#        .\build\iar/stm32f4xx_hal.o .\build\iar/stm32f4xx_hal_exti.o
#        .\build\iar/system_stm32f4xx.o .\build\iar/fault-dump.o
#        .\build\iar/fault-hal.o .\build\iar/list.o .\build\iar/queue.o
#        .\build\iar/tasks.o .\build\iar/timers.o .\build\iar/croutine.o
#        .\build\iar/event_groups.o .\build\iar/heap_4.o .\build\iar/port.o
#        .\build\iar/startup_stm32f405xx.o .\build\iar/portasm.o
#        .\build\iar/fault-iar.o --cpu=Cortex-M4 --fpu=VFPv4_sp --config
#        ./startup/iar/stm32f405xx_flash.icf --semihosting --entry
#        __iar_program_start --vfe --text_out locale --no_out_extension --map
#        .\build\iar/stm32-qemu.map -o .\build\iar/stm32-qemu.out
#
###############################################################################

*******************************************************************************
*** RUNTIME MODEL ATTRIBUTES
***

CppFlavor       = *
__CPP_Runtime   = 1
__SystemLibrary = DLib
__dlib_version  = 6


*******************************************************************************
*** HEAP SELECTION
***

The basic heap was selected because --advanced_heap
was not specified and the application did not appear to
be primarily optimized for speed.


*******************************************************************************
*** PLACEMENT SUMMARY
***

"A0":  place at address 0x800'0000 { ro section .intvec };
"P1":  place in [from 0x800'0000 to 0x80f'ffff] { ro };
define block CSTACK with size = 2K, alignment = 8 { };
define block HEAP with size = 2K, alignment = 8 { };
"P2":  place in [from 0x2000'0000 to 0x2001'ffff] {
          rw, block CSTACK, block HEAP };
initialize by copy { rw };

  Section            Kind         Address  Aligment    Size  Object
  -------            ----         -------  --------    ----  ------
"A0":                                                 0x188
  .intvec            ro code   0x800'0000         4   0x188  startup_stm32f405xx.o [1]
                             - 0x800'0188             0x188

"P1":                                                0x46dc
  .text                        0x800'0188            0x40dc  <Block>
    .text            ro code   0x800'0188         4   0x138  main.o [1]
    .text            ro code   0x800'02c0         4   0xb64  stm32f4xx_hal_uart.o [1]
    .text            ro code   0x800'0e24         4    0x28  printf.o [2]
    .text            ro code   0x800'0e4c         4    0xec  fault-hal.o [1]
    .text            ro code   0x800'0f38         4   0xcc8  tasks.o [1]
    .text            ro code   0x800'1c00         4    0x34  stm32f4xx_hal.o [1]
    .text            ro code   0x800'1c34         4    0x50  gpio.o [1]
    .text            ro code   0x800'1c84         4    0xc4  usart.o [1]
    .text            ro code   0x800'1d48         4   0x360  fault-dump.o [1]
    .text            ro code   0x800'20a8         4    0x28  stm32f4xx_hal.o [1]
    .text            ro code   0x800'20d0         4    0xa0  stm32f4xx_it.o [1]
    .text            ro code   0x800'2170         4     0xc  stm32f4xx_hal.o [1]
    .text            ro code   0x800'217c         4    0xc4  stm32f4xx_hal_dma.o [1]
    .text            ro code   0x800'2240         2     0x2  stm32f4xx_hal_uart.o [1]
    .text            ro code   0x800'2242         2     0x2  stm32f4xx_hal_uart.o [1]
    .text            ro code   0x800'2244         2     0x2  stm32f4xx_hal_uart.o [1]
    .text            ro code   0x800'2246         2     0x2  stm32f4xx_hal_uart.o [1]
    .text            ro code   0x800'2248         4    0x40  stm32f4xx_hal_rcc.o [1]
    .text            ro code   0x800'2288         4   0x230  I64DivMod.o [4]
    .text            ro code   0x800'24b8         4   0x4ed  xprintfsmall_nomb.o [2]
    .text            ro code   0x800'29a6         2    0x2a  copy_init3.o [4]
    .text            ro code   0x800'29d0         4    0x66  ABImemset.o [4]
    .text            ro code   0x800'2a38         4   0x21c  heap_4.o [1]
    .text            ro code   0x800'2c54         2    0x8a  list.o [1]
    .text            ro code   0x800'2ce0         4    0xec  port.o [1]
    .text            ro code   0x800'2dcc         4   0x384  timers.o [1]
    .text            ro code   0x800'3150         4   0x154  port.o [1]
    .text            ro code   0x800'32a4         4   0x1b8  stm32f4xx_hal_cortex.o [1]
    .text            ro code   0x800'345c         4    0x4c  stm32f4xx_hal.o [1]
    .text            ro code   0x800'34a8         4    0x40  stm32f4xx_hal_msp.o [1]
    .text            ro code   0x800'34e8         4   0x434  stm32f4xx_hal_gpio.o [1]
    .text            ro code   0x800'391c         4    0x18  stm32f4xx_hal.o [1]
    .text            ro code   0x800'3934         4     0x2  I64DivZer.o [4]
    .text            ro code   0x800'3938         4    0x16  strchr.o [4]
    .text            ro code   0x800'3950         4    0x40  xfail_s.o [2]
    .text            ro code   0x800'3990         4    0x36  strlen.o [4]
    .text            ro code   0x800'39c8         4    0x58  memchr.o [4]
    .text            ro code   0x800'3a20         4    0x54  port.o [1]
    .text            ro code   0x800'3a74         4   0x44c  queue.o [1]
    .text            ro code   0x800'3ec0         4     0x6  ABImemclr4.o [4]
    .text            ro code   0x800'3ec6         2     0x6  abort.o [2]
    .text            ro code   0x800'3ecc         4    0xa6  ABImemcpy.o [4]
    .text            ro code   0x800'3f74         4    0x32  ABImemset48.o [4]
    .text            ro code   0x800'3fa8         4    0x14  exit.o [5]
    .text            ro code   0x800'3fbc         4    0x10  system_stm32f4xx.o [1]
    .text            ro code   0x800'3fcc         4    0x10  startup_stm32f405xx.o [1]
    .text            ro code   0x800'3fdc         4    0x48  fault-iar.o [1]
    .text            ro code   0x800'4024         4    0x1c  cstartup_M.o [4]
    .text            ro code   0x800'4040         4    0x22  fpinit_M.o [3]
    .text            ro code   0x800'4064         4    0x1e  cmain.o [4]
    .text            ro code   0x800'4082         2     0x4  low_level_init.o [2]
    .text            ro code   0x800'4088         4    0x2a  data_init.o [4]
    .text            ro code   0x800'40b2         2     0x4  exit.o [2]
    .text            ro code   0x800'40b8         4     0xa  cexit.o [4]
    .text            ro code   0x800'40c2         2     0x4  startup_stm32f405xx.o [1]
    .text            ro code   0x800'40c6         2     0x4  startup_stm32f405xx.o [1]
    .text            ro code   0x800'40ca         2     0x4  startup_stm32f405xx.o [1]
    .text            ro code   0x800'40ce         2     0x4  startup_stm32f405xx.o [1]
    .text            ro code   0x800'40d2         2     0x4  startup_stm32f405xx.o [1]
    .text            ro code   0x800'40d6         2     0x4  startup_stm32f405xx.o [1]
    .text            ro code   0x800'40da         2     0x4  startup_stm32f405xx.o [1]
    .text            ro code   0x800'40de         2     0x4  startup_stm32f405xx.o [1]
    .text            ro code   0x800'40e2         2     0x4  startup_stm32f405xx.o [1]
    .text            ro code   0x800'40e6         2     0x4  startup_stm32f405xx.o [1]
    .text            ro code   0x800'40ea         2     0x4  startup_stm32f405xx.o [1]
    .text            ro code   0x800'40ee         2     0x4  startup_stm32f405xx.o [1]
    .text            ro code   0x800'40f2         2     0x4  startup_stm32f405xx.o [1]
    .text            ro code   0x800'40f6         2     0x4  startup_stm32f405xx.o [1]
    .text            ro code   0x800'40fa         2     0x4  startup_stm32f405xx.o [1]
    .text            ro code   0x800'40fe         2     0x4  startup_stm32f405xx.o [1]
    .text            ro code   0x800'4102         2     0x4  startup_stm32f405xx.o [1]
    .text            ro code   0x800'4106         2     0x4  startup_stm32f405xx.o [1]
    .text            ro code   0x800'410a         2     0x4  startup_stm32f405xx.o [1]
    .text            ro code   0x800'410e         2     0x4  startup_stm32f405xx.o [1]
    .text            ro code   0x800'4112         2     0x4  startup_stm32f405xx.o [1]
    .text            ro code   0x800'4116         2     0x4  startup_stm32f405xx.o [1]
    .text            ro code   0x800'411a         2     0x4  startup_stm32f405xx.o [1]
    .text            ro code   0x800'411e         2     0x4  startup_stm32f405xx.o [1]
    .text            ro code   0x800'4122         2     0x4  startup_stm32f405xx.o [1]
    .text            ro code   0x800'4126         2     0x4  startup_stm32f405xx.o [1]
    .text            ro code   0x800'412a         2     0x4  startup_stm32f405xx.o [1]
    .text            ro code   0x800'412e         2     0x4  startup_stm32f405xx.o [1]
    .text            ro code   0x800'4132         2     0x4  startup_stm32f405xx.o [1]
    .text            ro code   0x800'4136         2     0x4  startup_stm32f405xx.o [1]
    .text            ro code   0x800'413a         2     0x4  startup_stm32f405xx.o [1]
    .text            ro code   0x800'413e         2     0x4  startup_stm32f405xx.o [1]
    .text            ro code   0x800'4142         2     0x4  startup_stm32f405xx.o [1]
    .text            ro code   0x800'4146         2     0x4  startup_stm32f405xx.o [1]
    .text            ro code   0x800'414a         2     0x4  startup_stm32f405xx.o [1]
    .text            ro code   0x800'414e         2     0x4  startup_stm32f405xx.o [1]
    .text            ro code   0x800'4152         2     0x4  startup_stm32f405xx.o [1]
    .text            ro code   0x800'4156         2     0x4  startup_stm32f405xx.o [1]
    .text            ro code   0x800'415a         2     0x4  startup_stm32f405xx.o [1]
    .text            ro code   0x800'415e         2     0x4  startup_stm32f405xx.o [1]
    .text            ro code   0x800'4162         2     0x4  startup_stm32f405xx.o [1]
    .text            ro code   0x800'4166         2     0x4  startup_stm32f405xx.o [1]
    .text            ro code   0x800'416a         2     0x4  startup_stm32f405xx.o [1]
    .text            ro code   0x800'416e         2     0x4  startup_stm32f405xx.o [1]
    .text            ro code   0x800'4172         2     0x4  startup_stm32f405xx.o [1]
    .text            ro code   0x800'4176         2     0x4  startup_stm32f405xx.o [1]
    .text            ro code   0x800'417a         2     0x4  startup_stm32f405xx.o [1]
    .text            ro code   0x800'417e         2     0x4  startup_stm32f405xx.o [1]
    .text            ro code   0x800'4182         2     0x4  startup_stm32f405xx.o [1]
    .text            ro code   0x800'4186         2     0x4  startup_stm32f405xx.o [1]
    .text            ro code   0x800'418a         2     0x4  startup_stm32f405xx.o [1]
    .text            ro code   0x800'418e         2     0x4  startup_stm32f405xx.o [1]
    .text            ro code   0x800'4192         2     0x4  startup_stm32f405xx.o [1]
    .text            ro code   0x800'4196         2     0x4  startup_stm32f405xx.o [1]
    .text            ro code   0x800'419a         2     0x4  startup_stm32f405xx.o [1]
    .text            ro code   0x800'419e         2     0x4  startup_stm32f405xx.o [1]
    .text            ro code   0x800'41a2         2     0x4  startup_stm32f405xx.o [1]
    .text            ro code   0x800'41a6         2     0x4  startup_stm32f405xx.o [1]
    .text            ro code   0x800'41aa         2     0x4  startup_stm32f405xx.o [1]
    .text            ro code   0x800'41ae         2     0x4  startup_stm32f405xx.o [1]
    .text            ro code   0x800'41b2         2     0x4  startup_stm32f405xx.o [1]
    .text            ro code   0x800'41b6         2     0x4  startup_stm32f405xx.o [1]
    .text            ro code   0x800'41ba         2     0x4  startup_stm32f405xx.o [1]
    .text            ro code   0x800'41be         2     0x4  startup_stm32f405xx.o [1]
    .text            ro code   0x800'41c2         2     0x4  startup_stm32f405xx.o [1]
    .text            ro code   0x800'41c6         2     0x4  startup_stm32f405xx.o [1]
    .text            ro code   0x800'41ca         2     0x4  startup_stm32f405xx.o [1]
    .text            ro code   0x800'41ce         2     0x4  startup_stm32f405xx.o [1]
    .text            ro code   0x800'41d2         2     0x4  startup_stm32f405xx.o [1]
    .text            ro code   0x800'41d6         2     0x4  startup_stm32f405xx.o [1]
    .text            ro code   0x800'41da         2     0x4  startup_stm32f405xx.o [1]
    .text            ro code   0x800'41de         2     0x4  startup_stm32f405xx.o [1]
    .text            ro code   0x800'41e2         2     0x4  startup_stm32f405xx.o [1]
    .text            ro code   0x800'41e6         2     0x4  startup_stm32f405xx.o [1]
    .text            ro code   0x800'41ea         2     0x4  startup_stm32f405xx.o [1]
    .text            ro code   0x800'41ee         2     0x4  startup_stm32f405xx.o [1]
    .text            ro code   0x800'41f2         2     0x4  startup_stm32f405xx.o [1]
    .text            ro code   0x800'41f6         2    0x16  xprout.o [2]
    .text            ro code   0x800'420c         2    0x20  putchar.o [2]
    .text            ro code   0x800'422c         2    0x38  zero_init3.o [4]
  CODE               ro code   0x800'4264         4    0xb0  portasm.o [1]
  .rodata            const     0x800'4314         4    0x3c  stm32f4xx_hal_uart.o [1]
  .rodata            const     0x800'4350         4    0x3c  stm32f4xx_hal_gpio.o [1]
  .rodata            const     0x800'438c         4    0x3c  stm32f4xx_hal_cortex.o [1]
  .rodata            const     0x800'43c8         4    0x24  fault-dump.o [1]
  .rodata            const     0x800'43ec         4    0x24  fault-dump.o [1]
  .iar.init_table    const     0x800'4410         4    0x24  - Linker created -
  .rodata            const     0x800'4434         4    0x20  main.o [1]
  .rodata            const     0x800'4454         4    0x20  fault-dump.o [1]
  .rodata            const     0x800'4474         4    0x20  fault-dump.o [1]
  .rodata            const     0x800'4494         4    0x20  fault-hal.o [1]
  .rodata            const     0x800'44b4         4    0x20  fault-hal.o [1]
  .rodata            const     0x800'44d4         4    0x20  fault-hal.o [1]
  .rodata            const     0x800'44f4         4    0x1c  main.o [1]
  .rodata            const     0x800'4510         4    0x1c  fault-hal.o [1]
  .rodata            const     0x800'452c         4    0x1c  fault-hal.o [1]
  .rodata            const     0x800'4548         4    0x1c  fault-hal.o [1]
  .rodata            const     0x800'4564         4    0x1c  fault-hal.o [1]
  .rodata            const     0x800'4580         4    0x1c  fault-hal.o [1]
  .rodata            const     0x800'459c         4    0x1c  fault-hal.o [1]
  .rodata            const     0x800'45b8         4    0x1c  fault-hal.o [1]
  Initializer bytes  const     0x800'45d4         4    0x1c  <for P2-1>
  .rodata            const     0x800'45f0         4    0x18  fault-dump.o [1]
  .rodata            const     0x800'4608         4    0x14  stm32f4xx_it.o [1]
  .rodata            const     0x800'461c         4    0x14  stm32f4xx_it.o [1]
  .rodata            const     0x800'4630         4    0x14  stm32f4xx_it.o [1]
  .rodata            const     0x800'4644         4    0x14  fault-dump.o [1]
  .rodata            const     0x800'4658         4    0x14  fault-dump.o [1]
  .rodata            const     0x800'466c         4    0x14  fault-dump.o [1]
  .rodata            const     0x800'4680         4    0x14  fault-dump.o [1]
  .rodata            const     0x800'4694         4    0x14  fault-dump.o [1]
  .rodata            const     0x800'46a8         4    0x14  fault-dump.o [1]
  .rodata            const     0x800'46bc         4    0x14  fault-dump.o [1]
  .rodata            const     0x800'46d0         4    0x14  fault-dump.o [1]
  .rodata            const     0x800'46e4         4    0x14  fault-dump.o [1]
  .rodata            const     0x800'46f8         4    0x14  fault-dump.o [1]
  .rodata            const     0x800'470c         4    0x14  fault-dump.o [1]
  .rodata            const     0x800'4720         4    0x14  fault-dump.o [1]
  .rodata            const     0x800'4734         4    0x14  fault-dump.o [1]
  .rodata            const     0x800'4748         4    0x14  fault-dump.o [1]
  .rodata            const     0x800'475c         4    0x14  fault-dump.o [1]
  .rodata            const     0x800'4770         4    0x14  fault-dump.o [1]
  .rodata            const     0x800'4784         4    0x14  fault-dump.o [1]
  .rodata            const     0x800'4798         4    0x10  main.o [1]
  .rodata            const     0x800'47a8         4    0x10  main.o [1]
  .rodata            const     0x800'47b8         4    0x10  stm32f4xx_it.o [1]
  .rodata            const     0x800'47c8         4    0x10  stm32f4xx_it.o [1]
  .rodata            const     0x800'47d8         4    0x10  stm32f4xx_it.o [1]
  .rodata            const     0x800'47e8         4    0x10  fault-dump.o [1]
  .rodata            const     0x800'47f8         4     0xc  main.o [1]
  .rodata            const     0x800'4804         4     0xc  stm32f4xx_it.o [1]
  .rodata            const     0x800'4810         4     0x8  main.o [1]
  .rodata            const     0x800'4818         4     0x8  main.o [1]
  .rodata            const     0x800'4820         4     0x8  main.o [1]
  .rodata            const     0x800'4828         4     0x8  main.o [1]
  .rodata            const     0x800'4830         4     0x8  main.o [1]
  .rodata            const     0x800'4838         4     0x8  main.o [1]
  .rodata            const     0x800'4840         4     0x8  system_stm32f4xx.o [1]
  .rodata            const     0x800'4848         4     0x8  fault-dump.o [1]
  .rodata            const     0x800'4850         4     0x8  tasks.o [1]
  .rodata            const     0x800'4858         4     0x8  timers.o [1]
  .rodata            const     0x800'4860         4     0x4  heap_4.o [1]
  .rodata            const     0x800'4864               0x0  zero_init3.o [4]
  .rodata            const     0x800'4864               0x0  copy_init3.o [4]
                             - 0x800'4864            0x46dc

"P2", part 1 of 3:                                     0x1c
  P2-1                        0x2000'0000         4    0x19  <Init block>
    .data            inited   0x2000'0000         4     0x4  stm32f4xx_hal.o [1]
    .data            inited   0x2000'0004         4     0x4  system_stm32f4xx.o [1]
    .data            inited   0x2000'0008         4     0x4  fault-dump.o [1]
    .data            inited   0x2000'000c         4     0x4  fault-dump.o [1]
    .data            inited   0x2000'0010         4     0x4  tasks.o [1]
    .data            inited   0x2000'0014         4     0x4  port.o [1]
    .data            inited   0x2000'0018               0x1  stm32f4xx_hal.o [1]
                            - 0x2000'0019              0x19

"P2", part 2 of 3:                                   0x88f8
  .bss               zero     0x2000'001c         4  0x8000  main.o [1]
  .bss               zero     0x2000'801c         4   0x200  tasks.o [1]
  .bss               zero     0x2000'821c         4   0x200  tasks.o [1]
  .bss               zero     0x2000'841c         4   0x100  fault-dump.o [1]
  .bss               zero     0x2000'851c         4    0xa0  timers.o [1]
  .bss               zero     0x2000'85bc         4    0x8c  tasks.o [1]
  .bss               zero     0x2000'8648         4    0x5c  timers.o [1]
  .bss               zero     0x2000'86a4         4    0x4c  tasks.o [1]
  .bss               zero     0x2000'86f0         4    0x4c  tasks.o [1]
  .bss               zero     0x2000'873c         4    0x48  usart.o [1]
  .bss               zero     0x2000'8784         4    0x40  fault-dump.o [1]
  .bss               zero     0x2000'87c4         4    0x1c  tasks.o [1]
  .bss               zero     0x2000'87e0         4    0x1c  tasks.o [1]
  .bss               zero     0x2000'87fc         4    0x1c  tasks.o [1]
  .bss               zero     0x2000'8818         4    0x1c  tasks.o [1]
  .bss               zero     0x2000'8834         4    0x1c  tasks.o [1]
  .bss               zero     0x2000'8850         4    0x1c  timers.o [1]
  .bss               zero     0x2000'886c         4    0x1c  timers.o [1]
  .bss               zero     0x2000'8888         4     0x8  heap_4.o [1]
  .bss               zero     0x2000'8890         4     0x4  main.o [1]
  .bss               zero     0x2000'8894         4     0x4  stm32f4xx_hal.o [1]
  .bss               zero     0x2000'8898         4     0x4  fault-dump.o [1]
  .bss               zero     0x2000'889c         4     0x4  fault-dump.o [1]
  .bss               zero     0x2000'88a0         4     0x4  tasks.o [1]
  .bss               zero     0x2000'88a4         4     0x4  tasks.o [1]
  .bss               zero     0x2000'88a8         4     0x4  tasks.o [1]
  .bss               zero     0x2000'88ac         4     0x4  tasks.o [1]
  .bss               zero     0x2000'88b0         4     0x4  tasks.o [1]
  .bss               zero     0x2000'88b4         4     0x4  tasks.o [1]
  .bss               zero     0x2000'88b8         4     0x4  tasks.o [1]
  .bss               zero     0x2000'88bc         4     0x4  tasks.o [1]
  .bss               zero     0x2000'88c0         4     0x4  tasks.o [1]
  .bss               zero     0x2000'88c4         4     0x4  tasks.o [1]
  .bss               zero     0x2000'88c8         4     0x4  tasks.o [1]
  .bss               zero     0x2000'88cc         4     0x4  tasks.o [1]
  .bss               zero     0x2000'88d0         4     0x4  tasks.o [1]
  .bss               zero     0x2000'88d4         4     0x4  tasks.o [1]
  .bss               zero     0x2000'88d8         4     0x4  tasks.o [1]
  .bss               zero     0x2000'88dc         4     0x4  timers.o [1]
  .bss               zero     0x2000'88e0         4     0x4  timers.o [1]
  .bss               zero     0x2000'88e4         4     0x4  timers.o [1]
  .bss               zero     0x2000'88e8         4     0x4  timers.o [1]
  .bss               zero     0x2000'88ec         4     0x4  timers.o [1]
  .bss               zero     0x2000'88f0         4     0x4  heap_4.o [1]
  .bss               zero     0x2000'88f4         4     0x4  heap_4.o [1]
  .bss               zero     0x2000'88f8         4     0x4  heap_4.o [1]
  .bss               zero     0x2000'88fc         4     0x4  heap_4.o [1]
  .bss               zero     0x2000'8900         4     0x4  heap_4.o [1]
  .bss               zero     0x2000'8904         4     0x4  port.o [1]
  .bss               zero     0x2000'8908         4     0x4  port.o [1]
  .bss               zero     0x2000'890c         4     0x4  port.o [1]
  .bss               zero     0x2000'8910         4     0x4  xfail_s.o [2]
                            - 0x2000'8914            0x88f8

"P2", part 3 of 3:                                    0x800
  CSTACK                      0x2000'8918         8   0x800  <Block>
    CSTACK           uninit   0x2000'8918             0x800  <Block tail>
                            - 0x2000'9118             0x800

Unused ranges:

         From           To      Size
         ----           --      ----
   0x800'4864   0x80f'ffff  0xf'b79c
  0x2000'8914  0x2000'8917       0x4
  0x2000'9118  0x2001'ffff  0x1'6ee8


*******************************************************************************
*** INIT TABLE
***

          Address      Size
          -------      ----
Zero (__iar_zero_init3)
    1 destination range, total size 0x88f8:
          0x2000'001c  0x88f8

Copy (__iar_copy_init3)
    1 source range, total size 0x1c (112% of destination):
           0x800'45d4    0x1c
    1 destination range, total size 0x19:
          0x2000'0000    0x19



*******************************************************************************
*** MODULE SUMMARY
***

    Module                  ro code  ro data  rw data
    ------                  -------  -------  -------
command line/config:
    -------------------------------------------------
    Total:

C:\Users\xidon\code\github\qemu-simulator\boards\stm32f405rg\FreeRTOS\build\iar: [1]
    fault-dump.o                864      532      336
    fault-hal.o                 236      292
    fault-iar.o                  72
    gpio.o                       80
    heap_4.o                    540        4       28
    list.o                      138
    main.o                      312      152   32'772
    port.o                      660        4       16
    portasm.o                   176
    queue.o                   1'100
    startup_stm32f405xx.o       716
    stm32f4xx_hal.o             204        5        9
    stm32f4xx_hal_cortex.o      440       60
    stm32f4xx_hal_dma.o         196
    stm32f4xx_hal_gpio.o      1'076       60
    stm32f4xx_hal_msp.o          64
    stm32f4xx_hal_rcc.o          64
    stm32f4xx_hal_uart.o      2'924       60
    stm32f4xx_it.o              160      120
    system_stm32f4xx.o           16       12        4
    tasks.o                   3'272       12    1'520
    timers.o                    900        8      328
    usart.o                     196                72
    -------------------------------------------------
    Total:                   14'406    1'321   35'085

dl7M_tln.a: [2]
    abort.o                       6
    exit.o                        4
    low_level_init.o              4
    printf.o                     40
    putchar.o                    32
    xfail_s.o                    64                 4
    xprintfsmall_nomb.o       1'261
    xprout.o                     22
    -------------------------------------------------
    Total:                    1'433                 4

m7M_tls.a: [3]
    fpinit_M.o                   34
    -------------------------------------------------
    Total:                       34

rt7M_tl.a: [4]
    ABImemclr4.o                  6
    ABImemcpy.o                 166
    ABImemset.o                 102
    ABImemset48.o                50
    I64DivMod.o                 560
    I64DivZer.o                   2
    cexit.o                      10
    cmain.o                      30
    copy_init3.o                 42
    cstartup_M.o                 28
    data_init.o                  42
    memchr.o                     88
    strchr.o                     22
    strlen.o                     54
    zero_init3.o                 56
    -------------------------------------------------
    Total:                    1'258

shb_l.a: [5]
    exit.o                       20
    -------------------------------------------------
    Total:                       20

    Gaps                         21
    Linker created                        39    2'048
-----------------------------------------------------
    Grand Total:             17'172    1'360   37'137


*******************************************************************************
*** ENTRY LIST
***

Entry                       Address    Size  Type      Object
-----                       -------    ----  ----      ------
.iar.init_table$$Base    0x800'4410           --   Gb  - Linker created -
.iar.init_table$$Limit   0x800'4434           --   Gb  - Linker created -
.text$$Base              0x800'0188           --   Gb  - Linker created -
.text$$Limit             0x800'4264           --   Gb  - Linker created -
?main                    0x800'4065          Code  Gb  cmain.o [4]
ADC_IRQHandler           0x800'410b          Code  Wk  startup_stm32f405xx.o [1]
APBPrescTable            0x800'4840     0x8  Data  Gb  system_stm32f4xx.o [1]
BusFault_Handler         0x800'20e9     0xc  Code  Gb  stm32f4xx_it.o [1]
BusFault_Handler::__func__
                         0x800'461c    0x14  Data  Lc  stm32f4xx_it.o [1]
CAN1_RX0_IRQHandler      0x800'4113          Code  Wk  startup_stm32f405xx.o [1]
CAN1_RX1_IRQHandler      0x800'4117          Code  Wk  startup_stm32f405xx.o [1]
CAN1_SCE_IRQHandler      0x800'411b          Code  Wk  startup_stm32f405xx.o [1]
CAN1_TX_IRQHandler       0x800'410f          Code  Wk  startup_stm32f405xx.o [1]
CAN2_RX0_IRQHandler      0x800'41b7          Code  Wk  startup_stm32f405xx.o [1]
CAN2_RX1_IRQHandler      0x800'41bb          Code  Wk  startup_stm32f405xx.o [1]
CAN2_SCE_IRQHandler      0x800'41bf          Code  Wk  startup_stm32f405xx.o [1]
CAN2_TX_IRQHandler       0x800'41b3          Code  Wk  startup_stm32f405xx.o [1]
CSTACK$$Base            0x2000'8918           --   Gb  - Linker created -
CSTACK$$Limit           0x2000'9118           --   Gb  - Linker created -
DMA1_Stream0_IRQHandler
                         0x800'40ef          Code  Wk  startup_stm32f405xx.o [1]
DMA1_Stream1_IRQHandler
                         0x800'40f3          Code  Wk  startup_stm32f405xx.o [1]
DMA1_Stream2_IRQHandler
                         0x800'40f7          Code  Wk  startup_stm32f405xx.o [1]
DMA1_Stream3_IRQHandler
                         0x800'40fb          Code  Wk  startup_stm32f405xx.o [1]
DMA1_Stream4_IRQHandler
                         0x800'40ff          Code  Wk  startup_stm32f405xx.o [1]
DMA1_Stream5_IRQHandler
                         0x800'4103          Code  Wk  startup_stm32f405xx.o [1]
DMA1_Stream6_IRQHandler
                         0x800'4107          Code  Wk  startup_stm32f405xx.o [1]
DMA1_Stream7_IRQHandler
                         0x800'417b          Code  Wk  startup_stm32f405xx.o [1]
DMA2_Stream0_IRQHandler
                         0x800'419f          Code  Wk  startup_stm32f405xx.o [1]
DMA2_Stream1_IRQHandler
                         0x800'41a3          Code  Wk  startup_stm32f405xx.o [1]
DMA2_Stream2_IRQHandler
                         0x800'41a7          Code  Wk  startup_stm32f405xx.o [1]
DMA2_Stream3_IRQHandler
                         0x800'41ab          Code  Wk  startup_stm32f405xx.o [1]
DMA2_Stream4_IRQHandler
                         0x800'41af          Code  Wk  startup_stm32f405xx.o [1]
DMA2_Stream5_IRQHandler
                         0x800'41c7          Code  Wk  startup_stm32f405xx.o [1]
DMA2_Stream6_IRQHandler
                         0x800'41cb          Code  Wk  startup_stm32f405xx.o [1]
DMA2_Stream7_IRQHandler
                         0x800'41cf          Code  Wk  startup_stm32f405xx.o [1]
DebugMon_Handler         0x800'2109     0x2  Code  Gb  stm32f4xx_it.o [1]
EXTI0_IRQHandler         0x800'40db          Code  Wk  startup_stm32f405xx.o [1]
EXTI15_10_IRQHandler     0x800'415f          Code  Wk  startup_stm32f405xx.o [1]
EXTI1_IRQHandler         0x800'40df          Code  Wk  startup_stm32f405xx.o [1]
EXTI2_IRQHandler         0x800'40e3          Code  Wk  startup_stm32f405xx.o [1]
EXTI3_IRQHandler         0x800'40e7          Code  Wk  startup_stm32f405xx.o [1]
EXTI4_IRQHandler         0x800'40eb          Code  Wk  startup_stm32f405xx.o [1]
EXTI9_5_IRQHandler       0x800'411f          Code  Wk  startup_stm32f405xx.o [1]
Error_Handler            0x800'2131     0xe  Code  Gb  stm32f4xx_it.o [1]
Error_Handler::__func__
                         0x800'47c8    0x10  Data  Lc  stm32f4xx_it.o [1]
FLASH_IRQHandler         0x800'40d3          Code  Wk  startup_stm32f405xx.o [1]
FPU_IRQHandler           0x800'41f3          Code  Wk  startup_stm32f405xx.o [1]
FSMC_IRQHandler          0x800'417f          Code  Wk  startup_stm32f405xx.o [1]
HAL_DMA_Abort            0x800'217d    0x9c  Code  Gb  stm32f4xx_hal_dma.o [1]
HAL_DMA_Abort_IT         0x800'2219    0x28  Code  Gb  stm32f4xx_hal_dma.o [1]
HAL_Delay                0x800'20a9    0x28  Code  Wk  stm32f4xx_hal.o [1]
HAL_GPIO_Init            0x800'34e9   0x3f2  Code  Gb  stm32f4xx_hal_gpio.o [1]
HAL_GetTick              0x800'2171     0xc  Code  Wk  stm32f4xx_hal.o [1]
HAL_IncTick              0x800'391d    0x18  Code  Wk  stm32f4xx_hal.o [1]
HAL_Init                 0x800'1c01    0x30  Code  Gb  stm32f4xx_hal.o [1]
HAL_InitTick             0x800'345d    0x4c  Code  Wk  stm32f4xx_hal.o [1]
HAL_MspInit              0x800'34a9    0x40  Code  Gb  stm32f4xx_hal_msp.o [1]
HAL_NVIC_EnableIRQ       0x800'340b    0x20  Code  Gb  stm32f4xx_hal_cortex.o [1]
HAL_NVIC_SetPriority     0x800'33c5    0x46  Code  Gb  stm32f4xx_hal_cortex.o [1]
HAL_NVIC_SetPriorityGrouping
                         0x800'339b    0x2a  Code  Gb  stm32f4xx_hal_cortex.o [1]
HAL_RCC_GetHCLKFreq      0x800'2249     0x6  Code  Gb  stm32f4xx_hal_rcc.o [1]
HAL_RCC_GetPCLK1Freq     0x800'224f    0x16  Code  Gb  stm32f4xx_hal_rcc.o [1]
HAL_RCC_GetPCLK2Freq     0x800'2265    0x16  Code  Gb  stm32f4xx_hal_rcc.o [1]
HAL_SYSTICK_Config       0x800'342b     0xc  Code  Gb  stm32f4xx_hal_cortex.o [1]
HAL_UARTEx_RxEventCallback
                         0x800'2243     0x2  Code  Wk  stm32f4xx_hal_uart.o [1]
HAL_UART_ErrorCallback   0x800'2241     0x2  Code  Wk  stm32f4xx_hal_uart.o [1]
HAL_UART_IRQHandler      0x800'0511   0x320  Code  Gb  stm32f4xx_hal_uart.o [1]
HAL_UART_Init            0x800'02c1   0x156  Code  Gb  stm32f4xx_hal_uart.o [1]
HAL_UART_MspInit         0x800'1cb9    0x7a  Code  Gb  usart.o [1]
HAL_UART_RxCpltCallback
                         0x800'2247     0x2  Code  Wk  stm32f4xx_hal_uart.o [1]
HAL_UART_Transmit        0x800'0417    0xdc  Code  Gb  stm32f4xx_hal_uart.o [1]
HAL_UART_TxCpltCallback
                         0x800'2245     0x2  Code  Wk  stm32f4xx_hal_uart.o [1]
HASH_RNG_IRQHandler      0x800'41ef          Code  Wk  startup_stm32f405xx.o [1]
HardFault_Handler        0x800'3fdd          Code  Gb  fault-iar.o [1]
I2C1_ER_IRQHandler       0x800'4143          Code  Wk  startup_stm32f405xx.o [1]
I2C1_EV_IRQHandler       0x800'413f          Code  Wk  startup_stm32f405xx.o [1]
I2C2_ER_IRQHandler       0x800'414b          Code  Wk  startup_stm32f405xx.o [1]
I2C2_EV_IRQHandler       0x800'4147          Code  Wk  startup_stm32f405xx.o [1]
I2C3_ER_IRQHandler       0x800'41db          Code  Wk  startup_stm32f405xx.o [1]
I2C3_EV_IRQHandler       0x800'41d7          Code  Wk  startup_stm32f405xx.o [1]
MX_GPIO_Init             0x800'1c35    0x50  Code  Gb  gpio.o [1]
MX_USART1_UART_Init      0x800'1c85    0x34  Code  Gb  usart.o [1]
MemManage_Handler        0x800'20dd     0xc  Code  Gb  stm32f4xx_it.o [1]
MemManage_Handler::__func__
                         0x800'4608    0x14  Data  Lc  stm32f4xx_it.o [1]
NMI_Handler              0x800'20d1     0xc  Code  Gb  stm32f4xx_it.o [1]
NMI_Handler::__func__    0x800'4804     0xc  Data  Lc  stm32f4xx_it.o [1]
NVIC_EncodePriority      0x800'3325    0x40  Code  Lc  stm32f4xx_hal_cortex.o [1]
OTG_FS_IRQHandler        0x800'41c3          Code  Wk  startup_stm32f405xx.o [1]
OTG_FS_WKUP_IRQHandler   0x800'4167          Code  Wk  startup_stm32f405xx.o [1]
OTG_HS_EP1_IN_IRQHandler
                         0x800'41e3          Code  Wk  startup_stm32f405xx.o [1]
OTG_HS_EP1_OUT_IRQHandler
                         0x800'41df          Code  Wk  startup_stm32f405xx.o [1]
OTG_HS_IRQHandler        0x800'41eb          Code  Wk  startup_stm32f405xx.o [1]
OTG_HS_WKUP_IRQHandler   0x800'41e7          Code  Wk  startup_stm32f405xx.o [1]
PVD_IRQHandler           0x800'40c7          Code  Wk  startup_stm32f405xx.o [1]
PendSV_Handler           0x800'210b     0x8  Code  Gb  stm32f4xx_it.o [1]
RCC_IRQHandler           0x800'40d7          Code  Wk  startup_stm32f405xx.o [1]
RTC_Alarm_IRQHandler     0x800'4163          Code  Wk  startup_stm32f405xx.o [1]
RTC_WKUP_IRQHandler      0x800'40cf          Code  Wk  startup_stm32f405xx.o [1]
Region$$Table$$Base      0x800'4410           --   Gb  - Linker created -
Region$$Table$$Limit     0x800'4434           --   Gb  - Linker created -
Reset_Handler            0x800'3fcd          Code  Wk  startup_stm32f405xx.o [1]
SDIO_IRQHandler          0x800'4183          Code  Wk  startup_stm32f405xx.o [1]
SPI1_IRQHandler          0x800'414f          Code  Wk  startup_stm32f405xx.o [1]
SPI2_IRQHandler          0x800'4153          Code  Wk  startup_stm32f405xx.o [1]
SPI3_IRQHandler          0x800'418b          Code  Wk  startup_stm32f405xx.o [1]
SVC_Handler              0x800'2101     0x8  Code  Gb  stm32f4xx_it.o [1]
SysTick_Config           0x800'3365    0x36  Code  Lc  stm32f4xx_hal_cortex.o [1]
SysTick_Handler          0x800'2113    0x14  Code  Gb  stm32f4xx_it.o [1]
SystemCoreClock         0x2000'0004     0x4  Data  Gb  system_stm32f4xx.o [1]
SystemInit               0x800'3fbd     0xc  Code  Gb  system_stm32f4xx.o [1]
TAMP_STAMP_IRQHandler    0x800'40cb          Code  Wk  startup_stm32f405xx.o [1]
TIM1_BRK_TIM9_IRQHandler
                         0x800'4123          Code  Wk  startup_stm32f405xx.o [1]
TIM1_CC_IRQHandler       0x800'412f          Code  Wk  startup_stm32f405xx.o [1]
TIM1_TRG_COM_TIM11_IRQHandler
                         0x800'412b          Code  Wk  startup_stm32f405xx.o [1]
TIM1_UP_TIM10_IRQHandler
                         0x800'4127          Code  Wk  startup_stm32f405xx.o [1]
TIM2_IRQHandler          0x800'4133          Code  Wk  startup_stm32f405xx.o [1]
TIM3_IRQHandler          0x800'4137          Code  Wk  startup_stm32f405xx.o [1]
TIM4_IRQHandler          0x800'413b          Code  Wk  startup_stm32f405xx.o [1]
TIM5_IRQHandler          0x800'4187          Code  Wk  startup_stm32f405xx.o [1]
TIM6_DAC_IRQHandler      0x800'4197          Code  Wk  startup_stm32f405xx.o [1]
TIM7_IRQHandler          0x800'419b          Code  Wk  startup_stm32f405xx.o [1]
TIM8_BRK_TIM12_IRQHandler
                         0x800'416b          Code  Wk  startup_stm32f405xx.o [1]
TIM8_CC_IRQHandler       0x800'4177          Code  Wk  startup_stm32f405xx.o [1]
TIM8_TRG_COM_TIM14_IRQHandler
                         0x800'4173          Code  Wk  startup_stm32f405xx.o [1]
TIM8_UP_TIM13_IRQHandler
                         0x800'416f          Code  Wk  startup_stm32f405xx.o [1]
UART4_IRQHandler         0x800'418f          Code  Wk  startup_stm32f405xx.o [1]
UART5_IRQHandler         0x800'4193          Code  Wk  startup_stm32f405xx.o [1]
UART_DMAAbortOnError     0x800'0929    0x16  Code  Lc  stm32f4xx_hal_uart.o [1]
UART_EndRxTransfer       0x800'08bf    0x66  Code  Lc  stm32f4xx_hal_uart.o [1]
UART_EndTransmit_IT      0x800'09a7    0x20  Code  Lc  stm32f4xx_hal_uart.o [1]
UART_Receive_IT          0x800'09c7    0xf6  Code  Lc  stm32f4xx_hal_uart.o [1]
UART_SetConfig           0x800'0abd   0x352  Code  Lc  stm32f4xx_hal_uart.o [1]
UART_Transmit_IT         0x800'0941    0x66  Code  Lc  stm32f4xx_hal_uart.o [1]
UART_WaitOnFlagUntilTimeout
                         0x800'0831    0x8e  Code  Lc  stm32f4xx_hal_uart.o [1]
USART1_IRQHandler        0x800'2127     0xa  Code  Gb  stm32f4xx_it.o [1]
USART2_IRQHandler        0x800'4157          Code  Wk  startup_stm32f405xx.o [1]
USART3_IRQHandler        0x800'415b          Code  Wk  startup_stm32f405xx.o [1]
USART6_IRQHandler        0x800'41d3          Code  Wk  startup_stm32f405xx.o [1]
UsageFault_Handler       0x800'20f5     0xc  Code  Gb  stm32f4xx_it.o [1]
UsageFault_Handler::__func__
                         0x800'4630    0x14  Data  Lc  stm32f4xx_it.o [1]
WWDG_IRQHandler          0x800'40c3          Code  Wk  startup_stm32f405xx.o [1]
_LC                      0x800'24b9     0x6  Code  Lc  xprintfsmall_nomb.o [2]
_LitobSmallNoMb          0x800'2883    0xce  Code  Lc  xprintfsmall_nomb.o [2]
_PrintfSmallNoMb         0x800'24c1   0x3b8  Code  Gb  xprintfsmall_nomb.o [2]
_Prout                   0x800'41f7    0x16  Code  Gb  xprout.o [2]
_PutcharsSmallNoMb       0x800'2951    0x2e  Code  Lc  xprintfsmall_nomb.o [2]
__NVIC_EnableIRQ         0x800'32d5    0x20  Code  Lc  stm32f4xx_hal_cortex.o [1]
__NVIC_GetPriorityGrouping
                         0x800'32c7     0xc  Code  Lc  stm32f4xx_hal_cortex.o [1]
__NVIC_SetPriority       0x800'32f5    0x30  Code  Lc  stm32f4xx_hal_cortex.o [1]
__NVIC_SetPriorityGrouping
                         0x800'32a5    0x22  Code  Lc  stm32f4xx_hal_cortex.o [1]
__aeabi_ldiv0            0x800'3935          Code  Gb  I64DivZer.o [4]
__aeabi_memclr4          0x800'3ec1          Code  Gb  ABImemclr4.o [4]
__aeabi_memcpy           0x800'3ecd          Code  Gb  ABImemcpy.o [4]
__aeabi_memcpy4          0x800'3eed          Code  Gb  ABImemcpy.o [4]
__aeabi_memcpy8          0x800'3eed          Code  Gb  ABImemcpy.o [4]
__aeabi_memset           0x800'29d1          Code  Gb  ABImemset.o [4]
__aeabi_uldivmod         0x800'2289          Code  Gb  I64DivMod.o [4]
__cmain                  0x800'4065          Code  Gb  cmain.o [4]
__exit                   0x800'3fa9    0x14  Code  Gb  exit.o [5]
__iar_Fail_s             0x800'3951    0x1c  Code  Gb  xfail_s.o [2]
__iar_Memchr             0x800'39c9          Code  Gb  memchr.o [4]
__iar_Memset             0x800'29d1          Code  Gb  ABImemset.o [4]
__iar_Memset4_word       0x800'3f75          Code  Gb  ABImemset48.o [4]
__iar_Memset8_word       0x800'3f75          Code  Gb  ABImemset48.o [4]
__iar_Memset_word        0x800'29d9          Code  Gb  ABImemset.o [4]
__iar_Strchr             0x800'3939          Code  Gb  strchr.o [4]
__iar_copy_init3         0x800'29a7    0x2a  Code  Gb  copy_init3.o [4]
__iar_data_init3         0x800'4089    0x18  Code  Gb  data_init.o [4]
__iar_init_vfp           0x800'4041          Code  Gb  fpinit_M.o [3]
__iar_program_start      0x800'4025          Code  Gb  cstartup_M.o [4]
__iar_zero_init3         0x800'422d    0x38  Code  Gb  zero_init3.o [4]
__low_level_init         0x800'4083     0x4  Code  Gb  low_level_init.o [2]
__vector_table           0x800'0000          Data  Gb  startup_stm32f405xx.o [1]
__write                  0x800'0189    0x26  Code  Gb  main.o [1]
_call_main               0x800'4071          Code  Gb  cmain.o [4]
_exit                    0x800'40b9          Code  Gb  cexit.o [4]
abort                    0x800'3ec7     0x6  Code  Gb  abort.o [2]
assert_failed            0x800'213f    0x12  Code  Gb  stm32f4xx_it.o [1]
assert_failed::__func__
                         0x800'47d8    0x10  Data  Lc  stm32f4xx_it.o [1]
dump_exc_return          0x800'1deb    0x14  Code  Lc  fault-dump.o [1]
eTaskConfirmSleepModeStatus
                         0x800'18ed    0x4e  Code  Gb  tasks.o [1]
exit                     0x800'40b3     0x4  Code  Gb  exit.o [2]
fault_dump_callstack     0x800'1f8d    0x8e  Code  Gb  fault-dump.o [1]
fault_dump_exc_return    0x800'0e4d    0x5c  Code  Gb  fault-hal.o [1]
fault_dump_handler       0x800'1e0f   0x17e  Code  Gb  fault-dump.o [1]
fault_dump_handler::buffer
                        0x2000'841c   0x100  Data  Lc  fault-dump.o [1]
fault_dump_handler::frame
                        0x2000'8784    0x40  Data  Lc  fault-dump.o [1]
fault_dump_init          0x800'1d49    0x2c  Code  Gb  fault-dump.o [1]
fault_dump_opcode        0x800'1d75    0x34  Code  Lc  fault-dump.o [1]
fault_dump_unalign       0x800'0eb7    0x4e  Code  Gb  fault-hal.o [1]
fault_dump_using_msp     0x800'0ea9     0xe  Code  Gb  fault-hal.o [1]
fd_main_stack_base      0x2000'8898     0x4  Data  Gb  fault-dump.o [1]
fd_main_stack_full      0x2000'889c     0x4  Data  Gb  fault-dump.o [1]
fd_msp_stack_parser     0x2000'0008     0x4  Data  Lc  fault-dump.o [1]
fd_psp_stack_parser     0x2000'000c     0x4  Data  Lc  fault-dump.o [1]
huart1                  0x2000'873c    0x48  Data  Gb  usart.o [1]
main                     0x800'0261    0x26  Code  Gb  main.o [1]
main_task_entry          0x800'020f    0x22  Code  Lc  main.o [1]
main_task_init           0x800'0231    0x30  Code  Lc  main.o [1]
main_task_init::main_task
                        0x2000'8890     0x4  Data  Lc  main.o [1]
memchr                   0x800'39c9          Code  Gb  memchr.o [4]
opcode_is_bl_or_blx      0x800'1da9    0x42  Code  Lc  fault-dump.o [1]
printf                   0x800'0e25    0x28  Code  Gb  printf.o [2]
prvAddCurrentTaskToDelayedList
                         0x800'1aed    0xa2  Code  Lc  tasks.o [1]
prvAddNewTaskToReadyList
                         0x800'1121    0xbc  Code  Lc  tasks.o [1]
prvCheckForValidListAndQueue
                         0x800'30e7    0x3e  Code  Lc  timers.o [1]
prvCheckForValidListAndQueue{1}{2}{3}{4}::ucStaticTimerQueueStorage
                        0x2000'851c    0xa0  Data  Lc  timers.o [1]
prvCheckForValidListAndQueue{1}{2}{3}{4}::xStaticTimerQueue
                        0x2000'8648    0x5c  Data  Lc  timers.o [1]
prvCheckTasksWaitingTermination
                         0x800'1997    0x3e  Code  Lc  tasks.o [1]
prvCopyDataFromQueue     0x800'3d3d    0x38  Code  Lc  queue.o [1]
prvCopyDataToQueue       0x800'3ca1    0x9c  Code  Lc  queue.o [1]
prvCreateIdleTasks       0x800'1211    0x84  Code  Lc  tasks.o [1]
prvCreateStaticTask      0x800'0f39    0x5a  Code  Lc  tasks.o [1]
prvCreateTask            0x800'0fd5    0x72  Code  Lc  tasks.o [1]
prvDeleteTCB             0x800'19dd    0x2a  Code  Lc  tasks.o [1]
prvGetExpectedIdleTime   0x800'12ef    0x44  Code  Lc  tasks.o [1]
prvGetNextExpireTime     0x800'2f15    0x26  Code  Lc  timers.o [1]
prvHeapInit              0x800'2b77    0x5c  Code  Lc  heap_4.o [1]
prvIdleTask              0x800'18a1    0x48  Code  Lc  tasks.o [1]
prvInitialiseNewQueue    0x800'3b63    0x38  Code  Lc  queue.o [1]
prvInitialiseNewTask     0x800'107f    0xa2  Code  Lc  tasks.o [1]
prvInitialiseTaskLists   0x800'1941    0x56  Code  Lc  tasks.o [1]
prvInsertBlockIntoFreeList
                         0x800'2bd3    0x60  Code  Lc  heap_4.o [1]
prvInsertTimerInActiveList
                         0x800'2f61    0x50  Code  Lc  timers.o [1]
prvIsQueueEmpty          0x800'3dfd    0x1c  Code  Lc  queue.o [1]
prvNotifyQueueSetContainer
                         0x800'3e65    0x5c  Code  Lc  queue.o [1]
prvProcessExpiredTimer   0x800'2e4d    0x3e  Code  Lc  timers.o [1]
prvProcessReceivedCommands
                         0x800'2fb1   0x10a  Code  Lc  timers.o [1]
prvProcessTimerOrBlockTask
                         0x800'2ea7    0x6e  Code  Lc  timers.o [1]
prvReloadTimer           0x800'2e25    0x28  Code  Lc  timers.o [1]
prvResetNextTaskUnblockTime
                         0x800'1a07    0x26  Code  Lc  tasks.o [1]
prvSampleTimeNow         0x800'2f3b    0x26  Code  Lc  timers.o [1]
prvSampleTimeNow::xLastTime
                        0x2000'88ec     0x4  Data  Lc  timers.o [1]
prvSwitchTimerLists      0x800'30bb    0x2c  Code  Lc  timers.o [1]
prvTaskExitError         0x800'2d0d    0x10  Code  Lc  port.o [1]
prvTimerTask             0x800'2e8d    0x1a  Code  Lc  timers.o [1]
prvUnlockQueue           0x800'3d75    0x88  Code  Lc  queue.o [1]
putchar                  0x800'420d    0x20  Code  Gb  putchar.o [2]
pvPortMalloc             0x800'2a39    0xf4  Code  Gb  heap_4.o [1]
pxCurrentTCB            0x2000'88a0     0x4  Data  Gb  tasks.o [1]
pxCurrentTimerList      0x2000'88dc     0x4  Data  Lc  timers.o [1]
pxDelayedTaskList       0x2000'88a4     0x4  Data  Lc  tasks.o [1]
pxEnd                   0x2000'88f0     0x4  Data  Lc  heap_4.o [1]
pxOverflowDelayedTaskList
                        0x2000'88a8     0x4  Data  Lc  tasks.o [1]
pxOverflowTimerList     0x2000'88e0     0x4  Data  Lc  timers.o [1]
pxPortInitialiseStack    0x800'2ce1    0x2c  Code  Gb  port.o [1]
pxReadyTasksLists       0x2000'85bc    0x8c  Data  Lc  tasks.o [1]
sec_hand                0x2000'8910     0x4  Data  Lc  xfail_s.o [2]
stack_using_msp          0x800'1dff    0x10  Code  Lc  fault-dump.o [1]
strchr                   0x800'3939          Code  Gb  strchr.o [4]
strlen                   0x800'3991          Code  Gb  strlen.o [4]
test0                    0x800'01af    0x10  Code  Gb  main.o [1]
test0::__func__          0x800'4810     0x8  Data  Lc  main.o [1]
test1                    0x800'01bf    0x10  Code  Gb  main.o [1]
test1::__func__          0x800'4818     0x8  Data  Lc  main.o [1]
test2                    0x800'01cf    0x10  Code  Gb  main.o [1]
test2::__func__          0x800'4820     0x8  Data  Lc  main.o [1]
test3                    0x800'01df    0x10  Code  Gb  main.o [1]
test3::__func__          0x800'4828     0x8  Data  Lc  main.o [1]
test4                    0x800'01ef    0x10  Code  Gb  main.o [1]
test4::__func__          0x800'4830     0x8  Data  Lc  main.o [1]
test5                    0x800'01ff    0x10  Code  Gb  main.o [1]
test5::__func__          0x800'4838     0x8  Data  Lc  main.o [1]
ucHeap                  0x2000'001c  0x8000  Data  Gb  main.o [1]
ulStoppedTimerCompensation
                        0x2000'890c     0x4  Data  Lc  port.o [1]
ulTimerCountsForOneTick
                        0x2000'8904     0x4  Data  Lc  port.o [1]
uwTick                  0x2000'8894     0x4  Data  Gb  stm32f4xx_hal.o [1]
uwTickFreq              0x2000'0018     0x1  Data  Gb  stm32f4xx_hal.o [1]
uwTickPrio              0x2000'0000     0x4  Data  Gb  stm32f4xx_hal.o [1]
uxCriticalNesting       0x2000'0014     0x4  Data  Lc  port.o [1]
uxCurrentNumberOfTasks  0x2000'88b0     0x4  Data  Lc  tasks.o [1]
uxDeletedTasksWaitingCleanUp
                        0x2000'88ac     0x4  Data  Lc  tasks.o [1]
uxListRemove             0x800'2cb7    0x28  Code  Gb  list.o [1]
uxSchedulerSuspended    0x2000'88d8     0x4  Data  Lc  tasks.o [1]
uxTaskGetNumberOfTasks   0x800'1477     0x6  Code  Gb  tasks.o [1]
uxTaskNumber            0x2000'88cc     0x4  Data  Lc  tasks.o [1]
uxTopReadyPriority      0x2000'88b8     0x4  Data  Lc  tasks.o [1]
uxTopUsedPriority       0x2000'0010     0x4  Data  Lc  tasks.o [1]
vApplicationGetIdleTaskMemory
                         0x800'1b8f     0xe  Code  Gb  tasks.o [1]
vApplicationGetIdleTaskMemory::uxIdleTaskStack
                        0x2000'801c   0x200  Data  Lc  tasks.o [1]
vApplicationGetIdleTaskMemory::xIdleTaskTCB
                        0x2000'86a4    0x4c  Data  Lc  tasks.o [1]
vApplicationGetTimerTaskMemory
                         0x800'1b9d     0xe  Code  Gb  tasks.o [1]
vApplicationGetTimerTaskMemory::uxTimerTaskStack
                        0x2000'821c   0x200  Data  Lc  tasks.o [1]
vApplicationGetTimerTaskMemory::xTimerTaskTCB
                        0x2000'86f0    0x4c  Data  Lc  tasks.o [1]
vListInitialise          0x800'2c55    0x26  Code  Gb  list.o [1]
vListInitialiseItem      0x800'2c7b     0x6  Code  Gb  list.o [1]
vListInsert              0x800'2c81    0x36  Code  Gb  list.o [1]
vPortEnableVFP           0x800'42f9          Code  Gb  portasm.o [1]
vPortEnterCritical       0x800'2d5b    0x18  Code  Gb  port.o [1]
vPortExitCritical        0x800'2d73    0x16  Code  Gb  port.o [1]
vPortFree                0x800'2b2d    0x4a  Code  Gb  heap_4.o [1]
vPortSVCHandler          0x800'42bd          Code  Gb  portasm.o [1]
vPortSetupTimerInterrupt
                         0x800'3a21    0x54  Code  Wk  port.o [1]
vPortStartFirstTask      0x800'42d9          Code  Gb  portasm.o [1]
vPortSuppressTicksAndSleep
                         0x800'3151   0x154  Code  Wk  port.o [1]
vQueueWaitForMessageRestricted
                         0x800'3e19    0x4c  Code  Gb  queue.o [1]
vTaskDelay               0x800'11dd    0x34  Code  Gb  tasks.o [1]
vTaskInternalSetTimeOutState
                         0x800'17f9    0x12  Code  Gb  tasks.o [1]
vTaskMissedYield         0x800'1891     0xa  Code  Gb  tasks.o [1]
vTaskPlaceOnEventList    0x800'16ad    0x20  Code  Gb  tasks.o [1]
vTaskPlaceOnEventListRestricted
                         0x800'16cd    0x46  Code  Gb  tasks.o [1]
vTaskStartScheduler      0x800'1295    0x4e  Code  Gb  tasks.o [1]
vTaskStepTick            0x800'147d    0x30  Code  Gb  tasks.o [1]
vTaskSuspendAll          0x800'12e3     0xc  Code  Gb  tasks.o [1]
vTaskSwitchContext       0x800'1649    0x64  Code  Gb  tasks.o [1]
xActiveTimerList1       0x2000'8850    0x1c  Data  Lc  timers.o [1]
xActiveTimerList2       0x2000'886c    0x1c  Data  Lc  timers.o [1]
xDelayedTaskList1       0x2000'87c4    0x1c  Data  Lc  tasks.o [1]
xDelayedTaskList2       0x2000'87e0    0x1c  Data  Lc  tasks.o [1]
xFreeBytesRemaining     0x2000'88f4     0x4  Data  Lc  heap_4.o [1]
xHeapStructSize          0x800'4860     0x4  Data  Lc  heap_4.o [1]
xIdleTaskHandles        0x2000'88d4     0x4  Data  Lc  tasks.o [1]
xMaximumPossibleSuppressedTicks
                        0x2000'8908     0x4  Data  Lc  port.o [1]
xMinimumEverFreeBytesRemaining
                        0x2000'88f8     0x4  Data  Lc  heap_4.o [1]
xNextTaskUnblockTime    0x2000'88d0     0x4  Data  Lc  tasks.o [1]
xNumOfOverflows         0x2000'88c8     0x4  Data  Lc  tasks.o [1]
xNumberOfSuccessfulAllocations
                        0x2000'88fc     0x4  Data  Lc  heap_4.o [1]
xNumberOfSuccessfulFrees
                        0x2000'8900     0x4  Data  Lc  heap_4.o [1]
xPendedTicks            0x2000'88c0     0x4  Data  Lc  tasks.o [1]
xPendingReadyList       0x2000'87fc    0x1c  Data  Lc  tasks.o [1]
xPortPendSVHandler       0x800'4265          Code  Gb  portasm.o [1]
xPortStartScheduler      0x800'2d1d    0x3e  Code  Gb  port.o [1]
xPortSysTickHandler      0x800'2d89    0x28  Code  Gb  port.o [1]
xQueueGenericCreateStatic
                         0x800'3b17    0x4c  Code  Gb  queue.o [1]
xQueueGenericReset       0x800'3a75    0xa2  Code  Gb  queue.o [1]
xQueueReceive            0x800'3b9b   0x102  Code  Gb  queue.o [1]
xSchedulerRunning       0x2000'88bc     0x4  Data  Lc  tasks.o [1]
xStart                  0x2000'8888     0x8  Data  Lc  heap_4.o [1]
xSuspendedTaskList      0x2000'8834    0x1c  Data  Lc  tasks.o [1]
xTaskCheckForTimeOut     0x800'180b    0x86  Code  Gb  tasks.o [1]
xTaskCreate              0x800'1047    0x38  Code  Gb  tasks.o [1]
xTaskCreateStatic        0x800'0f93    0x42  Code  Gb  tasks.o [1]
xTaskGetSchedulerState   0x800'1a2d    0x20  Code  Gb  tasks.o [1]
xTaskGetTickCount        0x800'1471     0x6  Code  Gb  tasks.o [1]
xTaskIncrementTick       0x800'14cd   0x16e  Code  Gb  tasks.o [1]
xTaskPriorityDisinherit
                         0x800'1a51    0x7e  Code  Gb  tasks.o [1]
xTaskRemoveFromEventList
                         0x800'1713    0xe4  Code  Gb  tasks.o [1]
xTaskResumeAll           0x800'1333   0x13e  Code  Gb  tasks.o [1]
xTasksWaitingTermination
                        0x2000'8818    0x1c  Data  Lc  tasks.o [1]
xTickCount              0x2000'88b4     0x4  Data  Lc  tasks.o [1]
xTimerCreateTimerTask    0x800'2dcd    0x58  Code  Gb  timers.o [1]
xTimerQueue             0x2000'88e4     0x4  Data  Lc  timers.o [1]
xTimerTaskHandle        0x2000'88e8     0x4  Data  Lc  timers.o [1]
xYieldPendings          0x2000'88c4     0x4  Data  Lc  tasks.o [1]


[1] = C:\Users\xidon\code\github\qemu-simulator\boards\stm32f405rg\FreeRTOS\build\iar
[2] = dl7M_tln.a
[3] = m7M_tls.a
[4] = rt7M_tl.a
[5] = shb_l.a

  17'172 bytes of readonly  code memory
   1'360 bytes of readonly  data memory
  37'137 bytes of readwrite data memory

Errors: none
Warnings: none
