Component: Arm Compiler for Embedded 6.21 Tool: armlink [5ec1fa00]

==============================================================================

    Removing COMDAT group __ARM_asm.debug_abbrev.1 from the image.
    Removing fault-mdk.o(.debug_abbrev), (32 bytes).

1 rejected COMDAT group section(s) (total 32 bytes) removed from the image.

==============================================================================

Removing Unused input sections from the image.

    Removing main.o(.text), (0 bytes).
    Removing main.o(.text.HardFault_Handler_Legency), (24 bytes).
    Removing main.o(.ARM.exidx.text.HardFault_Handler_Legency), (8 bytes).
    Removing main.o(.text.Default_Handler), (24 bytes).
    Removing main.o(.ARM.exidx.text.Default_Handler), (8 bytes).
    Removing main.o(.ARM.exidx.text.dump_callstack), (8 bytes).
    Removing main.o(.ARM.exidx.text.test0), (8 bytes).
    Removing main.o(.ARM.exidx.text.test1), (8 bytes).
    Removing main.o(.ARM.exidx.text.test2), (8 bytes).
    Removing main.o(.ARM.exidx.text.test3), (8 bytes).
    Removing main.o(.ARM.exidx.text.test4), (8 bytes).
    Removing main.o(.ARM.exidx.text.test5), (8 bytes).
    Removing main.o(.ARM.exidx.text.main), (8 bytes).
    Removing main.o(.ARM.exidx.text.main_task_init), (8 bytes).
    Removing main.o(.ARM.exidx.text.main_task_entry), (8 bytes).
    Removing main.o(.ARM.use_no_argv), (4 bytes).
    Removing system_ARMCM33.o(.text), (0 bytes).
    Removing system_ARMCM33.o(.text.SystemCoreClockUpdate), (20 bytes).
    Removing system_ARMCM33.o(.ARM.exidx.text.SystemCoreClockUpdate), (8 bytes).
    Removing system_ARMCM33.o(.ARM.exidx.text.SystemInit), (8 bytes).
    Removing printf.o(.text), (0 bytes).
    Removing printf.o(.ARM.exidx.text.printf), (8 bytes).
    Removing printf.o(.ARM.exidx.text._vsnprintf), (8 bytes).
    Removing printf.o(.ARM.exidx.text._out_char), (8 bytes).
    Removing printf.o(.text.sprintf), (58 bytes).
    Removing printf.o(.ARM.exidx.text.sprintf), (8 bytes).
    Removing printf.o(.text._out_buffer), (38 bytes).
    Removing printf.o(.ARM.exidx.text._out_buffer), (8 bytes).
    Removing printf.o(.text.snprintf), (58 bytes).
    Removing printf.o(.ARM.exidx.text.snprintf), (8 bytes).
    Removing printf.o(.text.vprintf), (40 bytes).
    Removing printf.o(.ARM.exidx.text.vprintf), (8 bytes).
    Removing printf.o(.text.vsnprintf), (42 bytes).
    Removing printf.o(.ARM.exidx.text.vsnprintf), (8 bytes).
    Removing printf.o(.text.fctprintf), (66 bytes).
    Removing printf.o(.ARM.exidx.text.fctprintf), (8 bytes).
    Removing printf.o(.text._out_fct), (40 bytes).
    Removing printf.o(.ARM.exidx.text._out_fct), (8 bytes).
    Removing printf.o(.ARM.exidx.text._out_null), (8 bytes).
    Removing printf.o(.ARM.exidx.text._is_digit), (8 bytes).
    Removing printf.o(.ARM.exidx.text._atoi), (8 bytes).
    Removing printf.o(.ARM.exidx.text._ntoa_long_long), (8 bytes).
    Removing printf.o(.ARM.exidx.text._ntoa_long), (8 bytes).
    Removing printf.o(.ARM.exidx.text._ftoa), (8 bytes).
    Removing printf.o(.ARM.exidx.text._etoa), (8 bytes).
    Removing printf.o(.ARM.exidx.text._strnlen_s), (8 bytes).
    Removing printf.o(.ARM.exidx.text._ntoa_format), (8 bytes).
    Removing printf.o(.ARM.exidx.text._out_rev), (8 bytes).
    Removing uart.o(.text), (0 bytes).
    Removing uart.o(.ARM.exidx.text.put_char), (8 bytes).
    Removing uart.o(.text.get_char), (30 bytes).
    Removing uart.o(.ARM.exidx.text.get_char), (8 bytes).
    Removing uart.o(.text.puts), (52 bytes).
    Removing uart.o(.ARM.exidx.text.puts), (8 bytes).
    Removing uart.o(.ARM.exidx.text.uart_init), (8 bytes).
    Removing uart.o(.text.uart_send), (16 bytes).
    Removing uart.o(.ARM.exidx.text.uart_send), (8 bytes).
    Removing uart.o(.text.uart_recv), (82 bytes).
    Removing uart.o(.ARM.exidx.text.uart_recv), (8 bytes).
    Removing fault-dump.o(.text), (0 bytes).
    Removing fault-dump.o(.ARM.exidx.text.fault_dump_init), (8 bytes).
    Removing fault-dump.o(.ARM.exidx.text.fault_dump_handler), (8 bytes).
    Removing fault-dump.o(.ARM.exidx.text.dump_exc_return), (8 bytes).
    Removing fault-dump.o(.ARM.exidx.text.stack_using_msp), (8 bytes).
    Removing fault-dump.o(.ARM.exidx.text.fault_dump_callstack), (8 bytes).
    Removing fault-dump.o(.ARM.exidx.text.fault_dump_opcode), (8 bytes).
    Removing fault-dump.o(.ARM.exidx.text.opcode_is_bl_or_blx), (8 bytes).
    Removing fault-dump.o(.ARM.exidx.text.fault_dump_bm_stack_point), (8 bytes).
    Removing fault-dump.o(.ARM.exidx.text.fault_dump_bm_stack_start), (8 bytes).
    Removing fault-dump.o(.text.fault_dump_psp_stack_parser), (38 bytes).
    Removing fault-dump.o(.ARM.exidx.text.fault_dump_psp_stack_parser), (8 bytes).
    Removing fault-hal.o(.text), (0 bytes).
    Removing fault-hal.o(.ARM.exidx.text.fault_dump_exc_return), (8 bytes).
    Removing fault-hal.o(.ARM.exidx.text.fault_dump_using_msp), (8 bytes).
[...]
    __lit__00000000                          0x1000024c   Data           4  entry2.o(.ARM.Collect$$$$00002712)
    .ARM.Collect$$$$0000000D                 0x1000024c   Section        0  entry10a.o(.ARM.Collect$$$$0000000D)
    .ARM.Collect$$$$0000000F                 0x1000024c   Section        0  entry11a.o(.ARM.Collect$$$$0000000F)
    .ARM.Collect$$$$00002712                 0x1000024c   Section        4  entry2.o(.ARM.Collect$$$$00002712)
    $v0                                      0x10000250   Number         0  startup_ARMCM33.o(.text)
    .text                                    0x10000250   Section       40  startup_ARMCM33.o(.text)
    $v0                                      0x10000278   Number         0  fault-mdk.o(.text)
    .text                                    0x10000278   Section       68  fault-mdk.o(.text)
    .text                                    0x100002bc   Section        0  uldiv.o(.text)
    .text                                    0x1000031e   Section        0  memcpya.o(.text)
    .text                                    0x10000342   Section        0  memseta.o(.text)
    .text                                    0x10000366   Section        0  dadd.o(.text)
    .text                                    0x100004b4   Section        0  dmul.o(.text)
    .text                                    0x10000598   Section        0  ddiv.o(.text)
    .text                                    0x10000676   Section        0  dcmple.o(.text)
    .text                                    0x100006ac   Section        0  dcmplt.o(.text)
    .text                                    0x100006e2   Section        0  dcmpge.o(.text)
    .text                                    0x10000718   Section        0  dcmpgt.o(.text)
    .text                                    0x1000074e   Section        0  dcmpeq.o(.text)
    .text                                    0x10000786   Section        0  dflti.o(.text)
    .text                                    0x100007a8   Section        0  dfltui.o(.text)
    .text                                    0x100007c2   Section        0  dfixi.o(.text)
    .text                                    0x10000800   Section        0  dfixui.o(.text)
    .text                                    0x10000832   Section        0  llshl.o(.text)
    .text                                    0x10000850   Section        0  llushr.o(.text)
    .text                                    0x10000870   Section        0  llsshr.o(.text)
    .text                                    0x10000894   Section        0  iusefp.o(.text)
    .text                                    0x10000894   Section        0  depilogue.o(.text)
    .text                                    0x10000950   Section       48  init.o(.text)
    [Anonymous Symbol]                       0x10000980   Section        0  portasm.o(.text.PendSV_Handler)
    [Anonymous Symbol]                       0x100009c8   Section        0  portasm.o(.text.SVC_Handler)
    [Anonymous Symbol]                       0x100009e0   Section        0  port.o(.text.SysTick_Handler)
    [Anonymous Symbol]                       0x10000a10   Section        0  system_ARMCM33.o(.text.SystemInit)
    _atoi                                    0x10000a49   Thumb Code    58  printf.o(.text._atoi)
    [Anonymous Symbol]                       0x10000a48   Section        0  printf.o(.text._atoi)
    _etoa                                    0x10000a89   Thumb Code  1560  printf.o(.text._etoa)
    [Anonymous Symbol]                       0x10000a88   Section        0  printf.o(.text._etoa)
    _ftoa                                    0x100010c9   Thumb Code  1400  printf.o(.text._ftoa)
    [Anonymous Symbol]                       0x100010c8   Section        0  printf.o(.text._ftoa)
    _is_digit                                0x10001649   Thumb Code    46  printf.o(.text._is_digit)
    [Anonymous Symbol]                       0x10001648   Section        0  printf.o(.text._is_digit)
    _ntoa_format                             0x10001679   Thumb Code   572  printf.o(.text._ntoa_format)
    [Anonymous Symbol]                       0x10001678   Section        0  printf.o(.text._ntoa_format)
    _ntoa_long                               0x100018b5   Thumb Code   276  printf.o(.text._ntoa_long)
    [Anonymous Symbol]                       0x100018b4   Section        0  printf.o(.text._ntoa_long)
    _ntoa_long_long                          0x100019c9   Thumb Code   312  printf.o(.text._ntoa_long_long)
    [Anonymous Symbol]                       0x100019c8   Section        0  printf.o(.text._ntoa_long_long)
    _out_char                                0x10001b01   Thumb Code    36  printf.o(.text._out_char)
    [Anonymous Symbol]                       0x10001b00   Section        0  printf.o(.text._out_char)
    _out_null                                0x10001b25   Thumb Code    16  printf.o(.text._out_null)
    [Anonymous Symbol]                       0x10001b24   Section        0  printf.o(.text._out_null)
    _out_rev                                 0x10001b35   Thumb Code   192  printf.o(.text._out_rev)
    [Anonymous Symbol]                       0x10001b34   Section        0  printf.o(.text._out_rev)
    _strnlen_s                               0x10001bf5   Thumb Code    68  printf.o(.text._strnlen_s)
    [Anonymous Symbol]                       0x10001bf4   Section        0  printf.o(.text._strnlen_s)
    _vsnprintf                               0x10001c39   Thumb Code  2608  printf.o(.text._vsnprintf)
    [Anonymous Symbol]                       0x10001c38   Section        0  printf.o(.text._vsnprintf)
    [Anonymous Symbol]                       0x10002668   Section        0  main.o(.text.dump_callstack)
    dump_exc_return                          0x100026fd   Thumb Code    30  fault-dump.o(.text.dump_exc_return)
    [Anonymous Symbol]                       0x100026fc   Section        0  fault-dump.o(.text.dump_exc_return)
    [Anonymous Symbol]                       0x1000271c   Section        0  tasks.o(.text.eTaskConfirmSleepModeStatus)
    [Anonymous Symbol]                       0x10002790   Section        0  fault-dump.o(.text.fault_dump_bm_stack_point)
    [Anonymous Symbol]                       0x100027a0   Section        0  fault-dump.o(.text.fault_dump_bm_stack_start)
    [Anonymous Symbol]                       0x100027b4   Section        0  fault-dump.o(.text.fault_dump_callstack)
    [Anonymous Symbol]                       0x100028bc   Section        0  fault-hal.o(.text.fault_dump_exc_return)
    [Anonymous Symbol]                       0x10002a14   Section        0  fault-dump.o(.text.fault_dump_handler)
    [Anonymous Symbol]                       0x10002ce4   Section        0  fault-dump.o(.text.fault_dump_init)
    fault_dump_opcode                        0x10002d49   Thumb Code    56  fault-dump.o(.text.fault_dump_opcode)
    [Anonymous Symbol]                       0x10002d48   Section        0  fault-dump.o(.text.fault_dump_opcode)
    [Anonymous Symbol]                       0x10002d80   Section        0  fault-hal.o(.text.fault_dump_unalign)
    [Anonymous Symbol]                       0x10002de0   Section        0  fault-hal.o(.text.fault_dump_using_msp)
    [Anonymous Symbol]                       0x10002e08   Section        0  main.o(.text.main)
    main_task_entry                          0x10002e45   Thumb Code    56  main.o(.text.main_task_entry)
    [Anonymous Symbol]                       0x10002e44   Section        0  main.o(.text.main_task_entry)
    main_task_init                           0x10002e7d   Thumb Code    84  main.o(.text.main_task_init)
    [Anonymous Symbol]                       0x10002e7c   Section        0  main.o(.text.main_task_init)
    opcode_is_bl_or_blx                      0x10002ed1   Thumb Code   106  fault-dump.o(.text.opcode_is_bl_or_blx)
    [Anonymous Symbol]                       0x10002ed0   Section        0  fault-dump.o(.text.opcode_is_bl_or_blx)
    [Anonymous Symbol]                       0x10002f3c   Section        0  printf.o(.text.printf)
    prvAddCurrentTaskToDelayedList           0x10002f79   Thumb Code   270  tasks.o(.text.prvAddCurrentTaskToDelayedList)
    [Anonymous Symbol]                       0x10002f78   Section        0  tasks.o(.text.prvAddCurrentTaskToDelayedList)
    prvAddNewTaskToReadyList                 0x10003089   Thumb Code   344  tasks.o(.text.prvAddNewTaskToReadyList)
    [Anonymous Symbol]                       0x10003088   Section        0  tasks.o(.text.prvAddNewTaskToReadyList)
    prvCheckForValidListAndQueue             0x100031e1   Thumb Code   126  timers.o(.text.prvCheckForValidListAndQueue)
    [Anonymous Symbol]                       0x100031e0   Section        0  timers.o(.text.prvCheckForValidListAndQueue)
    prvCheckTasksWaitingTermination          0x10003261   Thumb Code    90  tasks.o(.text.prvCheckTasksWaitingTermination)
    [Anonymous Symbol]                       0x10003260   Section        0  tasks.o(.text.prvCheckTasksWaitingTermination)
    prvCopyDataFromQueue                     0x100032bd   Thumb Code    66  queue.o(.text.prvCopyDataFromQueue)
    [Anonymous Symbol]                       0x100032bc   Section        0  queue.o(.text.prvCopyDataFromQueue)
    prvCopyDataToQueue                       0x10003301   Thumb Code   204  queue.o(.text.prvCopyDataToQueue)
    [Anonymous Symbol]                       0x10003300   Section        0  queue.o(.text.prvCopyDataToQueue)
    prvCreateIdleTasks                       0x100033cd   Thumb Code   200  tasks.o(.text.prvCreateIdleTasks)
    [Anonymous Symbol]                       0x100033cc   Section        0  tasks.o(.text.prvCreateIdleTasks)
    prvCreateStaticTask                      0x10003495   Thumb Code   120  tasks.o(.text.prvCreateStaticTask)
    [Anonymous Symbol]                       0x10003494   Section        0  tasks.o(.text.prvCreateStaticTask)
    prvCreateTask                            0x1000350d   Thumb Code   142  tasks.o(.text.prvCreateTask)
    [Anonymous Symbol]                       0x1000350c   Section        0  tasks.o(.text.prvCreateTask)
    prvDeleteTCB                             0x1000359d   Thumb Code    60  tasks.o(.text.prvDeleteTCB)
    [Anonymous Symbol]                       0x1000359c   Section        0  tasks.o(.text.prvDeleteTCB)
    prvGetExpectedIdleTime                   0x100035d9   Thumb Code   122  tasks.o(.text.prvGetExpectedIdleTime)
    [Anonymous Symbol]                       0x100035d8   Section        0  tasks.o(.text.prvGetExpectedIdleTime)
    prvGetNextExpireTime                     0x10003655   Thumb Code    64  timers.o(.text.prvGetNextExpireTime)
    [Anonymous Symbol]                       0x10003654   Section        0  timers.o(.text.prvGetNextExpireTime)
    prvHeapInit                              0x10003695   Thumb Code   170  heap_4.o(.text.prvHeapInit)
    [Anonymous Symbol]                       0x10003694   Section        0  heap_4.o(.text.prvHeapInit)
    prvIdleTask                              0x10003741   Thumb Code    88  tasks.o(.text.prvIdleTask)
    [Anonymous Symbol]                       0x10003740   Section        0  tasks.o(.text.prvIdleTask)
    prvInitialiseNewQueue                    0x10003799   Thumb Code    68  queue.o(.text.prvInitialiseNewQueue)
    [Anonymous Symbol]                       0x10003798   Section        0  queue.o(.text.prvInitialiseNewQueue)
    prvInitialiseNewTask                     0x100037dd   Thumb Code   234  tasks.o(.text.prvInitialiseNewTask)
    [Anonymous Symbol]                       0x100037dc   Section        0  tasks.o(.text.prvInitialiseNewTask)
    prvInitialiseTaskLists                   0x100038c9   Thumb Code   142  tasks.o(.text.prvInitialiseTaskLists)
    [Anonymous Symbol]                       0x100038c8   Section        0  tasks.o(.text.prvInitialiseTaskLists)
    prvInsertBlockIntoFreeList               0x10003959   Thumb Code   216  heap_4.o(.text.prvInsertBlockIntoFreeList)
    [Anonymous Symbol]                       0x10003958   Section        0  heap_4.o(.text.prvInsertBlockIntoFreeList)
    prvInsertTimerInActiveList               0x10003a31   Thumb Code   134  timers.o(.text.prvInsertTimerInActiveList)
    [Anonymous Symbol]                       0x10003a30   Section        0  timers.o(.text.prvInsertTimerInActiveList)
    prvIsQueueEmpty                          0x10003ab9   Thumb Code    40  queue.o(.text.prvIsQueueEmpty)
    [Anonymous Symbol]                       0x10003ab8   Section        0  queue.o(.text.prvIsQueueEmpty)
    prvNotifyQueueSetContainer               0x10003ae1   Thumb Code   144  queue.o(.text.prvNotifyQueueSetContainer)
    [Anonymous Symbol]                       0x10003ae0   Section        0  queue.o(.text.prvNotifyQueueSetContainer)
    prvProcessExpiredTimer                   0x10003b71   Thumb Code    84  timers.o(.text.prvProcessExpiredTimer)
    [Anonymous Symbol]                       0x10003b70   Section        0  timers.o(.text.prvProcessExpiredTimer)
    prvProcessReceivedCommands               0x10003bc5   Thumb Code   334  timers.o(.text.prvProcessReceivedCommands)
    [Anonymous Symbol]                       0x10003bc4   Section        0  timers.o(.text.prvProcessReceivedCommands)
    prvProcessTimerOrBlockTask               0x10003d15   Thumb Code   136  timers.o(.text.prvProcessTimerOrBlockTask)
    [Anonymous Symbol]                       0x10003d14   Section        0  timers.o(.text.prvProcessTimerOrBlockTask)
    prvReloadTimer                           0x10003d9d   Thumb Code    52  timers.o(.text.prvReloadTimer)
    [Anonymous Symbol]                       0x10003d9c   Section        0  timers.o(.text.prvReloadTimer)
    prvResetNextTaskUnblockTime              0x10003dd1   Thumb Code    60  tasks.o(.text.prvResetNextTaskUnblockTime)
    [Anonymous Symbol]                       0x10003dd0   Section        0  tasks.o(.text.prvResetNextTaskUnblockTime)
    prvSampleTimeNow                         0x10003e0d   Thumb Code    68  timers.o(.text.prvSampleTimeNow)
    [Anonymous Symbol]                       0x10003e0c   Section        0  timers.o(.text.prvSampleTimeNow)
    prvSwitchTimerLists                      0x10003e51   Thumb Code    82  timers.o(.text.prvSwitchTimerLists)
    [Anonymous Symbol]                       0x10003e50   Section        0  timers.o(.text.prvSwitchTimerLists)
    prvTaskExitError                         0x10003ea5   Thumb Code    26  port.o(.text.prvTaskExitError)
    [Anonymous Symbol]                       0x10003ea4   Section        0  port.o(.text.prvTaskExitError)
    prvTimerTask                             0x10003ec1   Thumb Code    30  timers.o(.text.prvTimerTask)
    [Anonymous Symbol]                       0x10003ec0   Section        0  timers.o(.text.prvTimerTask)
    prvUnlockQueue                           0x10003ee1   Thumb Code   204  queue.o(.text.prvUnlockQueue)
    [Anonymous Symbol]                       0x10003ee0   Section        0  queue.o(.text.prvUnlockQueue)
    [Anonymous Symbol]                       0x10003fac   Section        0  uart.o(.text.put_char)
    [Anonymous Symbol]                       0x10003fd4   Section        0  heap_4.o(.text.pvPortMalloc)
    [Anonymous Symbol]                       0x1000418c   Section        0  port.o(.text.pxPortInitialiseStack)
    stack_using_msp                          0x10004299   Thumb Code    34  fault-dump.o(.text.stack_using_msp)
    [Anonymous Symbol]                       0x10004298   Section        0  fault-dump.o(.text.stack_using_msp)
    [Anonymous Symbol]                       0x100042bc   Section        0  main.o(.text.test0)
    [Anonymous Symbol]                       0x100042dc   Section        0  main.o(.text.test1)
    [Anonymous Symbol]                       0x100042f8   Section        0  main.o(.text.test2)
    [Anonymous Symbol]                       0x10004314   Section        0  main.o(.text.test3)
    [Anonymous Symbol]                       0x10004330   Section        0  main.o(.text.test4)
    [Anonymous Symbol]                       0x1000434c   Section        0  main.o(.text.test5)
    [Anonymous Symbol]                       0x10004368   Section        0  uart.o(.text.uart_init)
    [Anonymous Symbol]                       0x100043a8   Section        0  portasm.o(.text.ulSetInterruptMask)
    [Anonymous Symbol]                       0x100043c0   Section        0  list.o(.text.uxListRemove)
    [Anonymous Symbol]                       0x10004408   Section        0  tasks.o(.text.uxTaskGetNumberOfTasks)
    [Anonymous Symbol]                       0x10004414   Section        0  tasks.o(.text.vApplicationGetIdleTaskMemory)
    [Anonymous Symbol]                       0x10004440   Section        0  tasks.o(.text.vApplicationGetTimerTaskMemory)
    [Anonymous Symbol]                       0x1000446c   Section        0  portasm.o(.text.vClearInterruptMask)
    [Anonymous Symbol]                       0x1000447c   Section        0  list.o(.text.vListInitialise)
    [Anonymous Symbol]                       0x100044b4   Section        0  list.o(.text.vListInitialiseItem)
    [Anonymous Symbol]                       0x100044c4   Section        0  list.o(.text.vListInsert)
    [Anonymous Symbol]                       0x10004530   Section        0  port.o(.text.vPortEnterCritical)
    [Anonymous Symbol]                       0x10004550   Section        0  port.o(.text.vPortExitCritical)
    [Anonymous Symbol]                       0x10004570   Section        0  heap_4.o(.text.vPortFree)
    __tagsym$$used.0                         0x100045e8   Number         0  port.o(.text.vPortSVCHandler_C)
    [Anonymous Symbol]                       0x100045e8   Section        0  port.o(.text.vPortSVCHandler_C)
    [Anonymous Symbol]                       0x10004614   Section        0  port.o(.text.vPortSetupTimerInterrupt)
    [Anonymous Symbol]                       0x10004670   Section        0  port.o(.text.vPortSuppressTicksAndSleep)
    [Anonymous Symbol]                       0x10004894   Section        0  port.o(.text.vPortYield)
    [Anonymous Symbol]                       0x100048ac   Section        0  queue.o(.text.vQueueWaitForMessageRestricted)
    [Anonymous Symbol]                       0x10004910   Section        0  portasm.o(.text.vRestoreContextOfFirstTask)
    [Anonymous Symbol]                       0x1000493c   Section        0  portasm.o(.text.vStartFirstTask)
    [Anonymous Symbol]                       0x1000495c   Section        0  tasks.o(.text.vTaskDelay)
    [Anonymous Symbol]                       0x10004994   Section        0  tasks.o(.text.vTaskInternalSetTimeOutState)
    [Anonymous Symbol]                       0x100049b8   Section        0  tasks.o(.text.vTaskMissedYield)
    [Anonymous Symbol]                       0x100049c8   Section        0  tasks.o(.text.vTaskPlaceOnEventList)
    [Anonymous Symbol]                       0x100049f0   Section        0  tasks.o(.text.vTaskPlaceOnEventListRestricted)
    [Anonymous Symbol]                       0x10004a54   Section        0  tasks.o(.text.vTaskStartScheduler)
    [Anonymous Symbol]                       0x10004ab8   Section        0  tasks.o(.text.vTaskStepTick)
    [Anonymous Symbol]                       0x10004b14   Section        0  tasks.o(.text.vTaskSuspendAll)
    __tagsym$$used.0                         0x10004b24   Number         0  tasks.o(.text.vTaskSwitchContext)
    [Anonymous Symbol]                       0x10004b24   Section        0  tasks.o(.text.vTaskSwitchContext)
    [Anonymous Symbol]                       0x10004be0   Section        0  port.o(.text.xPortStartScheduler)
    [Anonymous Symbol]                       0x10004c38   Section        0  queue.o(.text.xQueueGenericCreateStatic)
    [Anonymous Symbol]                       0x10004ca4   Section        0  queue.o(.text.xQueueGenericReset)
    [Anonymous Symbol]                       0x10004d64   Section        0  queue.o(.text.xQueueReceive)
    [Anonymous Symbol]                       0x10004e94   Section        0  tasks.o(.text.xTaskCheckForTimeOut)
    [Anonymous Symbol]                       0x10004f58   Section        0  tasks.o(.text.xTaskCreate)
    [Anonymous Symbol]                       0x10004fac   Section        0  tasks.o(.text.xTaskCreateStatic)
    [Anonymous Symbol]                       0x10005008   Section        0  tasks.o(.text.xTaskGetTickCount)
    [Anonymous Symbol]                       0x1000501c   Section        0  tasks.o(.text.xTaskIncrementTick)
    [Anonymous Symbol]                       0x1000527c   Section        0  tasks.o(.text.xTaskPriorityDisinherit)
    [Anonymous Symbol]                       0x10005370   Section        0  tasks.o(.text.xTaskRemoveFromEventList)
    [Anonymous Symbol]                       0x1000550c   Section        0  tasks.o(.text.xTaskResumeAll)
    [Anonymous Symbol]                       0x10005738   Section        0  timers.o(.text.xTimerCreateTimerTask)
    i.__scatterload_copy                     0x100057b0   Section       14  handlers.o(i.__scatterload_copy)
    i.__scatterload_null                     0x100057be   Section        2  handlers.o(i.__scatterload_null)
    i.__scatterload_zeroinit                 0x100057c0   Section       14  handlers.o(i.__scatterload_zeroinit)
    _ftoa.pow10                              0x100057d0   Data          80  printf.o(.rodata._ftoa.pow10)
    [Anonymous Symbol]                       0x100057d0   Section        0  printf.o(.rodata._ftoa.pow10)
    .L.str                                   0x10005820   Data           4  main.o(.rodata.str1.1)
    .L.str.4                                 0x10005820   Data           5  main.o(.rodata.str1.1)
    [Anonymous Symbol]                       0x10005820   Section        0  main.o(.rodata.str1.1)
    .L__func__.HardFault_Handler_Legency     0x10005824   Data          26  main.o(.rodata.str1.1)
    .L.str.9                                 0x10005825   Data          31  main.o(.rodata.str1.1)
    .L__func__.Default_Handler               0x1000583e   Data          16  main.o(.rodata.str1.1)
    .L.str.10                                0x10005844   Data          26  main.o(.rodata.str1.1)
    .L.str.7                                 0x1000585e   Data          20  main.o(.rodata.str1.1)
    .L.str.5                                 0x10005872   Data          14  main.o(.rodata.str1.1)
    .L.str.1                                 0x10005880   Data          27  main.o(.rodata.str1.1)
    .L.str.6                                 0x1000589b   Data           8  main.o(.rodata.str1.1)
    .L.str.3                                 0x100058a0   Data           3  main.o(.rodata.str1.1)
    .L.str.23                                0x100058a7   Data           6  main.o(.rodata.str1.1)
    .L.str.3                                 0x100058a7   Data           6  main.o(.rodata.str1.1)
    .L.str.2                                 0x100058ad   Data          13  main.o(.rodata.str1.1)
    .L__func__.test0                         0x100058ba   Data           6  main.o(.rodata.str1.1)
    .L__func__.test1                         0x100058c0   Data           6  main.o(.rodata.str1.1)
    .L__func__.test2                         0x100058c6   Data           6  main.o(.rodata.str1.1)
    .L__func__.test3                         0x100058cc   Data           6  main.o(.rodata.str1.1)
    .L__func__.test4                         0x100058d2   Data           6  main.o(.rodata.str1.1)
    .L__func__.test5                         0x100058d8   Data           6  main.o(.rodata.str1.1)
    .L.str.8                                 0x100058de   Data          10  main.o(.rodata.str1.1)
    .L.str.2                                 0x10005912   Data           5  printf.o(.rodata.str1.1)
    [Anonymous Symbol]                       0x10005912   Section        0  printf.o(.rodata.str1.1)
    .L.str.1                                 0x10005917   Data           5  printf.o(.rodata.str1.1)
    .L.str.3                                 0x1000591c   Data           4  printf.o(.rodata.str1.1)
    .L.str                                   0x10005920   Data           4  printf.o(.rodata.str1.1)
    .L.str.5                                 0x10005924   Data          18  fault-dump.o(.rodata.str1.1)
    [Anonymous Symbol]                       0x10005924   Section        0  fault-dump.o(.rodata.str1.1)
    .L.str.24                                0x10005936   Data          23  fault-dump.o(.rodata.str1.1)
    .L.str.6                                 0x1000594d   Data          18  fault-dump.o(.rodata.str1.1)
    .L.str.7                                 0x1000595f   Data          18  fault-dump.o(.rodata.str1.1)
    .L.str.8                                 0x10005971   Data          18  fault-dump.o(.rodata.str1.1)
    .L.str.9                                 0x10005983   Data          18  fault-dump.o(.rodata.str1.1)
    .L.str.10                                0x10005995   Data          18  fault-dump.o(.rodata.str1.1)
    .L.str.11                                0x100059a7   Data          18  fault-dump.o(.rodata.str1.1)
    .L.str.12                                0x100059b9   Data          18  fault-dump.o(.rodata.str1.1)
    .L.str.13                                0x100059cb   Data          18  fault-dump.o(.rodata.str1.1)
    .L.str.14                                0x100059dd   Data          18  fault-dump.o(.rodata.str1.1)
    .L.str.15                                0x100059ef   Data          18  fault-dump.o(.rodata.str1.1)
    .L.str.20                                0x10005a01   Data          18  fault-dump.o(.rodata.str1.1)
    .L.str.19                                0x10005a13   Data          18  fault-dump.o(.rodata.str1.1)
    .L.str.16                                0x10005a25   Data          18  fault-dump.o(.rodata.str1.1)
    .L.str.17                                0x10005a37   Data          18  fault-dump.o(.rodata.str1.1)
    .L.str.18                                0x10005a49   Data          18  fault-dump.o(.rodata.str1.1)
    .L.str.21                                0x10005a5b   Data          18  fault-dump.o(.rodata.str1.1)
    .L.str.4                                 0x10005a6d   Data          31  fault-dump.o(.rodata.str1.1)
    .L.str                                   0x10005a88   Data           4  fault-dump.o(.rodata.str1.1)
    .L.str.2                                 0x10005a8c   Data          32  fault-dump.o(.rodata.str1.1)
    .L.str.1                                 0x10005aac   Data          36  fault-dump.o(.rodata.str1.1)
    .L.str                                   0x10005ad0   Data          36  fault-dump.o(.rodata.str1.1)
    .L.str.22                                0x10005af4   Data          14  fault-dump.o(.rodata.str1.1)
    .L.str.6                                 0x10005b02   Data          28  fault-hal.o(.rodata.str1.1)
    [Anonymous Symbol]                       0x10005b02   Section        0  fault-hal.o(.rodata.str1.1)
    .L.str.5                                 0x10005b1e   Data          28  fault-hal.o(.rodata.str1.1)
    .L.str.8                                 0x10005b3a   Data          28  fault-hal.o(.rodata.str1.1)
    .L.str.9                                 0x10005b56   Data          28  fault-hal.o(.rodata.str1.1)
    .L.str.14                                0x10005b72   Data          28  fault-hal.o(.rodata.str1.1)
    .L.str.12                                0x10005b8e   Data          28  fault-hal.o(.rodata.str1.1)
    .L.str.11                                0x10005baa   Data          28  fault-hal.o(.rodata.str1.1)
    .L.str.2                                 0x10005bc6   Data          28  fault-hal.o(.rodata.str1.1)
    .L.str.17                                0x10005be2   Data          28  fault-hal.o(.rodata.str1.1)
    .L.str.15                                0x10005bfe   Data          28  fault-hal.o(.rodata.str1.1)
    .L.str.3                                 0x10005c1a   Data          28  fault-hal.o(.rodata.str1.1)
    .L.str.18                                0x10005c36   Data          28  fault-hal.o(.rodata.str1.1)
    .L.str.20                                0x10005c52   Data          27  fault-hal.o(.rodata.str1.1)
    .L.str.16                                0x10005c79   Data          29  fault-hal.o(.rodata.str1.1)
    .L.str.10                                0x10005c96   Data          29  fault-hal.o(.rodata.str1.1)
    .L.str.13                                0x10005cb3   Data          29  fault-hal.o(.rodata.str1.1)
    .L.str.4                                 0x10005cd0   Data          29  fault-hal.o(.rodata.str1.1)
    .L.str.7                                 0x10005ced   Data          29  fault-hal.o(.rodata.str1.1)
    .L.str.19                                0x10005d04   Data          12  fault-hal.o(.rodata.str1.1)
    .L.str.1                                 0x10005d0a   Data          29  fault-hal.o(.rodata.str1.1)
    .L.str                                   0x10005d27   Data           5  tasks.o(.rodata.str1.1)
    [Anonymous Symbol]                       0x10005d27   Section        0  tasks.o(.rodata.str1.1)
    .L.str                                   0x10005d2c   Data           8  timers.o(.rodata.str1.1)
    [Anonymous Symbol]                       0x10005d2c   Section        0  timers.o(.rodata.str1.1)
    uxTopUsedPriority                        0x10005d34   Data           4  tasks.o(.rodata.uxTopUsedPriority)
    [Anonymous Symbol]                       0x10005d34   Section        0  tasks.o(.rodata.uxTopUsedPriority)
    fd_msp_stack_parser                      0x38000004   Data           4  fault-dump.o(.data.fd_msp_stack_parser)
    [Anonymous Symbol]                       0x38000004   Section        0  fault-dump.o(.data.fd_msp_stack_parser)
    fd_psp_stack_parser                      0x38000008   Data           4  fault-dump.o(.data.fd_psp_stack_parser)
    [Anonymous Symbol]                       0x38000008   Section        0  fault-dump.o(.data.fd_psp_stack_parser)
    ulCriticalNesting                        0x3800000c   Data           4  port.o(.data.ulCriticalNesting)
    [Anonymous Symbol]                       0x3800000c   Section        0  port.o(.data.ulCriticalNesting)
    fault_dump_handler.buffer                0x38000010   Data         256  fault-dump.o(.bss.fault_dump_handler.buffer)
    [Anonymous Symbol]                       0x38000010   Section        0  fault-dump.o(.bss.fault_dump_handler.buffer)
    fault_dump_handler.frame                 0x38000110   Data          64  fault-dump.o(.bss.fault_dump_handler.frame)
    [Anonymous Symbol]                       0x38000110   Section        0  fault-dump.o(.bss.fault_dump_handler.frame)
    main_task_init.main_task                 0x38000158   Data           4  main.o(.bss.main_task_init.main_task)
    [Anonymous Symbol]                       0x38000158   Section        0  main.o(.bss.main_task_init.main_task)
    prvCheckForValidListAndQueue.ucStaticTimerQueueStorage 0x3800015c   Data         160  timers.o(.bss.prvCheckForValidListAndQueue.ucStaticTimerQueueStorage)
    [Anonymous Symbol]                       0x3800015c   Section        0  timers.o(.bss.prvCheckForValidListAndQueue.ucStaticTimerQueueStorage)
    prvCheckForValidListAndQueue.xStaticTimerQueue 0x380001fc   Data          92  timers.o(.bss.prvCheckForValidListAndQueue.xStaticTimerQueue)
    [Anonymous Symbol]                       0x380001fc   Section        0  timers.o(.bss.prvCheckForValidListAndQueue.xStaticTimerQueue)
    prvSampleTimeNow.xLastTime               0x38000258   Data           4  timers.o(.bss.prvSampleTimeNow.xLastTime)
    [Anonymous Symbol]                       0x38000258   Section        0  timers.o(.bss.prvSampleTimeNow.xLastTime)
    __tagsym$$used.1                         0x3800025c   Number         0  tasks.o(.bss.pxCurrentTCB)
    pxCurrentTimerList                       0x38000260   Data           4  timers.o(.bss.pxCurrentTimerList)
    [Anonymous Symbol]                       0x38000260   Section        0  timers.o(.bss.pxCurrentTimerList)
    pxDelayedTaskList                        0x38000264   Data           4  tasks.o(.bss.pxDelayedTaskList)
    [Anonymous Symbol]                       0x38000264   Section        0  tasks.o(.bss.pxDelayedTaskList)
    pxEnd                                    0x38000268   Data           4  heap_4.o(.bss.pxEnd)
    [Anonymous Symbol]                       0x38000268   Section        0  heap_4.o(.bss.pxEnd)
    pxOverflowDelayedTaskList                0x3800026c   Data           4  tasks.o(.bss.pxOverflowDelayedTaskList)
    [Anonymous Symbol]                       0x3800026c   Section        0  tasks.o(.bss.pxOverflowDelayedTaskList)
    pxOverflowTimerList                      0x38000270   Data           4  timers.o(.bss.pxOverflowTimerList)
    [Anonymous Symbol]                       0x38000270   Section        0  timers.o(.bss.pxOverflowTimerList)
    pxReadyTasksLists                        0x38000274   Data         140  tasks.o(.bss.pxReadyTasksLists)
    [Anonymous Symbol]                       0x38000274   Section        0  tasks.o(.bss.pxReadyTasksLists)
    ulStoppedTimerCompensation               0x38008300   Data           4  port.o(.bss.ulStoppedTimerCompensation)
    [Anonymous Symbol]                       0x38008300   Section        0  port.o(.bss.ulStoppedTimerCompensation)
    ulTimerCountsForOneTick                  0x38008304   Data           4  port.o(.bss.ulTimerCountsForOneTick)
    [Anonymous Symbol]                       0x38008304   Section        0  port.o(.bss.ulTimerCountsForOneTick)
    uxCurrentNumberOfTasks                   0x38008308   Data           4  tasks.o(.bss.uxCurrentNumberOfTasks)
    [Anonymous Symbol]                       0x38008308   Section        0  tasks.o(.bss.uxCurrentNumberOfTasks)
    uxDeletedTasksWaitingCleanUp             0x3800830c   Data           4  tasks.o(.bss.uxDeletedTasksWaitingCleanUp)
    [Anonymous Symbol]                       0x3800830c   Section        0  tasks.o(.bss.uxDeletedTasksWaitingCleanUp)
    uxSchedulerSuspended                     0x38008310   Data           4  tasks.o(.bss.uxSchedulerSuspended)
    [Anonymous Symbol]                       0x38008310   Section        0  tasks.o(.bss.uxSchedulerSuspended)
    uxTaskNumber                             0x38008314   Data           4  tasks.o(.bss.uxTaskNumber)
    [Anonymous Symbol]                       0x38008314   Section        0  tasks.o(.bss.uxTaskNumber)
    uxTopReadyPriority                       0x38008318   Data           4  tasks.o(.bss.uxTopReadyPriority)
    [Anonymous Symbol]                       0x38008318   Section        0  tasks.o(.bss.uxTopReadyPriority)
    vApplicationGetIdleTaskMemory.uxIdleTaskStack 0x3800831c   Data         512  tasks.o(.bss.vApplicationGetIdleTaskMemory.uxIdleTaskStack)
    [Anonymous Symbol]                       0x3800831c   Section        0  tasks.o(.bss.vApplicationGetIdleTaskMemory.uxIdleTaskStack)
    vApplicationGetIdleTaskMemory.xIdleTaskTCB 0x3800851c   Data          76  tasks.o(.bss.vApplicationGetIdleTaskMemory.xIdleTaskTCB)
    [Anonymous Symbol]                       0x3800851c   Section        0  tasks.o(.bss.vApplicationGetIdleTaskMemory.xIdleTaskTCB)
    vApplicationGetTimerTaskMemory.uxTimerTaskStack 0x38008568   Data         512  tasks.o(.bss.vApplicationGetTimerTaskMemory.uxTimerTaskStack)
    [Anonymous Symbol]                       0x38008568   Section        0  tasks.o(.bss.vApplicationGetTimerTaskMemory.uxTimerTaskStack)
    vApplicationGetTimerTaskMemory.xTimerTaskTCB 0x38008768   Data          76  tasks.o(.bss.vApplicationGetTimerTaskMemory.xTimerTaskTCB)
    [Anonymous Symbol]                       0x38008768   Section        0  tasks.o(.bss.vApplicationGetTimerTaskMemory.xTimerTaskTCB)
    xActiveTimerList1                        0x380087b4   Data          28  timers.o(.bss.xActiveTimerList1)
    [Anonymous Symbol]                       0x380087b4   Section        0  timers.o(.bss.xActiveTimerList1)
    xActiveTimerList2                        0x380087d0   Data          28  timers.o(.bss.xActiveTimerList2)
    [Anonymous Symbol]                       0x380087d0   Section        0  timers.o(.bss.xActiveTimerList2)
    xDelayedTaskList1                        0x380087ec   Data          28  tasks.o(.bss.xDelayedTaskList1)
    [Anonymous Symbol]                       0x380087ec   Section        0  tasks.o(.bss.xDelayedTaskList1)
    xDelayedTaskList2                        0x38008808   Data          28  tasks.o(.bss.xDelayedTaskList2)
    [Anonymous Symbol]                       0x38008808   Section        0  tasks.o(.bss.xDelayedTaskList2)
    xFreeBytesRemaining                      0x38008824   Data           4  heap_4.o(.bss.xFreeBytesRemaining)
    [Anonymous Symbol]                       0x38008824   Section        0  heap_4.o(.bss.xFreeBytesRemaining)
    xIdleTaskHandles                         0x38008828   Data           4  tasks.o(.bss.xIdleTaskHandles)
    [Anonymous Symbol]                       0x38008828   Section        0  tasks.o(.bss.xIdleTaskHandles)
    xMaximumPossibleSuppressedTicks          0x3800882c   Data           4  port.o(.bss.xMaximumPossibleSuppressedTicks)
    [Anonymous Symbol]                       0x3800882c   Section        0  port.o(.bss.xMaximumPossibleSuppressedTicks)
    xMinimumEverFreeBytesRemaining           0x38008830   Data           4  heap_4.o(.bss.xMinimumEverFreeBytesRemaining)
    [Anonymous Symbol]                       0x38008830   Section        0  heap_4.o(.bss.xMinimumEverFreeBytesRemaining)
    xNextTaskUnblockTime                     0x38008834   Data           4  tasks.o(.bss.xNextTaskUnblockTime)
    [Anonymous Symbol]                       0x38008834   Section        0  tasks.o(.bss.xNextTaskUnblockTime)
    xNumOfOverflows                          0x38008838   Data           4  tasks.o(.bss.xNumOfOverflows)
    [Anonymous Symbol]                       0x38008838   Section        0  tasks.o(.bss.xNumOfOverflows)
    xNumberOfSuccessfulAllocations           0x3800883c   Data           4  heap_4.o(.bss.xNumberOfSuccessfulAllocations)
    [Anonymous Symbol]                       0x3800883c   Section        0  heap_4.o(.bss.xNumberOfSuccessfulAllocations)
    xNumberOfSuccessfulFrees                 0x38008840   Data           4  heap_4.o(.bss.xNumberOfSuccessfulFrees)
    [Anonymous Symbol]                       0x38008840   Section        0  heap_4.o(.bss.xNumberOfSuccessfulFrees)
    xPendedTicks                             0x38008844   Data           4  tasks.o(.bss.xPendedTicks)
    [Anonymous Symbol]                       0x38008844   Section        0  tasks.o(.bss.xPendedTicks)
    xPendingReadyList                        0x38008848   Data          28  tasks.o(.bss.xPendingReadyList)
    [Anonymous Symbol]                       0x38008848   Section        0  tasks.o(.bss.xPendingReadyList)
    xSchedulerRunning                        0x38008864   Data           4  tasks.o(.bss.xSchedulerRunning)
    [Anonymous Symbol]                       0x38008864   Section        0  tasks.o(.bss.xSchedulerRunning)
    xStart                                   0x38008868   Data           8  heap_4.o(.bss.xStart)
    [Anonymous Symbol]                       0x38008868   Section        0  heap_4.o(.bss.xStart)
    xSuspendedTaskList                       0x38008870   Data          28  tasks.o(.bss.xSuspendedTaskList)
    [Anonymous Symbol]                       0x38008870   Section        0  tasks.o(.bss.xSuspendedTaskList)
    xTasksWaitingTermination                 0x3800888c   Data          28  tasks.o(.bss.xTasksWaitingTermination)
    [Anonymous Symbol]                       0x3800888c   Section        0  tasks.o(.bss.xTasksWaitingTermination)
    xTickCount                               0x380088a8   Data           4  tasks.o(.bss.xTickCount)
    [Anonymous Symbol]                       0x380088a8   Section        0  tasks.o(.bss.xTickCount)
    xTimerQueue                              0x380088ac   Data           4  timers.o(.bss.xTimerQueue)
    [Anonymous Symbol]                       0x380088ac   Section        0  timers.o(.bss.xTimerQueue)
    xTimerTaskHandle                         0x380088b0   Data           4  timers.o(.bss.xTimerTaskHandle)
    [Anonymous Symbol]                       0x380088b0   Section        0  timers.o(.bss.xTimerTaskHandle)
    xYieldPendings                           0x380088b4   Data           4  tasks.o(.bss.xYieldPendings)
    [Anonymous Symbol]                       0x380088b4   Section        0  tasks.o(.bss.xYieldPendings)
    STACK                                    0x380088b8   Section     4096  startup_ARMCM33.o(STACK)

    Global Symbols

    Symbol Name                              Value     Ov Type        Size  Object(Section)

    BuildAttributes$$THM_ISAv4$E$P$D$K$B$S$7EM$8M$VFPi5$EXTD16$VFPS$VFMA$PE$A:L22UL41UL21$X:L11$S22US41US21$IEEE1$IW$~IW$USESV6$~STKCKD$USESV7$WCHAR32$ENUMINT$~SHL$OSPACE$ROPI$EBA8$MICROLIB$REQ8$PRES8$EABIv2 0x00000000   Number         0  anon$$obj.o ABSOLUTE
    __cpp_initialize__aeabi_                  - Undefined Weak Reference
    __cxa_finalize                            - Undefined Weak Reference
    __decompress                              - Undefined Weak Reference
    _clock_init                               - Undefined Weak Reference
    _microlib_exit                            - Undefined Weak Reference
    __Vectors_Size                           0x0000023c   Number         0  startup_ARMCM33.o ABSOLUTE
    STACK$$Length                            0x00001000   Number         0  anon$$obj.o ABSOLUTE
    Image$$ER_IROM1$$Length                  0x00005d58   Number         0  anon$$obj.o ABSOLUTE
    Image$$ER_IROM1$$Base                    0x10000000   Number         0  anon$$obj.o ABSOLUTE
    __Vectors                                0x10000000   Data           4  startup_ARMCM33.o(RESET)
    __Vectors_End                            0x1000023c   Data           0  startup_ARMCM33.o(RESET)
    __main                                   0x1000023d   Thumb Code     0  entry.o(.ARM.Collect$$$$00000000)
    _main_stk                                0x1000023d   Thumb Code     0  entry2.o(.ARM.Collect$$$$00000001)
    _main_scatterload                        0x10000241   Thumb Code     0  entry5.o(.ARM.Collect$$$$00000004)
    __main_after_scatterload                 0x10000245   Thumb Code     0  entry5.o(.ARM.Collect$$$$00000004)
    _main_clock                              0x10000245   Thumb Code     0  entry7b.o(.ARM.Collect$$$$00000008)
    _main_cpp_init                           0x10000245   Thumb Code     0  entry8b.o(.ARM.Collect$$$$0000000A)
    _main_init                               0x10000245   Thumb Code     0  entry9a.o(.ARM.Collect$$$$0000000B)
    __rt_final_cpp                           0x1000024d   Thumb Code     0  entry10a.o(.ARM.Collect$$$$0000000D)
    __rt_final_exit                          0x1000024d   Thumb Code     0  entry11a.o(.ARM.Collect$$$$0000000F)
    Reset_Handler                            0x10000251   Thumb Code     8  startup_ARMCM33.o(.text)
    NMI_Handler                              0x10000259   Thumb Code     2  startup_ARMCM33.o(.text)
    MemManage_Handler                        0x1000025d   Thumb Code     2  startup_ARMCM33.o(.text)
    BusFault_Handler                         0x1000025f   Thumb Code     2  startup_ARMCM33.o(.text)
    UsageFault_Handler                       0x10000261   Thumb Code     2  startup_ARMCM33.o(.text)
    SecureFault_Handler                      0x10000263   Thumb Code     2  startup_ARMCM33.o(.text)
    DebugMon_Handler                         0x10000267   Thumb Code     2  startup_ARMCM33.o(.text)
    BRIDGE_ERROR_Handler                     0x1000026d   Thumb Code     0  startup_ARMCM33.o(.text)
    DMA0_ERROR_Handler                       0x1000026d   Thumb Code     0  startup_ARMCM33.o(.text)
    DMA0_Handler                             0x1000026d   Thumb Code     0  startup_ARMCM33.o(.text)
    DMA0_TC_Handler                          0x1000026d   Thumb Code     0  startup_ARMCM33.o(.text)
    DMA1_ERROR_Handler                       0x1000026d   Thumb Code     0  startup_ARMCM33.o(.text)
    DMA1_Handler                             0x1000026d   Thumb Code     0  startup_ARMCM33.o(.text)
    DMA1_TC_Handler                          0x1000026d   Thumb Code     0  startup_ARMCM33.o(.text)
    DMA2_ERROR_Handler                       0x1000026d   Thumb Code     0  startup_ARMCM33.o(.text)
    DMA2_Handler                             0x1000026d   Thumb Code     0  startup_ARMCM33.o(.text)
    DMA2_TC_Handler                          0x1000026d   Thumb Code     0  startup_ARMCM33.o(.text)
    DMA3_ERROR_Handler                       0x1000026d   Thumb Code     0  startup_ARMCM33.o(.text)
    DMA3_Handler                             0x1000026d   Thumb Code     0  startup_ARMCM33.o(.text)
    DMA3_TC_Handler                          0x1000026d   Thumb Code     0  startup_ARMCM33.o(.text)
    DUALTIMER_Handler                        0x1000026d   Thumb Code     0  startup_ARMCM33.o(.text)
    ETHERNET_Handler                         0x1000026d   Thumb Code     0  startup_ARMCM33.o(.text)
    GPIO0_0_Handler                          0x1000026d   Thumb Code     0  startup_ARMCM33.o(.text)
    GPIO0_10_Handler                         0x1000026d   Thumb Code     0  startup_ARMCM33.o(.text)
    GPIO0_11_Handler                         0x1000026d   Thumb Code     0  startup_ARMCM33.o(.text)
    GPIO0_12_Handler                         0x1000026d   Thumb Code     0  startup_ARMCM33.o(.text)
    GPIO0_13_Handler                         0x1000026d   Thumb Code     0  startup_ARMCM33.o(.text)
    GPIO0_14_Handler                         0x1000026d   Thumb Code     0  startup_ARMCM33.o(.text)
    GPIO0_15_Handler                         0x1000026d   Thumb Code     0  startup_ARMCM33.o(.text)
    GPIO0_1_Handler                          0x1000026d   Thumb Code     0  startup_ARMCM33.o(.text)
    GPIO0_2_Handler                          0x1000026d   Thumb Code     0  startup_ARMCM33.o(.text)
    GPIO0_3_Handler                          0x1000026d   Thumb Code     0  startup_ARMCM33.o(.text)
    GPIO0_4_Handler                          0x1000026d   Thumb Code     0  startup_ARMCM33.o(.text)
    GPIO0_5_Handler                          0x1000026d   Thumb Code     0  startup_ARMCM33.o(.text)
    GPIO0_6_Handler                          0x1000026d   Thumb Code     0  startup_ARMCM33.o(.text)
    GPIO0_7_Handler                          0x1000026d   Thumb Code     0  startup_ARMCM33.o(.text)
    GPIO0_8_Handler                          0x1000026d   Thumb Code     0  startup_ARMCM33.o(.text)
    GPIO0_9_Handler                          0x1000026d   Thumb Code     0  startup_ARMCM33.o(.text)
    GPIO0_Handler                            0x1000026d   Thumb Code     0  startup_ARMCM33.o(.text)
    GPIO1_0_Handler                          0x1000026d   Thumb Code     0  startup_ARMCM33.o(.text)
    GPIO1_10_Handler                         0x1000026d   Thumb Code     0  startup_ARMCM33.o(.text)
    GPIO1_11_Handler                         0x1000026d   Thumb Code     0  startup_ARMCM33.o(.text)
    GPIO1_12_Handler                         0x1000026d   Thumb Code     0  startup_ARMCM33.o(.text)
    GPIO1_13_Handler                         0x1000026d   Thumb Code     0  startup_ARMCM33.o(.text)
    GPIO1_14_Handler                         0x1000026d   Thumb Code     0  startup_ARMCM33.o(.text)
    GPIO1_15_Handler                         0x1000026d   Thumb Code     0  startup_ARMCM33.o(.text)
    GPIO1_1_Handler                          0x1000026d   Thumb Code     0  startup_ARMCM33.o(.text)
    GPIO1_2_Handler                          0x1000026d   Thumb Code     0  startup_ARMCM33.o(.text)
    GPIO1_3_Handler                          0x1000026d   Thumb Code     0  startup_ARMCM33.o(.text)
    GPIO1_4_Handler                          0x1000026d   Thumb Code     0  startup_ARMCM33.o(.text)
    GPIO1_5_Handler                          0x1000026d   Thumb Code     0  startup_ARMCM33.o(.text)
    GPIO1_6_Handler                          0x1000026d   Thumb Code     0  startup_ARMCM33.o(.text)
    GPIO1_7_Handler                          0x1000026d   Thumb Code     0  startup_ARMCM33.o(.text)
    GPIO1_8_Handler                          0x1000026d   Thumb Code     0  startup_ARMCM33.o(.text)
    GPIO1_9_Handler                          0x1000026d   Thumb Code     0  startup_ARMCM33.o(.text)
    GPIO1_Handler                            0x1000026d   Thumb Code     0  startup_ARMCM33.o(.text)
    GPIO2_0_Handler                          0x1000026d   Thumb Code     0  startup_ARMCM33.o(.text)
    GPIO2_10_Handler                         0x1000026d   Thumb Code     0  startup_ARMCM33.o(.text)
    GPIO2_11_Handler                         0x1000026d   Thumb Code     0  startup_ARMCM33.o(.text)
    GPIO2_12_Handler                         0x1000026d   Thumb Code     0  startup_ARMCM33.o(.text)
    GPIO2_13_Handler                         0x1000026d   Thumb Code     0  startup_ARMCM33.o(.text)
    GPIO2_14_Handler                         0x1000026d   Thumb Code     0  startup_ARMCM33.o(.text)
    GPIO2_15_Handler                         0x1000026d   Thumb Code     0  startup_ARMCM33.o(.text)
    GPIO2_1_Handler                          0x1000026d   Thumb Code     0  startup_ARMCM33.o(.text)
    GPIO2_2_Handler                          0x1000026d   Thumb Code     0  startup_ARMCM33.o(.text)
    GPIO2_3_Handler                          0x1000026d   Thumb Code     0  startup_ARMCM33.o(.text)
    GPIO2_4_Handler                          0x1000026d   Thumb Code     0  startup_ARMCM33.o(.text)
    GPIO2_5_Handler                          0x1000026d   Thumb Code     0  startup_ARMCM33.o(.text)
    GPIO2_6_Handler                          0x1000026d   Thumb Code     0  startup_ARMCM33.o(.text)
    GPIO2_7_Handler                          0x1000026d   Thumb Code     0  startup_ARMCM33.o(.text)
    GPIO2_8_Handler                          0x1000026d   Thumb Code     0  startup_ARMCM33.o(.text)
    GPIO2_9_Handler                          0x1000026d   Thumb Code     0  startup_ARMCM33.o(.text)
    GPIO2_Handler                            0x1000026d   Thumb Code     0  startup_ARMCM33.o(.text)
    GPIO3_0_Handler                          0x1000026d   Thumb Code     0  startup_ARMCM33.o(.text)
    GPIO3_1_Handler                          0x1000026d   Thumb Code     0  startup_ARMCM33.o(.text)
    GPIO3_2_Handler                          0x1000026d   Thumb Code     0  startup_ARMCM33.o(.text)
    GPIO3_3_Handler                          0x1000026d   Thumb Code     0  startup_ARMCM33.o(.text)
    GPIO3_Handler                            0x1000026d   Thumb Code     0  startup_ARMCM33.o(.text)
    I2S0_Handler                             0x1000026d   Thumb Code     0  startup_ARMCM33.o(.text)
    I2S1_Handler                             0x1000026d   Thumb Code     0  startup_ARMCM33.o(.text)
    MPC_Handler                              0x1000026d   Thumb Code     0  startup_ARMCM33.o(.text)
    MSC_Handler                              0x1000026d   Thumb Code     0  startup_ARMCM33.o(.text)
    NONSEC_WATCHDOG_Handler                  0x1000026d   Thumb Code     0  startup_ARMCM33.o(.text)
    NONSEC_WATCHDOG_RESET_Handler            0x1000026d   Thumb Code     0  startup_ARMCM33.o(.text)
    PPC_Handler                              0x1000026d   Thumb Code     0  startup_ARMCM33.o(.text)
    S32K_TIMER_Handler                       0x1000026d   Thumb Code     0  startup_ARMCM33.o(.text)
    SPI0_Handler                             0x1000026d   Thumb Code     0  startup_ARMCM33.o(.text)
    SPI1_Handler                             0x1000026d   Thumb Code     0  startup_ARMCM33.o(.text)
    SPI2_Handler                             0x1000026d   Thumb Code     0  startup_ARMCM33.o(.text)
    TIMER0_Handler                           0x1000026d   Thumb Code     0  startup_ARMCM33.o(.text)
    TIMER1_Handler                           0x1000026d   Thumb Code     0  startup_ARMCM33.o(.text)
    TSC_Handler                              0x1000026d   Thumb Code     0  startup_ARMCM33.o(.text)
    UART0RX_Handler                          0x1000026d   Thumb Code     0  startup_ARMCM33.o(.text)
    UART0TX_Handler                          0x1000026d   Thumb Code     0  startup_ARMCM33.o(.text)
    UART0_Handler                            0x1000026d   Thumb Code     0  startup_ARMCM33.o(.text)
    UART1RX_Handler                          0x1000026d   Thumb Code     0  startup_ARMCM33.o(.text)
    UART1TX_Handler                          0x1000026d   Thumb Code     0  startup_ARMCM33.o(.text)
    UART1_Handler                            0x1000026d   Thumb Code     0  startup_ARMCM33.o(.text)
    UART2RX_Handler                          0x1000026d   Thumb Code     0  startup_ARMCM33.o(.text)
    UART2TX_Handler                          0x1000026d   Thumb Code     0  startup_ARMCM33.o(.text)
    UART2_Handler                            0x1000026d   Thumb Code     0  startup_ARMCM33.o(.text)
    UART3RX_Handler                          0x1000026d   Thumb Code     0  startup_ARMCM33.o(.text)
    UART3TX_Handler                          0x1000026d   Thumb Code     0  startup_ARMCM33.o(.text)
    UART3_Handler                            0x1000026d   Thumb Code     0  startup_ARMCM33.o(.text)
    UART4RX_Handler                          0x1000026d   Thumb Code     0  startup_ARMCM33.o(.text)
    UART4TX_Handler                          0x1000026d   Thumb Code     0  startup_ARMCM33.o(.text)
    UART4_Handler                            0x1000026d   Thumb Code     0  startup_ARMCM33.o(.text)
    UART5RX_Handler                          0x1000026d   Thumb Code     0  startup_ARMCM33.o(.text)
    UART5TX_Handler                          0x1000026d   Thumb Code     0  startup_ARMCM33.o(.text)
    UART5_Handler                            0x1000026d   Thumb Code     0  startup_ARMCM33.o(.text)
    UARTOVF_Handler                          0x1000026d   Thumb Code     0  startup_ARMCM33.o(.text)
    USB_Handler                              0x1000026d   Thumb Code     0  startup_ARMCM33.o(.text)
    HardFault_Handler                        0x10000279   Thumb Code    58  fault-mdk.o(.text)
    __aeabi_uldivmod                         0x100002bd   Thumb Code    98  uldiv.o(.text)
    __aeabi_memcpy                           0x1000031f   Thumb Code    36  memcpya.o(.text)
    __aeabi_memcpy4                          0x1000031f   Thumb Code     0  memcpya.o(.text)
    __aeabi_memcpy8                          0x1000031f   Thumb Code     0  memcpya.o(.text)
    __aeabi_memset                           0x10000343   Thumb Code    14  memseta.o(.text)
    __aeabi_memset4                          0x10000343   Thumb Code     0  memseta.o(.text)
    __aeabi_memset8                          0x10000343   Thumb Code     0  memseta.o(.text)
    __aeabi_memclr                           0x10000351   Thumb Code     4  memseta.o(.text)
    __aeabi_memclr4                          0x10000351   Thumb Code     0  memseta.o(.text)
    __aeabi_memclr8                          0x10000351   Thumb Code     0  memseta.o(.text)
    _memset$wrapper                          0x10000355   Thumb Code    18  memseta.o(.text)
    __aeabi_dadd                             0x10000367   Thumb Code   322  dadd.o(.text)
    __aeabi_dsub                             0x100004a9   Thumb Code     6  dadd.o(.text)
    __aeabi_drsub                            0x100004af   Thumb Code     6  dadd.o(.text)
    __aeabi_dmul                             0x100004b5   Thumb Code   228  dmul.o(.text)
    __aeabi_ddiv                             0x10000599   Thumb Code   222  ddiv.o(.text)
    __aeabi_dcmple                           0x10000677   Thumb Code    54  dcmple.o(.text)
    __aeabi_dcmplt                           0x100006ad   Thumb Code    54  dcmplt.o(.text)
    __aeabi_dcmpge                           0x100006e3   Thumb Code    54  dcmpge.o(.text)
    __aeabi_dcmpgt                           0x10000719   Thumb Code    54  dcmpgt.o(.text)
    __aeabi_dcmpeq                           0x1000074f   Thumb Code    56  dcmpeq.o(.text)
    __aeabi_i2d                              0x10000787   Thumb Code    34  dflti.o(.text)
    __aeabi_ui2d                             0x100007a9   Thumb Code    26  dfltui.o(.text)
    __aeabi_d2iz                             0x100007c3   Thumb Code    62  dfixi.o(.text)
    __aeabi_d2uiz                            0x10000801   Thumb Code    50  dfixui.o(.text)
    __aeabi_llsl                             0x10000833   Thumb Code    30  llshl.o(.text)
    _ll_shift_l                              0x10000833   Thumb Code     0  llshl.o(.text)
    __aeabi_llsr                             0x10000851   Thumb Code    32  llushr.o(.text)
    _ll_ushift_r                             0x10000851   Thumb Code     0  llushr.o(.text)
    __aeabi_lasr                             0x10000871   Thumb Code    36  llsshr.o(.text)
    _ll_sshift_r                             0x10000871   Thumb Code     0  llsshr.o(.text)
    __I$use$fp                               0x10000895   Thumb Code     0  iusefp.o(.text)
    _double_round                            0x10000895   Thumb Code    30  depilogue.o(.text)
    _double_epilogue                         0x100008b3   Thumb Code   156  depilogue.o(.text)
    __scatterload                            0x10000951   Thumb Code    38  init.o(.text)
    __scatterload_rt2                        0x10000951   Thumb Code     0  init.o(.text)
    PendSV_Handler                           0x10000981   Thumb Code    68  portasm.o(.text.PendSV_Handler)
    SVC_Handler                              0x100009c9   Thumb Code    18  portasm.o(.text.SVC_Handler)
    SysTick_Handler                          0x100009e1   Thumb Code    46  port.o(.text.SysTick_Handler)
    SystemInit                               0x10000a11   Thumb Code    54  system_ARMCM33.o(.text.SystemInit)
    dump_callstack                           0x10002669   Thumb Code   146  main.o(.text.dump_callstack)
    eTaskConfirmSleepModeStatus              0x1000271d   Thumb Code   116  tasks.o(.text.eTaskConfirmSleepModeStatus)
    fault_dump_bm_stack_point                0x10002791   Thumb Code    14  fault-dump.o(.text.fault_dump_bm_stack_point)
    fault_dump_bm_stack_start                0x100027a1   Thumb Code    20  fault-dump.o(.text.fault_dump_bm_stack_start)
    fault_dump_callstack                     0x100027b5   Thumb Code   264  fault-dump.o(.text.fault_dump_callstack)
    fault_dump_exc_return                    0x100028bd   Thumb Code   344  fault-hal.o(.text.fault_dump_exc_return)
    fault_dump_handler                       0x10002a15   Thumb Code   718  fault-dump.o(.text.fault_dump_handler)
    fault_dump_init                          0x10002ce5   Thumb Code    98  fault-dump.o(.text.fault_dump_init)
    fault_dump_unalign                       0x10002d81   Thumb Code    96  fault-hal.o(.text.fault_dump_unalign)
    fault_dump_using_msp                     0x10002de1   Thumb Code    40  fault-hal.o(.text.fault_dump_using_msp)
    main                                     0x10002e09   Thumb Code    58  main.o(.text.main)
    printf                                   0x10002f3d   Thumb Code    60  printf.o(.text.printf)
    put_char                                 0x10003fad   Thumb Code    40  uart.o(.text.put_char)
    pvPortMalloc                             0x10003fd5   Thumb Code   438  heap_4.o(.text.pvPortMalloc)
    pxPortInitialiseStack                    0x1000418d   Thumb Code   266  port.o(.text.pxPortInitialiseStack)
    test0                                    0x100042bd   Thumb Code    32  main.o(.text.test0)
    test1                                    0x100042dd   Thumb Code    28  main.o(.text.test1)
    test2                                    0x100042f9   Thumb Code    28  main.o(.text.test2)
    test3                                    0x10004315   Thumb Code    28  main.o(.text.test3)
    test4                                    0x10004331   Thumb Code    28  main.o(.text.test4)
    test5                                    0x1000434d   Thumb Code    28  main.o(.text.test5)
    uart_init                                0x10004369   Thumb Code    64  uart.o(.text.uart_init)
    ulSetInterruptMask                       0x100043a9   Thumb Code    22  portasm.o(.text.ulSetInterruptMask)
    uxListRemove                             0x100043c1   Thumb Code    72  list.o(.text.uxListRemove)
    uxTaskGetNumberOfTasks                   0x10004409   Thumb Code    12  tasks.o(.text.uxTaskGetNumberOfTasks)
    vApplicationGetIdleTaskMemory            0x10004415   Thumb Code    42  tasks.o(.text.vApplicationGetIdleTaskMemory)
    vApplicationGetTimerTaskMemory           0x10004441   Thumb Code    42  tasks.o(.text.vApplicationGetTimerTaskMemory)
    vClearInterruptMask                      0x1000446d   Thumb Code    14  portasm.o(.text.vClearInterruptMask)
    vListInitialise                          0x1000447d   Thumb Code    54  list.o(.text.vListInitialise)
    vListInitialiseItem                      0x100044b5   Thumb Code    14  list.o(.text.vListInitialiseItem)
    vListInsert                              0x100044c5   Thumb Code   106  list.o(.text.vListInsert)
    vPortEnterCritical                       0x10004531   Thumb Code    30  port.o(.text.vPortEnterCritical)
    vPortExitCritical                        0x10004551   Thumb Code    32  port.o(.text.vPortExitCritical)
    vPortFree                                0x10004571   Thumb Code   118  heap_4.o(.text.vPortFree)
    vPortSVCHandler_C                        0x100045e9   Thumb Code    44  port.o(.text.vPortSVCHandler_C)
    vPortSetupTimerInterrupt                 0x10004615   Thumb Code    90  port.o(.text.vPortSetupTimerInterrupt)
    vPortSuppressTicksAndSleep               0x10004671   Thumb Code   548  port.o(.text.vPortSuppressTicksAndSleep)
    vPortYield                               0x10004895   Thumb Code    24  port.o(.text.vPortYield)
    vQueueWaitForMessageRestricted           0x100048ad   Thumb Code   100  queue.o(.text.vQueueWaitForMessageRestricted)
    vRestoreContextOfFirstTask               0x10004911   Thumb Code    38  portasm.o(.text.vRestoreContextOfFirstTask)
    vStartFirstTask                          0x1000493d   Thumb Code    26  portasm.o(.text.vStartFirstTask)
    vTaskDelay                               0x1000495d   Thumb Code    56  tasks.o(.text.vTaskDelay)
    vTaskInternalSetTimeOutState             0x10004995   Thumb Code    36  tasks.o(.text.vTaskInternalSetTimeOutState)
    vTaskMissedYield                         0x100049b9   Thumb Code    14  tasks.o(.text.vTaskMissedYield)
    vTaskPlaceOnEventList                    0x100049c9   Thumb Code    38  tasks.o(.text.vTaskPlaceOnEventList)
    vTaskPlaceOnEventListRestricted          0x100049f1   Thumb Code   100  tasks.o(.text.vTaskPlaceOnEventListRestricted)
    vTaskStartScheduler                      0x10004a55   Thumb Code   100  tasks.o(.text.vTaskStartScheduler)
    vTaskStepTick                            0x10004ab9   Thumb Code    92  tasks.o(.text.vTaskStepTick)
    vTaskSuspendAll                          0x10004b15   Thumb Code    16  tasks.o(.text.vTaskSuspendAll)
    vTaskSwitchContext                       0x10004b25   Thumb Code   186  tasks.o(.text.vTaskSwitchContext)
    xPortStartScheduler                      0x10004be1   Thumb Code    88  port.o(.text.xPortStartScheduler)
    xQueueGenericCreateStatic                0x10004c39   Thumb Code   108  queue.o(.text.xQueueGenericCreateStatic)
    xQueueGenericReset                       0x10004ca5   Thumb Code   190  queue.o(.text.xQueueGenericReset)
    xQueueReceive                            0x10004d65   Thumb Code   302  queue.o(.text.xQueueReceive)
    xTaskCheckForTimeOut                     0x10004e95   Thumb Code   196  tasks.o(.text.xTaskCheckForTimeOut)
    xTaskCreate                              0x10004f59   Thumb Code    82  tasks.o(.text.xTaskCreate)
    xTaskCreateStatic                        0x10004fad   Thumb Code    92  tasks.o(.text.xTaskCreateStatic)
    xTaskGetTickCount                        0x10005009   Thumb Code    20  tasks.o(.text.xTaskGetTickCount)
    xTaskIncrementTick                       0x1000501d   Thumb Code   606  tasks.o(.text.xTaskIncrementTick)
    xTaskPriorityDisinherit                  0x1000527d   Thumb Code   242  tasks.o(.text.xTaskPriorityDisinherit)
    xTaskRemoveFromEventList                 0x10005371   Thumb Code   410  tasks.o(.text.xTaskRemoveFromEventList)
    xTaskResumeAll                           0x1000550d   Thumb Code   556  tasks.o(.text.xTaskResumeAll)
    xTimerCreateTimerTask                    0x10005739   Thumb Code   120  timers.o(.text.xTimerCreateTimerTask)
    __scatterload_copy                       0x100057b1   Thumb Code    14  handlers.o(i.__scatterload_copy)
    __scatterload_null                       0x100057bf   Thumb Code     2  handlers.o(i.__scatterload_null)
    __scatterload_zeroinit                   0x100057c1   Thumb Code    14  handlers.o(i.__scatterload_zeroinit)
    Region$$Table$$Base                      0x10005d38   Number         0  anon$$obj.o(Region$$Table)
    Region$$Table$$Limit                     0x10005d58   Number         0  anon$$obj.o(Region$$Table)
    SystemCoreClock                          0x38000000   Data           4  system_ARMCM33.o(.data.SystemCoreClock)
    fd_main_stack_base                       0x38000150   Data           4  fault-dump.o(.bss.fd_main_stack_base)
    fd_main_stack_full                       0x38000154   Data           4  fault-dump.o(.bss.fd_main_stack_full)
    pxCurrentTCB                             0x3800025c   Data           4  tasks.o(.bss.pxCurrentTCB)
    ucHeap                                   0x38000300   Data       32768  main.o(.bss.ucHeap)
    STACK$$Base                              0x380088b8   Number         0  startup_ARMCM33.o(STACK)
    __initial_sp                             0x380098b8   Data           0  startup_ARMCM33.o(STACK)



==============================================================================

Memory Map of the image

  Image Entry point : 0x1000023d

  Load Region LR_ROM (Base: 0x10000000, Size: 0x00005d68, Max: 0x00100000, ABSOLUTE)

    Execution Region ER_IROM1 (Base: 0x10000000, Size: 0x00005d58, Max: 0x00100000, ABSOLUTE)

    Base Addr    Size         Type   Attr      Idx    E Section Name        Object

    0x10000000   0x0000023c   Data   RO          668    RESET               startup_ARMCM33.o
    0x1000023c   0x00000000   Code   RO          679  * .ARM.Collect$$$$00000000  mc_w.l(entry.o)
    0x1000023c   0x00000004   Code   RO          717    .ARM.Collect$$$$00000001  mc_w.l(entry2.o)
    0x10000240   0x00000004   Code   RO          720    .ARM.Collect$$$$00000004  mc_w.l(entry5.o)
    0x10000244   0x00000000   Code   RO          722    .ARM.Collect$$$$00000008  mc_w.l(entry7b.o)
    0x10000244   0x00000000   Code   RO          724    .ARM.Collect$$$$0000000A  mc_w.l(entry8b.o)
    0x10000244   0x00000008   Code   RO          725    .ARM.Collect$$$$0000000B  mc_w.l(entry9a.o)
    0x1000024c   0x00000000   Code   RO          727    .ARM.Collect$$$$0000000D  mc_w.l(entry10a.o)
    0x1000024c   0x00000000   Code   RO          729    .ARM.Collect$$$$0000000F  mc_w.l(entry11a.o)
    0x1000024c   0x00000004   Code   RO          718    .ARM.Collect$$$$00002712  mc_w.l(entry2.o)
    0x10000250   0x00000028   Code   RO          669    .text               startup_ARMCM33.o
    0x10000278   0x00000044   Code   RO          675    .text               fault-mdk.o
    0x100002bc   0x00000062   Code   RO          685    .text               mc_w.l(uldiv.o)
    0x1000031e   0x00000024   Code   RO          687    .text               mc_w.l(memcpya.o)
    0x10000342   0x00000024   Code   RO          689    .text               mc_w.l(memseta.o)
    0x10000366   0x0000014e   Code   RO          693    .text               mf_w.l(dadd.o)
    0x100004b4   0x000000e4   Code   RO          695    .text               mf_w.l(dmul.o)
    0x10000598   0x000000de   Code   RO          697    .text               mf_w.l(ddiv.o)
    0x10000676   0x00000036   Code   RO          699    .text               mf_w.l(dcmple.o)
    0x100006ac   0x00000036   Code   RO          701    .text               mf_w.l(dcmplt.o)
    0x100006e2   0x00000036   Code   RO          703    .text               mf_w.l(dcmpge.o)
    0x10000718   0x00000036   Code   RO          705    .text               mf_w.l(dcmpgt.o)
    0x1000074e   0x00000038   Code   RO          707    .text               mf_w.l(dcmpeq.o)
    0x10000786   0x00000022   Code   RO          709    .text               mf_w.l(dflti.o)
    0x100007a8   0x0000001a   Code   RO          711    .text               mf_w.l(dfltui.o)
    0x100007c2   0x0000003e   Code   RO          713    .text               mf_w.l(dfixi.o)
    0x10000800   0x00000032   Code   RO          715    .text               mf_w.l(dfixui.o)
    0x10000832   0x0000001e   Code   RO          744    .text               mc_w.l(llshl.o)
    0x10000850   0x00000020   Code   RO          746    .text               mc_w.l(llushr.o)
    0x10000870   0x00000024   Code   RO          748    .text               mc_w.l(llsshr.o)
    0x10000894   0x00000000   Code   RO          750    .text               mc_w.l(iusefp.o)
    0x10000894   0x000000ba   Code   RO          751    .text               mf_w.l(depilogue.o)
    0x1000094e   0x00000002   PAD
    0x10000950   0x00000030   Code   RO          753    .text               mc_w.l(init.o)
    0x10000980   0x00000048   Code   RO          656    .text.PendSV_Handler  portasm.o
    0x100009c8   0x00000018   Code   RO          658    .text.SVC_Handler   portasm.o
    0x100009e0   0x0000002e   Code   RO          617    .text.SysTick_Handler  port.o
    0x10000a0e   0x00000002   PAD
    0x10000a10   0x00000036   Code   RO           39    .text.SystemInit    system_ARMCM33.o
    0x10000a46   0x00000002   PAD
    0x10000a48   0x0000003a   Code   RO           73    .text._atoi         printf.o
    0x10000a82   0x00000006   PAD
    0x10000a88   0x00000640   Code   RO           81    .text._etoa         printf.o
    0x100010c8   0x00000580   Code   RO           79    .text._ftoa         printf.o
    0x10001648   0x0000002e   Code   RO           71    .text._is_digit     printf.o
    0x10001676   0x00000002   PAD
    0x10001678   0x0000023c   Code   RO           85    .text._ntoa_format  printf.o
    0x100018b4   0x00000114   Code   RO           77    .text._ntoa_long    printf.o
    0x100019c8   0x00000138   Code   RO           75    .text._ntoa_long_long  printf.o
    0x10001b00   0x00000024   Code   RO           53    .text._out_char     printf.o
    0x10001b24   0x00000010   Code   RO           69    .text._out_null     printf.o
    0x10001b34   0x000000c0   Code   RO           87    .text._out_rev      printf.o
    0x10001bf4   0x00000044   Code   RO           83    .text._strnlen_s    printf.o
    0x10001c38   0x00000a30   Code   RO           51    .text._vsnprintf    printf.o
    0x10002668   0x00000092   Code   RO            6    .text.dump_callstack  main.o
    0x100026fa   0x00000002   PAD
    0x100026fc   0x0000001e   Code   RO          121    .text.dump_exc_return  fault-dump.o
    0x1000271a   0x00000002   PAD
    0x1000271c   0x00000074   Code   RO          381    .text.eTaskConfirmSleepModeStatus  tasks.o
    0x10002790   0x0000000e   Code   RO          131    .text.fault_dump_bm_stack_point  fault-dump.o
    0x1000279e   0x00000002   PAD
    0x100027a0   0x00000014   Code   RO          133    .text.fault_dump_bm_stack_start  fault-dump.o
    0x100027b4   0x00000108   Code   RO          125    .text.fault_dump_callstack  fault-dump.o
    0x100028bc   0x00000158   Code   RO          151    .text.fault_dump_exc_return  fault-hal.o
    0x10002a14   0x000002ce   Code   RO          119    .text.fault_dump_handler  fault-dump.o
    0x10002ce2   0x00000002   PAD
    0x10002ce4   0x00000062   Code   RO          117    .text.fault_dump_init  fault-dump.o
    0x10002d46   0x00000002   PAD
    0x10002d48   0x00000038   Code   RO          127    .text.fault_dump_opcode  fault-dump.o
    0x10002d80   0x00000060   Code   RO          157    .text.fault_dump_unalign  fault-hal.o
    0x10002de0   0x00000028   Code   RO          153    .text.fault_dump_using_msp  fault-hal.o
    0x10002e08   0x0000003a   Code   RO           20    .text.main          main.o
    0x10002e42   0x00000002   PAD
    0x10002e44   0x00000038   Code   RO           24    .text.main_task_entry  main.o
    0x10002e7c   0x00000054   Code   RO           22    .text.main_task_init  main.o
    0x10002ed0   0x0000006a   Code   RO          129    .text.opcode_is_bl_or_blx  fault-dump.o
    0x10002f3a   0x00000002   PAD
    0x10002f3c   0x0000003c   Code   RO           49    .text.printf        printf.o
    0x10002f78   0x0000010e   Code   RO          293    .text.prvAddCurrentTaskToDelayedList  tasks.o
    0x10003086   0x00000002   PAD
    0x10003088   0x00000158   Code   RO          277    .text.prvAddNewTaskToReadyList  tasks.o
    0x100031e0   0x0000007e   Code   RO          467    .text.prvCheckForValidListAndQueue  timers.o
    0x1000325e   0x00000002   PAD
    0x10003260   0x0000005a   Code   RO          327    .text.prvCheckTasksWaitingTermination  tasks.o
    0x100032ba   0x00000002   PAD
    0x100032bc   0x00000042   Code   RO          226    .text.prvCopyDataFromQueue  queue.o
    0x100032fe   0x00000002   PAD
    0x10003300   0x000000cc   Code   RO          212    .text.prvCopyDataToQueue  queue.o
    0x100033cc   0x000000c8   Code   RO          323    .text.prvCreateIdleTasks  tasks.o
    0x10003494   0x00000078   Code   RO          275    .text.prvCreateStaticTask  tasks.o
    0x1000350c   0x0000008e   Code   RO          281    .text.prvCreateTask  tasks.o
    0x1000359a   0x00000002   PAD
    0x1000359c   0x0000003c   Code   RO          287    .text.prvDeleteTCB  tasks.o
    0x100035d8   0x0000007a   Code   RO          429    .text.prvGetExpectedIdleTime  tasks.o
    0x10003652   0x00000002   PAD
    0x10003654   0x00000040   Code   RO          509    .text.prvGetNextExpireTime  timers.o
    0x10003694   0x000000aa   Code   RO          576    .text.prvHeapInit   heap_4.o
    0x1000373e   0x00000002   PAD
    0x10003740   0x00000058   Code   RO          427    .text.prvIdleTask   tasks.o
    0x10003798   0x00000044   Code   RO          188    .text.prvInitialiseNewQueue  queue.o
    0x100037dc   0x000000ea   Code   RO          423    .text.prvInitialiseNewTask  tasks.o
    0x100038c6   0x00000002   PAD
    0x100038c8   0x0000008e   Code   RO          425    .text.prvInitialiseTaskLists  tasks.o
    0x10003956   0x00000002   PAD
    0x10003958   0x000000d8   Code   RO          580    .text.prvInsertBlockIntoFreeList  heap_4.o
    0x10003a30   0x00000086   Code   RO          523    .text.prvInsertTimerInActiveList  timers.o
    0x10003ab6   0x00000002   PAD
    0x10003ab8   0x00000028   Code   RO          228    .text.prvIsQueueEmpty  queue.o
    0x10003ae0   0x00000090   Code   RO          214    .text.prvNotifyQueueSetContainer  queue.o
    0x10003b70   0x00000054   Code   RO          517    .text.prvProcessExpiredTimer  timers.o
    0x10003bc4   0x0000014e   Code   RO          513    .text.prvProcessReceivedCommands  timers.o
    0x10003d12   0x00000002   PAD
    0x10003d14   0x00000088   Code   RO          511    .text.prvProcessTimerOrBlockTask  timers.o
    0x10003d9c   0x00000034   Code   RO          521    .text.prvReloadTimer  timers.o
    0x10003dd0   0x0000003c   Code   RO          285    .text.prvResetNextTaskUnblockTime  tasks.o
    0x10003e0c   0x00000044   Code   RO          515    .text.prvSampleTimeNow  timers.o
    0x10003e50   0x00000052   Code   RO          519    .text.prvSwitchTimerLists  timers.o
    0x10003ea2   0x00000002   PAD
    0x10003ea4   0x0000001a   Code   RO          623    .text.prvTaskExitError  port.o
    0x10003ebe   0x00000002   PAD
    0x10003ec0   0x0000001e   Code   RO          469    .text.prvTimerTask  timers.o
    0x10003ede   0x00000002   PAD
    0x10003ee0   0x000000cc   Code   RO          218    .text.prvUnlockQueue  queue.o
    0x10003fac   0x00000028   Code   RO           98    .text.put_char      uart.o
    0x10003fd4   0x000001b6   Code   RO          574    .text.pvPortMalloc  heap_4.o
    0x1000418a   0x00000002   PAD
    0x1000418c   0x0000010a   Code   RO          621    .text.pxPortInitialiseStack  port.o
    0x10004296   0x00000002   PAD
    0x10004298   0x00000022   Code   RO          123    .text.stack_using_msp  fault-dump.o
    0x100042ba   0x00000002   PAD
    0x100042bc   0x00000020   Code   RO            8    .text.test0         main.o
    0x100042dc   0x0000001c   Code   RO           10    .text.test1         main.o
    0x100042f8   0x0000001c   Code   RO           12    .text.test2         main.o
    0x10004314   0x0000001c   Code   RO           14    .text.test3         main.o
    0x10004330   0x0000001c   Code   RO           16    .text.test4         main.o
    0x1000434c   0x0000001c   Code   RO           18    .text.test5         main.o
    0x10004368   0x00000040   Code   RO          104    .text.uart_init     uart.o
    0x100043a8   0x00000016   Code   RO          652    .text.ulSetInterruptMask  portasm.o
    0x100043be   0x00000002   PAD
    0x100043c0   0x00000048   Code   RO          175    .text.uxListRemove  list.o
    0x10004408   0x0000000c   Code   RO          335    .text.uxTaskGetNumberOfTasks  tasks.o
    0x10004414   0x0000002a   Code   RO          417    .text.vApplicationGetIdleTaskMemory  tasks.o
    0x1000443e   0x00000002   PAD
    0x10004440   0x0000002a   Code   RO          419    .text.vApplicationGetTimerTaskMemory  tasks.o
    0x1000446a   0x00000002   PAD
    0x1000446c   0x0000000e   Code   RO          654    .text.vClearInterruptMask  portasm.o
    0x1000447a   0x00000002   PAD
    0x1000447c   0x00000036   Code   RO          167    .text.vListInitialise  list.o
    0x100044b2   0x00000002   PAD
    0x100044b4   0x0000000e   Code   RO          169    .text.vListInitialiseItem  list.o
    0x100044c2   0x00000002   PAD
    0x100044c4   0x0000006a   Code   RO          173    .text.vListInsert   list.o
    0x1000452e   0x00000002   PAD
    0x10004530   0x0000001e   Code   RO          613    .text.vPortEnterCritical  port.o
    0x1000454e   0x00000002   PAD
    0x10004550   0x00000020   Code   RO          615    .text.vPortExitCritical  port.o
    0x10004570   0x00000076   Code   RO          578    .text.vPortFree     heap_4.o
    0x100045e6   0x00000002   PAD
    0x100045e8   0x0000002c   Code   RO          619    .text.vPortSVCHandler_C  port.o
    0x10004614   0x0000005a   Code   RO          609    .text.vPortSetupTimerInterrupt  port.o
    0x1000466e   0x00000002   PAD
    0x10004670   0x00000224   Code   RO          607    .text.vPortSuppressTicksAndSleep  port.o
    0x10004894   0x00000018   Code   RO          611    .text.vPortYield    port.o
    0x100048ac   0x00000064   Code   RO          254    .text.vQueueWaitForMessageRestricted  queue.o
    0x10004910   0x0000002c   Code   RO          642    .text.vRestoreContextOfFirstTask  portasm.o
    0x1000493c   0x00000020   Code   RO          650    .text.vStartFirstTask  portasm.o
    0x1000495c   0x00000038   Code   RO          297    .text.vTaskDelay    tasks.o
    0x10004994   0x00000024   Code   RO          375    .text.vTaskInternalSetTimeOutState  tasks.o
    0x100049b8   0x0000000e   Code   RO          379    .text.vTaskMissedYield  tasks.o
    0x100049c6   0x00000002   PAD
    0x100049c8   0x00000026   Code   RO          363    .text.vTaskPlaceOnEventList  tasks.o
    0x100049ee   0x00000002   PAD
    0x100049f0   0x00000064   Code   RO          367    .text.vTaskPlaceOnEventListRestricted  tasks.o
    0x10004a54   0x00000064   Code   RO          321    .text.vTaskStartScheduler  tasks.o
    0x10004ab8   0x0000005c   Code   RO          349    .text.vTaskStepTick  tasks.o
    0x10004b14   0x00000010   Code   RO          291    .text.vTaskSuspendAll  tasks.o
    0x10004b24   0x000000ba   Code   RO          313    .text.vTaskSwitchContext  tasks.o
    0x10004bde   0x00000002   PAD
    0x10004be0   0x00000058   Code   RO          625    .text.xPortStartScheduler  port.o
    0x10004c38   0x0000006c   Code   RO          186    .text.xQueueGenericCreateStatic  queue.o
    0x10004ca4   0x000000be   Code   RO          184    .text.xQueueGenericReset  queue.o
    0x10004d62   0x00000002   PAD
    0x10004d64   0x0000012e   Code   RO          224    .text.xQueueReceive  queue.o
    0x10004e92   0x00000002   PAD
    0x10004e94   0x000000c4   Code   RO          377    .text.xTaskCheckForTimeOut  tasks.o
    0x10004f58   0x00000052   Code   RO          279    .text.xTaskCreate   tasks.o
    0x10004faa   0x00000002   PAD
    0x10004fac   0x0000005c   Code   RO          273    .text.xTaskCreateStatic  tasks.o
    0x10005008   0x00000014   Code   RO          331    .text.xTaskGetTickCount  tasks.o
    0x1000501c   0x0000025e   Code   RO          329    .text.xTaskIncrementTick  tasks.o
    0x1000527a   0x00000002   PAD
    0x1000527c   0x000000f2   Code   RO          395    .text.xTaskPriorityDisinherit  tasks.o
    0x1000536e   0x00000002   PAD
    0x10005370   0x0000019a   Code   RO          369    .text.xTaskRemoveFromEventList  tasks.o
    0x1000550a   0x00000002   PAD
    0x1000550c   0x0000022c   Code   RO          295    .text.xTaskResumeAll  tasks.o
    0x10005738   0x00000078   Code   RO          465    .text.xTimerCreateTimerTask  timers.o
    0x100057b0   0x0000000e   Code   RO          759    i.__scatterload_copy  mc_w.l(handlers.o)
    0x100057be   0x00000002   Code   RO          760    i.__scatterload_null  mc_w.l(handlers.o)
    0x100057c0   0x0000000e   Code   RO          761    i.__scatterload_zeroinit  mc_w.l(handlers.o)
    0x100057ce   0x00000002   PAD
    0x100057d0   0x00000050   Data   RO           89    .rodata._ftoa.pow10  printf.o
    0x10005820   0x000000f2   Data   RO           26    .rodata.str1.1      main.o
    0x10005912   0x00000012   Data   RO           90    .rodata.str1.1      printf.o
    0x10005924   0x000001de   Data   RO          139    .rodata.str1.1      fault-dump.o
    0x10005b02   0x00000225   Data   RO          159    .rodata.str1.1      fault-hal.o
    0x10005d27   0x00000005   Data   RO          457    .rodata.str1.1      tasks.o
    0x10005d2c   0x00000008   Data   RO          526    .rodata.str1.1      timers.o
    0x10005d34   0x00000004   Data   RO          448    .rodata.uxTopUsedPriority  tasks.o
    0x10005d38   0x00000020   Data   RO          758    Region$$Table       anon$$obj.o


    Execution Region RW_RAM (Base: 0x38000000, Size: 0x000098b8, Max: 0x000fe000, ABSOLUTE)

    Base Addr    Size         Type   Attr      Idx    E Section Name        Object

    0x38000000   0x00000004   Data   RW           41    .data.SystemCoreClock  system_ARMCM33.o
    0x38000004   0x00000004   Data   RW          142    .data.fd_msp_stack_parser  fault-dump.o
    0x38000008   0x00000004   Data   RW          143    .data.fd_psp_stack_parser  fault-dump.o
    0x3800000c   0x00000004   Data   RW          634    .data.ulCriticalNesting  port.o
    0x38000010   0x00000100   Zero   RW          141    .bss.fault_dump_handler.buffer  fault-dump.o
    0x38000110   0x00000040   Zero   RW          140    .bss.fault_dump_handler.frame  fault-dump.o
    0x38000150   0x00000004   Zero   RW          137    .bss.fd_main_stack_base  fault-dump.o
    0x38000154   0x00000004   Zero   RW          138    .bss.fd_main_stack_full  fault-dump.o
    0x38000158   0x00000004   Zero   RW           28    .bss.main_task_init.main_task  main.o
    0x3800015c   0x000000a0   Zero   RW          534    .bss.prvCheckForValidListAndQueue.ucStaticTimerQueueStorage  timers.o
    0x380001fc   0x0000005c   Zero   RW          533    .bss.prvCheckForValidListAndQueue.xStaticTimerQueue  timers.o
    0x38000258   0x00000004   Zero   RW          530    .bss.prvSampleTimeNow.xLastTime  timers.o
    0x3800025c   0x00000004   Zero   RW          431    .bss.pxCurrentTCB   tasks.o
    0x38000260   0x00000004   Zero   RW          528    .bss.pxCurrentTimerList  timers.o
    0x38000264   0x00000004   Zero   RW          438    .bss.pxDelayedTaskList  tasks.o
    0x38000268   0x00000004   Zero   RW          594    .bss.pxEnd          heap_4.o
    0x3800026c   0x00000004   Zero   RW          439    .bss.pxOverflowDelayedTaskList  tasks.o
    0x38000270   0x00000004   Zero   RW          529    .bss.pxOverflowTimerList  timers.o
    0x38000274   0x0000008c   Zero   RW          442    .bss.pxReadyTasksLists  tasks.o
    0x38000300   0x00008000   Zero   RW           27    .bss.ucHeap         main.o
    0x38008300   0x00000004   Zero   RW          633    .bss.ulStoppedTimerCompensation  port.o
    0x38008304   0x00000004   Zero   RW          632    .bss.ulTimerCountsForOneTick  port.o
    0x38008308   0x00000004   Zero   RW          436    .bss.uxCurrentNumberOfTasks  tasks.o
    0x3800830c   0x00000004   Zero   RW          435    .bss.uxDeletedTasksWaitingCleanUp  tasks.o
    0x38008310   0x00000004   Zero   RW          444    .bss.uxSchedulerSuspended  tasks.o
    0x38008314   0x00000004   Zero   RW          432    .bss.uxTaskNumber   tasks.o
    0x38008318   0x00000004   Zero   RW          443    .bss.uxTopReadyPriority  tasks.o
    0x3800831c   0x00000200   Zero   RW          452    .bss.vApplicationGetIdleTaskMemory.uxIdleTaskStack  tasks.o
    0x3800851c   0x0000004c   Zero   RW          451    .bss.vApplicationGetIdleTaskMemory.xIdleTaskTCB  tasks.o
    0x38008568   0x00000200   Zero   RW          454    .bss.vApplicationGetTimerTaskMemory.uxTimerTaskStack  tasks.o
    0x38008768   0x0000004c   Zero   RW          453    .bss.vApplicationGetTimerTaskMemory.xTimerTaskTCB  tasks.o
    0x380087b4   0x0000001c   Zero   RW          531    .bss.xActiveTimerList1  timers.o
    0x380087d0   0x0000001c   Zero   RW          532    .bss.xActiveTimerList2  timers.o
    0x380087ec   0x0000001c   Zero   RW          455    .bss.xDelayedTaskList1  tasks.o
    0x38008808   0x0000001c   Zero   RW          456    .bss.xDelayedTaskList2  tasks.o
    0x38008824   0x00000004   Zero   RW          595    .bss.xFreeBytesRemaining  heap_4.o
    0x38008828   0x00000004   Zero   RW          447    .bss.xIdleTaskHandles  tasks.o
    0x3800882c   0x00000004   Zero   RW          631    .bss.xMaximumPossibleSuppressedTicks  port.o
    0x38008830   0x00000004   Zero   RW          597    .bss.xMinimumEverFreeBytesRemaining  heap_4.o
    0x38008834   0x00000004   Zero   RW          446    .bss.xNextTaskUnblockTime  tasks.o
    0x38008838   0x00000004   Zero   RW          450    .bss.xNumOfOverflows  tasks.o
    0x3800883c   0x00000004   Zero   RW          598    .bss.xNumberOfSuccessfulAllocations  heap_4.o
    0x38008840   0x00000004   Zero   RW          599    .bss.xNumberOfSuccessfulFrees  heap_4.o
    0x38008844   0x00000004   Zero   RW          449    .bss.xPendedTicks   tasks.o
    0x38008848   0x0000001c   Zero   RW          440    .bss.xPendingReadyList  tasks.o
    0x38008864   0x00000004   Zero   RW          433    .bss.xSchedulerRunning  tasks.o
    0x38008868   0x00000008   Zero   RW          596    .bss.xStart         heap_4.o
    0x38008870   0x0000001c   Zero   RW          441    .bss.xSuspendedTaskList  tasks.o
    0x3800888c   0x0000001c   Zero   RW          434    .bss.xTasksWaitingTermination  tasks.o
    0x380088a8   0x00000004   Zero   RW          437    .bss.xTickCount     tasks.o
    0x380088ac   0x00000004   Zero   RW          525    .bss.xTimerQueue    timers.o
    0x380088b0   0x00000004   Zero   RW          527    .bss.xTimerTaskHandle  timers.o
    0x380088b4   0x00000004   Zero   RW          445    .bss.xYieldPendings  tasks.o
    0x380088b8   0x00001000   Zero   RW          666    STACK               startup_ARMCM33.o


==============================================================================

Image component sizes


      Code (inc. data)   RO Data    RW Data    ZI Data      Debug   Object Name

      1340          0        478          8        328       4666   fault-dump.o
       480          0        549          0          0       2999   fault-hal.o
        68         10          0          0          0        484   fault-mdk.o
       942          0          0          0         28       4366   heap_4.o
       246          0          0          0          0       2175   list.o
       516          0        242          0      32772       2850   main.o
      1194          0          0          4         12       3875   port.o
       208         16          0          0          0       1372   portasm.o
      7252        406         98          0          0      10504   printf.o
      1426          0          0          0          0      15029   queue.o
        40         10        572          0       4096        920   startup_ARMCM33.o
        54          0          0          4          0       1990   system_ARMCM33.o
      4926          0          9          0       1516      27249   tasks.o
      1230         10          8          0        328      10719   timers.o
       104          0          0          0          0       1572   uart.o

    ----------------------------------------------------------------------
     20124        452       1988         16      39080      90770   Object Totals
         0          0         32          0          0          0   (incl. Generated)
        98          0          0          0          0          0   (incl. Padding)

    ----------------------------------------------------------------------

      Code (inc. data)   RO Data    RW Data    ZI Data      Debug   Library Member Name

         0          0          0          0          0          0   entry.o
         0          0          0          0          0          0   entry10a.o
         0          0          0          0          0          0   entry11a.o
         8          4          0          0          0          0   entry2.o
         4          0          0          0          0          0   entry5.o
         0          0          0          0          0          0   entry7b.o
         0          0          0          0          0          0   entry8b.o
         8          4          0          0          0          0   entry9a.o
        30          0          0          0          0          0   handlers.o
        48         10          0          0          0         68   init.o
         0          0          0          0          0          0   iusefp.o
        30          0          0          0          0         68   llshl.o
        36          0          0          0          0         68   llsshr.o
        32          0          0          0          0         68   llushr.o
        36          0          0          0          0         68   memcpya.o
        36          0          0          0          0        108   memseta.o
        98          0          0          0          0         92   uldiv.o
       334          0          0          0          0        148   dadd.o
        56          0          0          0          0         80   dcmpeq.o
        54          0          0          0          0         80   dcmpge.o
        54          0          0          0          0         80   dcmpgt.o
        54          0          0          0          0         80   dcmple.o
        54          0          0          0          0         80   dcmplt.o
       222          0          0          0          0        100   ddiv.o
       186          0          0          0          0        176   depilogue.o
        62          0          0          0          0         80   dfixi.o
        50          0          0          0          0         76   dfixui.o
        34          0          0          0          0         76   dflti.o
        26          0          0          0          0         76   dfltui.o
       228          0          0          0          0         96   dmul.o

    ----------------------------------------------------------------------
      1784         18          0          0          0       1768   Library Totals
         4          0          0          0          0          0   (incl. Padding)

    ----------------------------------------------------------------------

      Code (inc. data)   RO Data    RW Data    ZI Data      Debug   Library Name

       366         18          0          0          0        540   mc_w.l
      1414          0          0          0          0       1228   mf_w.l

    ----------------------------------------------------------------------
      1784         18          0          0          0       1768   Library Totals

    ----------------------------------------------------------------------

==============================================================================


      Code (inc. data)   RO Data    RW Data    ZI Data      Debug   

     21908        470       1988         16      39080      91466   Grand Totals
     21908        470       1988         16      39080      91466   ELF Image Totals
     21908        470       1988         16          0          0   ROM Totals

==============================================================================

    Total RO  Size (Code + RO Data)                23896 (  23.34kB)
    Total RW  Size (RW Data + ZI Data)             39096 (  38.18kB)
    Total ROM Size (Code + RO Data + RW Data)      23912 (  23.35kB)

==============================================================================


==============================================================================

Image input and output debug sizes

    Total input debug size                       99309 (  96.98kB)
    Duplicate debug size                            32 (   0.03kB)
    Unused debug size                             6535 (   6.38kB)
    Compressed debug size                         1276 (   1.25kB)
    Total output debug size                      91466 (  89.32kB)
    Image debug size reduction                   7.90 percent

==============================================================================

