Component: Arm Compiler for Embedded 6.21 Tool: armlink [5ec1fa00]

==============================================================================

    Removing COMDAT group __ARM_asm.debug_abbrev.1 from the image.
    Removing fault-mdk.o(.debug_abbrev), (32 bytes).

1 rejected COMDAT group section(s) (total 32 bytes) removed from the image.

==============================================================================

Removing Unused input sections from the image.

    Removing main.o(.text), (0 bytes).
    Removing main.o(.text.HardFault_Handler_Legency), (24 bytes).
    Removing main.o(.ARM.exidx.text.HardFault_Handler_Legency), (8 bytes).
    Removing main.o(.text.Default_Handler), (24 bytes).
    Removing main.o(.ARM.exidx.text.Default_Handler), (8 bytes).
    Removing main.o(.text.fault_div_zero_trigger), (60 bytes).
    Removing main.o(.ARM.exidx.text.fault_div_zero_trigger), (8 bytes).
    Removing main.o(.text.fault_unalign_trigger), (96 bytes).
    Removing main.o(.ARM.exidx.text.fault_unalign_trigger), (8 bytes).
    Removing main.o(.text.dump_callstack), (146 bytes).
    Removing main.o(.ARM.exidx.text.dump_callstack), (8 bytes).
    Removing main.o(.text.test0), (32 bytes).
    Removing main.o(.ARM.exidx.text.test0), (8 bytes).
    Removing main.o(.text.test1), (28 bytes).
    Removing main.o(.ARM.exidx.text.test1), (8 bytes).
    Removing main.o(.text.test2), (28 bytes).
    Removing main.o(.ARM.exidx.text.test2), (8 bytes).
    Removing main.o(.text.test3), (28 bytes).
    Removing main.o(.ARM.exidx.text.test3), (8 bytes).
    Removing main.o(.text.test4), (28 bytes).
    Removing main.o(.ARM.exidx.text.test4), (8 bytes).
    Removing main.o(.text.test5), (28 bytes).
    Removing main.o(.ARM.exidx.text.test5), (8 bytes).
    Removing main.o(.ARM.exidx.text.main), (8 bytes).
    Removing main.o(.ARM.exidx.text.main_task_init), (8 bytes).
    Removing main.o(.ARM.exidx.text.main_task_entry), (8 bytes).
    Removing main.o(.ARM.use_no_argv), (4 bytes).
    Removing system_ARMCM33.o(.text), (0 bytes).
    Removing system_ARMCM33.o(.text.SystemCoreClockUpdate), (20 bytes).
    Removing system_ARMCM33.o(.ARM.exidx.text.SystemCoreClockUpdate), (8 bytes).
    Removing system_ARMCM33.o(.ARM.exidx.text.SystemInit), (8 bytes).
    Removing printf.o(.text), (0 bytes).
    Removing printf.o(.ARM.exidx.text.printf), (8 bytes).
    Removing printf.o(.ARM.exidx.text._vsnprintf), (8 bytes).
    Removing printf.o(.ARM.exidx.text._out_char), (8 bytes).
    Removing printf.o(.text.sprintf), (58 bytes).
    Removing printf.o(.ARM.exidx.text.sprintf), (8 bytes).
    Removing printf.o(.text._out_buffer), (38 bytes).
    Removing printf.o(.ARM.exidx.text._out_buffer), (8 bytes).
    Removing printf.o(.text.snprintf), (58 bytes).
    Removing printf.o(.ARM.exidx.text.snprintf), (8 bytes).
    Removing printf.o(.text.vprintf), (40 bytes).
    Removing printf.o(.ARM.exidx.text.vprintf), (8 bytes).
    Removing printf.o(.text.vsnprintf), (42 bytes).
    Removing printf.o(.ARM.exidx.text.vsnprintf), (8 bytes).
    Removing printf.o(.text.fctprintf), (66 bytes).
    Removing printf.o(.ARM.exidx.text.fctprintf), (8 bytes).
    Removing printf.o(.text._out_fct), (40 bytes).
    Removing printf.o(.ARM.exidx.text._out_fct), (8 bytes).
    Removing printf.o(.ARM.exidx.text._out_null), (8 bytes).
    Removing printf.o(.ARM.exidx.text._is_digit), (8 bytes).
    Removing printf.o(.ARM.exidx.text._atoi), (8 bytes).
    Removing printf.o(.ARM.exidx.text._ntoa_long_long), (8 bytes).
    Removing printf.o(.ARM.exidx.text._ntoa_long), (8 bytes).
    Removing printf.o(.ARM.exidx.text._ftoa), (8 bytes).
    Removing printf.o(.ARM.exidx.text._etoa), (8 bytes).
    Removing printf.o(.ARM.exidx.text._strnlen_s), (8 bytes).
    Removing printf.o(.ARM.exidx.text._ntoa_format), (8 bytes).
    Removing printf.o(.ARM.exidx.text._out_rev), (8 bytes).
    Removing uart.o(.text), (0 bytes).
    Removing uart.o(.ARM.exidx.text.put_char), (8 bytes).
    Removing uart.o(.text.get_char), (30 bytes).
    Removing uart.o(.ARM.exidx.text.get_char), (8 bytes).
    Removing uart.o(.text.puts), (52 bytes).
    Removing uart.o(.ARM.exidx.text.puts), (8 bytes).
    Removing uart.o(.ARM.exidx.text.uart_init), (8 bytes).
    Removing uart.o(.text.uart_send), (16 bytes).
    Removing uart.o(.ARM.exidx.text.uart_send), (8 bytes).
    Removing uart.o(.text.uart_recv), (82 bytes).
    Removing uart.o(.ARM.exidx.text.uart_recv), (8 bytes).
    Removing fault-dump.o(.text), (0 bytes).
    Removing fault-dump.o(.ARM.exidx.text.fault_dump_init), (8 bytes).
    Removing fault-dump.o(.ARM.exidx.text.fault_dump_handler), (8 bytes).
    Removing fault-dump.o(.ARM.exidx.text.dump_exc_return), (8 bytes).
    Removing fault-dump.o(.ARM.exidx.text.fault_dump_callstack), (8 bytes).
    Removing fault-dump.o(.ARM.exidx.text.fault_dump_opcode), (8 bytes).
    Removing fault-dump.o(.ARM.exidx.text.opcode_is_bl_or_blx), (8 bytes).
[...]
    ../clib/microlib/stdio/streams.c         0x00000000   Number         0  stdin.o ABSOLUTE
    ../clib/microlib/string/memcpy.c         0x00000000   Number         0  memcpya.o ABSOLUTE
    ../clib/microlib/string/memcpy.c         0x00000000   Number         0  memcpyb.o ABSOLUTE
    ../clib/microlib/string/memset.c         0x00000000   Number         0  memseta.o ABSOLUTE
    ../clib/microlib/stubs.s                 0x00000000   Number         0  iusefp.o ABSOLUTE
    ../clib/microlib/stubs.s                 0x00000000   Number         0  iusesemig.o ABSOLUTE
    ../fplib/microlib/fpadd.c                0x00000000   Number         0  dadd.o ABSOLUTE
    ../fplib/microlib/fpcmp.c                0x00000000   Number         0  dcmple.o ABSOLUTE
    ../fplib/microlib/fpcmp.c                0x00000000   Number         0  dcmplt.o ABSOLUTE
    ../fplib/microlib/fpcmp.c                0x00000000   Number         0  dcmpge.o ABSOLUTE
    ../fplib/microlib/fpcmp.c                0x00000000   Number         0  dcmpgt.o ABSOLUTE
    ../fplib/microlib/fpcmp.c                0x00000000   Number         0  dcmpeq.o ABSOLUTE
    ../fplib/microlib/fpdiv.c                0x00000000   Number         0  ddiv.o ABSOLUTE
    ../fplib/microlib/fpepilogue.c           0x00000000   Number         0  depilogue.o ABSOLUTE
    ../fplib/microlib/fpfix.c                0x00000000   Number         0  dfixi.o ABSOLUTE
    ../fplib/microlib/fpfix.c                0x00000000   Number         0  dfixui.o ABSOLUTE
    ../fplib/microlib/fpflt.c                0x00000000   Number         0  dflti.o ABSOLUTE
    ../fplib/microlib/fpflt.c                0x00000000   Number         0  dfltui.o ABSOLUTE
    ../fplib/microlib/fpmul.c                0x00000000   Number         0  dmul.o ABSOLUTE
    ./startup/mdk/startup_ARMCM33.s          0x00000000   Number         0  startup_ARMCM33.o ABSOLUTE
    croutine.c                               0x00000000   Number         0  croutine.o ABSOLUTE
    dc.s                                     0x00000000   Number         0  dc.o ABSOLUTE
    event_groups.c                           0x00000000   Number         0  event_groups.o ABSOLUTE
    fault-dump.c                             0x00000000   Number         0  fault-dump.o ABSOLUTE
    fault-hal.c                              0x00000000   Number         0  fault-hal.o ABSOLUTE
    handlers.s                               0x00000000   Number         0  handlers.o ABSOLUTE
    heap_4.c                                 0x00000000   Number         0  heap_4.o ABSOLUTE
    init.s                                   0x00000000   Number         0  init.o ABSOLUTE
    list.c                                   0x00000000   Number         0  list.o ABSOLUTE
    main.c                                   0x00000000   Number         0  main.o ABSOLUTE
    port.c                                   0x00000000   Number         0  port.o ABSOLUTE
    portasm.c                                0x00000000   Number         0  portasm.o ABSOLUTE
    printf.c                                 0x00000000   Number         0  printf.o ABSOLUTE
    queue.c                                  0x00000000   Number         0  queue.o ABSOLUTE
    system_ARMCM33.c                         0x00000000   Number         0  system_ARMCM33.o ABSOLUTE
    tasks.c                                  0x00000000   Number         0  tasks.o ABSOLUTE
    timers.c                                 0x00000000   Number         0  timers.o ABSOLUTE
    uart.c                                   0x00000000   Number         0  uart.o ABSOLUTE
    RESET                                    0x10000000   Section      572  startup_ARMCM33.o(RESET)
    .ARM.Collect$$$$00000000                 0x1000023c   Section        0  entry.o(.ARM.Collect$$$$00000000)
    .ARM.Collect$$$$00000001                 0x1000023c   Section        4  entry2.o(.ARM.Collect$$$$00000001)
    .ARM.Collect$$$$00000004                 0x10000240   Section        4  entry5.o(.ARM.Collect$$$$00000004)
    .ARM.Collect$$$$00000008                 0x10000244   Section        0  entry7b.o(.ARM.Collect$$$$00000008)
    .ARM.Collect$$$$0000000A                 0x10000244   Section        0  entry8b.o(.ARM.Collect$$$$0000000A)
    .ARM.Collect$$$$0000000B                 0x10000244   Section        8  entry9a.o(.ARM.Collect$$$$0000000B)
    __lit__00000000                          0x1000024c   Data           4  entry2.o(.ARM.Collect$$$$00002712)
    .ARM.Collect$$$$0000000D                 0x1000024c   Section        0  entry10a.o(.ARM.Collect$$$$0000000D)
    .ARM.Collect$$$$0000000F                 0x1000024c   Section        0  entry11a.o(.ARM.Collect$$$$0000000F)
    .ARM.Collect$$$$00002712                 0x1000024c   Section        4  entry2.o(.ARM.Collect$$$$00002712)
    $v0                                      0x10000250   Number         0  startup_ARMCM33.o(.text)
    .text                                    0x10000250   Section       40  startup_ARMCM33.o(.text)
    $v0                                      0x10000278   Number         0  fault-mdk.o(.text)
    .text                                    0x10000278   Section       68  fault-mdk.o(.text)
    .text                                    0x100002bc   Section        0  uldiv.o(.text)
    .text                                    0x1000031e   Section        0  memcpya.o(.text)
    .text                                    0x10000342   Section        0  memseta.o(.text)
    .text                                    0x10000366   Section        0  dadd.o(.text)
    .text                                    0x100004b4   Section        0  dmul.o(.text)
    .text                                    0x10000598   Section        0  ddiv.o(.text)
    .text                                    0x10000676   Section        0  dcmple.o(.text)
    .text                                    0x100006ac   Section        0  dcmplt.o(.text)
    .text                                    0x100006e2   Section        0  dcmpge.o(.text)
    .text                                    0x10000718   Section        0  dcmpgt.o(.text)
    .text                                    0x1000074e   Section        0  dcmpeq.o(.text)
    .text                                    0x10000786   Section        0  dflti.o(.text)
    .text                                    0x100007a8   Section        0  dfltui.o(.text)
    .text                                    0x100007c2   Section        0  dfixi.o(.text)
    .text                                    0x10000800   Section        0  dfixui.o(.text)
    .text                                    0x10000832   Section        0  llshl.o(.text)
    .text                                    0x10000850   Section        0  llushr.o(.text)
    .text                                    0x10000870   Section        0  llsshr.o(.text)
    .text                                    0x10000894   Section        0  iusefp.o(.text)
    .text                                    0x10000894   Section        0  depilogue.o(.text)
    .text                                    0x10000950   Section       48  init.o(.text)
    [Anonymous Symbol]                       0x10000980   Section        0  portasm.o(.text.PendSV_Handler)
    [Anonymous Symbol]                       0x100009c8   Section        0  portasm.o(.text.SVC_Handler)
    [Anonymous Symbol]                       0x100009e0   Section        0  port.o(.text.SysTick_Handler)
    [Anonymous Symbol]                       0x10000a10   Section        0  system_ARMCM33.o(.text.SystemInit)
    _atoi                                    0x10000a49   Thumb Code    58  printf.o(.text._atoi)
    [Anonymous Symbol]                       0x10000a48   Section        0  printf.o(.text._atoi)
    _etoa                                    0x10000a89   Thumb Code  1560  printf.o(.text._etoa)
    [Anonymous Symbol]                       0x10000a88   Section        0  printf.o(.text._etoa)
    _ftoa                                    0x100010c9   Thumb Code  1400  printf.o(.text._ftoa)
    [Anonymous Symbol]                       0x100010c8   Section        0  printf.o(.text._ftoa)
    _is_digit                                0x10001649   Thumb Code    46  printf.o(.text._is_digit)
    [Anonymous Symbol]                       0x10001648   Section        0  printf.o(.text._is_digit)
    _ntoa_format                             0x10001679   Thumb Code   572  printf.o(.text._ntoa_format)
    [Anonymous Symbol]                       0x10001678   Section        0  printf.o(.text._ntoa_format)
    _ntoa_long                               0x100018b5   Thumb Code   276  printf.o(.text._ntoa_long)
    [Anonymous Symbol]                       0x100018b4   Section        0  printf.o(.text._ntoa_long)
    _ntoa_long_long                          0x100019c9   Thumb Code   312  printf.o(.text._ntoa_long_long)
    [Anonymous Symbol]                       0x100019c8   Section        0  printf.o(.text._ntoa_long_long)
    _out_char                                0x10001b01   Thumb Code    36  printf.o(.text._out_char)
    [Anonymous Symbol]                       0x10001b00   Section        0  printf.o(.text._out_char)
    _out_null                                0x10001b25   Thumb Code    16  printf.o(.text._out_null)
    [Anonymous Symbol]                       0x10001b24   Section        0  printf.o(.text._out_null)
    _out_rev                                 0x10001b35   Thumb Code   192  printf.o(.text._out_rev)
    [Anonymous Symbol]                       0x10001b34   Section        0  printf.o(.text._out_rev)
    _strnlen_s                               0x10001bf5   Thumb Code    68  printf.o(.text._strnlen_s)
    [Anonymous Symbol]                       0x10001bf4   Section        0  printf.o(.text._strnlen_s)
    _vsnprintf                               0x10001c39   Thumb Code  2608  printf.o(.text._vsnprintf)
    [Anonymous Symbol]                       0x10001c38   Section        0  printf.o(.text._vsnprintf)
    dump_exc_return                          0x10002669   Thumb Code    30  fault-dump.o(.text.dump_exc_return)
    [Anonymous Symbol]                       0x10002668   Section        0  fault-dump.o(.text.dump_exc_return)
    [Anonymous Symbol]                       0x10002688   Section        0  tasks.o(.text.eTaskConfirmSleepModeStatus)
    [Anonymous Symbol]                       0x100026fc   Section        0  fault-dump.o(.text.fault_dump_callstack)
    [Anonymous Symbol]                       0x10002804   Section        0  fault-hal.o(.text.fault_dump_exc_return)
    [Anonymous Symbol]                       0x1000295c   Section        0  fault-dump.o(.text.fault_dump_handler)
    [Anonymous Symbol]                       0x10002bdc   Section        0  fault-dump.o(.text.fault_dump_init)
    fault_dump_opcode                        0x10002c41   Thumb Code    56  fault-dump.o(.text.fault_dump_opcode)
    [Anonymous Symbol]                       0x10002c40   Section        0  fault-dump.o(.text.fault_dump_opcode)
    [Anonymous Symbol]                       0x10002c78   Section        0  main.o(.text.main)
    main_task_entry                          0x10002cb5   Thumb Code    30  main.o(.text.main_task_entry)
    [Anonymous Symbol]                       0x10002cb4   Section        0  main.o(.text.main_task_entry)
    main_task_init                           0x10002cd5   Thumb Code    84  main.o(.text.main_task_init)
    [Anonymous Symbol]                       0x10002cd4   Section        0  main.o(.text.main_task_init)
    opcode_is_bl_or_blx                      0x10002d29   Thumb Code   106  fault-dump.o(.text.opcode_is_bl_or_blx)
    [Anonymous Symbol]                       0x10002d28   Section        0  fault-dump.o(.text.opcode_is_bl_or_blx)
    [Anonymous Symbol]                       0x10002d94   Section        0  printf.o(.text.printf)
    prvAddCurrentTaskToDelayedList           0x10002dd1   Thumb Code   270  tasks.o(.text.prvAddCurrentTaskToDelayedList)
    [Anonymous Symbol]                       0x10002dd0   Section        0  tasks.o(.text.prvAddCurrentTaskToDelayedList)
    prvAddNewTaskToReadyList                 0x10002ee1   Thumb Code   344  tasks.o(.text.prvAddNewTaskToReadyList)
    [Anonymous Symbol]                       0x10002ee0   Section        0  tasks.o(.text.prvAddNewTaskToReadyList)
    prvCheckForValidListAndQueue             0x10003039   Thumb Code   126  timers.o(.text.prvCheckForValidListAndQueue)
    [Anonymous Symbol]                       0x10003038   Section        0  timers.o(.text.prvCheckForValidListAndQueue)
    prvCheckTasksWaitingTermination          0x100030b9   Thumb Code    90  tasks.o(.text.prvCheckTasksWaitingTermination)
    [Anonymous Symbol]                       0x100030b8   Section        0  tasks.o(.text.prvCheckTasksWaitingTermination)
    prvCopyDataFromQueue                     0x10003115   Thumb Code    66  queue.o(.text.prvCopyDataFromQueue)
    [Anonymous Symbol]                       0x10003114   Section        0  queue.o(.text.prvCopyDataFromQueue)
    prvCopyDataToQueue                       0x10003159   Thumb Code   204  queue.o(.text.prvCopyDataToQueue)
    [Anonymous Symbol]                       0x10003158   Section        0  queue.o(.text.prvCopyDataToQueue)
    prvCreateIdleTasks                       0x10003225   Thumb Code   200  tasks.o(.text.prvCreateIdleTasks)
    [Anonymous Symbol]                       0x10003224   Section        0  tasks.o(.text.prvCreateIdleTasks)
    prvCreateStaticTask                      0x100032ed   Thumb Code   120  tasks.o(.text.prvCreateStaticTask)
    [Anonymous Symbol]                       0x100032ec   Section        0  tasks.o(.text.prvCreateStaticTask)
    prvCreateTask                            0x10003365   Thumb Code   142  tasks.o(.text.prvCreateTask)
    [Anonymous Symbol]                       0x10003364   Section        0  tasks.o(.text.prvCreateTask)
    prvDeleteTCB                             0x100033f5   Thumb Code    60  tasks.o(.text.prvDeleteTCB)
    [Anonymous Symbol]                       0x100033f4   Section        0  tasks.o(.text.prvDeleteTCB)
    prvGetExpectedIdleTime                   0x10003431   Thumb Code   122  tasks.o(.text.prvGetExpectedIdleTime)
    [Anonymous Symbol]                       0x10003430   Section        0  tasks.o(.text.prvGetExpectedIdleTime)
    prvGetNextExpireTime                     0x100034ad   Thumb Code    64  timers.o(.text.prvGetNextExpireTime)
    [Anonymous Symbol]                       0x100034ac   Section        0  timers.o(.text.prvGetNextExpireTime)
    prvHeapInit                              0x100034ed   Thumb Code   170  heap_4.o(.text.prvHeapInit)
    [Anonymous Symbol]                       0x100034ec   Section        0  heap_4.o(.text.prvHeapInit)
    prvIdleTask                              0x10003599   Thumb Code    88  tasks.o(.text.prvIdleTask)
    [Anonymous Symbol]                       0x10003598   Section        0  tasks.o(.text.prvIdleTask)
    prvInitialiseNewQueue                    0x100035f1   Thumb Code    68  queue.o(.text.prvInitialiseNewQueue)
    [Anonymous Symbol]                       0x100035f0   Section        0  queue.o(.text.prvInitialiseNewQueue)
    prvInitialiseNewTask                     0x10003635   Thumb Code   234  tasks.o(.text.prvInitialiseNewTask)
    [Anonymous Symbol]                       0x10003634   Section        0  tasks.o(.text.prvInitialiseNewTask)
    prvInitialiseTaskLists                   0x10003721   Thumb Code   142  tasks.o(.text.prvInitialiseTaskLists)
    [Anonymous Symbol]                       0x10003720   Section        0  tasks.o(.text.prvInitialiseTaskLists)
    prvInsertBlockIntoFreeList               0x100037b1   Thumb Code   216  heap_4.o(.text.prvInsertBlockIntoFreeList)
    [Anonymous Symbol]                       0x100037b0   Section        0  heap_4.o(.text.prvInsertBlockIntoFreeList)
    prvInsertTimerInActiveList               0x10003889   Thumb Code   134  timers.o(.text.prvInsertTimerInActiveList)
    [Anonymous Symbol]                       0x10003888   Section        0  timers.o(.text.prvInsertTimerInActiveList)
    prvIsQueueEmpty                          0x10003911   Thumb Code    40  queue.o(.text.prvIsQueueEmpty)
    [Anonymous Symbol]                       0x10003910   Section        0  queue.o(.text.prvIsQueueEmpty)
    prvNotifyQueueSetContainer               0x10003939   Thumb Code   144  queue.o(.text.prvNotifyQueueSetContainer)
    [Anonymous Symbol]                       0x10003938   Section        0  queue.o(.text.prvNotifyQueueSetContainer)
    prvProcessExpiredTimer                   0x100039c9   Thumb Code    84  timers.o(.text.prvProcessExpiredTimer)
    [Anonymous Symbol]                       0x100039c8   Section        0  timers.o(.text.prvProcessExpiredTimer)
    prvProcessReceivedCommands               0x10003a1d   Thumb Code   334  timers.o(.text.prvProcessReceivedCommands)
    [Anonymous Symbol]                       0x10003a1c   Section        0  timers.o(.text.prvProcessReceivedCommands)
    prvProcessTimerOrBlockTask               0x10003b6d   Thumb Code   136  timers.o(.text.prvProcessTimerOrBlockTask)
    [Anonymous Symbol]                       0x10003b6c   Section        0  timers.o(.text.prvProcessTimerOrBlockTask)
    prvReloadTimer                           0x10003bf5   Thumb Code    52  timers.o(.text.prvReloadTimer)
    [Anonymous Symbol]                       0x10003bf4   Section        0  timers.o(.text.prvReloadTimer)
    prvResetNextTaskUnblockTime              0x10003c29   Thumb Code    60  tasks.o(.text.prvResetNextTaskUnblockTime)
    [Anonymous Symbol]                       0x10003c28   Section        0  tasks.o(.text.prvResetNextTaskUnblockTime)
    prvSampleTimeNow                         0x10003c65   Thumb Code    68  timers.o(.text.prvSampleTimeNow)
    [Anonymous Symbol]                       0x10003c64   Section        0  timers.o(.text.prvSampleTimeNow)
    prvSwitchTimerLists                      0x10003ca9   Thumb Code    82  timers.o(.text.prvSwitchTimerLists)
    [Anonymous Symbol]                       0x10003ca8   Section        0  timers.o(.text.prvSwitchTimerLists)
    prvTaskExitError                         0x10003cfd   Thumb Code    26  port.o(.text.prvTaskExitError)
    [Anonymous Symbol]                       0x10003cfc   Section        0  port.o(.text.prvTaskExitError)
    prvTimerTask                             0x10003d19   Thumb Code    30  timers.o(.text.prvTimerTask)
    [Anonymous Symbol]                       0x10003d18   Section        0  timers.o(.text.prvTimerTask)
    prvUnlockQueue                           0x10003d39   Thumb Code   204  queue.o(.text.prvUnlockQueue)
    [Anonymous Symbol]                       0x10003d38   Section        0  queue.o(.text.prvUnlockQueue)
    [Anonymous Symbol]                       0x10003e04   Section        0  uart.o(.text.put_char)
    [Anonymous Symbol]                       0x10003e2c   Section        0  heap_4.o(.text.pvPortMalloc)
    [Anonymous Symbol]                       0x10003fe4   Section        0  port.o(.text.pxPortInitialiseStack)
    [Anonymous Symbol]                       0x100040f0   Section        0  uart.o(.text.uart_init)
    [Anonymous Symbol]                       0x10004130   Section        0  portasm.o(.text.ulSetInterruptMask)
    [Anonymous Symbol]                       0x10004148   Section        0  list.o(.text.uxListRemove)
    [Anonymous Symbol]                       0x10004190   Section        0  tasks.o(.text.uxTaskGetNumberOfTasks)
    [Anonymous Symbol]                       0x1000419c   Section        0  tasks.o(.text.vApplicationGetIdleTaskMemory)
    [Anonymous Symbol]                       0x100041c8   Section        0  tasks.o(.text.vApplicationGetTimerTaskMemory)
    [Anonymous Symbol]                       0x100041f4   Section        0  portasm.o(.text.vClearInterruptMask)
    [Anonymous Symbol]                       0x10004204   Section        0  list.o(.text.vListInitialise)
    [Anonymous Symbol]                       0x1000423c   Section        0  list.o(.text.vListInitialiseItem)
    [Anonymous Symbol]                       0x1000424c   Section        0  list.o(.text.vListInsert)
    [Anonymous Symbol]                       0x100042b8   Section        0  port.o(.text.vPortEnterCritical)
    [Anonymous Symbol]                       0x100042d8   Section        0  port.o(.text.vPortExitCritical)
    [Anonymous Symbol]                       0x100042f8   Section        0  heap_4.o(.text.vPortFree)
    __tagsym$$used.0                         0x10004370   Number         0  port.o(.text.vPortSVCHandler_C)
    [Anonymous Symbol]                       0x10004370   Section        0  port.o(.text.vPortSVCHandler_C)
    [Anonymous Symbol]                       0x1000439c   Section        0  port.o(.text.vPortSetupTimerInterrupt)
    [Anonymous Symbol]                       0x10004400   Section        0  port.o(.text.vPortSuppressTicksAndSleep)
    [Anonymous Symbol]                       0x10004624   Section        0  port.o(.text.vPortYield)
    [Anonymous Symbol]                       0x1000463c   Section        0  queue.o(.text.vQueueWaitForMessageRestricted)
    [Anonymous Symbol]                       0x100046a0   Section        0  portasm.o(.text.vRestoreContextOfFirstTask)
    [Anonymous Symbol]                       0x100046cc   Section        0  portasm.o(.text.vStartFirstTask)
    [Anonymous Symbol]                       0x100046ec   Section        0  tasks.o(.text.vTaskDelay)
    [Anonymous Symbol]                       0x10004724   Section        0  tasks.o(.text.vTaskInternalSetTimeOutState)
    [Anonymous Symbol]                       0x10004748   Section        0  tasks.o(.text.vTaskMissedYield)
    [Anonymous Symbol]                       0x10004758   Section        0  tasks.o(.text.vTaskPlaceOnEventList)
    [Anonymous Symbol]                       0x10004780   Section        0  tasks.o(.text.vTaskPlaceOnEventListRestricted)
    [Anonymous Symbol]                       0x100047e4   Section        0  tasks.o(.text.vTaskStartScheduler)
    [Anonymous Symbol]                       0x10004848   Section        0  tasks.o(.text.vTaskStepTick)
    [Anonymous Symbol]                       0x100048a4   Section        0  tasks.o(.text.vTaskSuspendAll)
    __tagsym$$used.0                         0x100048b4   Number         0  tasks.o(.text.vTaskSwitchContext)
    [Anonymous Symbol]                       0x100048b4   Section        0  tasks.o(.text.vTaskSwitchContext)
    [Anonymous Symbol]                       0x10004970   Section        0  port.o(.text.xPortStartScheduler)
    [Anonymous Symbol]                       0x100049c8   Section        0  queue.o(.text.xQueueGenericCreateStatic)
    [Anonymous Symbol]                       0x10004a34   Section        0  queue.o(.text.xQueueGenericReset)
    [Anonymous Symbol]                       0x10004af4   Section        0  queue.o(.text.xQueueReceive)
    [Anonymous Symbol]                       0x10004c24   Section        0  tasks.o(.text.xTaskCheckForTimeOut)
    [Anonymous Symbol]                       0x10004ce8   Section        0  tasks.o(.text.xTaskCreate)
    [Anonymous Symbol]                       0x10004d3c   Section        0  tasks.o(.text.xTaskCreateStatic)
    [Anonymous Symbol]                       0x10004d98   Section        0  tasks.o(.text.xTaskGetTickCount)
    [Anonymous Symbol]                       0x10004dac   Section        0  tasks.o(.text.xTaskIncrementTick)
    [Anonymous Symbol]                       0x1000500c   Section        0  tasks.o(.text.xTaskPriorityDisinherit)
    [Anonymous Symbol]                       0x10005100   Section        0  tasks.o(.text.xTaskRemoveFromEventList)
    [Anonymous Symbol]                       0x1000529c   Section        0  tasks.o(.text.xTaskResumeAll)
    [Anonymous Symbol]                       0x100054c8   Section        0  timers.o(.text.xTimerCreateTimerTask)
    i.__scatterload_copy                     0x10005540   Section       14  handlers.o(i.__scatterload_copy)
    i.__scatterload_null                     0x1000554e   Section        2  handlers.o(i.__scatterload_null)
    i.__scatterload_zeroinit                 0x10005550   Section       14  handlers.o(i.__scatterload_zeroinit)
    _ftoa.pow10                              0x10005560   Data          80  printf.o(.rodata._ftoa.pow10)
    [Anonymous Symbol]                       0x10005560   Section        0  printf.o(.rodata._ftoa.pow10)
    .L.str                                   0x100055b0   Data           4  main.o(.rodata.str1.1)
    [Anonymous Symbol]                       0x100055b0   Section        0  main.o(.rodata.str1.1)
    .L__func__.HardFault_Handler_Legency     0x100055b4   Data          26  main.o(.rodata.str1.1)
    .L.str.11                                0x100055b5   Data          31  main.o(.rodata.str1.1)
    .L__func__.Default_Handler               0x100055ce   Data          16  main.o(.rodata.str1.1)
    .L.str.12                                0x100055d4   Data          26  main.o(.rodata.str1.1)
    .L.str.1                                 0x100055de   Data           9  main.o(.rodata.str1.1)
    .L.str.2                                 0x100055e7   Data          27  main.o(.rodata.str1.1)
    .L.str.9                                 0x100055ee   Data          20  main.o(.rodata.str1.1)
    .L.str.3                                 0x10005602   Data          27  main.o(.rodata.str1.1)
    .L.str.4                                 0x1000561d   Data          13  main.o(.rodata.str1.1)
    .L.str.5                                 0x1000562a   Data           6  main.o(.rodata.str1.1)
    .L.str.6                                 0x10005630   Data           5  main.o(.rodata.str1.1)
    .L.str.7                                 0x10005635   Data          14  main.o(.rodata.str1.1)
    .L__func__.test0                         0x10005643   Data           6  main.o(.rodata.str1.1)
    .L__func__.test1                         0x10005649   Data           6  main.o(.rodata.str1.1)
    .L.str.8                                 0x1000564f   Data           8  main.o(.rodata.str1.1)
    .L__func__.test2                         0x1000564f   Data           6  main.o(.rodata.str1.1)
    .L.str.3                                 0x10005654   Data           3  main.o(.rodata.str1.1)
    .L__func__.test3                         0x10005655   Data           6  main.o(.rodata.str1.1)
    .L.str.23                                0x1000565b   Data           6  main.o(.rodata.str1.1)
    .L__func__.test4                         0x1000565b   Data           6  main.o(.rodata.str1.1)
    .L__func__.test5                         0x10005661   Data           6  main.o(.rodata.str1.1)
    .L.str.10                                0x10005692   Data          10  main.o(.rodata.str1.1)
    .L.str.2                                 0x100056c6   Data           5  printf.o(.rodata.str1.1)
    [Anonymous Symbol]                       0x100056c6   Section        0  printf.o(.rodata.str1.1)
    .L.str.1                                 0x100056cb   Data           5  printf.o(.rodata.str1.1)
    .L.str.3                                 0x100056d0   Data           4  printf.o(.rodata.str1.1)
    .L.str                                   0x100056d4   Data           4  printf.o(.rodata.str1.1)
    .L.str.5                                 0x100056d8   Data          18  fault-dump.o(.rodata.str1.1)
    [Anonymous Symbol]                       0x100056d8   Section        0  fault-dump.o(.rodata.str1.1)
    .L.str.24                                0x100056ea   Data          23  fault-dump.o(.rodata.str1.1)
    .L.str.6                                 0x10005701   Data          18  fault-dump.o(.rodata.str1.1)
    .L.str.7                                 0x10005713   Data          18  fault-dump.o(.rodata.str1.1)
    .L.str.8                                 0x10005725   Data          18  fault-dump.o(.rodata.str1.1)
    .L.str.9                                 0x10005737   Data          18  fault-dump.o(.rodata.str1.1)
    .L.str.10                                0x10005749   Data          18  fault-dump.o(.rodata.str1.1)
    .L.str.11                                0x1000575b   Data          18  fault-dump.o(.rodata.str1.1)
    .L.str.12                                0x1000576d   Data          18  fault-dump.o(.rodata.str1.1)
    .L.str.13                                0x1000577f   Data          18  fault-dump.o(.rodata.str1.1)
    .L.str.14                                0x10005791   Data          18  fault-dump.o(.rodata.str1.1)
    .L.str.15                                0x100057a3   Data          18  fault-dump.o(.rodata.str1.1)
    .L.str.20                                0x100057b5   Data          18  fault-dump.o(.rodata.str1.1)
    .L.str.19                                0x100057c7   Data          18  fault-dump.o(.rodata.str1.1)
    .L.str.16                                0x100057d9   Data          18  fault-dump.o(.rodata.str1.1)
    .L.str.17                                0x100057eb   Data          18  fault-dump.o(.rodata.str1.1)
    .L.str.18                                0x100057fd   Data          18  fault-dump.o(.rodata.str1.1)
    .L.str.21                                0x1000580f   Data          18  fault-dump.o(.rodata.str1.1)
    .L.str.4                                 0x10005821   Data          31  fault-dump.o(.rodata.str1.1)
    .L.str                                   0x1000583c   Data           4  fault-dump.o(.rodata.str1.1)
    .L.str.2                                 0x10005840   Data          32  fault-dump.o(.rodata.str1.1)
    .L.str.1                                 0x10005860   Data          36  fault-dump.o(.rodata.str1.1)
    .L.str                                   0x10005884   Data          36  fault-dump.o(.rodata.str1.1)
    .L.str.22                                0x100058a8   Data          14  fault-dump.o(.rodata.str1.1)
    .L.str.6                                 0x100058b6   Data          28  fault-hal.o(.rodata.str1.1)
    [Anonymous Symbol]                       0x100058b6   Section        0  fault-hal.o(.rodata.str1.1)
    .L.str.5                                 0x100058d2   Data          28  fault-hal.o(.rodata.str1.1)
    .L.str.8                                 0x100058ee   Data          28  fault-hal.o(.rodata.str1.1)
    .L.str.9                                 0x1000590a   Data          28  fault-hal.o(.rodata.str1.1)
    .L.str.14                                0x10005926   Data          28  fault-hal.o(.rodata.str1.1)
    .L.str.12                                0x10005942   Data          28  fault-hal.o(.rodata.str1.1)
    .L.str.11                                0x1000595e   Data          28  fault-hal.o(.rodata.str1.1)
    .L.str.2                                 0x1000597a   Data          28  fault-hal.o(.rodata.str1.1)
    .L.str.17                                0x10005996   Data          28  fault-hal.o(.rodata.str1.1)
    .L.str.15                                0x100059b2   Data          28  fault-hal.o(.rodata.str1.1)
    .L.str.3                                 0x100059ce   Data          28  fault-hal.o(.rodata.str1.1)
    .L.str.18                                0x100059ea   Data          28  fault-hal.o(.rodata.str1.1)
    .L.str.16                                0x10005a06   Data          30  fault-hal.o(.rodata.str1.1)
    .L.str.10                                0x10005a24   Data          30  fault-hal.o(.rodata.str1.1)
    .L.str.13                                0x10005a42   Data          30  fault-hal.o(.rodata.str1.1)
    .L.str.4                                 0x10005a60   Data          30  fault-hal.o(.rodata.str1.1)
    .L.str.7                                 0x10005a7e   Data          30  fault-hal.o(.rodata.str1.1)
    .L.str.1                                 0x10005a9c   Data          30  fault-hal.o(.rodata.str1.1)
    .L.str                                   0x10005aba   Data           5  tasks.o(.rodata.str1.1)
    [Anonymous Symbol]                       0x10005aba   Section        0  tasks.o(.rodata.str1.1)
    .L.str                                   0x10005abf   Data           8  timers.o(.rodata.str1.1)
    [Anonymous Symbol]                       0x10005abf   Section        0  timers.o(.rodata.str1.1)
    uxTopUsedPriority                        0x10005ac8   Data           4  tasks.o(.rodata.uxTopUsedPriority)
    [Anonymous Symbol]                       0x10005ac8   Section        0  tasks.o(.rodata.uxTopUsedPriority)
    ulCriticalNesting                        0x38000004   Data           4  port.o(.data.ulCriticalNesting)
    [Anonymous Symbol]                       0x38000004   Section        0  port.o(.data.ulCriticalNesting)
    fault_dump_handler.buffer                0x38000008   Data         256  fault-dump.o(.bss.fault_dump_handler.buffer)
    [Anonymous Symbol]                       0x38000008   Section        0  fault-dump.o(.bss.fault_dump_handler.buffer)
    fault_dump_handler.frame                 0x38000108   Data          64  fault-dump.o(.bss.fault_dump_handler.frame)
    [Anonymous Symbol]                       0x38000108   Section        0  fault-dump.o(.bss.fault_dump_handler.frame)
    main_task_init.main_task                 0x38000150   Data           4  main.o(.bss.main_task_init.main_task)
    [Anonymous Symbol]                       0x38000150   Section        0  main.o(.bss.main_task_init.main_task)
    prvCheckForValidListAndQueue.ucStaticTimerQueueStorage 0x38000154   Data         160  timers.o(.bss.prvCheckForValidListAndQueue.ucStaticTimerQueueStorage)
    [Anonymous Symbol]                       0x38000154   Section        0  timers.o(.bss.prvCheckForValidListAndQueue.ucStaticTimerQueueStorage)
    prvCheckForValidListAndQueue.xStaticTimerQueue 0x380001f4   Data          92  timers.o(.bss.prvCheckForValidListAndQueue.xStaticTimerQueue)
    [Anonymous Symbol]                       0x380001f4   Section        0  timers.o(.bss.prvCheckForValidListAndQueue.xStaticTimerQueue)
    prvSampleTimeNow.xLastTime               0x38000250   Data           4  timers.o(.bss.prvSampleTimeNow.xLastTime)
    [Anonymous Symbol]                       0x38000250   Section        0  timers.o(.bss.prvSampleTimeNow.xLastTime)
    __tagsym$$used.1                         0x38000254   Number         0  tasks.o(.bss.pxCurrentTCB)
    pxCurrentTimerList                       0x38000258   Data           4  timers.o(.bss.pxCurrentTimerList)
    [Anonymous Symbol]                       0x38000258   Section        0  timers.o(.bss.pxCurrentTimerList)
    pxDelayedTaskList                        0x3800025c   Data           4  tasks.o(.bss.pxDelayedTaskList)
    [Anonymous Symbol]                       0x3800025c   Section        0  tasks.o(.bss.pxDelayedTaskList)
    pxEnd                                    0x38000260   Data           4  heap_4.o(.bss.pxEnd)
    [Anonymous Symbol]                       0x38000260   Section        0  heap_4.o(.bss.pxEnd)
    pxOverflowDelayedTaskList                0x38000264   Data           4  tasks.o(.bss.pxOverflowDelayedTaskList)
    [Anonymous Symbol]                       0x38000264   Section        0  tasks.o(.bss.pxOverflowDelayedTaskList)
    pxOverflowTimerList                      0x38000268   Data           4  timers.o(.bss.pxOverflowTimerList)
    [Anonymous Symbol]                       0x38000268   Section        0  timers.o(.bss.pxOverflowTimerList)
    pxReadyTasksLists                        0x3800026c   Data         140  tasks.o(.bss.pxReadyTasksLists)
    [Anonymous Symbol]                       0x3800026c   Section        0  tasks.o(.bss.pxReadyTasksLists)
    ulStoppedTimerCompensation               0x380082f8   Data           4  port.o(.bss.ulStoppedTimerCompensation)
    [Anonymous Symbol]                       0x380082f8   Section        0  port.o(.bss.ulStoppedTimerCompensation)
    ulTimerCountsForOneTick                  0x380082fc   Data           4  port.o(.bss.ulTimerCountsForOneTick)
    [Anonymous Symbol]                       0x380082fc   Section        0  port.o(.bss.ulTimerCountsForOneTick)
    uxCurrentNumberOfTasks                   0x38008300   Data           4  tasks.o(.bss.uxCurrentNumberOfTasks)
    [Anonymous Symbol]                       0x38008300   Section        0  tasks.o(.bss.uxCurrentNumberOfTasks)
    uxDeletedTasksWaitingCleanUp             0x38008304   Data           4  tasks.o(.bss.uxDeletedTasksWaitingCleanUp)
    [Anonymous Symbol]                       0x38008304   Section        0  tasks.o(.bss.uxDeletedTasksWaitingCleanUp)
    uxSchedulerSuspended                     0x38008308   Data           4  tasks.o(.bss.uxSchedulerSuspended)
    [Anonymous Symbol]                       0x38008308   Section        0  tasks.o(.bss.uxSchedulerSuspended)
    uxTaskNumber                             0x3800830c   Data           4  tasks.o(.bss.uxTaskNumber)
    [Anonymous Symbol]                       0x3800830c   Section        0  tasks.o(.bss.uxTaskNumber)
    uxTopReadyPriority                       0x38008310   Data           4  tasks.o(.bss.uxTopReadyPriority)
    [Anonymous Symbol]                       0x38008310   Section        0  tasks.o(.bss.uxTopReadyPriority)
    vApplicationGetIdleTaskMemory.uxIdleTaskStack 0x38008314   Data         512  tasks.o(.bss.vApplicationGetIdleTaskMemory.uxIdleTaskStack)
    [Anonymous Symbol]                       0x38008314   Section        0  tasks.o(.bss.vApplicationGetIdleTaskMemory.uxIdleTaskStack)
    vApplicationGetIdleTaskMemory.xIdleTaskTCB 0x38008514   Data          76  tasks.o(.bss.vApplicationGetIdleTaskMemory.xIdleTaskTCB)
    [Anonymous Symbol]                       0x38008514   Section        0  tasks.o(.bss.vApplicationGetIdleTaskMemory.xIdleTaskTCB)
    vApplicationGetTimerTaskMemory.uxTimerTaskStack 0x38008560   Data         512  tasks.o(.bss.vApplicationGetTimerTaskMemory.uxTimerTaskStack)
    [Anonymous Symbol]                       0x38008560   Section        0  tasks.o(.bss.vApplicationGetTimerTaskMemory.uxTimerTaskStack)
    vApplicationGetTimerTaskMemory.xTimerTaskTCB 0x38008760   Data          76  tasks.o(.bss.vApplicationGetTimerTaskMemory.xTimerTaskTCB)
    [Anonymous Symbol]                       0x38008760   Section        0  tasks.o(.bss.vApplicationGetTimerTaskMemory.xTimerTaskTCB)
    xActiveTimerList1                        0x380087ac   Data          28  timers.o(.bss.xActiveTimerList1)
    [Anonymous Symbol]                       0x380087ac   Section        0  timers.o(.bss.xActiveTimerList1)
    xActiveTimerList2                        0x380087c8   Data          28  timers.o(.bss.xActiveTimerList2)
    [Anonymous Symbol]                       0x380087c8   Section        0  timers.o(.bss.xActiveTimerList2)
    xDelayedTaskList1                        0x380087e4   Data          28  tasks.o(.bss.xDelayedTaskList1)
    [Anonymous Symbol]                       0x380087e4   Section        0  tasks.o(.bss.xDelayedTaskList1)
    xDelayedTaskList2                        0x38008800   Data          28  tasks.o(.bss.xDelayedTaskList2)
    [Anonymous Symbol]                       0x38008800   Section        0  tasks.o(.bss.xDelayedTaskList2)
    xFreeBytesRemaining                      0x3800881c   Data           4  heap_4.o(.bss.xFreeBytesRemaining)
    [Anonymous Symbol]                       0x3800881c   Section        0  heap_4.o(.bss.xFreeBytesRemaining)
    xIdleTaskHandles                         0x38008820   Data           4  tasks.o(.bss.xIdleTaskHandles)
    [Anonymous Symbol]                       0x38008820   Section        0  tasks.o(.bss.xIdleTaskHandles)
    xMaximumPossibleSuppressedTicks          0x38008824   Data           4  port.o(.bss.xMaximumPossibleSuppressedTicks)
    [Anonymous Symbol]                       0x38008824   Section        0  port.o(.bss.xMaximumPossibleSuppressedTicks)
    xMinimumEverFreeBytesRemaining           0x38008828   Data           4  heap_4.o(.bss.xMinimumEverFreeBytesRemaining)
    [Anonymous Symbol]                       0x38008828   Section        0  heap_4.o(.bss.xMinimumEverFreeBytesRemaining)
    xNextTaskUnblockTime                     0x3800882c   Data           4  tasks.o(.bss.xNextTaskUnblockTime)
    [Anonymous Symbol]                       0x3800882c   Section        0  tasks.o(.bss.xNextTaskUnblockTime)
    xNumOfOverflows                          0x38008830   Data           4  tasks.o(.bss.xNumOfOverflows)
    [Anonymous Symbol]                       0x38008830   Section        0  tasks.o(.bss.xNumOfOverflows)
    xNumberOfSuccessfulAllocations           0x38008834   Data           4  heap_4.o(.bss.xNumberOfSuccessfulAllocations)
    [Anonymous Symbol]                       0x38008834   Section        0  heap_4.o(.bss.xNumberOfSuccessfulAllocations)
    xNumberOfSuccessfulFrees                 0x38008838   Data           4  heap_4.o(.bss.xNumberOfSuccessfulFrees)
    [Anonymous Symbol]                       0x38008838   Section        0  heap_4.o(.bss.xNumberOfSuccessfulFrees)
    xPendedTicks                             0x3800883c   Data           4  tasks.o(.bss.xPendedTicks)
    [Anonymous Symbol]                       0x3800883c   Section        0  tasks.o(.bss.xPendedTicks)
    xPendingReadyList                        0x38008840   Data          28  tasks.o(.bss.xPendingReadyList)
    [Anonymous Symbol]                       0x38008840   Section        0  tasks.o(.bss.xPendingReadyList)
    xSchedulerRunning                        0x3800885c   Data           4  tasks.o(.bss.xSchedulerRunning)
    [Anonymous Symbol]                       0x3800885c   Section        0  tasks.o(.bss.xSchedulerRunning)
    xStart                                   0x38008860   Data           8  heap_4.o(.bss.xStart)
    [Anonymous Symbol]                       0x38008860   Section        0  heap_4.o(.bss.xStart)
    xSuspendedTaskList                       0x38008868   Data          28  tasks.o(.bss.xSuspendedTaskList)
    [Anonymous Symbol]                       0x38008868   Section        0  tasks.o(.bss.xSuspendedTaskList)
    xTasksWaitingTermination                 0x38008884   Data          28  tasks.o(.bss.xTasksWaitingTermination)
    [Anonymous Symbol]                       0x38008884   Section        0  tasks.o(.bss.xTasksWaitingTermination)
    xTickCount                               0x380088a0   Data           4  tasks.o(.bss.xTickCount)
    [Anonymous Symbol]                       0x380088a0   Section        0  tasks.o(.bss.xTickCount)
    xTimerQueue                              0x380088a4   Data           4  timers.o(.bss.xTimerQueue)
    [Anonymous Symbol]                       0x380088a4   Section        0  timers.o(.bss.xTimerQueue)
    xTimerTaskHandle                         0x380088a8   Data           4  timers.o(.bss.xTimerTaskHandle)
    [Anonymous Symbol]                       0x380088a8   Section        0  timers.o(.bss.xTimerTaskHandle)
    xYieldPendings                           0x380088ac   Data           4  tasks.o(.bss.xYieldPendings)
    [Anonymous Symbol]                       0x380088ac   Section        0  tasks.o(.bss.xYieldPendings)
    STACK                                    0x380088b0   Section     4096  startup_ARMCM33.o(STACK)

    Global Symbols

    Symbol Name                              Value     Ov Type        Size  Object(Section)

    BuildAttributes$$THM_ISAv4$E$P$D$K$B$S$7EM$8M$VFPi5$EXTD16$VFPS$VFMA$PE$A:L22UL41UL21$X:L11$S22US41US21$IEEE1$IW$~IW$USESV6$~STKCKD$USESV7$WCHAR32$ENUMINT$~SHL$OSPACE$ROPI$EBA8$MICROLIB$REQ8$PRES8$EABIv2 0x00000000   Number         0  anon$$obj.o ABSOLUTE
    __cpp_initialize__aeabi_                  - Undefined Weak Reference
    __cxa_finalize                            - Undefined Weak Reference
    __decompress                              - Undefined Weak Reference
    _clock_init                               - Undefined Weak Reference
    _microlib_exit                            - Undefined Weak Reference
    __Vectors_Size                           0x0000023c   Number         0  startup_ARMCM33.o ABSOLUTE
    STACK$$Length                            0x00001000   Number         0  anon$$obj.o ABSOLUTE
    Image$$ER_IROM1$$Length                  0x00005aec   Number         0  anon$$obj.o ABSOLUTE
    Image$$ER_IROM1$$Base                    0x10000000   Number         0  anon$$obj.o ABSOLUTE
    __Vectors                                0x10000000   Data           4  startup_ARMCM33.o(RESET)
    __Vectors_End                            0x1000023c   Data           0  startup_ARMCM33.o(RESET)
    __main                                   0x1000023d   Thumb Code     0  entry.o(.ARM.Collect$$$$00000000)
    _main_stk                                0x1000023d   Thumb Code     0  entry2.o(.ARM.Collect$$$$00000001)
    _main_scatterload                        0x10000241   Thumb Code     0  entry5.o(.ARM.Collect$$$$00000004)
    __main_after_scatterload                 0x10000245   Thumb Code     0  entry5.o(.ARM.Collect$$$$00000004)
    _main_clock                              0x10000245   Thumb Code     0  entry7b.o(.ARM.Collect$$$$00000008)
    _main_cpp_init                           0x10000245   Thumb Code     0  entry8b.o(.ARM.Collect$$$$0000000A)
    _main_init                               0x10000245   Thumb Code     0  entry9a.o(.ARM.Collect$$$$0000000B)
    __rt_final_cpp                           0x1000024d   Thumb Code     0  entry10a.o(.ARM.Collect$$$$0000000D)
    __rt_final_exit                          0x1000024d   Thumb Code     0  entry11a.o(.ARM.Collect$$$$0000000F)
    Reset_Handler                            0x10000251   Thumb Code     8  startup_ARMCM33.o(.text)
    NMI_Handler                              0x10000259   Thumb Code     2  startup_ARMCM33.o(.text)
    MemManage_Handler                        0x1000025d   Thumb Code     2  startup_ARMCM33.o(.text)
    BusFault_Handler                         0x1000025f   Thumb Code     2  startup_ARMCM33.o(.text)
    UsageFault_Handler                       0x10000261   Thumb Code     2  startup_ARMCM33.o(.text)
    SecureFault_Handler                      0x10000263   Thumb Code     2  startup_ARMCM33.o(.text)
    DebugMon_Handler                         0x10000267   Thumb Code     2  startup_ARMCM33.o(.text)
    BRIDGE_ERROR_Handler                     0x1000026d   Thumb Code     0  startup_ARMCM33.o(.text)
    DMA0_ERROR_Handler                       0x1000026d   Thumb Code     0  startup_ARMCM33.o(.text)
    DMA0_Handler                             0x1000026d   Thumb Code     0  startup_ARMCM33.o(.text)
    DMA0_TC_Handler                          0x1000026d   Thumb Code     0  startup_ARMCM33.o(.text)
    DMA1_ERROR_Handler                       0x1000026d   Thumb Code     0  startup_ARMCM33.o(.text)
    DMA1_Handler                             0x1000026d   Thumb Code     0  startup_ARMCM33.o(.text)
    DMA1_TC_Handler                          0x1000026d   Thumb Code     0  startup_ARMCM33.o(.text)
    DMA2_ERROR_Handler                       0x1000026d   Thumb Code     0  startup_ARMCM33.o(.text)
    DMA2_Handler                             0x1000026d   Thumb Code     0  startup_ARMCM33.o(.text)
    DMA2_TC_Handler                          0x1000026d   Thumb Code     0  startup_ARMCM33.o(.text)
    DMA3_ERROR_Handler                       0x1000026d   Thumb Code     0  startup_ARMCM33.o(.text)
    DMA3_Handler                             0x1000026d   Thumb Code     0  startup_ARMCM33.o(.text)
    DMA3_TC_Handler                          0x1000026d   Thumb Code     0  startup_ARMCM33.o(.text)
    DUALTIMER_Handler                        0x1000026d   Thumb Code     0  startup_ARMCM33.o(.text)
    ETHERNET_Handler                         0x1000026d   Thumb Code     0  startup_ARMCM33.o(.text)
    GPIO0_0_Handler                          0x1000026d   Thumb Code     0  startup_ARMCM33.o(.text)
    GPIO0_10_Handler                         0x1000026d   Thumb Code     0  startup_ARMCM33.o(.text)
    GPIO0_11_Handler                         0x1000026d   Thumb Code     0  startup_ARMCM33.o(.text)
    GPIO0_12_Handler                         0x1000026d   Thumb Code     0  startup_ARMCM33.o(.text)
    GPIO0_13_Handler                         0x1000026d   Thumb Code     0  startup_ARMCM33.o(.text)
    GPIO0_14_Handler                         0x1000026d   Thumb Code     0  startup_ARMCM33.o(.text)
    GPIO0_15_Handler                         0x1000026d   Thumb Code     0  startup_ARMCM33.o(.text)
    GPIO0_1_Handler                          0x1000026d   Thumb Code     0  startup_ARMCM33.o(.text)
    GPIO0_2_Handler                          0x1000026d   Thumb Code     0  startup_ARMCM33.o(.text)
    GPIO0_3_Handler                          0x1000026d   Thumb Code     0  startup_ARMCM33.o(.text)
    GPIO0_4_Handler                          0x1000026d   Thumb Code     0  startup_ARMCM33.o(.text)
    GPIO0_5_Handler                          0x1000026d   Thumb Code     0  startup_ARMCM33.o(.text)
    GPIO0_6_Handler                          0x1000026d   Thumb Code     0  startup_ARMCM33.o(.text)
    GPIO0_7_Handler                          0x1000026d   Thumb Code     0  startup_ARMCM33.o(.text)
    GPIO0_8_Handler                          0x1000026d   Thumb Code     0  startup_ARMCM33.o(.text)
    GPIO0_9_Handler                          0x1000026d   Thumb Code     0  startup_ARMCM33.o(.text)
    GPIO0_Handler                            0x1000026d   Thumb Code     0  startup_ARMCM33.o(.text)
    GPIO1_0_Handler                          0x1000026d   Thumb Code     0  startup_ARMCM33.o(.text)
    GPIO1_10_Handler                         0x1000026d   Thumb Code     0  startup_ARMCM33.o(.text)
    GPIO1_11_Handler                         0x1000026d   Thumb Code     0  startup_ARMCM33.o(.text)
    GPIO1_12_Handler                         0x1000026d   Thumb Code     0  startup_ARMCM33.o(.text)
    GPIO1_13_Handler                         0x1000026d   Thumb Code     0  startup_ARMCM33.o(.text)
    GPIO1_14_Handler                         0x1000026d   Thumb Code     0  startup_ARMCM33.o(.text)
    GPIO1_15_Handler                         0x1000026d   Thumb Code     0  startup_ARMCM33.o(.text)
    GPIO1_1_Handler                          0x1000026d   Thumb Code     0  startup_ARMCM33.o(.text)
    GPIO1_2_Handler                          0x1000026d   Thumb Code     0  startup_ARMCM33.o(.text)
    GPIO1_3_Handler                          0x1000026d   Thumb Code     0  startup_ARMCM33.o(.text)
    GPIO1_4_Handler                          0x1000026d   Thumb Code     0  startup_ARMCM33.o(.text)
    GPIO1_5_Handler                          0x1000026d   Thumb Code     0  startup_ARMCM33.o(.text)
    GPIO1_6_Handler                          0x1000026d   Thumb Code     0  startup_ARMCM33.o(.text)
    GPIO1_7_Handler                          0x1000026d   Thumb Code     0  startup_ARMCM33.o(.text)
    GPIO1_8_Handler                          0x1000026d   Thumb Code     0  startup_ARMCM33.o(.text)
    GPIO1_9_Handler                          0x1000026d   Thumb Code     0  startup_ARMCM33.o(.text)
    GPIO1_Handler                            0x1000026d   Thumb Code     0  startup_ARMCM33.o(.text)
    GPIO2_0_Handler                          0x1000026d   Thumb Code     0  startup_ARMCM33.o(.text)
    GPIO2_10_Handler                         0x1000026d   Thumb Code     0  startup_ARMCM33.o(.text)
    GPIO2_11_Handler                         0x1000026d   Thumb Code     0  startup_ARMCM33.o(.text)
    GPIO2_12_Handler                         0x1000026d   Thumb Code     0  startup_ARMCM33.o(.text)
    GPIO2_13_Handler                         0x1000026d   Thumb Code     0  startup_ARMCM33.o(.text)
    GPIO2_14_Handler                         0x1000026d   Thumb Code     0  startup_ARMCM33.o(.text)
    GPIO2_15_Handler                         0x1000026d   Thumb Code     0  startup_ARMCM33.o(.text)
    GPIO2_1_Handler                          0x1000026d   Thumb Code     0  startup_ARMCM33.o(.text)
    GPIO2_2_Handler                          0x1000026d   Thumb Code     0  startup_ARMCM33.o(.text)
    GPIO2_3_Handler                          0x1000026d   Thumb Code     0  startup_ARMCM33.o(.text)
    GPIO2_4_Handler                          0x1000026d   Thumb Code     0  startup_ARMCM33.o(.text)
    GPIO2_5_Handler                          0x1000026d   Thumb Code     0  startup_ARMCM33.o(.text)
    GPIO2_6_Handler                          0x1000026d   Thumb Code     0  startup_ARMCM33.o(.text)
    GPIO2_7_Handler                          0x1000026d   Thumb Code     0  startup_ARMCM33.o(.text)
    GPIO2_8_Handler                          0x1000026d   Thumb Code     0  startup_ARMCM33.o(.text)
    GPIO2_9_Handler                          0x1000026d   Thumb Code     0  startup_ARMCM33.o(.text)
    GPIO2_Handler                            0x1000026d   Thumb Code     0  startup_ARMCM33.o(.text)
    GPIO3_0_Handler                          0x1000026d   Thumb Code     0  startup_ARMCM33.o(.text)
    GPIO3_1_Handler                          0x1000026d   Thumb Code     0  startup_ARMCM33.o(.text)
    GPIO3_2_Handler                          0x1000026d   Thumb Code     0  startup_ARMCM33.o(.text)
    GPIO3_3_Handler                          0x1000026d   Thumb Code     0  startup_ARMCM33.o(.text)
    GPIO3_Handler                            0x1000026d   Thumb Code     0  startup_ARMCM33.o(.text)
    I2S0_Handler                             0x1000026d   Thumb Code     0  startup_ARMCM33.o(.text)
    I2S1_Handler                             0x1000026d   Thumb Code     0  startup_ARMCM33.o(.text)
    MPC_Handler                              0x1000026d   Thumb Code     0  startup_ARMCM33.o(.text)
    MSC_Handler                              0x1000026d   Thumb Code     0  startup_ARMCM33.o(.text)
    NONSEC_WATCHDOG_Handler                  0x1000026d   Thumb Code     0  startup_ARMCM33.o(.text)
    NONSEC_WATCHDOG_RESET_Handler            0x1000026d   Thumb Code     0  startup_ARMCM33.o(.text)
    PPC_Handler                              0x1000026d   Thumb Code     0  startup_ARMCM33.o(.text)
    S32K_TIMER_Handler                       0x1000026d   Thumb Code     0  startup_ARMCM33.o(.text)
    SPI0_Handler                             0x1000026d   Thumb Code     0  startup_ARMCM33.o(.text)
    SPI1_Handler                             0x1000026d   Thumb Code     0  startup_ARMCM33.o(.text)
    SPI2_Handler                             0x1000026d   Thumb Code     0  startup_ARMCM33.o(.text)
    TIMER0_Handler                           0x1000026d   Thumb Code     0  startup_ARMCM33.o(.text)
    TIMER1_Handler                           0x1000026d   Thumb Code     0  startup_ARMCM33.o(.text)
    TSC_Handler                              0x1000026d   Thumb Code     0  startup_ARMCM33.o(.text)
    UART0RX_Handler                          0x1000026d   Thumb Code     0  startup_ARMCM33.o(.text)
    UART0TX_Handler                          0x1000026d   Thumb Code     0  startup_ARMCM33.o(.text)
    UART0_Handler                            0x1000026d   Thumb Code     0  startup_ARMCM33.o(.text)
    UART1RX_Handler                          0x1000026d   Thumb Code     0  startup_ARMCM33.o(.text)
    UART1TX_Handler                          0x1000026d   Thumb Code     0  startup_ARMCM33.o(.text)
    UART1_Handler                            0x1000026d   Thumb Code     0  startup_ARMCM33.o(.text)
    UART2RX_Handler                          0x1000026d   Thumb Code     0  startup_ARMCM33.o(.text)
    UART2TX_Handler                          0x1000026d   Thumb Code     0  startup_ARMCM33.o(.text)
    UART2_Handler                            0x1000026d   Thumb Code     0  startup_ARMCM33.o(.text)
    UART3RX_Handler                          0x1000026d   Thumb Code     0  startup_ARMCM33.o(.text)
    UART3TX_Handler                          0x1000026d   Thumb Code     0  startup_ARMCM33.o(.text)
    UART3_Handler                            0x1000026d   Thumb Code     0  startup_ARMCM33.o(.text)
    UART4RX_Handler                          0x1000026d   Thumb Code     0  startup_ARMCM33.o(.text)
    UART4TX_Handler                          0x1000026d   Thumb Code     0  startup_ARMCM33.o(.text)
    UART4_Handler                            0x1000026d   Thumb Code     0  startup_ARMCM33.o(.text)
    UART5RX_Handler                          0x1000026d   Thumb Code     0  startup_ARMCM33.o(.text)
    UART5TX_Handler                          0x1000026d   Thumb Code     0  startup_ARMCM33.o(.text)
    UART5_Handler                            0x1000026d   Thumb Code     0  startup_ARMCM33.o(.text)
    UARTOVF_Handler                          0x1000026d   Thumb Code     0  startup_ARMCM33.o(.text)
    USB_Handler                              0x1000026d   Thumb Code     0  startup_ARMCM33.o(.text)
    HardFault_Handler                        0x10000279   Thumb Code    58  fault-mdk.o(.text)
    __aeabi_uldivmod                         0x100002bd   Thumb Code    98  uldiv.o(.text)
    __aeabi_memcpy                           0x1000031f   Thumb Code    36  memcpya.o(.text)
    __aeabi_memcpy4                          0x1000031f   Thumb Code     0  memcpya.o(.text)
    __aeabi_memcpy8                          0x1000031f   Thumb Code     0  memcpya.o(.text)
    __aeabi_memset                           0x10000343   Thumb Code    14  memseta.o(.text)
    __aeabi_memset4                          0x10000343   Thumb Code     0  memseta.o(.text)
    __aeabi_memset8                          0x10000343   Thumb Code     0  memseta.o(.text)
    __aeabi_memclr                           0x10000351   Thumb Code     4  memseta.o(.text)
    __aeabi_memclr4                          0x10000351   Thumb Code     0  memseta.o(.text)
    __aeabi_memclr8                          0x10000351   Thumb Code     0  memseta.o(.text)
    _memset$wrapper                          0x10000355   Thumb Code    18  memseta.o(.text)
    __aeabi_dadd                             0x10000367   Thumb Code   322  dadd.o(.text)
    __aeabi_dsub                             0x100004a9   Thumb Code     6  dadd.o(.text)
    __aeabi_drsub                            0x100004af   Thumb Code     6  dadd.o(.text)
    __aeabi_dmul                             0x100004b5   Thumb Code   228  dmul.o(.text)
    __aeabi_ddiv                             0x10000599   Thumb Code   222  ddiv.o(.text)
    __aeabi_dcmple                           0x10000677   Thumb Code    54  dcmple.o(.text)
    __aeabi_dcmplt                           0x100006ad   Thumb Code    54  dcmplt.o(.text)
    __aeabi_dcmpge                           0x100006e3   Thumb Code    54  dcmpge.o(.text)
    __aeabi_dcmpgt                           0x10000719   Thumb Code    54  dcmpgt.o(.text)
    __aeabi_dcmpeq                           0x1000074f   Thumb Code    56  dcmpeq.o(.text)
    __aeabi_i2d                              0x10000787   Thumb Code    34  dflti.o(.text)
    __aeabi_ui2d                             0x100007a9   Thumb Code    26  dfltui.o(.text)
    __aeabi_d2iz                             0x100007c3   Thumb Code    62  dfixi.o(.text)
    __aeabi_d2uiz                            0x10000801   Thumb Code    50  dfixui.o(.text)
    __aeabi_llsl                             0x10000833   Thumb Code    30  llshl.o(.text)
    _ll_shift_l                              0x10000833   Thumb Code     0  llshl.o(.text)
    __aeabi_llsr                             0x10000851   Thumb Code    32  llushr.o(.text)
    _ll_ushift_r                             0x10000851   Thumb Code     0  llushr.o(.text)
    __aeabi_lasr                             0x10000871   Thumb Code    36  llsshr.o(.text)
    _ll_sshift_r                             0x10000871   Thumb Code     0  llsshr.o(.text)
    __I$use$fp                               0x10000895   Thumb Code     0  iusefp.o(.text)
    _double_round                            0x10000895   Thumb Code    30  depilogue.o(.text)
    _double_epilogue                         0x100008b3   Thumb Code   156  depilogue.o(.text)
    __scatterload                            0x10000951   Thumb Code    38  init.o(.text)
    __scatterload_rt2                        0x10000951   Thumb Code     0  init.o(.text)
    PendSV_Handler                           0x10000981   Thumb Code    68  portasm.o(.text.PendSV_Handler)
    SVC_Handler                              0x100009c9   Thumb Code    18  portasm.o(.text.SVC_Handler)
    SysTick_Handler                          0x100009e1   Thumb Code    46  port.o(.text.SysTick_Handler)
    SystemInit                               0x10000a11   Thumb Code    54  system_ARMCM33.o(.text.SystemInit)
    eTaskConfirmSleepModeStatus              0x10002689   Thumb Code   116  tasks.o(.text.eTaskConfirmSleepModeStatus)
    fault_dump_callstack                     0x100026fd   Thumb Code   264  fault-dump.o(.text.fault_dump_callstack)
    fault_dump_exc_return                    0x10002805   Thumb Code   344  fault-hal.o(.text.fault_dump_exc_return)
    fault_dump_handler                       0x1000295d   Thumb Code   638  fault-dump.o(.text.fault_dump_handler)
    fault_dump_init                          0x10002bdd   Thumb Code    98  fault-dump.o(.text.fault_dump_init)
    main                                     0x10002c79   Thumb Code    58  main.o(.text.main)
    printf                                   0x10002d95   Thumb Code    60  printf.o(.text.printf)
    put_char                                 0x10003e05   Thumb Code    40  uart.o(.text.put_char)
    pvPortMalloc                             0x10003e2d   Thumb Code   438  heap_4.o(.text.pvPortMalloc)
    pxPortInitialiseStack                    0x10003fe5   Thumb Code   266  port.o(.text.pxPortInitialiseStack)
    uart_init                                0x100040f1   Thumb Code    64  uart.o(.text.uart_init)
    ulSetInterruptMask                       0x10004131   Thumb Code    22  portasm.o(.text.ulSetInterruptMask)
    uxListRemove                             0x10004149   Thumb Code    72  list.o(.text.uxListRemove)
    uxTaskGetNumberOfTasks                   0x10004191   Thumb Code    12  tasks.o(.text.uxTaskGetNumberOfTasks)
    vApplicationGetIdleTaskMemory            0x1000419d   Thumb Code    42  tasks.o(.text.vApplicationGetIdleTaskMemory)
    vApplicationGetTimerTaskMemory           0x100041c9   Thumb Code    42  tasks.o(.text.vApplicationGetTimerTaskMemory)
    vClearInterruptMask                      0x100041f5   Thumb Code    14  portasm.o(.text.vClearInterruptMask)
    vListInitialise                          0x10004205   Thumb Code    54  list.o(.text.vListInitialise)
    vListInitialiseItem                      0x1000423d   Thumb Code    14  list.o(.text.vListInitialiseItem)
    vListInsert                              0x1000424d   Thumb Code   106  list.o(.text.vListInsert)
    vPortEnterCritical                       0x100042b9   Thumb Code    30  port.o(.text.vPortEnterCritical)
    vPortExitCritical                        0x100042d9   Thumb Code    32  port.o(.text.vPortExitCritical)
    vPortFree                                0x100042f9   Thumb Code   118  heap_4.o(.text.vPortFree)
    vPortSVCHandler_C                        0x10004371   Thumb Code    44  port.o(.text.vPortSVCHandler_C)
    vPortSetupTimerInterrupt                 0x1000439d   Thumb Code    98  port.o(.text.vPortSetupTimerInterrupt)
    vPortSuppressTicksAndSleep               0x10004401   Thumb Code   548  port.o(.text.vPortSuppressTicksAndSleep)
    vPortYield                               0x10004625   Thumb Code    24  port.o(.text.vPortYield)
    vQueueWaitForMessageRestricted           0x1000463d   Thumb Code   100  queue.o(.text.vQueueWaitForMessageRestricted)
    vRestoreContextOfFirstTask               0x100046a1   Thumb Code    38  portasm.o(.text.vRestoreContextOfFirstTask)
    vStartFirstTask                          0x100046cd   Thumb Code    26  portasm.o(.text.vStartFirstTask)
    vTaskDelay                               0x100046ed   Thumb Code    56  tasks.o(.text.vTaskDelay)
    vTaskInternalSetTimeOutState             0x10004725   Thumb Code    36  tasks.o(.text.vTaskInternalSetTimeOutState)
    vTaskMissedYield                         0x10004749   Thumb Code    14  tasks.o(.text.vTaskMissedYield)
    vTaskPlaceOnEventList                    0x10004759   Thumb Code    38  tasks.o(.text.vTaskPlaceOnEventList)
    vTaskPlaceOnEventListRestricted          0x10004781   Thumb Code   100  tasks.o(.text.vTaskPlaceOnEventListRestricted)
    vTaskStartScheduler                      0x100047e5   Thumb Code   100  tasks.o(.text.vTaskStartScheduler)
    vTaskStepTick                            0x10004849   Thumb Code    92  tasks.o(.text.vTaskStepTick)
    vTaskSuspendAll                          0x100048a5   Thumb Code    16  tasks.o(.text.vTaskSuspendAll)
    vTaskSwitchContext                       0x100048b5   Thumb Code   186  tasks.o(.text.vTaskSwitchContext)
    xPortStartScheduler                      0x10004971   Thumb Code    88  port.o(.text.xPortStartScheduler)
    xQueueGenericCreateStatic                0x100049c9   Thumb Code   108  queue.o(.text.xQueueGenericCreateStatic)
    xQueueGenericReset                       0x10004a35   Thumb Code   190  queue.o(.text.xQueueGenericReset)
    xQueueReceive                            0x10004af5   Thumb Code   302  queue.o(.text.xQueueReceive)
    xTaskCheckForTimeOut                     0x10004c25   Thumb Code   196  tasks.o(.text.xTaskCheckForTimeOut)
    xTaskCreate                              0x10004ce9   Thumb Code    82  tasks.o(.text.xTaskCreate)
    xTaskCreateStatic                        0x10004d3d   Thumb Code    92  tasks.o(.text.xTaskCreateStatic)
    xTaskGetTickCount                        0x10004d99   Thumb Code    20  tasks.o(.text.xTaskGetTickCount)
    xTaskIncrementTick                       0x10004dad   Thumb Code   606  tasks.o(.text.xTaskIncrementTick)
    xTaskPriorityDisinherit                  0x1000500d   Thumb Code   242  tasks.o(.text.xTaskPriorityDisinherit)
    xTaskRemoveFromEventList                 0x10005101   Thumb Code   410  tasks.o(.text.xTaskRemoveFromEventList)
    xTaskResumeAll                           0x1000529d   Thumb Code   556  tasks.o(.text.xTaskResumeAll)
    xTimerCreateTimerTask                    0x100054c9   Thumb Code   120  timers.o(.text.xTimerCreateTimerTask)
    __scatterload_copy                       0x10005541   Thumb Code    14  handlers.o(i.__scatterload_copy)
    __scatterload_null                       0x1000554f   Thumb Code     2  handlers.o(i.__scatterload_null)
    __scatterload_zeroinit                   0x10005551   Thumb Code    14  handlers.o(i.__scatterload_zeroinit)
    Region$$Table$$Base                      0x10005acc   Number         0  anon$$obj.o(Region$$Table)
    Region$$Table$$Limit                     0x10005aec   Number         0  anon$$obj.o(Region$$Table)
    SystemCoreClock                          0x38000000   Data           4  system_ARMCM33.o(.data.SystemCoreClock)
    fd_main_stack_base                       0x38000148   Data           4  fault-dump.o(.bss.fd_main_stack_base)
    fd_main_stack_full                       0x3800014c   Data           4  fault-dump.o(.bss.fd_main_stack_full)
    pxCurrentTCB                             0x38000254   Data           4  tasks.o(.bss.pxCurrentTCB)
    ucHeap                                   0x380002f8   Data       32768  main.o(.bss.ucHeap)
    STACK$$Base                              0x380088b0   Number         0  startup_ARMCM33.o(STACK)
    __initial_sp                             0x380098b0   Data           0  startup_ARMCM33.o(STACK)



==============================================================================

Memory Map of the image

  Image Entry point : 0x1000023d

  Load Region LR_ROM (Base: 0x10000000, Size: 0x00005af8, Max: 0x00100000, ABSOLUTE)

    Execution Region ER_IROM1 (Base: 0x10000000, Size: 0x00005aec, Max: 0x00100000, ABSOLUTE)

    Base Addr    Size         Type   Attr      Idx    E Section Name        Object

    0x10000000   0x0000023c   Data   RO          659    RESET               startup_ARMCM33.o
    0x1000023c   0x00000000   Code   RO          670  * .ARM.Collect$$$$00000000  mc_w.l(entry.o)
    0x1000023c   0x00000004   Code   RO          708    .ARM.Collect$$$$00000001  mc_w.l(entry2.o)
    0x10000240   0x00000004   Code   RO          711    .ARM.Collect$$$$00000004  mc_w.l(entry5.o)
    0x10000244   0x00000000   Code   RO          713    .ARM.Collect$$$$00000008  mc_w.l(entry7b.o)
    0x10000244   0x00000000   Code   RO          715    .ARM.Collect$$$$0000000A  mc_w.l(entry8b.o)
    0x10000244   0x00000008   Code   RO          716    .ARM.Collect$$$$0000000B  mc_w.l(entry9a.o)
    0x1000024c   0x00000000   Code   RO          718    .ARM.Collect$$$$0000000D  mc_w.l(entry10a.o)
    0x1000024c   0x00000000   Code   RO          720    .ARM.Collect$$$$0000000F  mc_w.l(entry11a.o)
    0x1000024c   0x00000004   Code   RO          709    .ARM.Collect$$$$00002712  mc_w.l(entry2.o)
    0x10000250   0x00000028   Code   RO          660    .text               startup_ARMCM33.o
    0x10000278   0x00000044   Code   RO          666    .text               fault-mdk.o
    0x100002bc   0x00000062   Code   RO          676    .text               mc_w.l(uldiv.o)
    0x1000031e   0x00000024   Code   RO          678    .text               mc_w.l(memcpya.o)
    0x10000342   0x00000024   Code   RO          680    .text               mc_w.l(memseta.o)
    0x10000366   0x0000014e   Code   RO          684    .text               mf_w.l(dadd.o)
    0x100004b4   0x000000e4   Code   RO          686    .text               mf_w.l(dmul.o)
    0x10000598   0x000000de   Code   RO          688    .text               mf_w.l(ddiv.o)
    0x10000676   0x00000036   Code   RO          690    .text               mf_w.l(dcmple.o)
    0x100006ac   0x00000036   Code   RO          692    .text               mf_w.l(dcmplt.o)
    0x100006e2   0x00000036   Code   RO          694    .text               mf_w.l(dcmpge.o)
    0x10000718   0x00000036   Code   RO          696    .text               mf_w.l(dcmpgt.o)
    0x1000074e   0x00000038   Code   RO          698    .text               mf_w.l(dcmpeq.o)
    0x10000786   0x00000022   Code   RO          700    .text               mf_w.l(dflti.o)
    0x100007a8   0x0000001a   Code   RO          702    .text               mf_w.l(dfltui.o)
    0x100007c2   0x0000003e   Code   RO          704    .text               mf_w.l(dfixi.o)
    0x10000800   0x00000032   Code   RO          706    .text               mf_w.l(dfixui.o)
    0x10000832   0x0000001e   Code   RO          735    .text               mc_w.l(llshl.o)
    0x10000850   0x00000020   Code   RO          737    .text               mc_w.l(llushr.o)
    0x10000870   0x00000024   Code   RO          739    .text               mc_w.l(llsshr.o)
    0x10000894   0x00000000   Code   RO          741    .text               mc_w.l(iusefp.o)
    0x10000894   0x000000ba   Code   RO          742    .text               mf_w.l(depilogue.o)
    0x1000094e   0x00000002   PAD
    0x10000950   0x00000030   Code   RO          744    .text               mc_w.l(init.o)
    0x10000980   0x00000048   Code   RO          647    .text.PendSV_Handler  portasm.o
    0x100009c8   0x00000018   Code   RO          649    .text.SVC_Handler   portasm.o
    0x100009e0   0x0000002e   Code   RO          608    .text.SysTick_Handler  port.o
    0x10000a0e   0x00000002   PAD
    0x10000a10   0x00000036   Code   RO           43    .text.SystemInit    system_ARMCM33.o
    0x10000a46   0x00000002   PAD
    0x10000a48   0x0000003a   Code   RO           77    .text._atoi         printf.o
    0x10000a82   0x00000006   PAD
    0x10000a88   0x00000640   Code   RO           85    .text._etoa         printf.o
    0x100010c8   0x00000580   Code   RO           83    .text._ftoa         printf.o
    0x10001648   0x0000002e   Code   RO           75    .text._is_digit     printf.o
    0x10001676   0x00000002   PAD
    0x10001678   0x0000023c   Code   RO           89    .text._ntoa_format  printf.o
    0x100018b4   0x00000114   Code   RO           81    .text._ntoa_long    printf.o
    0x100019c8   0x00000138   Code   RO           79    .text._ntoa_long_long  printf.o
    0x10001b00   0x00000024   Code   RO           57    .text._out_char     printf.o
    0x10001b24   0x00000010   Code   RO           73    .text._out_null     printf.o
    0x10001b34   0x000000c0   Code   RO           91    .text._out_rev      printf.o
    0x10001bf4   0x00000044   Code   RO           87    .text._strnlen_s    printf.o
    0x10001c38   0x00000a30   Code   RO           55    .text._vsnprintf    printf.o
    0x10002668   0x0000001e   Code   RO          125    .text.dump_exc_return  fault-dump.o
    0x10002686   0x00000002   PAD
    0x10002688   0x00000074   Code   RO          372    .text.eTaskConfirmSleepModeStatus  tasks.o
    0x100026fc   0x00000108   Code   RO          127    .text.fault_dump_callstack  fault-dump.o
    0x10002804   0x00000158   Code   RO          149    .text.fault_dump_exc_return  fault-hal.o
    0x1000295c   0x0000027e   Code   RO          123    .text.fault_dump_handler  fault-dump.o
    0x10002bda   0x00000002   PAD
    0x10002bdc   0x00000062   Code   RO          121    .text.fault_dump_init  fault-dump.o
    0x10002c3e   0x00000002   PAD
    0x10002c40   0x00000038   Code   RO          129    .text.fault_dump_opcode  fault-dump.o
    0x10002c78   0x0000003a   Code   RO           24    .text.main          main.o
    0x10002cb2   0x00000002   PAD
    0x10002cb4   0x0000001e   Code   RO           28    .text.main_task_entry  main.o
    0x10002cd2   0x00000002   PAD
    0x10002cd4   0x00000054   Code   RO           26    .text.main_task_init  main.o
    0x10002d28   0x0000006a   Code   RO          131    .text.opcode_is_bl_or_blx  fault-dump.o
    0x10002d92   0x00000002   PAD
    0x10002d94   0x0000003c   Code   RO           53    .text.printf        printf.o
    0x10002dd0   0x0000010e   Code   RO          284    .text.prvAddCurrentTaskToDelayedList  tasks.o
    0x10002ede   0x00000002   PAD
    0x10002ee0   0x00000158   Code   RO          268    .text.prvAddNewTaskToReadyList  tasks.o
    0x10003038   0x0000007e   Code   RO          458    .text.prvCheckForValidListAndQueue  timers.o
    0x100030b6   0x00000002   PAD
    0x100030b8   0x0000005a   Code   RO          318    .text.prvCheckTasksWaitingTermination  tasks.o
    0x10003112   0x00000002   PAD
    0x10003114   0x00000042   Code   RO          217    .text.prvCopyDataFromQueue  queue.o
    0x10003156   0x00000002   PAD
    0x10003158   0x000000cc   Code   RO          203    .text.prvCopyDataToQueue  queue.o
    0x10003224   0x000000c8   Code   RO          314    .text.prvCreateIdleTasks  tasks.o
    0x100032ec   0x00000078   Code   RO          266    .text.prvCreateStaticTask  tasks.o
    0x10003364   0x0000008e   Code   RO          272    .text.prvCreateTask  tasks.o
    0x100033f2   0x00000002   PAD
    0x100033f4   0x0000003c   Code   RO          278    .text.prvDeleteTCB  tasks.o
    0x10003430   0x0000007a   Code   RO          420    .text.prvGetExpectedIdleTime  tasks.o
    0x100034aa   0x00000002   PAD
    0x100034ac   0x00000040   Code   RO          500    .text.prvGetNextExpireTime  timers.o
    0x100034ec   0x000000aa   Code   RO          567    .text.prvHeapInit   heap_4.o
    0x10003596   0x00000002   PAD
    0x10003598   0x00000058   Code   RO          418    .text.prvIdleTask   tasks.o
    0x100035f0   0x00000044   Code   RO          179    .text.prvInitialiseNewQueue  queue.o
    0x10003634   0x000000ea   Code   RO          414    .text.prvInitialiseNewTask  tasks.o
    0x1000371e   0x00000002   PAD
    0x10003720   0x0000008e   Code   RO          416    .text.prvInitialiseTaskLists  tasks.o
    0x100037ae   0x00000002   PAD
    0x100037b0   0x000000d8   Code   RO          571    .text.prvInsertBlockIntoFreeList  heap_4.o
    0x10003888   0x00000086   Code   RO          514    .text.prvInsertTimerInActiveList  timers.o
    0x1000390e   0x00000002   PAD
    0x10003910   0x00000028   Code   RO          219    .text.prvIsQueueEmpty  queue.o
    0x10003938   0x00000090   Code   RO          205    .text.prvNotifyQueueSetContainer  queue.o
    0x100039c8   0x00000054   Code   RO          508    .text.prvProcessExpiredTimer  timers.o
    0x10003a1c   0x0000014e   Code   RO          504    .text.prvProcessReceivedCommands  timers.o
    0x10003b6a   0x00000002   PAD
    0x10003b6c   0x00000088   Code   RO          502    .text.prvProcessTimerOrBlockTask  timers.o
    0x10003bf4   0x00000034   Code   RO          512    .text.prvReloadTimer  timers.o
    0x10003c28   0x0000003c   Code   RO          276    .text.prvResetNextTaskUnblockTime  tasks.o
    0x10003c64   0x00000044   Code   RO          506    .text.prvSampleTimeNow  timers.o
    0x10003ca8   0x00000052   Code   RO          510    .text.prvSwitchTimerLists  timers.o
    0x10003cfa   0x00000002   PAD
    0x10003cfc   0x0000001a   Code   RO          614    .text.prvTaskExitError  port.o
    0x10003d16   0x00000002   PAD
    0x10003d18   0x0000001e   Code   RO          460    .text.prvTimerTask  timers.o
    0x10003d36   0x00000002   PAD
    0x10003d38   0x000000cc   Code   RO          209    .text.prvUnlockQueue  queue.o
    0x10003e04   0x00000028   Code   RO          102    .text.put_char      uart.o
    0x10003e2c   0x000001b6   Code   RO          565    .text.pvPortMalloc  heap_4.o
    0x10003fe2   0x00000002   PAD
    0x10003fe4   0x0000010a   Code   RO          612    .text.pxPortInitialiseStack  port.o
    0x100040ee   0x00000002   PAD
    0x100040f0   0x00000040   Code   RO          108    .text.uart_init     uart.o
    0x10004130   0x00000016   Code   RO          643    .text.ulSetInterruptMask  portasm.o
    0x10004146   0x00000002   PAD
    0x10004148   0x00000048   Code   RO          166    .text.uxListRemove  list.o
    0x10004190   0x0000000c   Code   RO          326    .text.uxTaskGetNumberOfTasks  tasks.o
    0x1000419c   0x0000002a   Code   RO          408    .text.vApplicationGetIdleTaskMemory  tasks.o
    0x100041c6   0x00000002   PAD
    0x100041c8   0x0000002a   Code   RO          410    .text.vApplicationGetTimerTaskMemory  tasks.o
    0x100041f2   0x00000002   PAD
    0x100041f4   0x0000000e   Code   RO          645    .text.vClearInterruptMask  portasm.o
    0x10004202   0x00000002   PAD
    0x10004204   0x00000036   Code   RO          158    .text.vListInitialise  list.o
    0x1000423a   0x00000002   PAD
    0x1000423c   0x0000000e   Code   RO          160    .text.vListInitialiseItem  list.o
    0x1000424a   0x00000002   PAD
    0x1000424c   0x0000006a   Code   RO          164    .text.vListInsert   list.o
    0x100042b6   0x00000002   PAD
    0x100042b8   0x0000001e   Code   RO          604    .text.vPortEnterCritical  port.o
    0x100042d6   0x00000002   PAD
    0x100042d8   0x00000020   Code   RO          606    .text.vPortExitCritical  port.o
    0x100042f8   0x00000076   Code   RO          569    .text.vPortFree     heap_4.o
    0x1000436e   0x00000002   PAD
    0x10004370   0x0000002c   Code   RO          610    .text.vPortSVCHandler_C  port.o
    0x1000439c   0x00000062   Code   RO          600    .text.vPortSetupTimerInterrupt  port.o
    0x100043fe   0x00000002   PAD
    0x10004400   0x00000224   Code   RO          598    .text.vPortSuppressTicksAndSleep  port.o
    0x10004624   0x00000018   Code   RO          602    .text.vPortYield    port.o
    0x1000463c   0x00000064   Code   RO          245    .text.vQueueWaitForMessageRestricted  queue.o
    0x100046a0   0x0000002c   Code   RO          633    .text.vRestoreContextOfFirstTask  portasm.o
    0x100046cc   0x00000020   Code   RO          641    .text.vStartFirstTask  portasm.o
    0x100046ec   0x00000038   Code   RO          288    .text.vTaskDelay    tasks.o
    0x10004724   0x00000024   Code   RO          366    .text.vTaskInternalSetTimeOutState  tasks.o
    0x10004748   0x0000000e   Code   RO          370    .text.vTaskMissedYield  tasks.o
    0x10004756   0x00000002   PAD
    0x10004758   0x00000026   Code   RO          354    .text.vTaskPlaceOnEventList  tasks.o
    0x1000477e   0x00000002   PAD
    0x10004780   0x00000064   Code   RO          358    .text.vTaskPlaceOnEventListRestricted  tasks.o
    0x100047e4   0x00000064   Code   RO          312    .text.vTaskStartScheduler  tasks.o
    0x10004848   0x0000005c   Code   RO          340    .text.vTaskStepTick  tasks.o
    0x100048a4   0x00000010   Code   RO          282    .text.vTaskSuspendAll  tasks.o
    0x100048b4   0x000000ba   Code   RO          304    .text.vTaskSwitchContext  tasks.o
    0x1000496e   0x00000002   PAD
    0x10004970   0x00000058   Code   RO          616    .text.xPortStartScheduler  port.o
    0x100049c8   0x0000006c   Code   RO          177    .text.xQueueGenericCreateStatic  queue.o
    0x10004a34   0x000000be   Code   RO          175    .text.xQueueGenericReset  queue.o
    0x10004af2   0x00000002   PAD
    0x10004af4   0x0000012e   Code   RO          215    .text.xQueueReceive  queue.o
    0x10004c22   0x00000002   PAD
    0x10004c24   0x000000c4   Code   RO          368    .text.xTaskCheckForTimeOut  tasks.o
    0x10004ce8   0x00000052   Code   RO          270    .text.xTaskCreate   tasks.o
    0x10004d3a   0x00000002   PAD
    0x10004d3c   0x0000005c   Code   RO          264    .text.xTaskCreateStatic  tasks.o
    0x10004d98   0x00000014   Code   RO          322    .text.xTaskGetTickCount  tasks.o
    0x10004dac   0x0000025e   Code   RO          320    .text.xTaskIncrementTick  tasks.o
    0x1000500a   0x00000002   PAD
    0x1000500c   0x000000f2   Code   RO          386    .text.xTaskPriorityDisinherit  tasks.o
    0x100050fe   0x00000002   PAD
    0x10005100   0x0000019a   Code   RO          360    .text.xTaskRemoveFromEventList  tasks.o
    0x1000529a   0x00000002   PAD
    0x1000529c   0x0000022c   Code   RO          286    .text.xTaskResumeAll  tasks.o
    0x100054c8   0x00000078   Code   RO          456    .text.xTimerCreateTimerTask  timers.o
    0x10005540   0x0000000e   Code   RO          750    i.__scatterload_copy  mc_w.l(handlers.o)
    0x1000554e   0x00000002   Code   RO          751    i.__scatterload_null  mc_w.l(handlers.o)
    0x10005550   0x0000000e   Code   RO          752    i.__scatterload_zeroinit  mc_w.l(handlers.o)
    0x1000555e   0x00000002   PAD
    0x10005560   0x00000050   Data   RO           93    .rodata._ftoa.pow10  printf.o
    0x100055b0   0x00000116   Data   RO           30    .rodata.str1.1      main.o
    0x100056c6   0x00000012   Data   RO           94    .rodata.str1.1      printf.o
    0x100056d8   0x000001de   Data   RO          139    .rodata.str1.1      fault-dump.o
    0x100058b6   0x00000204   Data   RO          151    .rodata.str1.1      fault-hal.o
    0x10005aba   0x00000005   Data   RO          448    .rodata.str1.1      tasks.o
    0x10005abf   0x00000008   Data   RO          517    .rodata.str1.1      timers.o
    0x10005ac7   0x00000001   PAD
    0x10005ac8   0x00000004   Data   RO          439    .rodata.uxTopUsedPriority  tasks.o
    0x10005acc   0x00000020   Data   RO          749    Region$$Table       anon$$obj.o


    Execution Region RW_RAM (Base: 0x38000000, Size: 0x000098b0, Max: 0x000fe000, ABSOLUTE)

    Base Addr    Size         Type   Attr      Idx    E Section Name        Object

    0x38000000   0x00000004   Data   RW           45    .data.SystemCoreClock  system_ARMCM33.o
    0x38000004   0x00000004   Data   RW          625    .data.ulCriticalNesting  port.o
    0x38000008   0x00000100   Zero   RW          141    .bss.fault_dump_handler.buffer  fault-dump.o
    0x38000108   0x00000040   Zero   RW          140    .bss.fault_dump_handler.frame  fault-dump.o
    0x38000148   0x00000004   Zero   RW          137    .bss.fd_main_stack_base  fault-dump.o
    0x3800014c   0x00000004   Zero   RW          138    .bss.fd_main_stack_full  fault-dump.o
    0x38000150   0x00000004   Zero   RW           32    .bss.main_task_init.main_task  main.o
    0x38000154   0x000000a0   Zero   RW          525    .bss.prvCheckForValidListAndQueue.ucStaticTimerQueueStorage  timers.o
    0x380001f4   0x0000005c   Zero   RW          524    .bss.prvCheckForValidListAndQueue.xStaticTimerQueue  timers.o
    0x38000250   0x00000004   Zero   RW          521    .bss.prvSampleTimeNow.xLastTime  timers.o
    0x38000254   0x00000004   Zero   RW          422    .bss.pxCurrentTCB   tasks.o
    0x38000258   0x00000004   Zero   RW          519    .bss.pxCurrentTimerList  timers.o
    0x3800025c   0x00000004   Zero   RW          429    .bss.pxDelayedTaskList  tasks.o
    0x38000260   0x00000004   Zero   RW          585    .bss.pxEnd          heap_4.o
    0x38000264   0x00000004   Zero   RW          430    .bss.pxOverflowDelayedTaskList  tasks.o
    0x38000268   0x00000004   Zero   RW          520    .bss.pxOverflowTimerList  timers.o
    0x3800026c   0x0000008c   Zero   RW          433    .bss.pxReadyTasksLists  tasks.o
    0x380002f8   0x00008000   Zero   RW           31    .bss.ucHeap         main.o
    0x380082f8   0x00000004   Zero   RW          624    .bss.ulStoppedTimerCompensation  port.o
    0x380082fc   0x00000004   Zero   RW          623    .bss.ulTimerCountsForOneTick  port.o
    0x38008300   0x00000004   Zero   RW          427    .bss.uxCurrentNumberOfTasks  tasks.o
    0x38008304   0x00000004   Zero   RW          426    .bss.uxDeletedTasksWaitingCleanUp  tasks.o
    0x38008308   0x00000004   Zero   RW          435    .bss.uxSchedulerSuspended  tasks.o
    0x3800830c   0x00000004   Zero   RW          423    .bss.uxTaskNumber   tasks.o
    0x38008310   0x00000004   Zero   RW          434    .bss.uxTopReadyPriority  tasks.o
    0x38008314   0x00000200   Zero   RW          443    .bss.vApplicationGetIdleTaskMemory.uxIdleTaskStack  tasks.o
    0x38008514   0x0000004c   Zero   RW          442    .bss.vApplicationGetIdleTaskMemory.xIdleTaskTCB  tasks.o
    0x38008560   0x00000200   Zero   RW          445    .bss.vApplicationGetTimerTaskMemory.uxTimerTaskStack  tasks.o
    0x38008760   0x0000004c   Zero   RW          444    .bss.vApplicationGetTimerTaskMemory.xTimerTaskTCB  tasks.o
    0x380087ac   0x0000001c   Zero   RW          522    .bss.xActiveTimerList1  timers.o
    0x380087c8   0x0000001c   Zero   RW          523    .bss.xActiveTimerList2  timers.o
    0x380087e4   0x0000001c   Zero   RW          446    .bss.xDelayedTaskList1  tasks.o
    0x38008800   0x0000001c   Zero   RW          447    .bss.xDelayedTaskList2  tasks.o
    0x3800881c   0x00000004   Zero   RW          586    .bss.xFreeBytesRemaining  heap_4.o
    0x38008820   0x00000004   Zero   RW          438    .bss.xIdleTaskHandles  tasks.o
    0x38008824   0x00000004   Zero   RW          622    .bss.xMaximumPossibleSuppressedTicks  port.o
    0x38008828   0x00000004   Zero   RW          588    .bss.xMinimumEverFreeBytesRemaining  heap_4.o
    0x3800882c   0x00000004   Zero   RW          437    .bss.xNextTaskUnblockTime  tasks.o
    0x38008830   0x00000004   Zero   RW          441    .bss.xNumOfOverflows  tasks.o
    0x38008834   0x00000004   Zero   RW          589    .bss.xNumberOfSuccessfulAllocations  heap_4.o
    0x38008838   0x00000004   Zero   RW          590    .bss.xNumberOfSuccessfulFrees  heap_4.o
    0x3800883c   0x00000004   Zero   RW          440    .bss.xPendedTicks   tasks.o
    0x38008840   0x0000001c   Zero   RW          431    .bss.xPendingReadyList  tasks.o
    0x3800885c   0x00000004   Zero   RW          424    .bss.xSchedulerRunning  tasks.o
    0x38008860   0x00000008   Zero   RW          587    .bss.xStart         heap_4.o
    0x38008868   0x0000001c   Zero   RW          432    .bss.xSuspendedTaskList  tasks.o
    0x38008884   0x0000001c   Zero   RW          425    .bss.xTasksWaitingTermination  tasks.o
    0x380088a0   0x00000004   Zero   RW          428    .bss.xTickCount     tasks.o
    0x380088a4   0x00000004   Zero   RW          516    .bss.xTimerQueue    timers.o
    0x380088a8   0x00000004   Zero   RW          518    .bss.xTimerTaskHandle  timers.o
    0x380088ac   0x00000004   Zero   RW          436    .bss.xYieldPendings  tasks.o
    0x380088b0   0x00001000   Zero   RW          657    STACK               startup_ARMCM33.o


==============================================================================

Image component sizes


      Code (inc. data)   RO Data    RW Data    ZI Data      Debug   Object Name

      1192          0        478          0        328       4145   fault-dump.o
       344          0        516          0          0        985   fault-hal.o
        68         10          0          0          0        484   fault-mdk.o
       942          0          0          0         28       4366   heap_4.o
       246          0          0          0          0       2175   list.o
       172          0        278          0      32772       4470   main.o
      1202          0          0          4         12       3877   port.o
       208         16          0          0          0       1372   portasm.o
      7252        406         98          0          0      10504   printf.o
      1426          0          0          0          0      15029   queue.o
        40         10        572          0       4096        920   startup_ARMCM33.o
        54          0          0          4          0       1990   system_ARMCM33.o
      4926          0          9          0       1516      27249   tasks.o
      1230         10          8          0        328      10719   timers.o
       104          0          0          0          0       1572   uart.o

    ----------------------------------------------------------------------
     19500        452       1992          8      39080      89857   Object Totals
         0          0         32          0          0          0   (incl. Generated)
        94          0          1          0          0          0   (incl. Padding)

    ----------------------------------------------------------------------

      Code (inc. data)   RO Data    RW Data    ZI Data      Debug   Library Member Name

         0          0          0          0          0          0   entry.o
         0          0          0          0          0          0   entry10a.o
         0          0          0          0          0          0   entry11a.o
         8          4          0          0          0          0   entry2.o
         4          0          0          0          0          0   entry5.o
         0          0          0          0          0          0   entry7b.o
         0          0          0          0          0          0   entry8b.o
         8          4          0          0          0          0   entry9a.o
        30          0          0          0          0          0   handlers.o
        48         10          0          0          0         68   init.o
         0          0          0          0          0          0   iusefp.o
        30          0          0          0          0         68   llshl.o
        36          0          0          0          0         68   llsshr.o
        32          0          0          0          0         68   llushr.o
        36          0          0          0          0         68   memcpya.o
        36          0          0          0          0        108   memseta.o
        98          0          0          0          0         92   uldiv.o
       334          0          0          0          0        148   dadd.o
        56          0          0          0          0         80   dcmpeq.o
        54          0          0          0          0         80   dcmpge.o
        54          0          0          0          0         80   dcmpgt.o
        54          0          0          0          0         80   dcmple.o
        54          0          0          0          0         80   dcmplt.o
       222          0          0          0          0        100   ddiv.o
       186          0          0          0          0        176   depilogue.o
        62          0          0          0          0         80   dfixi.o
        50          0          0          0          0         76   dfixui.o
        34          0          0          0          0         76   dflti.o
        26          0          0          0          0         76   dfltui.o
       228          0          0          0          0         96   dmul.o

    ----------------------------------------------------------------------
      1784         18          0          0          0       1768   Library Totals
         4          0          0          0          0          0   (incl. Padding)

    ----------------------------------------------------------------------

      Code (inc. data)   RO Data    RW Data    ZI Data      Debug   Library Name

       366         18          0          0          0        540   mc_w.l
      1414          0          0          0          0       1228   mf_w.l

    ----------------------------------------------------------------------
      1784         18          0          0          0       1768   Library Totals

    ----------------------------------------------------------------------

==============================================================================


      Code (inc. data)   RO Data    RW Data    ZI Data      Debug   

     21284        470       1992          8      39080      90553   Grand Totals
     21284        470       1992          8      39080      90553   ELF Image Totals
     21284        470       1992          8          0          0   ROM Totals

==============================================================================

    Total RO  Size (Code + RO Data)                23276 (  22.73kB)
    Total RW  Size (RW Data + ZI Data)             39088 (  38.17kB)
    Total ROM Size (Code + RO Data + RW Data)      23284 (  22.74kB)

==============================================================================


==============================================================================

Image input and output debug sizes

    Total input debug size                       98396 (  96.09kB)
    Duplicate debug size                            32 (   0.03kB)
    Unused debug size                             6535 (   6.38kB)
    Compressed debug size                         1276 (   1.25kB)
    Total output debug size                      90553 (  88.43kB)
    Image debug size reduction                   7.97 percent

==============================================================================

