###############################################################################
#
# IAR ELF Linker V9.50.2.385/W64 for ARM                  07/Jun/2024  23:16:06
# Copyright 2007-2024 IAR Systems AB.
#
#    Output file  =  .\build\iar/an505-qemu.out
#    Map file     =  .\build\iar/an505-qemu.map
#    Command line =
#        .\build\iar/main.o .\build\iar/system_ARMCM33.o .\build\iar/printf.o
#        .\build\iar/uart.o .\build\iar/fault-dump.o .\build\iar/fault-hal.o
#        .\build\iar/list.o .\build\iar/queue.o .\build\iar/tasks.o
#        .\build\iar/timers.o .\build\iar/croutine.o .\build\iar/event_groups.o
#        .\build\iar/heap_4.o .\build\iar/port.o .\build\iar/startup_ARMCM33.o
#        .\build\iar/portasm.o .\build\iar/fault-iar.o --cpu=Cortex-M33
#        --fpu=VFPv5_sp --config ./startup/iar/ARMCM33_iar.icf --semihosting
#        --entry __iar_program_start --vfe --text_out locale --no_out_extension
#        --map .\build\iar/an505-qemu.map -o .\build\iar/an505-qemu.out
#
###############################################################################

*******************************************************************************
*** RUNTIME MODEL ATTRIBUTES
***

CppFlavor       = *
__CPP_Runtime   = 1
__SystemLibrary = DLib
__dlib_version  = 6


*******************************************************************************
*** HEAP SELECTION
***

The basic heap was selected because --advanced_heap
was not specified and the application did not appear to
be primarily optimized for speed.


*******************************************************************************
*** PLACEMENT SUMMARY
***

"A0":  place at address 0x1000'0000 { ro section .intvec };
"P1":  place in [from 0x1000'0000 to 0x1010'0000] { ro };
define block CSTACK with size = 4K, alignment = 8 { };
define block HEAP with size = 4K, alignment = 8 { };
"P2":  place in [from 0x3800'0000 to 0x3810'0000] {
          rw, block CSTACK, block HEAP };
initialize by copy { rw };

  Section               Kind         Address  Aligment    Size  Object
  -------               ----         -------  --------    ----  ------
"A0":                                                    0x7c0
  .intvec               ro code  0x1000'0000         4   0x7c0  startup_ARMCM33.o [1]
                               - 0x1000'07c0             0x7c0

"P1":                                                   0x44f8
  .text                          0x1000'07c0            0x3e5c  <Block>
    .text               ro code  0x1000'07c0         4   0x180  main.o [1]
    .text               ro code  0x1000'0940         4    0x66  ABImemset.o [4]
    .text               ro code  0x1000'09a6         2     0x2  startup_ARMCM33.o [1]
    .text               ro code  0x1000'09a8         4   0x368  fault-dump.o [1]
    .text               ro code  0x1000'0d10         4  0x1138  printf.o [1]
    .text               ro code  0x1000'1e48         4   0x158  fault-hal.o [1]
    .text               ro code  0x1000'1fa0         4   0xc64  tasks.o [1]
    .text               ro code  0x1000'2c04         4    0x58  uart.o [1]
    .text               ro code  0x1000'2c5c         4   0x230  I64DivMod.o [4]
    .text               ro code  0x1000'2e8c         4    0x20  DblCmpEq.o [3]
    .text               ro code  0x1000'2eac         4    0x34  DblCmpLe.o [3]
    .text               ro code  0x1000'2ee0         4    0x34  DblCmpGe.o [3]
    .text               ro code  0x1000'2f14         4    0x36  DblToS32.o [3]
    .text               ro code  0x1000'2f4a         2    0x2a  copy_init3.o [4]
    .text               ro code  0x1000'2f74         4    0x22  S32ToDbl.o [3]
    .text               ro code  0x1000'2f98         4   0x25e  DblAddSub.o [3]
    .text               ro code  0x1000'31f8         4   0x1aa  DblMul.o [3]
    .text               ro code  0x1000'33a4         4    0x22  DblToU32.o [3]
    .text               ro code  0x1000'33c8         4    0x1c  U32ToDbl.o [3]
    .text               ro code  0x1000'33e4         4   0x246  DblDiv.o [3]
    .text               ro code  0x1000'362c         4   0x21c  heap_4.o [1]
    .text               ro code  0x1000'3848         2    0x8a  list.o [1]
    .text               ro code  0x1000'38d4         4   0x168  port.o [1]
    .text               ro code  0x1000'3a3c         4   0x374  timers.o [1]
    .text               ro code  0x1000'3db0         4   0x154  port.o [1]
    .text               ro code  0x1000'3f04         4     0x2  I64DivZer.o [4]
    .text               ro code  0x1000'3f08         4    0x50  port.o [1]
    .text               ro code  0x1000'3f58         2   0x422  queue.o [1]
    .text               ro code  0x1000'437c         4     0x6  ABImemclr4.o [4]
    .text               ro code  0x1000'4384         4    0xa6  ABImemcpy.o [4]
    .text               ro code  0x1000'442c         4    0x32  ABImemset48.o [4]
    .text               ro code  0x1000'4460         4    0x2c  system_ARMCM33.o [1]
    .text               ro code  0x1000'448c         4    0x28  startup_ARMCM33.o [1]
    .text               ro code  0x1000'44b4         4    0x48  fault-iar.o [1]
    .text               ro code  0x1000'44fc         4    0x1c  cstartup_M.o [4]
    .text               ro code  0x1000'4518         4    0x22  fpinit_M.o [3]
    .text               ro code  0x1000'453c         4    0x1e  cmain.o [4]
    .text               ro code  0x1000'455a         2     0x4  low_level_init.o [2]
    .text               ro code  0x1000'4560         4    0x2a  data_init.o [4]
    .text               ro code  0x1000'458a         2     0x4  exit.o [2]
    .text               ro code  0x1000'4590         4     0xa  cexit.o [4]
    .text               ro code  0x1000'459c         4    0x14  exit.o [5]
    .text               ro code  0x1000'45b0         4    0x2c  iarttio.o [5]
    .text               ro code  0x1000'45dc         4     0x8  XShttio.o [2]
    .text               ro code  0x1000'45e4         2    0x38  zero_init3.o [4]
  privileged_functions  ro code  0x1000'461c         4    0xd0  portasm.o [1]
  .rodata               const    0x1000'46ec         4    0x24  fault-dump.o [1]
  .rodata               const    0x1000'4710         8    0x50  printf.o [1]
  .rodata               const    0x1000'4760         4    0x24  fault-dump.o [1]
  .iar.init_table       const    0x1000'4784         4    0x24  - Linker created -
  .rodata               const    0x1000'47a8         4    0x20  main.o [1]
  .rodata               const    0x1000'47c8         4    0x20  fault-dump.o [1]
  .rodata               const    0x1000'47e8         4    0x20  fault-dump.o [1]
  .rodata               const    0x1000'4808         4    0x20  fault-hal.o [1]
  .rodata               const    0x1000'4828         4    0x20  fault-hal.o [1]
  .rodata               const    0x1000'4848         4    0x20  fault-hal.o [1]
  .rodata               const    0x1000'4868         4    0x20  fault-hal.o [1]
  .rodata               const    0x1000'4888         4    0x20  fault-hal.o [1]
  .rodata               const    0x1000'48a8         4    0x20  fault-hal.o [1]
  .rodata               const    0x1000'48c8         4    0x1c  main.o [1]
  .rodata               const    0x1000'48e4         4    0x1c  main.o [1]
  .rodata               const    0x1000'4900         4    0x1c  fault-hal.o [1]
  .rodata               const    0x1000'491c         4    0x1c  fault-hal.o [1]
  .rodata               const    0x1000'4938         4    0x1c  fault-hal.o [1]
  .rodata               const    0x1000'4954         4    0x1c  fault-hal.o [1]
  .rodata               const    0x1000'4970         4    0x1c  fault-hal.o [1]
  .rodata               const    0x1000'498c         4    0x1c  fault-hal.o [1]
  .rodata               const    0x1000'49a8         4    0x1c  fault-hal.o [1]
  .rodata               const    0x1000'49c4         4    0x1c  fault-hal.o [1]
  .rodata               const    0x1000'49e0         4    0x1c  fault-hal.o [1]
  .rodata               const    0x1000'49fc         4    0x1c  fault-hal.o [1]
  .rodata               const    0x1000'4a18         4    0x1c  fault-hal.o [1]
  .rodata               const    0x1000'4a34         4    0x1c  fault-hal.o [1]
  .rodata               const    0x1000'4a50         4    0x1c  fault-hal.o [1]
  Initializer bytes     const    0x1000'4a6c         4    0x1c  <for P2-1>
  .rodata               const    0x1000'4a88         4    0x18  fault-dump.o [1]
  .rodata               const    0x1000'4aa0         4    0x14  main.o [1]
  .rodata               const    0x1000'4ab4         4    0x14  fault-dump.o [1]
  .rodata               const    0x1000'4ac8         4    0x14  fault-dump.o [1]
  .rodata               const    0x1000'4adc         4    0x14  fault-dump.o [1]
  .rodata               const    0x1000'4af0         4    0x14  fault-dump.o [1]
  .rodata               const    0x1000'4b04         4    0x14  fault-dump.o [1]
  .rodata               const    0x1000'4b18         4    0x14  fault-dump.o [1]
  .rodata               const    0x1000'4b2c         4    0x14  fault-dump.o [1]
  .rodata               const    0x1000'4b40         4    0x14  fault-dump.o [1]
  .rodata               const    0x1000'4b54         4    0x14  fault-dump.o [1]
  .rodata               const    0x1000'4b68         4    0x14  fault-dump.o [1]
  .rodata               const    0x1000'4b7c         4    0x14  fault-dump.o [1]
  .rodata               const    0x1000'4b90         4    0x14  fault-dump.o [1]
  .rodata               const    0x1000'4ba4         4    0x14  fault-dump.o [1]
  .rodata               const    0x1000'4bb8         4    0x14  fault-dump.o [1]
  .rodata               const    0x1000'4bcc         4    0x14  fault-dump.o [1]
  .rodata               const    0x1000'4be0         4    0x14  fault-dump.o [1]
  .rodata               const    0x1000'4bf4         4    0x14  fault-dump.o [1]
  .rodata               const    0x1000'4c08         4    0x10  main.o [1]
  .rodata               const    0x1000'4c18         4    0x10  main.o [1]
  .rodata               const    0x1000'4c28         4    0x10  fault-dump.o [1]
  .rodata               const    0x1000'4c38         4     0xc  main.o [1]
  .rodata               const    0x1000'4c44         4     0x8  main.o [1]
  .rodata               const    0x1000'4c4c         4     0x8  main.o [1]
  .rodata               const    0x1000'4c54         4     0x8  main.o [1]
  .rodata               const    0x1000'4c5c         4     0x8  main.o [1]
  .rodata               const    0x1000'4c64         4     0x8  main.o [1]
  .rodata               const    0x1000'4c6c         4     0x8  main.o [1]
  .rodata               const    0x1000'4c74         4     0x8  main.o [1]
  .rodata               const    0x1000'4c7c         4     0x8  main.o [1]
  .rodata               const    0x1000'4c84         4     0x8  main.o [1]
  .rodata               const    0x1000'4c8c         4     0x8  printf.o [1]
  .rodata               const    0x1000'4c94         4     0x8  printf.o [1]
  .rodata               const    0x1000'4c9c         4     0x8  fault-dump.o [1]
  .rodata               const    0x1000'4ca4         4     0x8  tasks.o [1]
  .rodata               const    0x1000'4cac         4     0x8  timers.o [1]
  .rodata               const    0x1000'4cb4         4     0x4  heap_4.o [1]
  .rodata               const    0x1000'4cb8               0x0  zero_init3.o [4]
  .rodata               const    0x1000'4cb8               0x0  copy_init3.o [4]
                               - 0x1000'4cb8            0x44f8

"P2", part 1 of 3:                                        0x1c
  P2-1                           0x3800'0000         4    0x1c  <Init block>
    .data               inited   0x3800'0000         4     0x4  system_ARMCM33.o [1]
    .data               inited   0x3800'0004         4     0x4  fault-dump.o [1]
    .data               inited   0x3800'0008         4     0x4  fault-dump.o [1]
    .data               inited   0x3800'000c         4     0x4  tasks.o [1]
    .data               inited   0x3800'0010         4     0x4  port.o [1]
    .data               inited   0x3800'0014         4     0x8  XShttio.o [2]
                               - 0x3800'001c              0x1c

"P2", part 2 of 3:                                      0x88a8
  .bss                  zero     0x3800'001c         4  0x8000  main.o [1]
  .bss                  zero     0x3800'801c         4   0x200  tasks.o [1]
  .bss                  zero     0x3800'821c         4   0x200  tasks.o [1]
  .bss                  zero     0x3800'841c         4   0x100  fault-dump.o [1]
  .bss                  zero     0x3800'851c         4    0xa0  timers.o [1]
  .bss                  zero     0x3800'85bc         4    0x8c  tasks.o [1]
  .bss                  zero     0x3800'8648         4    0x5c  timers.o [1]
  .bss                  zero     0x3800'86a4         4    0x4c  tasks.o [1]
  .bss                  zero     0x3800'86f0         4    0x4c  tasks.o [1]
  .bss                  zero     0x3800'873c         4    0x40  fault-dump.o [1]
  .bss                  zero     0x3800'877c         4    0x1c  tasks.o [1]
  .bss                  zero     0x3800'8798         4    0x1c  tasks.o [1]
  .bss                  zero     0x3800'87b4         4    0x1c  tasks.o [1]
  .bss                  zero     0x3800'87d0         4    0x1c  tasks.o [1]
  .bss                  zero     0x3800'87ec         4    0x1c  tasks.o [1]
  .bss                  zero     0x3800'8808         4    0x1c  timers.o [1]
  .bss                  zero     0x3800'8824         4    0x1c  timers.o [1]
  .bss                  zero     0x3800'8840         4     0x8  heap_4.o [1]
  .bss                  zero     0x3800'8848         4     0x4  main.o [1]
  .bss                  zero     0x3800'884c         4     0x4  fault-dump.o [1]
  .bss                  zero     0x3800'8850         4     0x4  fault-dump.o [1]
  .bss                  zero     0x3800'8854         4     0x4  tasks.o [1]
  .bss                  zero     0x3800'8858         4     0x4  tasks.o [1]
  .bss                  zero     0x3800'885c         4     0x4  tasks.o [1]
  .bss                  zero     0x3800'8860         4     0x4  tasks.o [1]
  .bss                  zero     0x3800'8864         4     0x4  tasks.o [1]
  .bss                  zero     0x3800'8868         4     0x4  tasks.o [1]
  .bss                  zero     0x3800'886c         4     0x4  tasks.o [1]
  .bss                  zero     0x3800'8870         4     0x4  tasks.o [1]
  .bss                  zero     0x3800'8874         4     0x4  tasks.o [1]
  .bss                  zero     0x3800'8878         4     0x4  tasks.o [1]
  .bss                  zero     0x3800'887c         4     0x4  tasks.o [1]
  .bss                  zero     0x3800'8880         4     0x4  tasks.o [1]
  .bss                  zero     0x3800'8884         4     0x4  tasks.o [1]
  .bss                  zero     0x3800'8888         4     0x4  tasks.o [1]
  .bss                  zero     0x3800'888c         4     0x4  tasks.o [1]
  .bss                  zero     0x3800'8890         4     0x4  timers.o [1]
  .bss                  zero     0x3800'8894         4     0x4  timers.o [1]
  .bss                  zero     0x3800'8898         4     0x4  timers.o [1]
  .bss                  zero     0x3800'889c         4     0x4  timers.o [1]
  .bss                  zero     0x3800'88a0         4     0x4  timers.o [1]
  .bss                  zero     0x3800'88a4         4     0x4  heap_4.o [1]
  .bss                  zero     0x3800'88a8         4     0x4  heap_4.o [1]
  .bss                  zero     0x3800'88ac         4     0x4  heap_4.o [1]
  .bss                  zero     0x3800'88b0         4     0x4  heap_4.o [1]
  .bss                  zero     0x3800'88b4         4     0x4  heap_4.o [1]
  .bss                  zero     0x3800'88b8         4     0x4  port.o [1]
  .bss                  zero     0x3800'88bc         4     0x4  port.o [1]
  .bss                  zero     0x3800'88c0         4     0x4  port.o [1]
                               - 0x3800'88c4            0x88a8

"P2", part 3 of 3:                                      0x1000
  CSTACK                         0x3800'88c8         8  0x1000  <Block>
    CSTACK              uninit   0x3800'88c8            0x1000  <Block tail>
                               - 0x3800'98c8            0x1000

Unused ranges:

         From           To      Size
         ----           --      ----
  0x1000'4cb8  0x1010'0000  0xf'b349
  0x3800'88c4  0x3800'88c7       0x4
  0x3800'98c8  0x3810'0000  0xf'6739


*******************************************************************************
*** INIT TABLE
***

          Address      Size
          -------      ----
Zero (__iar_zero_init3)
    1 destination range, total size 0x88a8:
          0x3800'001c  0x88a8

Copy (__iar_copy_init3)
    1 source range, total size 0x1c:
          0x1000'4a6c    0x1c
    1 destination range, total size 0x1c:
          0x3800'0000    0x1c



*******************************************************************************
*** MODULE SUMMARY
***

    Module             ro code  ro data  rw data
    ------             -------  -------  -------
command line/config:
    --------------------------------------------
    Total:

C:\Users\xidon\code\github\qemu-simulator\boards\mps2-an505\FreeRTOS\build\iar: [1]
    fault-dump.o           872      532      336
    fault-hal.o            344      556
    fault-iar.o             72
    heap_4.o               540        4       28
    list.o                 138
    main.o                 384      224   32'772
    port.o                 780        4       16
    portasm.o              208
    printf.o             4'408       96
    queue.o              1'058
    startup_ARMCM33.o    2'026
    system_ARMCM33.o        44        4        4
    tasks.o              3'172       12    1'520
    timers.o               884        8      328
    uart.o                  88
    --------------------------------------------
    Total:              15'018    1'440   35'004

dl7M_tln.a: [2]
    XShttio.o                8        8        8
    exit.o                   4
    low_level_init.o         4
    --------------------------------------------
    Total:                  16        8        8

m7M_tls.a: [3]
    DblAddSub.o            606
    DblCmpEq.o              32
    DblCmpGe.o              52
    DblCmpLe.o              52
    DblDiv.o               582
    DblMul.o               426
    DblToS32.o              54
    DblToU32.o              34
    S32ToDbl.o              34
    U32ToDbl.o              28
    fpinit_M.o              34
    --------------------------------------------
    Total:               1'934

rt7M_tl.a: [4]
    ABImemclr4.o             6
    ABImemcpy.o            166
    ABImemset.o            102
    ABImemset48.o           50
    I64DivMod.o            560
    I64DivZer.o              2
    cexit.o                 10
    cmain.o                 30
    copy_init3.o            42
    cstartup_M.o            28
    data_init.o             42
    zero_init3.o            56
    --------------------------------------------
    Total:               1'094

shb_l.a: [5]
    exit.o                  20
    iarttio.o               44
    --------------------------------------------
    Total:                  64

    Gaps                    30
    Linker created                   36    4'096
------------------------------------------------
    Grand Total:        18'156    1'484   39'108


*******************************************************************************
*** ENTRY LIST
***

Entry                       Address    Size  Type      Object
-----                       -------    ----  ----      ------
.iar.init_table$$Base   0x1000'4784           --   Gb  - Linker created -
.iar.init_table$$Limit  0x1000'47a8           --   Gb  - Linker created -
.text$$Base             0x1000'07c0           --   Gb  - Linker created -
.text$$Limit            0x1000'461c           --   Gb  - Linker created -
?main                   0x1000'453d          Code  Gb  cmain.o [4]
BusFault_Handler        0x1000'09a7          Code  Wk  startup_ARMCM33.o [1]
CSTACK$$Base            0x3800'88c8           --   Gb  - Linker created -
CSTACK$$Limit           0x3800'98c8           --   Gb  - Linker created -
DebugMon_Handler        0x1000'09a7          Code  Wk  startup_ARMCM33.o [1]
HardFault_Handler       0x1000'44b5          Code  Gb  fault-iar.o [1]
Interrupt0_Handler      0x1000'09a7          Code  Wk  startup_ARMCM33.o [1]
Interrupt1_Handler      0x1000'09a7          Code  Wk  startup_ARMCM33.o [1]
Interrupt2_Handler      0x1000'09a7          Code  Wk  startup_ARMCM33.o [1]
Interrupt3_Handler      0x1000'09a7          Code  Wk  startup_ARMCM33.o [1]
Interrupt4_Handler      0x1000'09a7          Code  Wk  startup_ARMCM33.o [1]
Interrupt5_Handler      0x1000'09a7          Code  Wk  startup_ARMCM33.o [1]
Interrupt6_Handler      0x1000'09a7          Code  Wk  startup_ARMCM33.o [1]
Interrupt7_Handler      0x1000'09a7          Code  Wk  startup_ARMCM33.o [1]
Interrupt8_Handler      0x1000'09a7          Code  Wk  startup_ARMCM33.o [1]
Interrupt9_Handler      0x1000'09a7          Code  Wk  startup_ARMCM33.o [1]
MemManage_Handler       0x1000'09a7          Code  Wk  startup_ARMCM33.o [1]
NMI_Handler             0x1000'09a7          Code  Wk  startup_ARMCM33.o [1]
PendSV_Handler          0x1000'468d          Code  Gb  portasm.o [1]
Region$$Table$$Base     0x1000'4784           --   Gb  - Linker created -
Region$$Table$$Limit    0x1000'47a8           --   Gb  - Linker created -
Reset_Handler           0x1000'448d          Code  Wk  startup_ARMCM33.o [1]
SVC_Handler             0x1000'46d1          Code  Gb  portasm.o [1]
SecureFault_Handler     0x1000'09a7          Code  Wk  startup_ARMCM33.o [1]
SysTick_Handler         0x1000'392d    0x20  Code  Gb  port.o [1]
SystemCoreClock         0x3800'0000     0x4  Data  Gb  system_ARMCM33.o [1]
SystemInit              0x1000'4461    0x18  Code  Gb  system_ARMCM33.o [1]
UsageFault_Handler      0x1000'09a7          Code  Wk  startup_ARMCM33.o [1]
__Vectors               0x1000'0000           --   Gb  startup_ARMCM33.o [1]
__Vectors_End           0x1000'07c0          Data  Gb  startup_ARMCM33.o [1]
__Vectors_Size {Abs}          0x7c0           --   Gb  startup_ARMCM33.o [1]
__aeabi_cdcmpeq         0x1000'2e8d          Code  Gb  DblCmpEq.o [3]
__aeabi_cdcmple         0x1000'2ead          Code  Gb  DblCmpLe.o [3]
__aeabi_cdrcmple        0x1000'2ee1          Code  Gb  DblCmpGe.o [3]
__aeabi_d2iz            0x1000'2f15          Code  Gb  DblToS32.o [3]
__aeabi_d2uiz           0x1000'33a5          Code  Gb  DblToU32.o [3]
__aeabi_dadd            0x1000'2f99          Code  Gb  DblAddSub.o [3]
__aeabi_ddiv            0x1000'33e5          Code  Gb  DblDiv.o [3]
__aeabi_dmul            0x1000'31f9          Code  Gb  DblMul.o [3]
__aeabi_dsub            0x1000'3115          Code  Gb  DblAddSub.o [3]
__aeabi_i2d             0x1000'2f75          Code  Gb  S32ToDbl.o [3]
__aeabi_ldiv0           0x1000'3f05          Code  Gb  I64DivZer.o [4]
__aeabi_memclr4         0x1000'437d          Code  Gb  ABImemclr4.o [4]
__aeabi_memcpy          0x1000'4385          Code  Gb  ABImemcpy.o [4]
__aeabi_memcpy4         0x1000'43a5          Code  Gb  ABImemcpy.o [4]
__aeabi_memcpy8         0x1000'43a5          Code  Gb  ABImemcpy.o [4]
__aeabi_memset          0x1000'0941          Code  Gb  ABImemset.o [4]
__aeabi_ui2d            0x1000'33c9          Code  Gb  U32ToDbl.o [3]
__aeabi_uldivmod        0x1000'2c5d          Code  Gb  I64DivMod.o [4]
__cmain                 0x1000'453d          Code  Gb  cmain.o [4]
__exit                  0x1000'459d    0x14  Code  Gb  exit.o [5]
__iar_Memset            0x1000'0941          Code  Gb  ABImemset.o [4]
__iar_Memset4_word      0x1000'442d          Code  Gb  ABImemset48.o [4]
__iar_Memset8_word      0x1000'442d          Code  Gb  ABImemset48.o [4]
__iar_Memset_word       0x1000'0949          Code  Gb  ABImemset.o [4]
__iar_close_ttio        0x1000'45b1    0x2c  Code  Gb  iarttio.o [5]
__iar_copy_init3        0x1000'2f4b    0x2a  Code  Gb  copy_init3.o [4]
__iar_data_init3        0x1000'4561    0x18  Code  Gb  data_init.o [4]
__iar_init_vfp          0x1000'4519          Code  Gb  fpinit_M.o [3]
__iar_lookup_ttioh      0x1000'45dd     0x8  Code  Gb  XShttio.o [2]
__iar_program_start     0x1000'44fd          Code  Gb  cstartup_M.o [4]
__iar_ttio_handles      0x3800'0014     0x8  Data  Lc  XShttio.o [2]
__iar_zero_init3        0x1000'45e5    0x38  Code  Gb  zero_init3.o [4]
__low_level_init        0x1000'455b     0x4  Code  Gb  low_level_init.o [2]
__vector_table          0x1000'0000          Data  Gb  startup_ARMCM33.o [1]
__vector_table_0x1c     0x1000'001c          Data  Gb  startup_ARMCM33.o [1]
_atoi                   0x1000'0d5f    0x28  Code  Lc  printf.o [1]
_call_main              0x1000'4549          Code  Gb  cmain.o [4]
_etoa                   0x1000'1381   0x380  Code  Lc  printf.o [1]
_exit                   0x1000'4591          Code  Gb  cexit.o [4]
_ftoa                   0x1000'105d   0x314  Code  Lc  printf.o [1]
_ftoa::pow10            0x1000'4710    0x50  Data  Lc  printf.o [1]
_is_digit               0x1000'0d47    0x18  Code  Lc  printf.o [1]
_ntoa_format            0x1000'0df5   0x11c  Code  Lc  printf.o [1]
_ntoa_long              0x1000'0f11    0x9e  Code  Lc  printf.o [1]
_ntoa_long_long         0x1000'0faf    0xaa  Code  Lc  printf.o [1]
_out_char               0x1000'0d13    0x1c  Code  Lc  printf.o [1]
_out_null               0x1000'0d11     0x2  Code  Lc  printf.o [1]
_out_rev                0x1000'0d87    0x6e  Code  Lc  printf.o [1]
_strnlen_s              0x1000'0d2f    0x18  Code  Lc  printf.o [1]
_vsnprintf              0x1000'1719   0x6b0  Code  Lc  printf.o [1]
dump_callstack          0x1000'07c1    0x5e  Code  Gb  main.o [1]
dump_exc_return         0x1000'0a4b    0x14  Code  Lc  fault-dump.o [1]
eTaskConfirmSleepModeStatus
                        0x1000'291d    0x4e  Code  Gb  tasks.o [1]
exit                    0x1000'458b     0x4  Code  Gb  exit.o [2]
fault_dump_bm_stack_point
                        0x1000'0c7b     0x6  Code  Gb  fault-dump.o [1]
fault_dump_bm_stack_start
                        0x1000'0c81     0x4  Code  Gb  fault-dump.o [1]
fault_dump_callstack    0x1000'0bed    0x8e  Code  Gb  fault-dump.o [1]
fault_dump_exc_return   0x1000'1e49    0xa4  Code  Gb  fault-hal.o [1]
fault_dump_handler      0x1000'0a6f   0x17e  Code  Gb  fault-dump.o [1]
fault_dump_handler::buffer
                        0x3800'841c   0x100  Data  Lc  fault-dump.o [1]
fault_dump_handler::frame
                        0x3800'873c    0x40  Data  Lc  fault-dump.o [1]
fault_dump_init         0x1000'09a9    0x2c  Code  Gb  fault-dump.o [1]
fault_dump_opcode       0x1000'09d5    0x34  Code  Lc  fault-dump.o [1]
fault_dump_unalign      0x1000'1efb    0x4e  Code  Gb  fault-hal.o [1]
fault_dump_using_msp    0x1000'1eed     0xe  Code  Gb  fault-hal.o [1]
fd_main_stack_base      0x3800'884c     0x4  Data  Gb  fault-dump.o [1]
fd_main_stack_full      0x3800'8850     0x4  Data  Gb  fault-dump.o [1]
fd_msp_stack_parser     0x3800'0004     0x4  Data  Lc  fault-dump.o [1]
fd_psp_stack_parser     0x3800'0008     0x4  Data  Lc  fault-dump.o [1]
main                    0x1000'08d5    0x24  Code  Gb  main.o [1]
main_task_entry         0x1000'0883    0x22  Code  Lc  main.o [1]
main_task_init          0x1000'08a5    0x30  Code  Lc  main.o [1]
main_task_init::main_task
                        0x3800'8848     0x4  Data  Lc  main.o [1]
opcode_is_bl_or_blx     0x1000'0a09    0x42  Code  Lc  fault-dump.o [1]
printf                  0x1000'1dc9    0x1e  Code  Gb  printf.o [1]
prvAddCurrentTaskToDelayedList
                        0x1000'2afd    0xa2  Code  Lc  tasks.o [1]
prvAddNewTaskToReadyList
                        0x1000'218b    0xae  Code  Lc  tasks.o [1]
prvCheckForValidListAndQueue
                        0x1000'3d4b    0x3e  Code  Lc  timers.o [1]
prvCheckForValidListAndQueue{1}{2}{3}{4}::ucStaticTimerQueueStorage
                        0x3800'851c    0xa0  Data  Lc  timers.o [1]
prvCheckForValidListAndQueue{1}{2}{3}{4}::xStaticTimerQueue
                        0x3800'8648    0x5c  Data  Lc  timers.o [1]
prvCheckTasksWaitingTermination
                        0x1000'29c7    0x3e  Code  Lc  tasks.o [1]
prvCopyDataFromQueue    0x1000'41f7    0x38  Code  Lc  queue.o [1]
prvCopyDataToQueue      0x1000'415b    0x9c  Code  Lc  queue.o [1]
prvCreateIdleTasks      0x1000'225f    0x84  Code  Lc  tasks.o [1]
prvCreateStaticTask     0x1000'1fa1    0x5a  Code  Lc  tasks.o [1]
prvCreateTask           0x1000'203d    0x72  Code  Lc  tasks.o [1]
prvDeleteTCB            0x1000'2a11    0x2a  Code  Lc  tasks.o [1]
prvGetExpectedIdleTime  0x1000'2335    0x46  Code  Lc  tasks.o [1]
prvGetNextExpireTime    0x1000'3b79    0x26  Code  Lc  timers.o [1]
prvHeapInit             0x1000'376b    0x5c  Code  Lc  heap_4.o [1]
prvIdleTask             0x1000'28d9    0x3a  Code  Lc  tasks.o [1]
prvInitialiseNewQueue   0x1000'4039    0x38  Code  Lc  queue.o [1]
prvInitialiseNewTask    0x1000'20e7    0xa4  Code  Lc  tasks.o [1]
prvInitialiseTaskLists  0x1000'2971    0x56  Code  Lc  tasks.o [1]
prvInsertBlockIntoFreeList
                        0x1000'37c7    0x60  Code  Lc  heap_4.o [1]
prvInsertTimerInActiveList
                        0x1000'3bc5    0x50  Code  Lc  timers.o [1]
prvIsQueueEmpty         0x1000'42b7    0x1c  Code  Lc  queue.o [1]
prvNotifyQueueSetContainer
                        0x1000'431f    0x5c  Code  Lc  queue.o [1]
prvProcessExpiredTimer  0x1000'3abd    0x3e  Code  Lc  timers.o [1]
prvProcessReceivedCommands
                        0x1000'3c15   0x10a  Code  Lc  timers.o [1]
prvProcessTimerOrBlockTask
                        0x1000'3b17    0x62  Code  Lc  timers.o [1]
prvReloadTimer          0x1000'3a95    0x28  Code  Lc  timers.o [1]
prvResetNextTaskUnblockTime
                        0x1000'2a3b    0x26  Code  Lc  tasks.o [1]
prvSampleTimeNow        0x1000'3b9f    0x26  Code  Lc  timers.o [1]
prvSampleTimeNow::xLastTime
                        0x3800'88a0     0x4  Data  Lc  timers.o [1]
prvSwitchTimerLists     0x1000'3d1f    0x2c  Code  Lc  timers.o [1]
prvTaskExitError        0x1000'38d5    0x12  Code  Lc  port.o [1]
prvTimerTask            0x1000'3afd    0x1a  Code  Lc  timers.o [1]
prvUnlockQueue          0x1000'422f    0x88  Code  Lc  queue.o [1]
put_char                0x1000'2c05     0xe  Code  Gb  uart.o [1]
pvPortMalloc            0x1000'362d    0xf4  Code  Gb  heap_4.o [1]
pxCurrentTCB            0x3800'8854     0x4  Data  Gb  tasks.o [1]
pxCurrentTimerList      0x3800'8890     0x4  Data  Lc  timers.o [1]
pxDelayedTaskList       0x3800'8858     0x4  Data  Lc  tasks.o [1]
pxEnd                   0x3800'88a4     0x4  Data  Lc  heap_4.o [1]
pxOverflowDelayedTaskList
                        0x3800'885c     0x4  Data  Lc  tasks.o [1]
pxOverflowTimerList     0x3800'8894     0x4  Data  Lc  timers.o [1]
pxPortInitialiseStack   0x1000'3965    0x88  Code  Gb  port.o [1]
pxReadyTasksLists       0x3800'85bc    0x8c  Data  Lc  tasks.o [1]
stack_using_msp         0x1000'0a5f    0x10  Code  Lc  fault-dump.o [1]
test0                   0x1000'081f    0x14  Code  Gb  main.o [1]
test0::__func__         0x1000'4c54     0x8  Data  Lc  main.o [1]
test1                   0x1000'0833    0x10  Code  Gb  main.o [1]
test1::__func__         0x1000'4c5c     0x8  Data  Lc  main.o [1]
test2                   0x1000'0843    0x10  Code  Gb  main.o [1]
test2::__func__         0x1000'4c64     0x8  Data  Lc  main.o [1]
test3                   0x1000'0853    0x10  Code  Gb  main.o [1]
test3::__func__         0x1000'4c6c     0x8  Data  Lc  main.o [1]
test4                   0x1000'0863    0x10  Code  Gb  main.o [1]
test4::__func__         0x1000'4c74     0x8  Data  Lc  main.o [1]
test5                   0x1000'0873    0x10  Code  Gb  main.o [1]
test5::__func__         0x1000'4c7c     0x8  Data  Lc  main.o [1]
uart_init               0x1000'2c13    0x28  Code  Gb  uart.o [1]
ucHeap                  0x3800'001c  0x8000  Data  Gb  main.o [1]
ulCriticalNesting       0x3800'0010     0x4  Data  Lc  port.o [1]
ulSetInterruptMask      0x1000'4669          Code  Gb  portasm.o [1]
ulStoppedTimerCompensation
                        0x3800'88c0     0x4  Data  Lc  port.o [1]
ulTimerCountsForOneTick
                        0x3800'88b8     0x4  Data  Lc  port.o [1]
uxCurrentNumberOfTasks  0x3800'8864     0x4  Data  Lc  tasks.o [1]
uxDeletedTasksWaitingCleanUp
                        0x3800'8860     0x4  Data  Lc  tasks.o [1]
uxListRemove            0x1000'38ab    0x28  Code  Gb  list.o [1]
uxSchedulerSuspended    0x3800'888c     0x4  Data  Lc  tasks.o [1]
uxTaskGetNumberOfTasks  0x1000'24b9     0x6  Code  Gb  tasks.o [1]
uxTaskNumber            0x3800'8880     0x4  Data  Lc  tasks.o [1]
uxTopReadyPriority      0x3800'886c     0x4  Data  Lc  tasks.o [1]
uxTopUsedPriority       0x3800'000c     0x4  Data  Lc  tasks.o [1]
vApplicationGetIdleTaskMemory
                        0x1000'2b9f     0xe  Code  Gb  tasks.o [1]
vApplicationGetIdleTaskMemory::uxIdleTaskStack
                        0x3800'801c   0x200  Data  Lc  tasks.o [1]
vApplicationGetIdleTaskMemory::xIdleTaskTCB
                        0x3800'86a4    0x4c  Data  Lc  tasks.o [1]
vApplicationGetTimerTaskMemory
                        0x1000'2bad     0xe  Code  Gb  tasks.o [1]
vApplicationGetTimerTaskMemory::uxTimerTaskStack
                        0x3800'821c   0x200  Data  Lc  tasks.o [1]
vApplicationGetTimerTaskMemory::xTimerTaskTCB
                        0x3800'86f0    0x4c  Data  Lc  tasks.o [1]
vClearInterruptMask     0x1000'467f          Code  Gb  portasm.o [1]
vListInitialise         0x1000'3849    0x26  Code  Gb  list.o [1]
vListInitialiseItem     0x1000'386f     0x6  Code  Gb  list.o [1]
vListInsert             0x1000'3875    0x36  Code  Gb  list.o [1]
vPortEnterCritical      0x1000'38fd    0x18  Code  Gb  port.o [1]
vPortExitCritical       0x1000'3915    0x18  Code  Gb  port.o [1]
vPortFree               0x1000'3721    0x4a  Code  Gb  heap_4.o [1]
vPortSVCHandler_C       0x1000'394d    0x18  Code  Gb  port.o [1]
vPortSetupTimerInterrupt
                        0x1000'3f09    0x50  Code  Wk  port.o [1]
vPortSuppressTicksAndSleep
                        0x1000'3db1   0x154  Code  Wk  port.o [1]
vPortYield              0x1000'38e9    0x12  Code  Gb  port.o [1]
vQueueWaitForMessageRestricted
                        0x1000'42d3    0x4c  Code  Gb  queue.o [1]
vRaisePrivilege         0x1000'4643          Code  Gb  portasm.o [1]
vRestoreContextOfFirstTask
                        0x1000'461d          Code  Gb  portasm.o [1]
vStartFirstTask         0x1000'4651          Code  Gb  portasm.o [1]
vTaskDelay              0x1000'2239    0x26  Code  Gb  tasks.o [1]
vTaskInternalSetTimeOutState
                        0x1000'2839    0x12  Code  Gb  tasks.o [1]
vTaskMissedYield        0x1000'28cf     0xa  Code  Gb  tasks.o [1]
vTaskPlaceOnEventList   0x1000'26e9    0x20  Code  Gb  tasks.o [1]
vTaskPlaceOnEventListRestricted
                        0x1000'270d    0x46  Code  Gb  tasks.o [1]
vTaskStartScheduler     0x1000'22e3    0x44  Code  Gb  tasks.o [1]
vTaskStepTick           0x1000'24bf    0x32  Code  Gb  tasks.o [1]
vTaskSuspendAll         0x1000'2329     0xc  Code  Gb  tasks.o [1]
vTaskSwitchContext      0x1000'2681    0x66  Code  Gb  tasks.o [1]
xActiveTimerList1       0x3800'8808    0x1c  Data  Lc  timers.o [1]
xActiveTimerList2       0x3800'8824    0x1c  Data  Lc  timers.o [1]
xDelayedTaskList1       0x3800'877c    0x1c  Data  Lc  tasks.o [1]
xDelayedTaskList2       0x3800'8798    0x1c  Data  Lc  tasks.o [1]
xFreeBytesRemaining     0x3800'88a8     0x4  Data  Lc  heap_4.o [1]
xHeapStructSize         0x1000'4cb4     0x4  Data  Lc  heap_4.o [1]
xIdleTaskHandles        0x3800'8888     0x4  Data  Lc  tasks.o [1]
xMaximumPossibleSuppressedTicks
                        0x3800'88bc     0x4  Data  Lc  port.o [1]
xMinimumEverFreeBytesRemaining
                        0x3800'88ac     0x4  Data  Lc  heap_4.o [1]
xNextTaskUnblockTime    0x3800'8884     0x4  Data  Lc  tasks.o [1]
xNumOfOverflows         0x3800'887c     0x4  Data  Lc  tasks.o [1]
xNumberOfSuccessfulAllocations
                        0x3800'88b0     0x4  Data  Lc  heap_4.o [1]
xNumberOfSuccessfulFrees
                        0x3800'88b4     0x4  Data  Lc  heap_4.o [1]
xPendedTicks            0x3800'8874     0x4  Data  Lc  tasks.o [1]
xPendingReadyList       0x3800'87b4    0x1c  Data  Lc  tasks.o [1]
xPortStartScheduler     0x1000'39ed    0x38  Code  Gb  port.o [1]
xQueueGenericCreateStatic
                        0x1000'3fed    0x4c  Code  Gb  queue.o [1]
xQueueGenericReset      0x1000'3f59    0x94  Code  Gb  queue.o [1]
xQueueReceive           0x1000'4071    0xea  Code  Gb  queue.o [1]
xSchedulerRunning       0x3800'8870     0x4  Data  Lc  tasks.o [1]
xStart                  0x3800'8840     0x8  Data  Lc  heap_4.o [1]
xSuspendedTaskList      0x3800'87ec    0x1c  Data  Lc  tasks.o [1]
xTaskCheckForTimeOut    0x1000'284b    0x84  Code  Gb  tasks.o [1]
xTaskCreate             0x1000'20af    0x38  Code  Gb  tasks.o [1]
xTaskCreateStatic       0x1000'1ffb    0x42  Code  Gb  tasks.o [1]
xTaskGetTickCount       0x1000'24b1     0x8  Code  Gb  tasks.o [1]
xTaskIncrementTick      0x1000'2509   0x16c  Code  Gb  tasks.o [1]
xTaskPriorityDisinherit
                        0x1000'2a65    0x80  Code  Gb  tasks.o [1]
xTaskRemoveFromEventList
                        0x1000'2753    0xe6  Code  Gb  tasks.o [1]
xTaskResumeAll          0x1000'237d   0x134  Code  Gb  tasks.o [1]
xTasksWaitingTermination
                        0x3800'87d0    0x1c  Data  Lc  tasks.o [1]
xTickCount              0x3800'8868     0x4  Data  Lc  tasks.o [1]
xTimerCreateTimerTask   0x1000'3a3d    0x58  Code  Gb  timers.o [1]
xTimerQueue             0x3800'8898     0x4  Data  Lc  timers.o [1]
xTimerTaskHandle        0x3800'889c     0x4  Data  Lc  timers.o [1]
xYieldPendings          0x3800'8878     0x4  Data  Lc  tasks.o [1]


[1] = C:\Users\xidon\code\github\qemu-simulator\boards\mps2-an505\FreeRTOS\build\iar
[2] = dl7M_tln.a
[3] = m7M_tls.a
[4] = rt7M_tl.a
[5] = shb_l.a

  18'156 bytes of readonly  code memory
   1'484 bytes of readonly  data memory
  39'108 bytes of readwrite data memory

Errors: none
Warnings: none
