###############################################################################
#
# IAR ELF Linker V9.50.2.385/W64 for ARM                  05/Jun/2024  01:11:13
# Copyright 2007-2024 IAR Systems AB.
#
#    Output file  =  .\build\iar/an505-qemu.out
#    Map file     =  .\build\iar/an505-qemu.map
#    Command line =
#        .\build\iar/main.o .\build\iar/system_ARMCM33.o .\build\iar/printf.o
#        .\build\iar/uart.o .\build\iar/fault-dump.o .\build\iar/fault-hal.o
#        .\build\iar/list.o .\build\iar/queue.o .\build\iar/tasks.o
#        .\build\iar/timers.o .\build\iar/croutine.o .\build\iar/event_groups.o
#        .\build\iar/heap_4.o .\build\iar/port.o .\build\iar/startup_ARMCM33.o
#        .\build\iar/portasm.o .\build\iar/fault-iar.o --cpu=Cortex-M33
#        --fpu=VFPv5_sp --config ./startup/iar/ARMCM33_iar.icf --semihosting
#        --entry __iar_program_start --vfe --text_out locale --no_out_extension
#        --map .\build\iar/an505-qemu.map -o .\build\iar/an505-qemu.out
#
###############################################################################

*******************************************************************************
*** RUNTIME MODEL ATTRIBUTES
***

CppFlavor       = *
__CPP_Runtime   = 1
__SystemLibrary = DLib
__dlib_version  = 6


*******************************************************************************
*** HEAP SELECTION
***

The basic heap was selected because --advanced_heap
was not specified and the application did not appear to
be primarily optimized for speed.


*******************************************************************************
*** PLACEMENT SUMMARY
***

"A0":  place at address 0x1000'0000 { ro section .intvec };
"P1":  place in [from 0x1000'0000 to 0x1010'0000] { ro };
define block CSTACK with size = 4K, alignment = 8 { };
define block HEAP with size = 4K, alignment = 8 { };
"P2":  place in [from 0x3800'0000 to 0x3810'0000] {
          rw, block CSTACK, block HEAP };
initialize by copy { rw };

  Section               Kind         Address  Aligment    Size  Object
  -------               ----         -------  --------    ----  ------
"A0":                                                    0x7c0
  .intvec               ro code  0x1000'0000         4   0x7c0  startup_ARMCM33.o [1]
                               - 0x1000'07c0             0x7c0

"P1":                                                   0x42b4
  .text                          0x1000'07c0            0x3cb8  <Block>
    .text               ro code  0x1000'07c0         4    0x84  main.o [1]
    .text               ro code  0x1000'0844         4   0xc64  tasks.o [1]
    .text               ro code  0x1000'14a8         4  0x1138  printf.o [1]
    .text               ro code  0x1000'25e0         4    0x58  uart.o [1]
    .text               ro code  0x1000'2638         4   0x324  fault-dump.o [1]
    .text               ro code  0x1000'295c         4    0x66  ABImemset.o [4]
    .text               ro code  0x1000'29c2         2     0x2  startup_ARMCM33.o [1]
    .text               ro code  0x1000'29c4         4   0x21c  heap_4.o [1]
    .text               ro code  0x1000'2be0         2    0x8a  list.o [1]
    .text               ro code  0x1000'2c6a         2    0x2a  copy_init3.o [4]
    .text               ro code  0x1000'2c94         4   0x168  port.o [1]
    .text               ro code  0x1000'2dfc         4   0x374  timers.o [1]
    .text               ro code  0x1000'3170         4   0x154  port.o [1]
    .text               ro code  0x1000'32c4         4   0x230  I64DivMod.o [4]
    .text               ro code  0x1000'34f4         4    0x20  DblCmpEq.o [3]
    .text               ro code  0x1000'3514         4    0x34  DblCmpLe.o [3]
    .text               ro code  0x1000'3548         4    0x34  DblCmpGe.o [3]
    .text               ro code  0x1000'357c         4    0x36  DblToS32.o [3]
    .text               ro code  0x1000'35b4         4    0x22  S32ToDbl.o [3]
    .text               ro code  0x1000'35d8         4   0x25e  DblAddSub.o [3]
    .text               ro code  0x1000'3838         4   0x1aa  DblMul.o [3]
    .text               ro code  0x1000'39e4         4    0x22  DblToU32.o [3]
    .text               ro code  0x1000'3a08         4    0x1c  U32ToDbl.o [3]
    .text               ro code  0x1000'3a24         4   0x246  DblDiv.o [3]
    .text               ro code  0x1000'3c6c         4    0xf0  fault-hal.o [1]
    .text               ro code  0x1000'3d5c         4    0x54  port.o [1]
    .text               ro code  0x1000'3db0         2   0x422  queue.o [1]
    .text               ro code  0x1000'41d4         4     0x6  ABImemclr4.o [4]
    .text               ro code  0x1000'41dc         4     0x2  I64DivZer.o [4]
    .text               ro code  0x1000'41e0         4    0xa6  ABImemcpy.o [4]
    .text               ro code  0x1000'4288         4    0x32  ABImemset48.o [4]
    .text               ro code  0x1000'42bc         4    0x2c  system_ARMCM33.o [1]
    .text               ro code  0x1000'42e8         4    0x28  startup_ARMCM33.o [1]
    .text               ro code  0x1000'4310         4    0x48  fault-iar.o [1]
    .text               ro code  0x1000'4358         4    0x1c  cstartup_M.o [4]
    .text               ro code  0x1000'4374         4    0x22  fpinit_M.o [3]
    .text               ro code  0x1000'4398         4    0x1e  cmain.o [4]
    .text               ro code  0x1000'43b6         2     0x4  low_level_init.o [2]
    .text               ro code  0x1000'43bc         4    0x2a  data_init.o [4]
    .text               ro code  0x1000'43e6         2     0x4  exit.o [2]
    .text               ro code  0x1000'43ec         4     0xa  cexit.o [4]
    .text               ro code  0x1000'43f8         4    0x14  exit.o [5]
    .text               ro code  0x1000'440c         4    0x2c  iarttio.o [5]
    .text               ro code  0x1000'4438         4     0x8  XShttio.o [2]
    .text               ro code  0x1000'4440         2    0x38  zero_init3.o [4]
  privileged_functions  ro code  0x1000'4478         4    0xd0  portasm.o [1]
  .rodata               const    0x1000'4548         8    0x50  printf.o [1]
  .rodata               const    0x1000'4598         4    0x24  fault-dump.o [1]
  .rodata               const    0x1000'45bc         4    0x24  fault-dump.o [1]
  .iar.init_table       const    0x1000'45e0         4    0x24  - Linker created -
  .rodata               const    0x1000'4604         4    0x20  main.o [1]
  .rodata               const    0x1000'4624         4    0x20  fault-dump.o [1]
  .rodata               const    0x1000'4644         4    0x20  fault-dump.o [1]
  .rodata               const    0x1000'4664         4    0x20  fault-hal.o [1]
  .rodata               const    0x1000'4684         4    0x20  fault-hal.o [1]
  .rodata               const    0x1000'46a4         4    0x20  fault-hal.o [1]
  .rodata               const    0x1000'46c4         4    0x20  fault-hal.o [1]
  .rodata               const    0x1000'46e4         4    0x20  fault-hal.o [1]
  .rodata               const    0x1000'4704         4    0x20  fault-hal.o [1]
  .rodata               const    0x1000'4724         4    0x1c  main.o [1]
  .rodata               const    0x1000'4740         4    0x1c  fault-hal.o [1]
  .rodata               const    0x1000'475c         4    0x1c  fault-hal.o [1]
  .rodata               const    0x1000'4778         4    0x1c  fault-hal.o [1]
  .rodata               const    0x1000'4794         4    0x1c  fault-hal.o [1]
  .rodata               const    0x1000'47b0         4    0x1c  fault-hal.o [1]
  .rodata               const    0x1000'47cc         4    0x1c  fault-hal.o [1]
  .rodata               const    0x1000'47e8         4    0x1c  fault-hal.o [1]
  .rodata               const    0x1000'4804         4    0x1c  fault-hal.o [1]
  .rodata               const    0x1000'4820         4    0x1c  fault-hal.o [1]
  .rodata               const    0x1000'483c         4    0x1c  fault-hal.o [1]
  .rodata               const    0x1000'4858         4    0x1c  fault-hal.o [1]
  .rodata               const    0x1000'4874         4    0x1c  fault-hal.o [1]
  .rodata               const    0x1000'4890         4    0x18  fault-dump.o [1]
  .rodata               const    0x1000'48a8         4    0x14  main.o [1]
  .rodata               const    0x1000'48bc         4    0x14  fault-dump.o [1]
  .rodata               const    0x1000'48d0         4    0x14  fault-dump.o [1]
  .rodata               const    0x1000'48e4         4    0x14  fault-dump.o [1]
  .rodata               const    0x1000'48f8         4    0x14  fault-dump.o [1]
  .rodata               const    0x1000'490c         4    0x14  fault-dump.o [1]
  .rodata               const    0x1000'4920         4    0x14  fault-dump.o [1]
  .rodata               const    0x1000'4934         4    0x14  fault-dump.o [1]
  .rodata               const    0x1000'4948         4    0x14  fault-dump.o [1]
  .rodata               const    0x1000'495c         4    0x14  fault-dump.o [1]
  .rodata               const    0x1000'4970         4    0x14  fault-dump.o [1]
  .rodata               const    0x1000'4984         4    0x14  fault-dump.o [1]
  .rodata               const    0x1000'4998         4    0x14  fault-dump.o [1]
  .rodata               const    0x1000'49ac         4    0x14  fault-dump.o [1]
  .rodata               const    0x1000'49c0         4    0x14  fault-dump.o [1]
  .rodata               const    0x1000'49d4         4    0x14  fault-dump.o [1]
  .rodata               const    0x1000'49e8         4    0x14  fault-dump.o [1]
  .rodata               const    0x1000'49fc         4    0x14  fault-dump.o [1]
  Initializer bytes     const    0x1000'4a10         4    0x14  <for P2-1>
  .rodata               const    0x1000'4a24         4    0x10  fault-dump.o [1]
  .rodata               const    0x1000'4a34         4     0xc  main.o [1]
  .rodata               const    0x1000'4a40         4     0x8  main.o [1]
  .rodata               const    0x1000'4a48         4     0x8  printf.o [1]
  .rodata               const    0x1000'4a50         4     0x8  printf.o [1]
  .rodata               const    0x1000'4a58         4     0x8  fault-dump.o [1]
  .rodata               const    0x1000'4a60         4     0x8  tasks.o [1]
  .rodata               const    0x1000'4a68         4     0x8  timers.o [1]
  .rodata               const    0x1000'4a70         4     0x4  heap_4.o [1]
  .rodata               const    0x1000'4a74               0x0  zero_init3.o [4]
  .rodata               const    0x1000'4a74               0x0  copy_init3.o [4]
                               - 0x1000'4a74            0x42b4

"P2", part 1 of 3:                                        0x14
  P2-1                           0x3800'0000         4    0x14  <Init block>
    .data               inited   0x3800'0000         4     0x4  system_ARMCM33.o [1]
    .data               inited   0x3800'0004         4     0x4  tasks.o [1]
    .data               inited   0x3800'0008         4     0x4  port.o [1]
    .data               inited   0x3800'000c         4     0x8  XShttio.o [2]
                               - 0x3800'0014              0x14

"P2", part 2 of 3:                                      0x88a8
  .bss                  zero     0x3800'0014         4  0x8000  main.o [1]
  .bss                  zero     0x3800'8014         4   0x200  tasks.o [1]
  .bss                  zero     0x3800'8214         4   0x200  tasks.o [1]
  .bss                  zero     0x3800'8414         4   0x100  fault-dump.o [1]
  .bss                  zero     0x3800'8514         4    0xa0  timers.o [1]
  .bss                  zero     0x3800'85b4         4    0x8c  tasks.o [1]
  .bss                  zero     0x3800'8640         4    0x5c  timers.o [1]
  .bss                  zero     0x3800'869c         4    0x4c  tasks.o [1]
  .bss                  zero     0x3800'86e8         4    0x4c  tasks.o [1]
  .bss                  zero     0x3800'8734         4    0x40  fault-dump.o [1]
  .bss                  zero     0x3800'8774         4    0x1c  tasks.o [1]
  .bss                  zero     0x3800'8790         4    0x1c  tasks.o [1]
  .bss                  zero     0x3800'87ac         4    0x1c  tasks.o [1]
  .bss                  zero     0x3800'87c8         4    0x1c  tasks.o [1]
  .bss                  zero     0x3800'87e4         4    0x1c  tasks.o [1]
  .bss                  zero     0x3800'8800         4    0x1c  timers.o [1]
  .bss                  zero     0x3800'881c         4    0x1c  timers.o [1]
  .bss                  zero     0x3800'8838         4     0x8  heap_4.o [1]
  .bss                  zero     0x3800'8840         4     0x4  main.o [1]
  .bss                  zero     0x3800'8844         4     0x4  fault-dump.o [1]
  .bss                  zero     0x3800'8848         4     0x4  fault-dump.o [1]
  .bss                  zero     0x3800'884c         4     0x4  tasks.o [1]
  .bss                  zero     0x3800'8850         4     0x4  tasks.o [1]
  .bss                  zero     0x3800'8854         4     0x4  tasks.o [1]
  .bss                  zero     0x3800'8858         4     0x4  tasks.o [1]
  .bss                  zero     0x3800'885c         4     0x4  tasks.o [1]
  .bss                  zero     0x3800'8860         4     0x4  tasks.o [1]
  .bss                  zero     0x3800'8864         4     0x4  tasks.o [1]
  .bss                  zero     0x3800'8868         4     0x4  tasks.o [1]
  .bss                  zero     0x3800'886c         4     0x4  tasks.o [1]
  .bss                  zero     0x3800'8870         4     0x4  tasks.o [1]
  .bss                  zero     0x3800'8874         4     0x4  tasks.o [1]
  .bss                  zero     0x3800'8878         4     0x4  tasks.o [1]
  .bss                  zero     0x3800'887c         4     0x4  tasks.o [1]
  .bss                  zero     0x3800'8880         4     0x4  tasks.o [1]
  .bss                  zero     0x3800'8884         4     0x4  tasks.o [1]
  .bss                  zero     0x3800'8888         4     0x4  timers.o [1]
  .bss                  zero     0x3800'888c         4     0x4  timers.o [1]
  .bss                  zero     0x3800'8890         4     0x4  timers.o [1]
  .bss                  zero     0x3800'8894         4     0x4  timers.o [1]
  .bss                  zero     0x3800'8898         4     0x4  timers.o [1]
  .bss                  zero     0x3800'889c         4     0x4  heap_4.o [1]
  .bss                  zero     0x3800'88a0         4     0x4  heap_4.o [1]
  .bss                  zero     0x3800'88a4         4     0x4  heap_4.o [1]
  .bss                  zero     0x3800'88a8         4     0x4  heap_4.o [1]
  .bss                  zero     0x3800'88ac         4     0x4  heap_4.o [1]
  .bss                  zero     0x3800'88b0         4     0x4  port.o [1]
  .bss                  zero     0x3800'88b4         4     0x4  port.o [1]
  .bss                  zero     0x3800'88b8         4     0x4  port.o [1]
                               - 0x3800'88bc            0x88a8

"P2", part 3 of 3:                                      0x1000
  CSTACK                         0x3800'88c0         8  0x1000  <Block>
    CSTACK              uninit   0x3800'88c0            0x1000  <Block tail>
                               - 0x3800'98c0            0x1000

Unused ranges:

         From           To      Size
         ----           --      ----
  0x1000'4a74  0x1010'0000  0xf'b58d
  0x3800'88bc  0x3800'88bf       0x4
  0x3800'98c0  0x3810'0000  0xf'6741


*******************************************************************************
*** INIT TABLE
***

          Address      Size
          -------      ----
Zero (__iar_zero_init3)
    1 destination range, total size 0x88a8:
          0x3800'0014  0x88a8

Copy (__iar_copy_init3)
    1 source range, total size 0x14:
          0x1000'4a10    0x14
    1 destination range, total size 0x14:
          0x3800'0000    0x14



*******************************************************************************
*** MODULE SUMMARY
***

    Module             ro code  ro data  rw data
    ------             -------  -------  -------
command line/config:
    --------------------------------------------
    Total:

C:\Users\xidon\code\github\qemu-simulator\boards\mps2-an505\FreeRTOS\build\iar: [1]
    fault-dump.o           804      524      328
    fault-hal.o            240      528
    fault-iar.o             72
    heap_4.o               540        4       28
    list.o                 138
    main.o                 132      100   32'772
    port.o                 784        4       16
    portasm.o              208
    printf.o             4'408       96
    queue.o              1'058
    startup_ARMCM33.o    2'026
    system_ARMCM33.o        44        4        4
    tasks.o              3'172       12    1'520
    timers.o               884        8      328
    uart.o                  88
    --------------------------------------------
    Total:              14'598    1'280   34'996

dl7M_tln.a: [2]
    XShttio.o                8        8        8
    exit.o                   4
    low_level_init.o         4
    --------------------------------------------
    Total:                  16        8        8

m7M_tls.a: [3]
    DblAddSub.o            606
    DblCmpEq.o              32
    DblCmpGe.o              52
    DblCmpLe.o              52
    DblDiv.o               582
    DblMul.o               426
    DblToS32.o              54
    DblToU32.o              34
    S32ToDbl.o              34
    U32ToDbl.o              28
    fpinit_M.o              34
    --------------------------------------------
    Total:               1'934

rt7M_tl.a: [4]
    ABImemclr4.o             6
    ABImemcpy.o            166
    ABImemset.o            102
    ABImemset48.o           50
    I64DivMod.o            560
    I64DivZer.o              2
    cexit.o                 10
    cmain.o                 30
    copy_init3.o            42
    cstartup_M.o            28
    data_init.o             42
    zero_init3.o            56
    --------------------------------------------
    Total:               1'094

shb_l.a: [5]
    exit.o                  20
    iarttio.o               44
    --------------------------------------------
    Total:                  64

    Gaps                    30
    Linker created                   36    4'096
------------------------------------------------
    Grand Total:        17'736    1'324   39'100


*******************************************************************************
*** ENTRY LIST
***

Entry                       Address    Size  Type      Object
-----                       -------    ----  ----      ------
.iar.init_table$$Base   0x1000'45e0           --   Gb  - Linker created -
.iar.init_table$$Limit  0x1000'4604           --   Gb  - Linker created -
.text$$Base             0x1000'07c0           --   Gb  - Linker created -
.text$$Limit            0x1000'4478           --   Gb  - Linker created -
?main                   0x1000'4399          Code  Gb  cmain.o [4]
BusFault_Handler        0x1000'29c3          Code  Wk  startup_ARMCM33.o [1]
CSTACK$$Base            0x3800'88c0           --   Gb  - Linker created -
CSTACK$$Limit           0x3800'98c0           --   Gb  - Linker created -
DebugMon_Handler        0x1000'29c3          Code  Wk  startup_ARMCM33.o [1]
HardFault_Handler       0x1000'4311          Code  Gb  fault-iar.o [1]
Interrupt0_Handler      0x1000'29c3          Code  Wk  startup_ARMCM33.o [1]
Interrupt1_Handler      0x1000'29c3          Code  Wk  startup_ARMCM33.o [1]
Interrupt2_Handler      0x1000'29c3          Code  Wk  startup_ARMCM33.o [1]
Interrupt3_Handler      0x1000'29c3          Code  Wk  startup_ARMCM33.o [1]
Interrupt4_Handler      0x1000'29c3          Code  Wk  startup_ARMCM33.o [1]
Interrupt5_Handler      0x1000'29c3          Code  Wk  startup_ARMCM33.o [1]
Interrupt6_Handler      0x1000'29c3          Code  Wk  startup_ARMCM33.o [1]
Interrupt7_Handler      0x1000'29c3          Code  Wk  startup_ARMCM33.o [1]
Interrupt8_Handler      0x1000'29c3          Code  Wk  startup_ARMCM33.o [1]
Interrupt9_Handler      0x1000'29c3          Code  Wk  startup_ARMCM33.o [1]
MemManage_Handler       0x1000'29c3          Code  Wk  startup_ARMCM33.o [1]
NMI_Handler             0x1000'29c3          Code  Wk  startup_ARMCM33.o [1]
PendSV_Handler          0x1000'44e9          Code  Gb  portasm.o [1]
Region$$Table$$Base     0x1000'45e0           --   Gb  - Linker created -
Region$$Table$$Limit    0x1000'4604           --   Gb  - Linker created -
Reset_Handler           0x1000'42e9          Code  Wk  startup_ARMCM33.o [1]
SVC_Handler             0x1000'452d          Code  Gb  portasm.o [1]
SecureFault_Handler     0x1000'29c3          Code  Wk  startup_ARMCM33.o [1]
SysTick_Handler         0x1000'2ced    0x20  Code  Gb  port.o [1]
SystemCoreClock         0x3800'0000     0x4  Data  Gb  system_ARMCM33.o [1]
SystemInit              0x1000'42bd    0x18  Code  Gb  system_ARMCM33.o [1]
UsageFault_Handler      0x1000'29c3          Code  Wk  startup_ARMCM33.o [1]
__Vectors               0x1000'0000           --   Gb  startup_ARMCM33.o [1]
__Vectors_End           0x1000'07c0          Data  Gb  startup_ARMCM33.o [1]
__Vectors_Size {Abs}          0x7c0           --   Gb  startup_ARMCM33.o [1]
__aeabi_cdcmpeq         0x1000'34f5          Code  Gb  DblCmpEq.o [3]
__aeabi_cdcmple         0x1000'3515          Code  Gb  DblCmpLe.o [3]
__aeabi_cdrcmple        0x1000'3549          Code  Gb  DblCmpGe.o [3]
__aeabi_d2iz            0x1000'357d          Code  Gb  DblToS32.o [3]
__aeabi_d2uiz           0x1000'39e5          Code  Gb  DblToU32.o [3]
__aeabi_dadd            0x1000'35d9          Code  Gb  DblAddSub.o [3]
__aeabi_ddiv            0x1000'3a25          Code  Gb  DblDiv.o [3]
__aeabi_dmul            0x1000'3839          Code  Gb  DblMul.o [3]
__aeabi_dsub            0x1000'3755          Code  Gb  DblAddSub.o [3]
__aeabi_i2d             0x1000'35b5          Code  Gb  S32ToDbl.o [3]
__aeabi_ldiv0           0x1000'41dd          Code  Gb  I64DivZer.o [4]
__aeabi_memclr4         0x1000'41d5          Code  Gb  ABImemclr4.o [4]
__aeabi_memcpy          0x1000'41e1          Code  Gb  ABImemcpy.o [4]
__aeabi_memcpy4         0x1000'4201          Code  Gb  ABImemcpy.o [4]
__aeabi_memcpy8         0x1000'4201          Code  Gb  ABImemcpy.o [4]
__aeabi_memset          0x1000'295d          Code  Gb  ABImemset.o [4]
__aeabi_ui2d            0x1000'3a09          Code  Gb  U32ToDbl.o [3]
__aeabi_uldivmod        0x1000'32c5          Code  Gb  I64DivMod.o [4]
__cmain                 0x1000'4399          Code  Gb  cmain.o [4]
__exit                  0x1000'43f9    0x14  Code  Gb  exit.o [5]
__iar_Memset            0x1000'295d          Code  Gb  ABImemset.o [4]
__iar_Memset4_word      0x1000'4289          Code  Gb  ABImemset48.o [4]
__iar_Memset8_word      0x1000'4289          Code  Gb  ABImemset48.o [4]
__iar_Memset_word       0x1000'2965          Code  Gb  ABImemset.o [4]
__iar_close_ttio        0x1000'440d    0x2c  Code  Gb  iarttio.o [5]
__iar_copy_init3        0x1000'2c6b    0x2a  Code  Gb  copy_init3.o [4]
__iar_data_init3        0x1000'43bd    0x18  Code  Gb  data_init.o [4]
__iar_init_vfp          0x1000'4375          Code  Gb  fpinit_M.o [3]
__iar_lookup_ttioh      0x1000'4439     0x8  Code  Gb  XShttio.o [2]
__iar_program_start     0x1000'4359          Code  Gb  cstartup_M.o [4]
__iar_ttio_handles      0x3800'000c     0x8  Data  Lc  XShttio.o [2]
__iar_zero_init3        0x1000'4441    0x38  Code  Gb  zero_init3.o [4]
__low_level_init        0x1000'43b7     0x4  Code  Gb  low_level_init.o [2]
__vector_table          0x1000'0000          Data  Gb  startup_ARMCM33.o [1]
__vector_table_0x1c     0x1000'001c          Data  Gb  startup_ARMCM33.o [1]
_atoi                   0x1000'14f7    0x28  Code  Lc  printf.o [1]
_call_main              0x1000'43a5          Code  Gb  cmain.o [4]
_etoa                   0x1000'1b19   0x380  Code  Lc  printf.o [1]
_exit                   0x1000'43ed          Code  Gb  cexit.o [4]
_ftoa                   0x1000'17f5   0x314  Code  Lc  printf.o [1]
_ftoa::pow10            0x1000'4548    0x50  Data  Lc  printf.o [1]
_is_digit               0x1000'14df    0x18  Code  Lc  printf.o [1]
_ntoa_format            0x1000'158d   0x11c  Code  Lc  printf.o [1]
_ntoa_long              0x1000'16a9    0x9e  Code  Lc  printf.o [1]
_ntoa_long_long         0x1000'1747    0xaa  Code  Lc  printf.o [1]
_out_char               0x1000'14ab    0x1c  Code  Lc  printf.o [1]
_out_null               0x1000'14a9     0x2  Code  Lc  printf.o [1]
_out_rev                0x1000'151f    0x6e  Code  Lc  printf.o [1]
_strnlen_s              0x1000'14c7    0x18  Code  Lc  printf.o [1]
_vsnprintf              0x1000'1eb1   0x6b0  Code  Lc  printf.o [1]
dump_exc_return         0x1000'26db    0x14  Code  Lc  fault-dump.o [1]
eTaskConfirmSleepModeStatus
                        0x1000'11c1    0x4e  Code  Gb  tasks.o [1]
exit                    0x1000'43e7     0x4  Code  Gb  exit.o [2]
fault_dump_callstack    0x1000'284b    0x8e  Code  Gb  fault-dump.o [1]
fault_dump_exc_return   0x1000'3c6d    0xf0  Code  Gb  fault-hal.o [1]
fault_dump_handler      0x1000'26ef   0x15c  Code  Gb  fault-dump.o [1]
fault_dump_handler::buffer
                        0x3800'8414   0x100  Data  Lc  fault-dump.o [1]
fault_dump_handler::frame
                        0x3800'8734    0x40  Data  Lc  fault-dump.o [1]
fault_dump_init         0x1000'2639    0x2c  Code  Gb  fault-dump.o [1]
fault_dump_opcode       0x1000'2665    0x34  Code  Lc  fault-dump.o [1]
fd_main_stack_base      0x3800'8844     0x4  Data  Gb  fault-dump.o [1]
fd_main_stack_full      0x3800'8848     0x4  Data  Gb  fault-dump.o [1]
main                    0x1000'0803    0x24  Code  Gb  main.o [1]
main_task_entry         0x1000'07c1    0x12  Code  Lc  main.o [1]
main_task_init          0x1000'07d3    0x30  Code  Lc  main.o [1]
main_task_init::main_task
                        0x3800'8840     0x4  Data  Lc  main.o [1]
opcode_is_bl_or_blx     0x1000'2699    0x42  Code  Lc  fault-dump.o [1]
printf                  0x1000'2561    0x1e  Code  Gb  printf.o [1]
prvAddCurrentTaskToDelayedList
                        0x1000'13a1    0xa2  Code  Lc  tasks.o [1]
prvAddNewTaskToReadyList
                        0x1000'0a2f    0xae  Code  Lc  tasks.o [1]
prvCheckForValidListAndQueue
                        0x1000'310b    0x3e  Code  Lc  timers.o [1]
prvCheckForValidListAndQueue{1}{2}{3}{4}::ucStaticTimerQueueStorage
                        0x3800'8514    0xa0  Data  Lc  timers.o [1]
prvCheckForValidListAndQueue{1}{2}{3}{4}::xStaticTimerQueue
                        0x3800'8640    0x5c  Data  Lc  timers.o [1]
prvCheckTasksWaitingTermination
                        0x1000'126b    0x3e  Code  Lc  tasks.o [1]
prvCopyDataFromQueue    0x1000'404f    0x38  Code  Lc  queue.o [1]
prvCopyDataToQueue      0x1000'3fb3    0x9c  Code  Lc  queue.o [1]
prvCreateIdleTasks      0x1000'0b03    0x84  Code  Lc  tasks.o [1]
prvCreateStaticTask     0x1000'0845    0x5a  Code  Lc  tasks.o [1]
prvCreateTask           0x1000'08e1    0x72  Code  Lc  tasks.o [1]
prvDeleteTCB            0x1000'12b5    0x2a  Code  Lc  tasks.o [1]
prvGetExpectedIdleTime  0x1000'0bd9    0x46  Code  Lc  tasks.o [1]
prvGetNextExpireTime    0x1000'2f39    0x26  Code  Lc  timers.o [1]
prvHeapInit             0x1000'2b03    0x5c  Code  Lc  heap_4.o [1]
prvIdleTask             0x1000'117d    0x3a  Code  Lc  tasks.o [1]
prvInitialiseNewQueue   0x1000'3e91    0x38  Code  Lc  queue.o [1]
prvInitialiseNewTask    0x1000'098b    0xa4  Code  Lc  tasks.o [1]
prvInitialiseTaskLists  0x1000'1215    0x56  Code  Lc  tasks.o [1]
prvInsertBlockIntoFreeList
                        0x1000'2b5f    0x60  Code  Lc  heap_4.o [1]
prvInsertTimerInActiveList
                        0x1000'2f85    0x50  Code  Lc  timers.o [1]
prvIsQueueEmpty         0x1000'410f    0x1c  Code  Lc  queue.o [1]
prvNotifyQueueSetContainer
                        0x1000'4177    0x5c  Code  Lc  queue.o [1]
prvProcessExpiredTimer  0x1000'2e7d    0x3e  Code  Lc  timers.o [1]
prvProcessReceivedCommands
                        0x1000'2fd5   0x10a  Code  Lc  timers.o [1]
prvProcessTimerOrBlockTask
                        0x1000'2ed7    0x62  Code  Lc  timers.o [1]
prvReloadTimer          0x1000'2e55    0x28  Code  Lc  timers.o [1]
prvResetNextTaskUnblockTime
                        0x1000'12df    0x26  Code  Lc  tasks.o [1]
prvSampleTimeNow        0x1000'2f5f    0x26  Code  Lc  timers.o [1]
prvSampleTimeNow::xLastTime
                        0x3800'8898     0x4  Data  Lc  timers.o [1]
prvSwitchTimerLists     0x1000'30df    0x2c  Code  Lc  timers.o [1]
prvTaskExitError        0x1000'2c95    0x12  Code  Lc  port.o [1]
prvTimerTask            0x1000'2ebd    0x1a  Code  Lc  timers.o [1]
prvUnlockQueue          0x1000'4087    0x88  Code  Lc  queue.o [1]
put_char                0x1000'25e1     0xe  Code  Gb  uart.o [1]
pvPortMalloc            0x1000'29c5    0xf4  Code  Gb  heap_4.o [1]
pxCurrentTCB            0x3800'884c     0x4  Data  Gb  tasks.o [1]
pxCurrentTimerList      0x3800'8888     0x4  Data  Lc  timers.o [1]
pxDelayedTaskList       0x3800'8850     0x4  Data  Lc  tasks.o [1]
pxEnd                   0x3800'889c     0x4  Data  Lc  heap_4.o [1]
pxOverflowDelayedTaskList
                        0x3800'8854     0x4  Data  Lc  tasks.o [1]
pxOverflowTimerList     0x3800'888c     0x4  Data  Lc  timers.o [1]
pxPortInitialiseStack   0x1000'2d25    0x88  Code  Gb  port.o [1]
pxReadyTasksLists       0x3800'85b4    0x8c  Data  Lc  tasks.o [1]
uart_init               0x1000'25ef    0x28  Code  Gb  uart.o [1]
ucHeap                  0x3800'0014  0x8000  Data  Gb  main.o [1]
ulCriticalNesting       0x3800'0008     0x4  Data  Lc  port.o [1]
ulSetInterruptMask      0x1000'44c5          Code  Gb  portasm.o [1]
ulStoppedTimerCompensation
                        0x3800'88b8     0x4  Data  Lc  port.o [1]
ulTimerCountsForOneTick
                        0x3800'88b0     0x4  Data  Lc  port.o [1]
uxCurrentNumberOfTasks  0x3800'885c     0x4  Data  Lc  tasks.o [1]
uxDeletedTasksWaitingCleanUp
                        0x3800'8858     0x4  Data  Lc  tasks.o [1]
uxListRemove            0x1000'2c43    0x28  Code  Gb  list.o [1]
uxSchedulerSuspended    0x3800'8884     0x4  Data  Lc  tasks.o [1]
uxTaskGetNumberOfTasks  0x1000'0d5d     0x6  Code  Gb  tasks.o [1]
uxTaskNumber            0x3800'8878     0x4  Data  Lc  tasks.o [1]
uxTopReadyPriority      0x3800'8864     0x4  Data  Lc  tasks.o [1]
uxTopUsedPriority       0x3800'0004     0x4  Data  Lc  tasks.o [1]
vApplicationGetIdleTaskMemory
                        0x1000'1443     0xe  Code  Gb  tasks.o [1]
vApplicationGetIdleTaskMemory::uxIdleTaskStack
                        0x3800'8014   0x200  Data  Lc  tasks.o [1]
vApplicationGetIdleTaskMemory::xIdleTaskTCB
                        0x3800'869c    0x4c  Data  Lc  tasks.o [1]
vApplicationGetTimerTaskMemory
                        0x1000'1451     0xe  Code  Gb  tasks.o [1]
vApplicationGetTimerTaskMemory::uxTimerTaskStack
                        0x3800'8214   0x200  Data  Lc  tasks.o [1]
vApplicationGetTimerTaskMemory::xTimerTaskTCB
                        0x3800'86e8    0x4c  Data  Lc  tasks.o [1]
vClearInterruptMask     0x1000'44db          Code  Gb  portasm.o [1]
vListInitialise         0x1000'2be1    0x26  Code  Gb  list.o [1]
vListInitialiseItem     0x1000'2c07     0x6  Code  Gb  list.o [1]
vListInsert             0x1000'2c0d    0x36  Code  Gb  list.o [1]
vPortEnterCritical      0x1000'2cbd    0x18  Code  Gb  port.o [1]
vPortExitCritical       0x1000'2cd5    0x18  Code  Gb  port.o [1]
vPortFree               0x1000'2ab9    0x4a  Code  Gb  heap_4.o [1]
vPortSVCHandler_C       0x1000'2d0d    0x18  Code  Gb  port.o [1]
vPortSetupTimerInterrupt
                        0x1000'3d5d    0x54  Code  Wk  port.o [1]
vPortSuppressTicksAndSleep
                        0x1000'3171   0x154  Code  Wk  port.o [1]
vPortYield              0x1000'2ca9    0x12  Code  Gb  port.o [1]
vQueueWaitForMessageRestricted
                        0x1000'412b    0x4c  Code  Gb  queue.o [1]
vRaisePrivilege         0x1000'449f          Code  Gb  portasm.o [1]
vRestoreContextOfFirstTask
                        0x1000'4479          Code  Gb  portasm.o [1]
vStartFirstTask         0x1000'44ad          Code  Gb  portasm.o [1]
vTaskDelay              0x1000'0add    0x26  Code  Gb  tasks.o [1]
vTaskInternalSetTimeOutState
                        0x1000'10dd    0x12  Code  Gb  tasks.o [1]
vTaskMissedYield        0x1000'1173     0xa  Code  Gb  tasks.o [1]
vTaskPlaceOnEventList   0x1000'0f8d    0x20  Code  Gb  tasks.o [1]
vTaskPlaceOnEventListRestricted
                        0x1000'0fb1    0x46  Code  Gb  tasks.o [1]
vTaskStartScheduler     0x1000'0b87    0x44  Code  Gb  tasks.o [1]
vTaskStepTick           0x1000'0d63    0x32  Code  Gb  tasks.o [1]
vTaskSuspendAll         0x1000'0bcd     0xc  Code  Gb  tasks.o [1]
vTaskSwitchContext      0x1000'0f25    0x66  Code  Gb  tasks.o [1]
xActiveTimerList1       0x3800'8800    0x1c  Data  Lc  timers.o [1]
xActiveTimerList2       0x3800'881c    0x1c  Data  Lc  timers.o [1]
xDelayedTaskList1       0x3800'8774    0x1c  Data  Lc  tasks.o [1]
xDelayedTaskList2       0x3800'8790    0x1c  Data  Lc  tasks.o [1]
xFreeBytesRemaining     0x3800'88a0     0x4  Data  Lc  heap_4.o [1]
xHeapStructSize         0x1000'4a70     0x4  Data  Lc  heap_4.o [1]
xIdleTaskHandles        0x3800'8880     0x4  Data  Lc  tasks.o [1]
xMaximumPossibleSuppressedTicks
                        0x3800'88b4     0x4  Data  Lc  port.o [1]
xMinimumEverFreeBytesRemaining
                        0x3800'88a4     0x4  Data  Lc  heap_4.o [1]
xNextTaskUnblockTime    0x3800'887c     0x4  Data  Lc  tasks.o [1]
xNumOfOverflows         0x3800'8874     0x4  Data  Lc  tasks.o [1]
xNumberOfSuccessfulAllocations
                        0x3800'88a8     0x4  Data  Lc  heap_4.o [1]
xNumberOfSuccessfulFrees
                        0x3800'88ac     0x4  Data  Lc  heap_4.o [1]
xPendedTicks            0x3800'886c     0x4  Data  Lc  tasks.o [1]
xPendingReadyList       0x3800'87ac    0x1c  Data  Lc  tasks.o [1]
xPortStartScheduler     0x1000'2dad    0x38  Code  Gb  port.o [1]
xQueueGenericCreateStatic
                        0x1000'3e45    0x4c  Code  Gb  queue.o [1]
xQueueGenericReset      0x1000'3db1    0x94  Code  Gb  queue.o [1]
xQueueReceive           0x1000'3ec9    0xea  Code  Gb  queue.o [1]
xSchedulerRunning       0x3800'8868     0x4  Data  Lc  tasks.o [1]
xStart                  0x3800'8838     0x8  Data  Lc  heap_4.o [1]
xSuspendedTaskList      0x3800'87e4    0x1c  Data  Lc  tasks.o [1]
xTaskCheckForTimeOut    0x1000'10ef    0x84  Code  Gb  tasks.o [1]
xTaskCreate             0x1000'0953    0x38  Code  Gb  tasks.o [1]
xTaskCreateStatic       0x1000'089f    0x42  Code  Gb  tasks.o [1]
xTaskGetTickCount       0x1000'0d55     0x8  Code  Gb  tasks.o [1]
xTaskIncrementTick      0x1000'0dad   0x16c  Code  Gb  tasks.o [1]
xTaskPriorityDisinherit
                        0x1000'1309    0x80  Code  Gb  tasks.o [1]
xTaskRemoveFromEventList
                        0x1000'0ff7    0xe6  Code  Gb  tasks.o [1]
xTaskResumeAll          0x1000'0c21   0x134  Code  Gb  tasks.o [1]
xTasksWaitingTermination
                        0x3800'87c8    0x1c  Data  Lc  tasks.o [1]
xTickCount              0x3800'8860     0x4  Data  Lc  tasks.o [1]
xTimerCreateTimerTask   0x1000'2dfd    0x58  Code  Gb  timers.o [1]
xTimerQueue             0x3800'8890     0x4  Data  Lc  timers.o [1]
xTimerTaskHandle        0x3800'8894     0x4  Data  Lc  timers.o [1]
xYieldPendings          0x3800'8870     0x4  Data  Lc  tasks.o [1]


[1] = C:\Users\xidon\code\github\qemu-simulator\boards\mps2-an505\FreeRTOS\build\iar
[2] = dl7M_tln.a
[3] = m7M_tls.a
[4] = rt7M_tl.a
[5] = shb_l.a

  17'736 bytes of readonly  code memory
   1'324 bytes of readonly  data memory
  39'100 bytes of readwrite data memory

Errors: none
Warnings: none
