###############################################################################
#
# IAR ELF Linker V9.50.2.385/W64 for ARM                  13/Jun/2024  23:53:53
# Copyright 2007-2024 IAR Systems AB.
#
#    Output file  =  .\build\iar/an505-qemu.out
#    Map file     =  .\build\iar/an505-qemu.map
#    Command line =
#        .\build\iar/main.o .\build\iar/system_ARMCM33.o .\build\iar/printf.o
#        .\build\iar/uart.o .\build\iar/fault-dump.o .\build\iar/fault-hal.o
#        .\build\iar/stack-dump.o .\build\iar/list.o .\build\iar/queue.o
#        .\build\iar/tasks.o .\build\iar/timers.o .\build\iar/croutine.o
#        .\build\iar/event_groups.o .\build\iar/heap_4.o .\build\iar/port.o
#        .\build\iar/startup_ARMCM33.o .\build\iar/portasm.o
#        .\build\iar/fault-iar.o --cpu=Cortex-M33 --fpu=VFPv5_sp --config
#        ./startup/iar/ARMCM33_iar.icf --semihosting --entry
#        __iar_program_start --vfe --text_out locale --no_out_extension --map
#        .\build\iar/an505-qemu.map -o .\build\iar/an505-qemu.out
#
###############################################################################

*******************************************************************************
*** RUNTIME MODEL ATTRIBUTES
***

CppFlavor       = *
__CPP_Runtime   = 1
__SystemLibrary = DLib
__dlib_version  = 6


*******************************************************************************
*** HEAP SELECTION
***

The basic heap was selected because --advanced_heap
was not specified and the application did not appear to
be primarily optimized for speed.


*******************************************************************************
*** PLACEMENT SUMMARY
***

"A0":  place at address 0x1000'0000 { ro section .intvec };
"P1":  place in [from 0x1000'0000 to 0x1010'0000] { ro };
define block CSTACK with size = 4K, alignment = 8 { };
define block HEAP with size = 4K, alignment = 8 { };
"P2":  place in [from 0x3800'0000 to 0x3810'0000] {
          rw, block CSTACK, block HEAP };
initialize by copy { rw };

  Section               Kind         Address  Aligment    Size  Object
  -------               ----         -------  --------    ----  ------
"A0":                                                    0x7c0
  .intvec               ro code  0x1000'0000         4   0x7c0  startup_ARMCM33.o [1]
                               - 0x1000'07c0             0x7c0

"P1":                                                   0x479c
  .text                          0x1000'07c0            0x40a4  <Block>
    .text               ro code  0x1000'07c0         4   0x18c  main.o [1]
    .text               ro code  0x1000'094c         4    0x66  ABImemset.o [4]
    .text               ro code  0x1000'09b2         2     0x2  startup_ARMCM33.o [1]
    .text               ro code  0x1000'09b4         4   0x37c  fault-dump.o [1]
    .text               ro code  0x1000'0d30         4  0x1138  printf.o [1]
    .text               ro code  0x1000'1e68         4   0x158  fault-hal.o [1]
    .text               ro code  0x1000'1fc0         4   0xe04  tasks.o [1]
    .text               ro code  0x1000'2dc4         4    0x58  uart.o [1]
    .text               ro code  0x1000'2e1c         4   0x230  I64DivMod.o [4]
    .text               ro code  0x1000'304c         4    0x20  DblCmpEq.o [3]
    .text               ro code  0x1000'306c         4    0x34  DblCmpLe.o [3]
    .text               ro code  0x1000'30a0         4    0x34  DblCmpGe.o [3]
    .text               ro code  0x1000'30d4         4    0x36  DblToS32.o [3]
    .text               ro code  0x1000'310a         2    0x2a  copy_init3.o [4]
    .text               ro code  0x1000'3134         4    0x22  S32ToDbl.o [3]
    .text               ro code  0x1000'3158         4   0x25e  DblAddSub.o [3]
    .text               ro code  0x1000'33b8         4   0x1aa  DblMul.o [3]
    .text               ro code  0x1000'3564         4    0x22  DblToU32.o [3]
    .text               ro code  0x1000'3588         4    0x1c  U32ToDbl.o [3]
    .text               ro code  0x1000'35a4         4   0x246  DblDiv.o [3]
    .text               ro code  0x1000'37ec         4   0x21c  heap_4.o [1]
    .text               ro code  0x1000'3a08         2    0x8a  list.o [1]
    .text               ro code  0x1000'3a94         4   0x168  port.o [1]
    .text               ro code  0x1000'3bfc         4   0x374  timers.o [1]
    .text               ro code  0x1000'3f70         4   0x154  port.o [1]
    .text               ro code  0x1000'40c4         4     0x2  I64DivZer.o [4]
    .text               ro code  0x1000'40c8         4    0x50  port.o [1]
    .text               ro code  0x1000'4118         2   0x426  queue.o [1]
    .text               ro code  0x1000'4540         4     0x6  ABImemclr4.o [4]
    .text               ro code  0x1000'4548         4    0xa6  ABImemcpy.o [4]
    .text               ro code  0x1000'45f0         4    0x32  ABImemset48.o [4]
    .text               ro code  0x1000'4624         4    0x2c  system_ARMCM33.o [1]
    .text               ro code  0x1000'4650         4    0x84  stack-dump.o [1]
    .text               ro code  0x1000'46d4         4    0x28  startup_ARMCM33.o [1]
    .text               ro code  0x1000'46fc         4    0x48  fault-iar.o [1]
    .text               ro code  0x1000'4744         4    0x1c  cstartup_M.o [4]
    .text               ro code  0x1000'4760         4    0x22  fpinit_M.o [3]
    .text               ro code  0x1000'4784         4    0x1e  cmain.o [4]
    .text               ro code  0x1000'47a2         2     0x4  low_level_init.o [2]
    .text               ro code  0x1000'47a8         4    0x2a  data_init.o [4]
    .text               ro code  0x1000'47d2         2     0x4  exit.o [2]
    .text               ro code  0x1000'47d8         4     0xa  cexit.o [4]
    .text               ro code  0x1000'47e4         4    0x14  exit.o [5]
    .text               ro code  0x1000'47f8         4    0x2c  iarttio.o [5]
    .text               ro code  0x1000'4824         4     0x8  XShttio.o [2]
    .text               ro code  0x1000'482c         2    0x38  zero_init3.o [4]
  privileged_functions  ro code  0x1000'4864         4    0xd0  portasm.o [1]
  .rodata               const    0x1000'4934         4    0x24  fault-dump.o [1]
  .rodata               const    0x1000'4958         8    0x50  printf.o [1]
  .rodata               const    0x1000'49a8         4    0x24  fault-dump.o [1]
  .iar.init_table       const    0x1000'49cc         4    0x24  - Linker created -
  .rodata               const    0x1000'49f0         4    0x20  main.o [1]
  .rodata               const    0x1000'4a10         4    0x20  fault-dump.o [1]
  .rodata               const    0x1000'4a30         4    0x20  fault-dump.o [1]
  .rodata               const    0x1000'4a50         4    0x20  fault-hal.o [1]
  .rodata               const    0x1000'4a70         4    0x20  fault-hal.o [1]
  .rodata               const    0x1000'4a90         4    0x20  fault-hal.o [1]
  .rodata               const    0x1000'4ab0         4    0x20  fault-hal.o [1]
  .rodata               const    0x1000'4ad0         4    0x20  fault-hal.o [1]
  .rodata               const    0x1000'4af0         4    0x20  fault-hal.o [1]
  .rodata               const    0x1000'4b10         4    0x1c  main.o [1]
  .rodata               const    0x1000'4b2c         4    0x1c  main.o [1]
  .rodata               const    0x1000'4b48         4    0x1c  fault-hal.o [1]
  .rodata               const    0x1000'4b64         4    0x1c  fault-hal.o [1]
  .rodata               const    0x1000'4b80         4    0x1c  fault-hal.o [1]
  .rodata               const    0x1000'4b9c         4    0x1c  fault-hal.o [1]
  .rodata               const    0x1000'4bb8         4    0x1c  fault-hal.o [1]
  .rodata               const    0x1000'4bd4         4    0x1c  fault-hal.o [1]
  .rodata               const    0x1000'4bf0         4    0x1c  fault-hal.o [1]
  .rodata               const    0x1000'4c0c         4    0x1c  fault-hal.o [1]
  .rodata               const    0x1000'4c28         4    0x1c  fault-hal.o [1]
  .rodata               const    0x1000'4c44         4    0x1c  fault-hal.o [1]
  .rodata               const    0x1000'4c60         4    0x1c  fault-hal.o [1]
  .rodata               const    0x1000'4c7c         4    0x1c  fault-hal.o [1]
  .rodata               const    0x1000'4c98         4    0x1c  fault-hal.o [1]
  Initializer bytes     const    0x1000'4cb4         4    0x1c  <for P2-1>
  .rodata               const    0x1000'4cd0         4    0x18  fault-dump.o [1]
  .rodata               const    0x1000'4ce8         4    0x18  stack-dump.o [1]
  .rodata               const    0x1000'4d00         4    0x18  stack-dump.o [1]
  .rodata               const    0x1000'4d18         4    0x18  stack-dump.o [1]
  .rodata               const    0x1000'4d30         4    0x14  main.o [1]
  .rodata               const    0x1000'4d44         4    0x14  fault-dump.o [1]
  .rodata               const    0x1000'4d58         4    0x14  fault-dump.o [1]
  .rodata               const    0x1000'4d6c         4    0x14  fault-dump.o [1]
  .rodata               const    0x1000'4d80         4    0x14  fault-dump.o [1]
  .rodata               const    0x1000'4d94         4    0x14  fault-dump.o [1]
  .rodata               const    0x1000'4da8         4    0x14  fault-dump.o [1]
  .rodata               const    0x1000'4dbc         4    0x14  fault-dump.o [1]
  .rodata               const    0x1000'4dd0         4    0x14  fault-dump.o [1]
  .rodata               const    0x1000'4de4         4    0x14  fault-dump.o [1]
  .rodata               const    0x1000'4df8         4    0x14  fault-dump.o [1]
  .rodata               const    0x1000'4e0c         4    0x14  fault-dump.o [1]
  .rodata               const    0x1000'4e20         4    0x14  fault-dump.o [1]
  .rodata               const    0x1000'4e34         4    0x14  fault-dump.o [1]
  .rodata               const    0x1000'4e48         4    0x14  fault-dump.o [1]
  .rodata               const    0x1000'4e5c         4    0x14  fault-dump.o [1]
  .rodata               const    0x1000'4e70         4    0x14  fault-dump.o [1]
  .rodata               const    0x1000'4e84         4    0x14  fault-dump.o [1]
  .rodata               const    0x1000'4e98         4    0x14  stack-dump.o [1]
  .rodata               const    0x1000'4eac         4    0x10  main.o [1]
  .rodata               const    0x1000'4ebc         4    0x10  main.o [1]
  .rodata               const    0x1000'4ecc         4    0x10  fault-dump.o [1]
  .rodata               const    0x1000'4edc         4     0xc  main.o [1]
  .rodata               const    0x1000'4ee8         4     0x8  main.o [1]
  .rodata               const    0x1000'4ef0         4     0x8  main.o [1]
  .rodata               const    0x1000'4ef8         4     0x8  main.o [1]
  .rodata               const    0x1000'4f00         4     0x8  main.o [1]
  .rodata               const    0x1000'4f08         4     0x8  main.o [1]
  .rodata               const    0x1000'4f10         4     0x8  main.o [1]
  .rodata               const    0x1000'4f18         4     0x8  main.o [1]
  .rodata               const    0x1000'4f20         4     0x8  main.o [1]
  .rodata               const    0x1000'4f28         4     0x8  main.o [1]
  .rodata               const    0x1000'4f30         4     0x8  printf.o [1]
  .rodata               const    0x1000'4f38         4     0x8  printf.o [1]
  .rodata               const    0x1000'4f40         4     0x8  fault-dump.o [1]
  .rodata               const    0x1000'4f48         4     0x8  tasks.o [1]
  .rodata               const    0x1000'4f50         4     0x8  timers.o [1]
  .rodata               const    0x1000'4f58         4     0x4  heap_4.o [1]
  .rodata               const    0x1000'4f5c               0x0  zero_init3.o [4]
  .rodata               const    0x1000'4f5c               0x0  copy_init3.o [4]
                               - 0x1000'4f5c            0x479c

"P2", part 1 of 3:                                        0x1c
  P2-1                           0x3800'0000         4    0x1c  <Init block>
    .data               inited   0x3800'0000         4     0x4  system_ARMCM33.o [1]
    .data               inited   0x3800'0004         4     0x4  fault-dump.o [1]
    .data               inited   0x3800'0008         4     0x4  fault-dump.o [1]
    .data               inited   0x3800'000c         4     0x4  tasks.o [1]
    .data               inited   0x3800'0010         4     0x4  port.o [1]
    .data               inited   0x3800'0014         4     0x8  XShttio.o [2]
                               - 0x3800'001c              0x1c

"P2", part 2 of 3:                                      0x8900
  .bss                  zero     0x3800'001c         4  0x8000  main.o [1]
  .bss                  zero     0x3800'801c         4   0x200  tasks.o [1]
  .bss                  zero     0x3800'821c         4   0x200  tasks.o [1]
  .bss                  zero     0x3800'841c         4   0x100  fault-dump.o [1]
  .bss                  zero     0x3800'851c         4    0xa0  timers.o [1]
  .bss                  zero     0x3800'85bc         4    0x8c  tasks.o [1]
  .bss                  zero     0x3800'8648         4    0x74  tasks.o [1]
  .bss                  zero     0x3800'86bc         4    0x74  tasks.o [1]
  .bss                  zero     0x3800'8730         4    0x64  timers.o [1]
  .bss                  zero     0x3800'8794         4    0x40  fault-dump.o [1]
  .bss                  zero     0x3800'87d4         4    0x1c  tasks.o [1]
  .bss                  zero     0x3800'87f0         4    0x1c  tasks.o [1]
  .bss                  zero     0x3800'880c         4    0x1c  tasks.o [1]
  .bss                  zero     0x3800'8828         4    0x1c  tasks.o [1]
  .bss                  zero     0x3800'8844         4    0x1c  tasks.o [1]
  .bss                  zero     0x3800'8860         4    0x1c  timers.o [1]
  .bss                  zero     0x3800'887c         4    0x1c  timers.o [1]
  .bss                  zero     0x3800'8898         4     0x8  heap_4.o [1]
  .bss                  zero     0x3800'88a0         4     0x4  main.o [1]
  .bss                  zero     0x3800'88a4         4     0x4  fault-dump.o [1]
  .bss                  zero     0x3800'88a8         4     0x4  fault-dump.o [1]
  .bss                  zero     0x3800'88ac         4     0x4  tasks.o [1]
  .bss                  zero     0x3800'88b0         4     0x4  tasks.o [1]
  .bss                  zero     0x3800'88b4         4     0x4  tasks.o [1]
  .bss                  zero     0x3800'88b8         4     0x4  tasks.o [1]
  .bss                  zero     0x3800'88bc         4     0x4  tasks.o [1]
  .bss                  zero     0x3800'88c0         4     0x4  tasks.o [1]
  .bss                  zero     0x3800'88c4         4     0x4  tasks.o [1]
  .bss                  zero     0x3800'88c8         4     0x4  tasks.o [1]
  .bss                  zero     0x3800'88cc         4     0x4  tasks.o [1]
  .bss                  zero     0x3800'88d0         4     0x4  tasks.o [1]
  .bss                  zero     0x3800'88d4         4     0x4  tasks.o [1]
  .bss                  zero     0x3800'88d8         4     0x4  tasks.o [1]
  .bss                  zero     0x3800'88dc         4     0x4  tasks.o [1]
  .bss                  zero     0x3800'88e0         4     0x4  tasks.o [1]
  .bss                  zero     0x3800'88e4         4     0x4  tasks.o [1]
  .bss                  zero     0x3800'88e8         4     0x4  timers.o [1]
  .bss                  zero     0x3800'88ec         4     0x4  timers.o [1]
  .bss                  zero     0x3800'88f0         4     0x4  timers.o [1]
  .bss                  zero     0x3800'88f4         4     0x4  timers.o [1]
  .bss                  zero     0x3800'88f8         4     0x4  timers.o [1]
  .bss                  zero     0x3800'88fc         4     0x4  heap_4.o [1]
  .bss                  zero     0x3800'8900         4     0x4  heap_4.o [1]
  .bss                  zero     0x3800'8904         4     0x4  heap_4.o [1]
  .bss                  zero     0x3800'8908         4     0x4  heap_4.o [1]
  .bss                  zero     0x3800'890c         4     0x4  heap_4.o [1]
  .bss                  zero     0x3800'8910         4     0x4  port.o [1]
  .bss                  zero     0x3800'8914         4     0x4  port.o [1]
  .bss                  zero     0x3800'8918         4     0x4  port.o [1]
                               - 0x3800'891c            0x8900

"P2", part 3 of 3:                                      0x1000
  CSTACK                         0x3800'8920         8  0x1000  <Block>
    CSTACK              uninit   0x3800'8920            0x1000  <Block tail>
                               - 0x3800'9920            0x1000

Unused ranges:

         From           To      Size
         ----           --      ----
  0x1000'4f5c  0x1010'0000  0xf'b0a5
  0x3800'891c  0x3800'891f       0x4
  0x3800'9920  0x3810'0000  0xf'66e1


*******************************************************************************
*** INIT TABLE
***

          Address      Size
          -------      ----
Zero (__iar_zero_init3)
    1 destination range, total size 0x8900:
          0x3800'001c  0x8900

Copy (__iar_copy_init3)
    1 source range, total size 0x1c:
          0x1000'4cb4    0x1c
    1 destination range, total size 0x1c:
          0x3800'0000    0x1c



*******************************************************************************
*** MODULE SUMMARY
***

    Module             ro code  ro data  rw data
    ------             -------  -------  -------
command line/config:
    --------------------------------------------
    Total:

C:\Users\xidon\code\github\qemu-simulator\boards\mps2-an505\FreeRTOS\build\iar: [1]
    fault-dump.o           892      532      336
    fault-hal.o            344      556
    fault-iar.o             72
    heap_4.o               540        4       28
    list.o                 138
    main.o                 396      224   32'772
    port.o                 780        4       16
    portasm.o              208
    printf.o             4'408       96
    queue.o              1'062
    stack-dump.o           132       92
    startup_ARMCM33.o    2'026
    system_ARMCM33.o        44        4        4
    tasks.o              3'588       12    1'600
    timers.o               884        8      336
    uart.o                  88
    --------------------------------------------
    Total:              15'602    1'532   35'092

dl7M_tln.a: [2]
    XShttio.o                8        8        8
    exit.o                   4
    low_level_init.o         4
    --------------------------------------------
    Total:                  16        8        8

m7M_tls.a: [3]
    DblAddSub.o            606
    DblCmpEq.o              32
    DblCmpGe.o              52
    DblCmpLe.o              52
    DblDiv.o               582
    DblMul.o               426
    DblToS32.o              54
    DblToU32.o              34
    S32ToDbl.o              34
    U32ToDbl.o              28
    fpinit_M.o              34
    --------------------------------------------
    Total:               1'934

rt7M_tl.a: [4]
    ABImemclr4.o             6
    ABImemcpy.o            166
    ABImemset.o            102
    ABImemset48.o           50
    I64DivMod.o            560
    I64DivZer.o              2
    cexit.o                 10
    cmain.o                 30
    copy_init3.o            42
    cstartup_M.o            28
    data_init.o             42
    zero_init3.o            56
    --------------------------------------------
    Total:               1'094

shb_l.a: [5]
    exit.o                  20
    iarttio.o               44
    --------------------------------------------
    Total:                  64

    Gaps                    30
    Linker created                   36    4'096
------------------------------------------------
    Grand Total:        18'740    1'576   39'196


*******************************************************************************
*** ENTRY LIST
***

Entry                       Address    Size  Type      Object
-----                       -------    ----  ----      ------
.iar.init_table$$Base   0x1000'49cc           --   Gb  - Linker created -
.iar.init_table$$Limit  0x1000'49f0           --   Gb  - Linker created -
.text$$Base             0x1000'07c0           --   Gb  - Linker created -
.text$$Limit            0x1000'4864           --   Gb  - Linker created -
?main                   0x1000'4785          Code  Gb  cmain.o [4]
BusFault_Handler        0x1000'09b3          Code  Wk  startup_ARMCM33.o [1]
CSTACK$$Base            0x3800'8920           --   Gb  - Linker created -
CSTACK$$Limit           0x3800'9920           --   Gb  - Linker created -
DebugMon_Handler        0x1000'09b3          Code  Wk  startup_ARMCM33.o [1]
HardFault_Handler       0x1000'46fd          Code  Gb  fault-iar.o [1]
Interrupt0_Handler      0x1000'09b3          Code  Wk  startup_ARMCM33.o [1]
Interrupt1_Handler      0x1000'09b3          Code  Wk  startup_ARMCM33.o [1]
Interrupt2_Handler      0x1000'09b3          Code  Wk  startup_ARMCM33.o [1]
Interrupt3_Handler      0x1000'09b3          Code  Wk  startup_ARMCM33.o [1]
Interrupt4_Handler      0x1000'09b3          Code  Wk  startup_ARMCM33.o [1]
Interrupt5_Handler      0x1000'09b3          Code  Wk  startup_ARMCM33.o [1]
Interrupt6_Handler      0x1000'09b3          Code  Wk  startup_ARMCM33.o [1]
Interrupt7_Handler      0x1000'09b3          Code  Wk  startup_ARMCM33.o [1]
Interrupt8_Handler      0x1000'09b3          Code  Wk  startup_ARMCM33.o [1]
Interrupt9_Handler      0x1000'09b3          Code  Wk  startup_ARMCM33.o [1]
MemManage_Handler       0x1000'09b3          Code  Wk  startup_ARMCM33.o [1]
NMI_Handler             0x1000'09b3          Code  Wk  startup_ARMCM33.o [1]
PendSV_Handler          0x1000'48d5          Code  Gb  portasm.o [1]
Region$$Table$$Base     0x1000'49cc           --   Gb  - Linker created -
Region$$Table$$Limit    0x1000'49f0           --   Gb  - Linker created -
Reset_Handler           0x1000'46d5          Code  Wk  startup_ARMCM33.o [1]
SVC_Handler             0x1000'4919          Code  Gb  portasm.o [1]
SecureFault_Handler     0x1000'09b3          Code  Wk  startup_ARMCM33.o [1]
SysTick_Handler         0x1000'3aed    0x20  Code  Gb  port.o [1]
SystemCoreClock         0x3800'0000     0x4  Data  Gb  system_ARMCM33.o [1]
SystemInit              0x1000'4625    0x18  Code  Gb  system_ARMCM33.o [1]
UsageFault_Handler      0x1000'09b3          Code  Wk  startup_ARMCM33.o [1]
__Vectors               0x1000'0000           --   Gb  startup_ARMCM33.o [1]
__Vectors_End           0x1000'07c0          Data  Gb  startup_ARMCM33.o [1]
__Vectors_Size {Abs}          0x7c0           --   Gb  startup_ARMCM33.o [1]
__aeabi_cdcmpeq         0x1000'304d          Code  Gb  DblCmpEq.o [3]
__aeabi_cdcmple         0x1000'306d          Code  Gb  DblCmpLe.o [3]
__aeabi_cdrcmple        0x1000'30a1          Code  Gb  DblCmpGe.o [3]
__aeabi_d2iz            0x1000'30d5          Code  Gb  DblToS32.o [3]
__aeabi_d2uiz           0x1000'3565          Code  Gb  DblToU32.o [3]
__aeabi_dadd            0x1000'3159          Code  Gb  DblAddSub.o [3]
__aeabi_ddiv            0x1000'35a5          Code  Gb  DblDiv.o [3]
__aeabi_dmul            0x1000'33b9          Code  Gb  DblMul.o [3]
__aeabi_dsub            0x1000'32d5          Code  Gb  DblAddSub.o [3]
__aeabi_i2d             0x1000'3135          Code  Gb  S32ToDbl.o [3]
__aeabi_ldiv0           0x1000'40c5          Code  Gb  I64DivZer.o [4]
__aeabi_memclr4         0x1000'4541          Code  Gb  ABImemclr4.o [4]
__aeabi_memcpy          0x1000'4549          Code  Gb  ABImemcpy.o [4]
__aeabi_memcpy4         0x1000'4569          Code  Gb  ABImemcpy.o [4]
__aeabi_memcpy8         0x1000'4569          Code  Gb  ABImemcpy.o [4]
__aeabi_memset          0x1000'094d          Code  Gb  ABImemset.o [4]
__aeabi_ui2d            0x1000'3589          Code  Gb  U32ToDbl.o [3]
__aeabi_uldivmod        0x1000'2e1d          Code  Gb  I64DivMod.o [4]
__cmain                 0x1000'4785          Code  Gb  cmain.o [4]
__exit                  0x1000'47e5    0x14  Code  Gb  exit.o [5]
__iar_Memset            0x1000'094d          Code  Gb  ABImemset.o [4]
__iar_Memset4_word      0x1000'45f1          Code  Gb  ABImemset48.o [4]
__iar_Memset8_word      0x1000'45f1          Code  Gb  ABImemset48.o [4]
__iar_Memset_word       0x1000'0955          Code  Gb  ABImemset.o [4]
__iar_close_ttio        0x1000'47f9    0x2c  Code  Gb  iarttio.o [5]
__iar_copy_init3        0x1000'310b    0x2a  Code  Gb  copy_init3.o [4]
__iar_data_init3        0x1000'47a9    0x18  Code  Gb  data_init.o [4]
__iar_init_vfp          0x1000'4761          Code  Gb  fpinit_M.o [3]
__iar_lookup_ttioh      0x1000'4825     0x8  Code  Gb  XShttio.o [2]
__iar_program_start     0x1000'4745          Code  Gb  cstartup_M.o [4]
__iar_ttio_handles      0x3800'0014     0x8  Data  Lc  XShttio.o [2]
__iar_zero_init3        0x1000'482d    0x38  Code  Gb  zero_init3.o [4]
__low_level_init        0x1000'47a3     0x4  Code  Gb  low_level_init.o [2]
__vector_table          0x1000'0000          Data  Gb  startup_ARMCM33.o [1]
__vector_table_0x1c     0x1000'001c          Data  Gb  startup_ARMCM33.o [1]
_atoi                   0x1000'0d7f    0x28  Code  Lc  printf.o [1]
_call_main              0x1000'4791          Code  Gb  cmain.o [4]
_etoa                   0x1000'13a1   0x380  Code  Lc  printf.o [1]
_exit                   0x1000'47d9          Code  Gb  cexit.o [4]
_ftoa                   0x1000'107d   0x314  Code  Lc  printf.o [1]
_ftoa::pow10            0x1000'4958    0x50  Data  Lc  printf.o [1]
_is_digit               0x1000'0d67    0x18  Code  Lc  printf.o [1]
_ntoa_format            0x1000'0e15   0x11c  Code  Lc  printf.o [1]
_ntoa_long              0x1000'0f31    0x9e  Code  Lc  printf.o [1]
_ntoa_long_long         0x1000'0fcf    0xaa  Code  Lc  printf.o [1]
_out_char               0x1000'0d33    0x1c  Code  Lc  printf.o [1]
_out_null               0x1000'0d31     0x2  Code  Lc  printf.o [1]
_out_rev                0x1000'0da7    0x6e  Code  Lc  printf.o [1]
_strnlen_s              0x1000'0d4f    0x18  Code  Lc  printf.o [1]
_vsnprintf              0x1000'1739   0x6b0  Code  Lc  printf.o [1]
dump_callstack          0x1000'07c1    0x5e  Code  Gb  main.o [1]
dump_exc_return         0x1000'0a57    0x14  Code  Lc  fault-dump.o [1]
eTaskConfirmSleepModeStatus
                        0x1000'29e9    0x4c  Code  Gb  tasks.o [1]
eTaskGetState           0x1000'2287    0x9c  Code  Gb  tasks.o [1]
exit                    0x1000'47d3     0x4  Code  Gb  exit.o [2]
fault_dump_bm_stack_point
                        0x1000'0c85     0x6  Code  Gb  fault-dump.o [1]
fault_dump_bm_stack_start
                        0x1000'0c8b     0x4  Code  Gb  fault-dump.o [1]
fault_dump_callstack    0x1000'0bf7    0x8e  Code  Gb  fault-dump.o [1]
fault_dump_exc_return   0x1000'1e69    0xa4  Code  Gb  fault-hal.o [1]
fault_dump_handler      0x1000'0a7b   0x17c  Code  Gb  fault-dump.o [1]
fault_dump_handler::buffer
                        0x3800'841c   0x100  Data  Lc  fault-dump.o [1]
fault_dump_handler::frame
                        0x3800'8794    0x40  Data  Lc  fault-dump.o [1]
fault_dump_init         0x1000'09b5    0x2c  Code  Gb  fault-dump.o [1]
fault_dump_opcode       0x1000'09e1    0x34  Code  Lc  fault-dump.o [1]
fault_dump_psp_stack_parser
                        0x1000'0c8f    0x14  Code  Gb  fault-dump.o [1]
fault_dump_unalign      0x1000'1f1b    0x4e  Code  Gb  fault-hal.o [1]
fault_dump_using_msp    0x1000'1f0d     0xe  Code  Gb  fault-hal.o [1]
fd_main_stack_base      0x3800'88a4     0x4  Data  Gb  fault-dump.o [1]
fd_main_stack_full      0x3800'88a8     0x4  Data  Gb  fault-dump.o [1]
fd_msp_stack_parser     0x3800'0004     0x4  Data  Lc  fault-dump.o [1]
fd_psp_stack_parser     0x3800'0008     0x4  Data  Lc  fault-dump.o [1]
freertos_stack_parser   0x1000'4651    0x70  Code  Gb  stack-dump.o [1]
main                    0x1000'08d5    0x2a  Code  Gb  main.o [1]
main_task_entry         0x1000'0883    0x22  Code  Lc  main.o [1]
main_task_init          0x1000'08a5    0x30  Code  Lc  main.o [1]
main_task_init::main_task
                        0x3800'88a0     0x4  Data  Lc  main.o [1]
opcode_is_bl_or_blx     0x1000'0a15    0x42  Code  Lc  fault-dump.o [1]
printf                  0x1000'1de9    0x1e  Code  Gb  printf.o [1]
prvAddCurrentTaskToDelayedList
                        0x1000'2cb9    0xa2  Code  Lc  tasks.o [1]
prvAddNewTaskToReadyList
                        0x1000'21af    0xb2  Code  Lc  tasks.o [1]
prvCheckForValidListAndQueue
                        0x1000'3f0b    0x3e  Code  Lc  timers.o [1]
prvCheckForValidListAndQueue{1}{2}{3}{4}::ucStaticTimerQueueStorage
                        0x3800'851c    0xa0  Data  Lc  timers.o [1]
prvCheckForValidListAndQueue{1}{2}{3}{4}::xStaticTimerQueue
                        0x3800'8730    0x64  Data  Lc  timers.o [1]
prvCheckTasksWaitingTermination
                        0x1000'2a97    0x3e  Code  Lc  tasks.o [1]
prvCopyDataFromQueue    0x1000'43bb    0x38  Code  Lc  queue.o [1]
prvCopyDataToQueue      0x1000'431f    0x9c  Code  Lc  queue.o [1]
prvCreateIdleTasks      0x1000'2323    0x84  Code  Lc  tasks.o [1]
prvCreateStaticTask     0x1000'1fc1    0x5a  Code  Lc  tasks.o [1]
prvCreateTask           0x1000'205d    0x72  Code  Lc  tasks.o [1]
prvDeleteTCB            0x1000'2bc9    0x2a  Code  Lc  tasks.o [1]
prvGetExpectedIdleTime  0x1000'23f9    0x46  Code  Lc  tasks.o [1]
prvGetNextExpireTime    0x1000'3d39    0x26  Code  Lc  timers.o [1]
prvHeapInit             0x1000'392b    0x5c  Code  Lc  heap_4.o [1]
prvIdleTask             0x1000'29a3    0x3a  Code  Lc  tasks.o [1]
prvInitialiseNewQueue   0x1000'41f9    0x3c  Code  Lc  queue.o [1]
prvInitialiseNewTask    0x1000'2107    0xa8  Code  Lc  tasks.o [1]
prvInitialiseTaskLists  0x1000'2a41    0x56  Code  Lc  tasks.o [1]
prvInsertBlockIntoFreeList
                        0x1000'3987    0x60  Code  Lc  heap_4.o [1]
prvInsertTimerInActiveList
                        0x1000'3d85    0x50  Code  Lc  timers.o [1]
prvIsQueueEmpty         0x1000'447b    0x1c  Code  Lc  queue.o [1]
prvNotifyQueueSetContainer
                        0x1000'44e3    0x5c  Code  Lc  queue.o [1]
prvProcessExpiredTimer  0x1000'3c7d    0x3e  Code  Lc  timers.o [1]
prvProcessReceivedCommands
                        0x1000'3dd5   0x10a  Code  Lc  timers.o [1]
prvProcessTimerOrBlockTask
                        0x1000'3cd7    0x62  Code  Lc  timers.o [1]
prvReloadTimer          0x1000'3c55    0x28  Code  Lc  timers.o [1]
prvResetNextTaskUnblockTime
                        0x1000'2bf3    0x26  Code  Lc  tasks.o [1]
prvSampleTimeNow        0x1000'3d5f    0x26  Code  Lc  timers.o [1]
prvSampleTimeNow::xLastTime
                        0x3800'88f8     0x4  Data  Lc  timers.o [1]
prvSwitchTimerLists     0x1000'3edf    0x2c  Code  Lc  timers.o [1]
prvTaskCheckFreeStackSpace
                        0x1000'2bb5    0x14  Code  Lc  tasks.o [1]
prvTaskExitError        0x1000'3a95    0x12  Code  Lc  port.o [1]
prvTimerTask            0x1000'3cbd    0x1a  Code  Lc  timers.o [1]
prvUnlockQueue          0x1000'43f3    0x88  Code  Lc  queue.o [1]
put_char                0x1000'2dc5     0xe  Code  Gb  uart.o [1]
pvPortMalloc            0x1000'37ed    0xf4  Code  Gb  heap_4.o [1]
pxCurrentTCB            0x3800'88ac     0x4  Data  Gb  tasks.o [1]
pxCurrentTimerList      0x3800'88e8     0x4  Data  Lc  timers.o [1]
pxDelayedTaskList       0x3800'88b0     0x4  Data  Lc  tasks.o [1]
pxEnd                   0x3800'88fc     0x4  Data  Lc  heap_4.o [1]
pxOverflowDelayedTaskList
                        0x3800'88b4     0x4  Data  Lc  tasks.o [1]
pxOverflowTimerList     0x3800'88ec     0x4  Data  Lc  timers.o [1]
pxPortInitialiseStack   0x1000'3b25    0x88  Code  Gb  port.o [1]
pxReadyTasksLists       0x3800'85bc    0x8c  Data  Lc  tasks.o [1]
stack_using_msp         0x1000'0a6b    0x10  Code  Lc  fault-dump.o [1]
test0                   0x1000'081f    0x14  Code  Gb  main.o [1]
test0::__func__         0x1000'4ef8     0x8  Data  Lc  main.o [1]
test1                   0x1000'0833    0x10  Code  Gb  main.o [1]
test1::__func__         0x1000'4f00     0x8  Data  Lc  main.o [1]
test2                   0x1000'0843    0x10  Code  Gb  main.o [1]
test2::__func__         0x1000'4f08     0x8  Data  Lc  main.o [1]
test3                   0x1000'0853    0x10  Code  Gb  main.o [1]
test3::__func__         0x1000'4f10     0x8  Data  Lc  main.o [1]
test4                   0x1000'0863    0x10  Code  Gb  main.o [1]
test4::__func__         0x1000'4f18     0x8  Data  Lc  main.o [1]
test5                   0x1000'0873    0x10  Code  Gb  main.o [1]
test5::__func__         0x1000'4f20     0x8  Data  Lc  main.o [1]
uart_init               0x1000'2dd3    0x28  Code  Gb  uart.o [1]
ucHeap                  0x3800'001c  0x8000  Data  Gb  main.o [1]
ulCriticalNesting       0x3800'0010     0x4  Data  Lc  port.o [1]
ulSetInterruptMask      0x1000'48b1          Code  Gb  portasm.o [1]
ulStoppedTimerCompensation
                        0x3800'8918     0x4  Data  Lc  port.o [1]
ulTimerCountsForOneTick
                        0x3800'8910     0x4  Data  Lc  port.o [1]
uxCurrentNumberOfTasks  0x3800'88bc     0x4  Data  Lc  tasks.o [1]
uxDeletedTasksWaitingCleanUp
                        0x3800'88b8     0x4  Data  Lc  tasks.o [1]
uxListRemove            0x1000'3a6b    0x28  Code  Gb  list.o [1]
uxSchedulerSuspended    0x3800'88e4     0x4  Data  Lc  tasks.o [1]
uxTaskGetNumberOfTasks  0x1000'257f     0x6  Code  Gb  tasks.o [1]
uxTaskNumber            0x3800'88d8     0x4  Data  Lc  tasks.o [1]
uxTopReadyPriority      0x3800'88c4     0x4  Data  Lc  tasks.o [1]
uxTopUsedPriority       0x3800'000c     0x4  Data  Lc  tasks.o [1]
vApplicationGetIdleTaskMemory
                        0x1000'2d5b     0xe  Code  Gb  tasks.o [1]
vApplicationGetIdleTaskMemory::uxIdleTaskStack
                        0x3800'801c   0x200  Data  Lc  tasks.o [1]
vApplicationGetIdleTaskMemory::xIdleTaskTCB
                        0x3800'8648    0x74  Data  Lc  tasks.o [1]
vApplicationGetTimerTaskMemory
                        0x1000'2d69     0xe  Code  Gb  tasks.o [1]
vApplicationGetTimerTaskMemory::uxTimerTaskStack
                        0x3800'821c   0x200  Data  Lc  tasks.o [1]
vApplicationGetTimerTaskMemory::xTimerTaskTCB
                        0x3800'86bc    0x74  Data  Lc  tasks.o [1]
vClearInterruptMask     0x1000'48c7          Code  Gb  portasm.o [1]
vListInitialise         0x1000'3a09    0x26  Code  Gb  list.o [1]
vListInitialiseItem     0x1000'3a2f     0x6  Code  Gb  list.o [1]
vListInsert             0x1000'3a35    0x36  Code  Gb  list.o [1]
vPortEnterCritical      0x1000'3abd    0x18  Code  Gb  port.o [1]
vPortExitCritical       0x1000'3ad5    0x18  Code  Gb  port.o [1]
vPortFree               0x1000'38e1    0x4a  Code  Gb  heap_4.o [1]
vPortSVCHandler_C       0x1000'3b0d    0x18  Code  Gb  port.o [1]
vPortSetupTimerInterrupt
                        0x1000'40c9    0x50  Code  Wk  port.o [1]
vPortSuppressTicksAndSleep
                        0x1000'3f71   0x154  Code  Wk  port.o [1]
vPortYield              0x1000'3aa9    0x12  Code  Gb  port.o [1]
vQueueWaitForMessageRestricted
                        0x1000'4497    0x4c  Code  Gb  queue.o [1]
vRaisePrivilege         0x1000'488b          Code  Gb  portasm.o [1]
vRestoreContextOfFirstTask
                        0x1000'4865          Code  Gb  portasm.o [1]
vStartFirstTask         0x1000'4899          Code  Gb  portasm.o [1]
vTaskDelay              0x1000'2261    0x26  Code  Gb  tasks.o [1]
vTaskGetInfo            0x1000'2ad5    0xdc  Code  Gb  tasks.o [1]
vTaskInternalSetTimeOutState
                        0x1000'28fb    0x10  Code  Gb  tasks.o [1]
vTaskMissedYield        0x1000'2999     0xa  Code  Gb  tasks.o [1]
vTaskPlaceOnEventList   0x1000'27b1    0x20  Code  Gb  tasks.o [1]
vTaskPlaceOnEventListRestricted
                        0x1000'27d1    0x46  Code  Gb  tasks.o [1]
vTaskStartScheduler     0x1000'23a7    0x44  Code  Gb  tasks.o [1]
vTaskStepTick           0x1000'2585    0x30  Code  Gb  tasks.o [1]
vTaskSuspendAll         0x1000'23ed     0xc  Code  Gb  tasks.o [1]
vTaskSwitchContext      0x1000'2751    0x60  Code  Gb  tasks.o [1]
xActiveTimerList1       0x3800'8860    0x1c  Data  Lc  timers.o [1]
xActiveTimerList2       0x3800'887c    0x1c  Data  Lc  timers.o [1]
xDelayedTaskList1       0x3800'87d4    0x1c  Data  Lc  tasks.o [1]
xDelayedTaskList2       0x3800'87f0    0x1c  Data  Lc  tasks.o [1]
xFreeBytesRemaining     0x3800'8900     0x4  Data  Lc  heap_4.o [1]
xHeapStructSize         0x1000'4f58     0x4  Data  Lc  heap_4.o [1]
xIdleTaskHandles        0x3800'88e0     0x4  Data  Lc  tasks.o [1]
xMaximumPossibleSuppressedTicks
                        0x3800'8914     0x4  Data  Lc  port.o [1]
xMinimumEverFreeBytesRemaining
                        0x3800'8904     0x4  Data  Lc  heap_4.o [1]
xNextTaskUnblockTime    0x3800'88dc     0x4  Data  Lc  tasks.o [1]
xNumOfOverflows         0x3800'88d4     0x4  Data  Lc  tasks.o [1]
xNumberOfSuccessfulAllocations
                        0x3800'8908     0x4  Data  Lc  heap_4.o [1]
xNumberOfSuccessfulFrees
                        0x3800'890c     0x4  Data  Lc  heap_4.o [1]
xPendedTicks            0x3800'88cc     0x4  Data  Lc  tasks.o [1]
xPendingReadyList       0x3800'880c    0x1c  Data  Lc  tasks.o [1]
xPortStartScheduler     0x1000'3bad    0x38  Code  Gb  port.o [1]
xQueueGenericCreateStatic
                        0x1000'41ad    0x4c  Code  Gb  queue.o [1]
xQueueGenericReset      0x1000'4119    0x94  Code  Gb  queue.o [1]
xQueueReceive           0x1000'4235    0xea  Code  Gb  queue.o [1]
xSchedulerRunning       0x3800'88c8     0x4  Data  Lc  tasks.o [1]
xStart                  0x3800'8898     0x8  Data  Lc  heap_4.o [1]
xSuspendedTaskList      0x3800'8844    0x1c  Data  Lc  tasks.o [1]
xTaskCheckForTimeOut    0x1000'2915    0x84  Code  Gb  tasks.o [1]
xTaskCreate             0x1000'20cf    0x38  Code  Gb  tasks.o [1]
xTaskCreateStatic       0x1000'201b    0x42  Code  Gb  tasks.o [1]
xTaskGetCurrentTaskHandle
                        0x1000'2c19     0x8  Code  Gb  tasks.o [1]
xTaskGetTickCount       0x1000'2577     0x8  Code  Gb  tasks.o [1]
xTaskIncrementTick      0x1000'25d1   0x16c  Code  Gb  tasks.o [1]
xTaskPriorityDisinherit
                        0x1000'2c25    0x7e  Code  Gb  tasks.o [1]
xTaskRemoveFromEventList
                        0x1000'2817    0xe4  Code  Gb  tasks.o [1]
xTaskResumeAll          0x1000'2441   0x136  Code  Gb  tasks.o [1]
xTasksWaitingTermination
                        0x3800'8828    0x1c  Data  Lc  tasks.o [1]
xTickCount              0x3800'88c0     0x4  Data  Lc  tasks.o [1]
xTimerCreateTimerTask   0x1000'3bfd    0x58  Code  Gb  timers.o [1]
xTimerQueue             0x3800'88f0     0x4  Data  Lc  timers.o [1]
xTimerTaskHandle        0x3800'88f4     0x4  Data  Lc  timers.o [1]
xYieldPendings          0x3800'88d0     0x4  Data  Lc  tasks.o [1]


[1] = C:\Users\xidon\code\github\qemu-simulator\boards\mps2-an505\FreeRTOS\build\iar
[2] = dl7M_tln.a
[3] = m7M_tls.a
[4] = rt7M_tl.a
[5] = shb_l.a

  18'740 bytes of readonly  code memory
   1'576 bytes of readonly  data memory
  39'196 bytes of readwrite data memory

Errors: none
Warnings: none
