###############################################################################
#
# IAR ELF Linker V9.50.2.385/W64 for ARM                  05/Jun/2024  00:03:58
# Copyright 2007-2024 IAR Systems AB.
#
#    Output file  =  .\build\iar/an505-qemu.out
#    Map file     =  .\build\iar/an505-qemu.map
#    Command line =
#        .\build\iar/main.o .\build\iar/system_ARMCM33.o .\build\iar/printf.o
#        .\build\iar/uart.o .\build\iar/fault-dump.o .\build\iar/fault-hal.o
#        .\build\iar/list.o .\build\iar/queue.o .\build\iar/tasks.o
#        .\build\iar/timers.o .\build\iar/croutine.o .\build\iar/event_groups.o
#        .\build\iar/heap_4.o .\build\iar/port.o .\build\iar/startup_ARMCM33.o
#        .\build\iar/portasm.o .\build\iar/fault-iar.o --cpu=Cortex-M33
#        --fpu=VFPv5_sp --config ./startup/iar/ARMCM33_iar.icf --semihosting
#        --entry __iar_program_start --vfe --text_out locale --no_out_extension
#        --map .\build\iar/an505-qemu.map -o .\build\iar/an505-qemu.out
#
###############################################################################

*******************************************************************************
*** RUNTIME MODEL ATTRIBUTES
***

CppFlavor       = *
__CPP_Runtime   = 1
__SystemLibrary = DLib
__dlib_version  = 6


*******************************************************************************
*** HEAP SELECTION
***

The basic heap was selected because --advanced_heap
was not specified and the application did not appear to
be primarily optimized for speed.


*******************************************************************************
*** PLACEMENT SUMMARY
***

"A0":  place at address 0x1000'0000 { ro section .intvec };
"P1":  place in [from 0x1000'0000 to 0x1010'0000] { ro };
define block CSTACK with size = 4K, alignment = 8 { };
define block HEAP with size = 4K, alignment = 8 { };
"P2":  place in [from 0x3800'0000 to 0x3810'0000] {
          rw, block CSTACK, block HEAP };
initialize by copy { rw };

  Section               Kind         Address  Aligment    Size  Object
  -------               ----         -------  --------    ----  ------
"A0":                                                    0x7c0
  .intvec               ro code  0x1000'0000         4   0x7c0  startup_ARMCM33.o [1]
                               - 0x1000'07c0             0x7c0

"P1":                                                   0x42b8
  .text                          0x1000'07c0            0x3cbc  <Block>
    .text               ro code  0x1000'07c0         4    0x88  main.o [1]
    .text               ro code  0x1000'0848         4   0xc64  tasks.o [1]
    .text               ro code  0x1000'14ac         4  0x1138  printf.o [1]
    .text               ro code  0x1000'25e4         4    0x58  uart.o [1]
    .text               ro code  0x1000'263c         4   0x324  fault-dump.o [1]
    .text               ro code  0x1000'2960         4    0x66  ABImemset.o [4]
    .text               ro code  0x1000'29c6         2     0x2  startup_ARMCM33.o [1]
    .text               ro code  0x1000'29c8         4   0x21c  heap_4.o [1]
    .text               ro code  0x1000'2be4         2    0x8a  list.o [1]
    .text               ro code  0x1000'2c6e         2    0x2a  copy_init3.o [4]
    .text               ro code  0x1000'2c98         4   0x168  port.o [1]
    .text               ro code  0x1000'2e00         4   0x374  timers.o [1]
    .text               ro code  0x1000'3174         4   0x154  port.o [1]
    .text               ro code  0x1000'32c8         4   0x230  I64DivMod.o [4]
    .text               ro code  0x1000'34f8         4    0x20  DblCmpEq.o [3]
    .text               ro code  0x1000'3518         4    0x34  DblCmpLe.o [3]
    .text               ro code  0x1000'354c         4    0x34  DblCmpGe.o [3]
    .text               ro code  0x1000'3580         4    0x36  DblToS32.o [3]
    .text               ro code  0x1000'35b8         4    0x22  S32ToDbl.o [3]
    .text               ro code  0x1000'35dc         4   0x25e  DblAddSub.o [3]
    .text               ro code  0x1000'383c         4   0x1aa  DblMul.o [3]
    .text               ro code  0x1000'39e8         4    0x22  DblToU32.o [3]
    .text               ro code  0x1000'3a0c         4    0x1c  U32ToDbl.o [3]
    .text               ro code  0x1000'3a28         4   0x246  DblDiv.o [3]
    .text               ro code  0x1000'3c70         4    0xf0  fault-hal.o [1]
    .text               ro code  0x1000'3d60         4    0x54  port.o [1]
    .text               ro code  0x1000'3db4         2   0x422  queue.o [1]
    .text               ro code  0x1000'41d8         4     0x6  ABImemclr4.o [4]
    .text               ro code  0x1000'41e0         4     0x2  I64DivZer.o [4]
    .text               ro code  0x1000'41e4         4    0xa6  ABImemcpy.o [4]
    .text               ro code  0x1000'428c         4    0x32  ABImemset48.o [4]
    .text               ro code  0x1000'42c0         4    0x2c  system_ARMCM33.o [1]
    .text               ro code  0x1000'42ec         4    0x28  startup_ARMCM33.o [1]
    .text               ro code  0x1000'4314         4    0x48  fault-iar.o [1]
    .text               ro code  0x1000'435c         4    0x1c  cstartup_M.o [4]
    .text               ro code  0x1000'4378         4    0x22  fpinit_M.o [3]
    .text               ro code  0x1000'439c         4    0x1e  cmain.o [4]
    .text               ro code  0x1000'43ba         2     0x4  low_level_init.o [2]
    .text               ro code  0x1000'43c0         4    0x2a  data_init.o [4]
    .text               ro code  0x1000'43ea         2     0x4  exit.o [2]
    .text               ro code  0x1000'43f0         4     0xa  cexit.o [4]
    .text               ro code  0x1000'43fc         4    0x14  exit.o [5]
    .text               ro code  0x1000'4410         4    0x2c  iarttio.o [5]
    .text               ro code  0x1000'443c         4     0x8  XShttio.o [2]
    .text               ro code  0x1000'4444         2    0x38  zero_init3.o [4]
  privileged_functions  ro code  0x1000'447c         4    0xd0  portasm.o [1]
  .rodata               const    0x1000'454c         4    0x24  fault-dump.o [1]
  .rodata               const    0x1000'4570         8    0x50  printf.o [1]
  .rodata               const    0x1000'45c0         4    0x24  fault-dump.o [1]
  .iar.init_table       const    0x1000'45e4         4    0x24  - Linker created -
  .rodata               const    0x1000'4608         4    0x20  main.o [1]
  .rodata               const    0x1000'4628         4    0x20  fault-dump.o [1]
  .rodata               const    0x1000'4648         4    0x20  fault-dump.o [1]
  .rodata               const    0x1000'4668         4    0x20  fault-hal.o [1]
  .rodata               const    0x1000'4688         4    0x20  fault-hal.o [1]
  .rodata               const    0x1000'46a8         4    0x20  fault-hal.o [1]
  .rodata               const    0x1000'46c8         4    0x20  fault-hal.o [1]
  .rodata               const    0x1000'46e8         4    0x20  fault-hal.o [1]
  .rodata               const    0x1000'4708         4    0x20  fault-hal.o [1]
  .rodata               const    0x1000'4728         4    0x1c  main.o [1]
  .rodata               const    0x1000'4744         4    0x1c  fault-hal.o [1]
  .rodata               const    0x1000'4760         4    0x1c  fault-hal.o [1]
  .rodata               const    0x1000'477c         4    0x1c  fault-hal.o [1]
  .rodata               const    0x1000'4798         4    0x1c  fault-hal.o [1]
  .rodata               const    0x1000'47b4         4    0x1c  fault-hal.o [1]
  .rodata               const    0x1000'47d0         4    0x1c  fault-hal.o [1]
  .rodata               const    0x1000'47ec         4    0x1c  fault-hal.o [1]
  .rodata               const    0x1000'4808         4    0x1c  fault-hal.o [1]
  .rodata               const    0x1000'4824         4    0x1c  fault-hal.o [1]
  .rodata               const    0x1000'4840         4    0x1c  fault-hal.o [1]
  .rodata               const    0x1000'485c         4    0x1c  fault-hal.o [1]
  .rodata               const    0x1000'4878         4    0x1c  fault-hal.o [1]
  .rodata               const    0x1000'4894         4    0x18  fault-dump.o [1]
  .rodata               const    0x1000'48ac         4    0x14  main.o [1]
  .rodata               const    0x1000'48c0         4    0x14  fault-dump.o [1]
  .rodata               const    0x1000'48d4         4    0x14  fault-dump.o [1]
  .rodata               const    0x1000'48e8         4    0x14  fault-dump.o [1]
  .rodata               const    0x1000'48fc         4    0x14  fault-dump.o [1]
  .rodata               const    0x1000'4910         4    0x14  fault-dump.o [1]
  .rodata               const    0x1000'4924         4    0x14  fault-dump.o [1]
  .rodata               const    0x1000'4938         4    0x14  fault-dump.o [1]
  .rodata               const    0x1000'494c         4    0x14  fault-dump.o [1]
  .rodata               const    0x1000'4960         4    0x14  fault-dump.o [1]
  .rodata               const    0x1000'4974         4    0x14  fault-dump.o [1]
  .rodata               const    0x1000'4988         4    0x14  fault-dump.o [1]
  .rodata               const    0x1000'499c         4    0x14  fault-dump.o [1]
  .rodata               const    0x1000'49b0         4    0x14  fault-dump.o [1]
  .rodata               const    0x1000'49c4         4    0x14  fault-dump.o [1]
  .rodata               const    0x1000'49d8         4    0x14  fault-dump.o [1]
  .rodata               const    0x1000'49ec         4    0x14  fault-dump.o [1]
  .rodata               const    0x1000'4a00         4    0x14  fault-dump.o [1]
  Initializer bytes     const    0x1000'4a14         4    0x14  <for P2-1>
  .rodata               const    0x1000'4a28         4    0x10  fault-dump.o [1]
  .rodata               const    0x1000'4a38         4     0xc  main.o [1]
  .rodata               const    0x1000'4a44         4     0x8  main.o [1]
  .rodata               const    0x1000'4a4c         4     0x8  printf.o [1]
  .rodata               const    0x1000'4a54         4     0x8  printf.o [1]
  .rodata               const    0x1000'4a5c         4     0x8  fault-dump.o [1]
  .rodata               const    0x1000'4a64         4     0x8  tasks.o [1]
  .rodata               const    0x1000'4a6c         4     0x8  timers.o [1]
  .rodata               const    0x1000'4a74         4     0x4  heap_4.o [1]
  .rodata               const    0x1000'4a78               0x0  zero_init3.o [4]
  .rodata               const    0x1000'4a78               0x0  copy_init3.o [4]
                               - 0x1000'4a78            0x42b8

"P2", part 1 of 3:                                        0x14
  P2-1                           0x3800'0000         4    0x14  <Init block>
    .data               inited   0x3800'0000         4     0x4  system_ARMCM33.o [1]
    .data               inited   0x3800'0004         4     0x4  tasks.o [1]
    .data               inited   0x3800'0008         4     0x4  port.o [1]
    .data               inited   0x3800'000c         4     0x8  XShttio.o [2]
                               - 0x3800'0014              0x14

"P2", part 2 of 3:                                      0x88a8
  .bss                  zero     0x3800'0014         4  0x8000  main.o [1]
  .bss                  zero     0x3800'8014         4   0x200  tasks.o [1]
  .bss                  zero     0x3800'8214         4   0x200  tasks.o [1]
  .bss                  zero     0x3800'8414         4   0x100  fault-dump.o [1]
  .bss                  zero     0x3800'8514         4    0xa0  timers.o [1]
  .bss                  zero     0x3800'85b4         4    0x8c  tasks.o [1]
  .bss                  zero     0x3800'8640         4    0x5c  timers.o [1]
  .bss                  zero     0x3800'869c         4    0x4c  tasks.o [1]
  .bss                  zero     0x3800'86e8         4    0x4c  tasks.o [1]
  .bss                  zero     0x3800'8734         4    0x40  fault-dump.o [1]
  .bss                  zero     0x3800'8774         4    0x1c  tasks.o [1]
  .bss                  zero     0x3800'8790         4    0x1c  tasks.o [1]
  .bss                  zero     0x3800'87ac         4    0x1c  tasks.o [1]
  .bss                  zero     0x3800'87c8         4    0x1c  tasks.o [1]
  .bss                  zero     0x3800'87e4         4    0x1c  tasks.o [1]
  .bss                  zero     0x3800'8800         4    0x1c  timers.o [1]
  .bss                  zero     0x3800'881c         4    0x1c  timers.o [1]
  .bss                  zero     0x3800'8838         4     0x8  heap_4.o [1]
  .bss                  zero     0x3800'8840         4     0x4  main.o [1]
  .bss                  zero     0x3800'8844         4     0x4  fault-dump.o [1]
  .bss                  zero     0x3800'8848         4     0x4  fault-dump.o [1]
  .bss                  zero     0x3800'884c         4     0x4  tasks.o [1]
  .bss                  zero     0x3800'8850         4     0x4  tasks.o [1]
  .bss                  zero     0x3800'8854         4     0x4  tasks.o [1]
  .bss                  zero     0x3800'8858         4     0x4  tasks.o [1]
  .bss                  zero     0x3800'885c         4     0x4  tasks.o [1]
  .bss                  zero     0x3800'8860         4     0x4  tasks.o [1]
  .bss                  zero     0x3800'8864         4     0x4  tasks.o [1]
  .bss                  zero     0x3800'8868         4     0x4  tasks.o [1]
  .bss                  zero     0x3800'886c         4     0x4  tasks.o [1]
  .bss                  zero     0x3800'8870         4     0x4  tasks.o [1]
  .bss                  zero     0x3800'8874         4     0x4  tasks.o [1]
  .bss                  zero     0x3800'8878         4     0x4  tasks.o [1]
  .bss                  zero     0x3800'887c         4     0x4  tasks.o [1]
  .bss                  zero     0x3800'8880         4     0x4  tasks.o [1]
  .bss                  zero     0x3800'8884         4     0x4  tasks.o [1]
  .bss                  zero     0x3800'8888         4     0x4  timers.o [1]
  .bss                  zero     0x3800'888c         4     0x4  timers.o [1]
  .bss                  zero     0x3800'8890         4     0x4  timers.o [1]
  .bss                  zero     0x3800'8894         4     0x4  timers.o [1]
  .bss                  zero     0x3800'8898         4     0x4  timers.o [1]
  .bss                  zero     0x3800'889c         4     0x4  heap_4.o [1]
  .bss                  zero     0x3800'88a0         4     0x4  heap_4.o [1]
  .bss                  zero     0x3800'88a4         4     0x4  heap_4.o [1]
  .bss                  zero     0x3800'88a8         4     0x4  heap_4.o [1]
  .bss                  zero     0x3800'88ac         4     0x4  heap_4.o [1]
  .bss                  zero     0x3800'88b0         4     0x4  port.o [1]
  .bss                  zero     0x3800'88b4         4     0x4  port.o [1]
  .bss                  zero     0x3800'88b8         4     0x4  port.o [1]
                               - 0x3800'88bc            0x88a8

"P2", part 3 of 3:                                      0x1000
  CSTACK                         0x3800'88c0         8  0x1000  <Block>
    CSTACK              uninit   0x3800'88c0            0x1000  <Block tail>
                               - 0x3800'98c0            0x1000

Unused ranges:

         From           To      Size
         ----           --      ----
  0x1000'4a78  0x1010'0000  0xf'b589
  0x3800'88bc  0x3800'88bf       0x4
  0x3800'98c0  0x3810'0000  0xf'6741


*******************************************************************************
*** INIT TABLE
***

          Address      Size
          -------      ----
Zero (__iar_zero_init3)
    1 destination range, total size 0x88a8:
          0x3800'0014  0x88a8

Copy (__iar_copy_init3)
    1 source range, total size 0x14:
          0x1000'4a14    0x14
    1 destination range, total size 0x14:
          0x3800'0000    0x14



*******************************************************************************
*** MODULE SUMMARY
***

    Module             ro code  ro data  rw data
    ------             -------  -------  -------
command line/config:
    --------------------------------------------
    Total:

C:\Users\xidon\code\github\qemu-simulator\boards\mps2-an505\FreeRTOS\build\iar: [1]
    fault-dump.o           804      524      328
    fault-hal.o            240      528
    fault-iar.o             72
    heap_4.o               540        4       28
    list.o                 138
    main.o                 136      100   32'772
    port.o                 784        4       16
    portasm.o              208
    printf.o             4'408       96
    queue.o              1'058
    startup_ARMCM33.o    2'026
    system_ARMCM33.o        44        4        4
    tasks.o              3'172       12    1'520
    timers.o               884        8      328
    uart.o                  88
    --------------------------------------------
    Total:              14'602    1'280   34'996

dl7M_tln.a: [2]
    XShttio.o                8        8        8
    exit.o                   4
    low_level_init.o         4
    --------------------------------------------
    Total:                  16        8        8

m7M_tls.a: [3]
    DblAddSub.o            606
    DblCmpEq.o              32
    DblCmpGe.o              52
    DblCmpLe.o              52
    DblDiv.o               582
    DblMul.o               426
    DblToS32.o              54
    DblToU32.o              34
    S32ToDbl.o              34
    U32ToDbl.o              28
    fpinit_M.o              34
    --------------------------------------------
    Total:               1'934

rt7M_tl.a: [4]
    ABImemclr4.o             6
    ABImemcpy.o            166
    ABImemset.o            102
    ABImemset48.o           50
    I64DivMod.o            560
    I64DivZer.o              2
    cexit.o                 10
    cmain.o                 30
    copy_init3.o            42
    cstartup_M.o            28
    data_init.o             42
    zero_init3.o            56
    --------------------------------------------
    Total:               1'094

shb_l.a: [5]
    exit.o                  20
    iarttio.o               44
    --------------------------------------------
    Total:                  64

    Gaps                    30
    Linker created                   36    4'096
------------------------------------------------
    Grand Total:        17'740    1'324   39'100


*******************************************************************************
*** ENTRY LIST
***

Entry                       Address    Size  Type      Object
-----                       -------    ----  ----      ------
.iar.init_table$$Base   0x1000'45e4           --   Gb  - Linker created -
.iar.init_table$$Limit  0x1000'4608           --   Gb  - Linker created -
.text$$Base             0x1000'07c0           --   Gb  - Linker created -
.text$$Limit            0x1000'447c           --   Gb  - Linker created -
?main                   0x1000'439d          Code  Gb  cmain.o [4]
BusFault_Handler        0x1000'29c7          Code  Wk  startup_ARMCM33.o [1]
CSTACK$$Base            0x3800'88c0           --   Gb  - Linker created -
CSTACK$$Limit           0x3800'98c0           --   Gb  - Linker created -
DebugMon_Handler        0x1000'29c7          Code  Wk  startup_ARMCM33.o [1]
HardFault_Handler       0x1000'4315          Code  Gb  fault-iar.o [1]
Interrupt0_Handler      0x1000'29c7          Code  Wk  startup_ARMCM33.o [1]
Interrupt1_Handler      0x1000'29c7          Code  Wk  startup_ARMCM33.o [1]
Interrupt2_Handler      0x1000'29c7          Code  Wk  startup_ARMCM33.o [1]
Interrupt3_Handler      0x1000'29c7          Code  Wk  startup_ARMCM33.o [1]
Interrupt4_Handler      0x1000'29c7          Code  Wk  startup_ARMCM33.o [1]
Interrupt5_Handler      0x1000'29c7          Code  Wk  startup_ARMCM33.o [1]
Interrupt6_Handler      0x1000'29c7          Code  Wk  startup_ARMCM33.o [1]
Interrupt7_Handler      0x1000'29c7          Code  Wk  startup_ARMCM33.o [1]
Interrupt8_Handler      0x1000'29c7          Code  Wk  startup_ARMCM33.o [1]
Interrupt9_Handler      0x1000'29c7          Code  Wk  startup_ARMCM33.o [1]
MemManage_Handler       0x1000'29c7          Code  Wk  startup_ARMCM33.o [1]
NMI_Handler             0x1000'29c7          Code  Wk  startup_ARMCM33.o [1]
PendSV_Handler          0x1000'44ed          Code  Gb  portasm.o [1]
Region$$Table$$Base     0x1000'45e4           --   Gb  - Linker created -
Region$$Table$$Limit    0x1000'4608           --   Gb  - Linker created -
Reset_Handler           0x1000'42ed          Code  Wk  startup_ARMCM33.o [1]
SVC_Handler             0x1000'4531          Code  Gb  portasm.o [1]
SecureFault_Handler     0x1000'29c7          Code  Wk  startup_ARMCM33.o [1]
SysTick_Handler         0x1000'2cf1    0x20  Code  Gb  port.o [1]
SystemCoreClock         0x3800'0000     0x4  Data  Gb  system_ARMCM33.o [1]
SystemInit              0x1000'42c1    0x18  Code  Gb  system_ARMCM33.o [1]
UsageFault_Handler      0x1000'29c7          Code  Wk  startup_ARMCM33.o [1]
__Vectors               0x1000'0000           --   Gb  startup_ARMCM33.o [1]
__Vectors_End           0x1000'07c0          Data  Gb  startup_ARMCM33.o [1]
__Vectors_Size {Abs}          0x7c0           --   Gb  startup_ARMCM33.o [1]
__aeabi_cdcmpeq         0x1000'34f9          Code  Gb  DblCmpEq.o [3]
__aeabi_cdcmple         0x1000'3519          Code  Gb  DblCmpLe.o [3]
__aeabi_cdrcmple        0x1000'354d          Code  Gb  DblCmpGe.o [3]
__aeabi_d2iz            0x1000'3581          Code  Gb  DblToS32.o [3]
__aeabi_d2uiz           0x1000'39e9          Code  Gb  DblToU32.o [3]
__aeabi_dadd            0x1000'35dd          Code  Gb  DblAddSub.o [3]
__aeabi_ddiv            0x1000'3a29          Code  Gb  DblDiv.o [3]
__aeabi_dmul            0x1000'383d          Code  Gb  DblMul.o [3]
__aeabi_dsub            0x1000'3759          Code  Gb  DblAddSub.o [3]
__aeabi_i2d             0x1000'35b9          Code  Gb  S32ToDbl.o [3]
__aeabi_ldiv0           0x1000'41e1          Code  Gb  I64DivZer.o [4]
__aeabi_memclr4         0x1000'41d9          Code  Gb  ABImemclr4.o [4]
__aeabi_memcpy          0x1000'41e5          Code  Gb  ABImemcpy.o [4]
__aeabi_memcpy4         0x1000'4205          Code  Gb  ABImemcpy.o [4]
__aeabi_memcpy8         0x1000'4205          Code  Gb  ABImemcpy.o [4]
__aeabi_memset          0x1000'2961          Code  Gb  ABImemset.o [4]
__aeabi_ui2d            0x1000'3a0d          Code  Gb  U32ToDbl.o [3]
__aeabi_uldivmod        0x1000'32c9          Code  Gb  I64DivMod.o [4]
__cmain                 0x1000'439d          Code  Gb  cmain.o [4]
__exit                  0x1000'43fd    0x14  Code  Gb  exit.o [5]
__iar_Memset            0x1000'2961          Code  Gb  ABImemset.o [4]
__iar_Memset4_word      0x1000'428d          Code  Gb  ABImemset48.o [4]
__iar_Memset8_word      0x1000'428d          Code  Gb  ABImemset48.o [4]
__iar_Memset_word       0x1000'2969          Code  Gb  ABImemset.o [4]
__iar_close_ttio        0x1000'4411    0x2c  Code  Gb  iarttio.o [5]
__iar_copy_init3        0x1000'2c6f    0x2a  Code  Gb  copy_init3.o [4]
__iar_data_init3        0x1000'43c1    0x18  Code  Gb  data_init.o [4]
__iar_init_vfp          0x1000'4379          Code  Gb  fpinit_M.o [3]
__iar_lookup_ttioh      0x1000'443d     0x8  Code  Gb  XShttio.o [2]
__iar_program_start     0x1000'435d          Code  Gb  cstartup_M.o [4]
__iar_ttio_handles      0x3800'000c     0x8  Data  Lc  XShttio.o [2]
__iar_zero_init3        0x1000'4445    0x38  Code  Gb  zero_init3.o [4]
__low_level_init        0x1000'43bb     0x4  Code  Gb  low_level_init.o [2]
__vector_table          0x1000'0000          Data  Gb  startup_ARMCM33.o [1]
__vector_table_0x1c     0x1000'001c          Data  Gb  startup_ARMCM33.o [1]
_atoi                   0x1000'14fb    0x28  Code  Lc  printf.o [1]
_call_main              0x1000'43a9          Code  Gb  cmain.o [4]
_etoa                   0x1000'1b1d   0x380  Code  Lc  printf.o [1]
_exit                   0x1000'43f1          Code  Gb  cexit.o [4]
_ftoa                   0x1000'17f9   0x314  Code  Lc  printf.o [1]
_ftoa::pow10            0x1000'4570    0x50  Data  Lc  printf.o [1]
_is_digit               0x1000'14e3    0x18  Code  Lc  printf.o [1]
_ntoa_format            0x1000'1591   0x11c  Code  Lc  printf.o [1]
_ntoa_long              0x1000'16ad    0x9e  Code  Lc  printf.o [1]
_ntoa_long_long         0x1000'174b    0xaa  Code  Lc  printf.o [1]
_out_char               0x1000'14af    0x1c  Code  Lc  printf.o [1]
_out_null               0x1000'14ad     0x2  Code  Lc  printf.o [1]
_out_rev                0x1000'1523    0x6e  Code  Lc  printf.o [1]
_strnlen_s              0x1000'14cb    0x18  Code  Lc  printf.o [1]
_vsnprintf              0x1000'1eb5   0x6b0  Code  Lc  printf.o [1]
dump_exc_return         0x1000'26df    0x14  Code  Lc  fault-dump.o [1]
eTaskConfirmSleepModeStatus
                        0x1000'11c5    0x4e  Code  Gb  tasks.o [1]
exit                    0x1000'43eb     0x4  Code  Gb  exit.o [2]
fault_dump_callstack    0x1000'284f    0x8e  Code  Gb  fault-dump.o [1]
fault_dump_exc_return   0x1000'3c71    0xf0  Code  Gb  fault-hal.o [1]
fault_dump_handler      0x1000'26f3   0x15c  Code  Gb  fault-dump.o [1]
fault_dump_handler::buffer
                        0x3800'8414   0x100  Data  Lc  fault-dump.o [1]
fault_dump_handler::frame
                        0x3800'8734    0x40  Data  Lc  fault-dump.o [1]
fault_dump_init         0x1000'263d    0x2c  Code  Gb  fault-dump.o [1]
fault_dump_opcode       0x1000'2669    0x34  Code  Lc  fault-dump.o [1]
fd_main_stack_base      0x3800'8844     0x4  Data  Gb  fault-dump.o [1]
fd_main_stack_full      0x3800'8848     0x4  Data  Gb  fault-dump.o [1]
main                    0x1000'0805    0x24  Code  Gb  main.o [1]
main_task_entry         0x1000'07c1    0x14  Code  Lc  main.o [1]
main_task_init          0x1000'07d5    0x30  Code  Lc  main.o [1]
main_task_init::main_task
                        0x3800'8840     0x4  Data  Lc  main.o [1]
opcode_is_bl_or_blx     0x1000'269d    0x42  Code  Lc  fault-dump.o [1]
printf                  0x1000'2565    0x1e  Code  Gb  printf.o [1]
prvAddCurrentTaskToDelayedList
                        0x1000'13a5    0xa2  Code  Lc  tasks.o [1]
prvAddNewTaskToReadyList
                        0x1000'0a33    0xae  Code  Lc  tasks.o [1]
prvCheckForValidListAndQueue
                        0x1000'310f    0x3e  Code  Lc  timers.o [1]
prvCheckForValidListAndQueue{1}{2}{3}{4}::ucStaticTimerQueueStorage
                        0x3800'8514    0xa0  Data  Lc  timers.o [1]
prvCheckForValidListAndQueue{1}{2}{3}{4}::xStaticTimerQueue
                        0x3800'8640    0x5c  Data  Lc  timers.o [1]
prvCheckTasksWaitingTermination
                        0x1000'126f    0x3e  Code  Lc  tasks.o [1]
prvCopyDataFromQueue    0x1000'4053    0x38  Code  Lc  queue.o [1]
prvCopyDataToQueue      0x1000'3fb7    0x9c  Code  Lc  queue.o [1]
prvCreateIdleTasks      0x1000'0b07    0x84  Code  Lc  tasks.o [1]
prvCreateStaticTask     0x1000'0849    0x5a  Code  Lc  tasks.o [1]
prvCreateTask           0x1000'08e5    0x72  Code  Lc  tasks.o [1]
prvDeleteTCB            0x1000'12b9    0x2a  Code  Lc  tasks.o [1]
prvGetExpectedIdleTime  0x1000'0bdd    0x46  Code  Lc  tasks.o [1]
prvGetNextExpireTime    0x1000'2f3d    0x26  Code  Lc  timers.o [1]
prvHeapInit             0x1000'2b07    0x5c  Code  Lc  heap_4.o [1]
prvIdleTask             0x1000'1181    0x3a  Code  Lc  tasks.o [1]
prvInitialiseNewQueue   0x1000'3e95    0x38  Code  Lc  queue.o [1]
prvInitialiseNewTask    0x1000'098f    0xa4  Code  Lc  tasks.o [1]
prvInitialiseTaskLists  0x1000'1219    0x56  Code  Lc  tasks.o [1]
prvInsertBlockIntoFreeList
                        0x1000'2b63    0x60  Code  Lc  heap_4.o [1]
prvInsertTimerInActiveList
                        0x1000'2f89    0x50  Code  Lc  timers.o [1]
prvIsQueueEmpty         0x1000'4113    0x1c  Code  Lc  queue.o [1]
prvNotifyQueueSetContainer
                        0x1000'417b    0x5c  Code  Lc  queue.o [1]
prvProcessExpiredTimer  0x1000'2e81    0x3e  Code  Lc  timers.o [1]
prvProcessReceivedCommands
                        0x1000'2fd9   0x10a  Code  Lc  timers.o [1]
prvProcessTimerOrBlockTask
                        0x1000'2edb    0x62  Code  Lc  timers.o [1]
prvReloadTimer          0x1000'2e59    0x28  Code  Lc  timers.o [1]
prvResetNextTaskUnblockTime
                        0x1000'12e3    0x26  Code  Lc  tasks.o [1]
prvSampleTimeNow        0x1000'2f63    0x26  Code  Lc  timers.o [1]
prvSampleTimeNow::xLastTime
                        0x3800'8898     0x4  Data  Lc  timers.o [1]
prvSwitchTimerLists     0x1000'30e3    0x2c  Code  Lc  timers.o [1]
prvTaskExitError        0x1000'2c99    0x12  Code  Lc  port.o [1]
prvTimerTask            0x1000'2ec1    0x1a  Code  Lc  timers.o [1]
prvUnlockQueue          0x1000'408b    0x88  Code  Lc  queue.o [1]
put_char                0x1000'25e5     0xe  Code  Gb  uart.o [1]
pvPortMalloc            0x1000'29c9    0xf4  Code  Gb  heap_4.o [1]
pxCurrentTCB            0x3800'884c     0x4  Data  Gb  tasks.o [1]
pxCurrentTimerList      0x3800'8888     0x4  Data  Lc  timers.o [1]
pxDelayedTaskList       0x3800'8850     0x4  Data  Lc  tasks.o [1]
pxEnd                   0x3800'889c     0x4  Data  Lc  heap_4.o [1]
pxOverflowDelayedTaskList
                        0x3800'8854     0x4  Data  Lc  tasks.o [1]
pxOverflowTimerList     0x3800'888c     0x4  Data  Lc  timers.o [1]
pxPortInitialiseStack   0x1000'2d29    0x88  Code  Gb  port.o [1]
pxReadyTasksLists       0x3800'85b4    0x8c  Data  Lc  tasks.o [1]
uart_init               0x1000'25f3    0x28  Code  Gb  uart.o [1]
ucHeap                  0x3800'0014  0x8000  Data  Gb  main.o [1]
ulCriticalNesting       0x3800'0008     0x4  Data  Lc  port.o [1]
ulSetInterruptMask      0x1000'44c9          Code  Gb  portasm.o [1]
ulStoppedTimerCompensation
                        0x3800'88b8     0x4  Data  Lc  port.o [1]
ulTimerCountsForOneTick
                        0x3800'88b0     0x4  Data  Lc  port.o [1]
uxCurrentNumberOfTasks  0x3800'885c     0x4  Data  Lc  tasks.o [1]
uxDeletedTasksWaitingCleanUp
                        0x3800'8858     0x4  Data  Lc  tasks.o [1]
uxListRemove            0x1000'2c47    0x28  Code  Gb  list.o [1]
uxSchedulerSuspended    0x3800'8884     0x4  Data  Lc  tasks.o [1]
uxTaskGetNumberOfTasks  0x1000'0d61     0x6  Code  Gb  tasks.o [1]
uxTaskNumber            0x3800'8878     0x4  Data  Lc  tasks.o [1]
uxTopReadyPriority      0x3800'8864     0x4  Data  Lc  tasks.o [1]
uxTopUsedPriority       0x3800'0004     0x4  Data  Lc  tasks.o [1]
vApplicationGetIdleTaskMemory
                        0x1000'1447     0xe  Code  Gb  tasks.o [1]
vApplicationGetIdleTaskMemory::uxIdleTaskStack
                        0x3800'8014   0x200  Data  Lc  tasks.o [1]
vApplicationGetIdleTaskMemory::xIdleTaskTCB
                        0x3800'869c    0x4c  Data  Lc  tasks.o [1]
vApplicationGetTimerTaskMemory
                        0x1000'1455     0xe  Code  Gb  tasks.o [1]
vApplicationGetTimerTaskMemory::uxTimerTaskStack
                        0x3800'8214   0x200  Data  Lc  tasks.o [1]
vApplicationGetTimerTaskMemory::xTimerTaskTCB
                        0x3800'86e8    0x4c  Data  Lc  tasks.o [1]
vClearInterruptMask     0x1000'44df          Code  Gb  portasm.o [1]
vListInitialise         0x1000'2be5    0x26  Code  Gb  list.o [1]
vListInitialiseItem     0x1000'2c0b     0x6  Code  Gb  list.o [1]
vListInsert             0x1000'2c11    0x36  Code  Gb  list.o [1]
vPortEnterCritical      0x1000'2cc1    0x18  Code  Gb  port.o [1]
vPortExitCritical       0x1000'2cd9    0x18  Code  Gb  port.o [1]
vPortFree               0x1000'2abd    0x4a  Code  Gb  heap_4.o [1]
vPortSVCHandler_C       0x1000'2d11    0x18  Code  Gb  port.o [1]
vPortSetupTimerInterrupt
                        0x1000'3d61    0x54  Code  Wk  port.o [1]
vPortSuppressTicksAndSleep
                        0x1000'3175   0x154  Code  Wk  port.o [1]
vPortYield              0x1000'2cad    0x12  Code  Gb  port.o [1]
vQueueWaitForMessageRestricted
                        0x1000'412f    0x4c  Code  Gb  queue.o [1]
vRaisePrivilege         0x1000'44a3          Code  Gb  portasm.o [1]
vRestoreContextOfFirstTask
                        0x1000'447d          Code  Gb  portasm.o [1]
vStartFirstTask         0x1000'44b1          Code  Gb  portasm.o [1]
vTaskDelay              0x1000'0ae1    0x26  Code  Gb  tasks.o [1]
vTaskInternalSetTimeOutState
                        0x1000'10e1    0x12  Code  Gb  tasks.o [1]
vTaskMissedYield        0x1000'1177     0xa  Code  Gb  tasks.o [1]
vTaskPlaceOnEventList   0x1000'0f91    0x20  Code  Gb  tasks.o [1]
vTaskPlaceOnEventListRestricted
                        0x1000'0fb5    0x46  Code  Gb  tasks.o [1]
vTaskStartScheduler     0x1000'0b8b    0x44  Code  Gb  tasks.o [1]
vTaskStepTick           0x1000'0d67    0x32  Code  Gb  tasks.o [1]
vTaskSuspendAll         0x1000'0bd1     0xc  Code  Gb  tasks.o [1]
vTaskSwitchContext      0x1000'0f29    0x66  Code  Gb  tasks.o [1]
xActiveTimerList1       0x3800'8800    0x1c  Data  Lc  timers.o [1]
xActiveTimerList2       0x3800'881c    0x1c  Data  Lc  timers.o [1]
xDelayedTaskList1       0x3800'8774    0x1c  Data  Lc  tasks.o [1]
xDelayedTaskList2       0x3800'8790    0x1c  Data  Lc  tasks.o [1]
xFreeBytesRemaining     0x3800'88a0     0x4  Data  Lc  heap_4.o [1]
xHeapStructSize         0x1000'4a74     0x4  Data  Lc  heap_4.o [1]
xIdleTaskHandles        0x3800'8880     0x4  Data  Lc  tasks.o [1]
xMaximumPossibleSuppressedTicks
                        0x3800'88b4     0x4  Data  Lc  port.o [1]
xMinimumEverFreeBytesRemaining
                        0x3800'88a4     0x4  Data  Lc  heap_4.o [1]
xNextTaskUnblockTime    0x3800'887c     0x4  Data  Lc  tasks.o [1]
xNumOfOverflows         0x3800'8874     0x4  Data  Lc  tasks.o [1]
xNumberOfSuccessfulAllocations
                        0x3800'88a8     0x4  Data  Lc  heap_4.o [1]
xNumberOfSuccessfulFrees
                        0x3800'88ac     0x4  Data  Lc  heap_4.o [1]
xPendedTicks            0x3800'886c     0x4  Data  Lc  tasks.o [1]
xPendingReadyList       0x3800'87ac    0x1c  Data  Lc  tasks.o [1]
xPortStartScheduler     0x1000'2db1    0x38  Code  Gb  port.o [1]
xQueueGenericCreateStatic
                        0x1000'3e49    0x4c  Code  Gb  queue.o [1]
xQueueGenericReset      0x1000'3db5    0x94  Code  Gb  queue.o [1]
xQueueReceive           0x1000'3ecd    0xea  Code  Gb  queue.o [1]
xSchedulerRunning       0x3800'8868     0x4  Data  Lc  tasks.o [1]
xStart                  0x3800'8838     0x8  Data  Lc  heap_4.o [1]
xSuspendedTaskList      0x3800'87e4    0x1c  Data  Lc  tasks.o [1]
xTaskCheckForTimeOut    0x1000'10f3    0x84  Code  Gb  tasks.o [1]
xTaskCreate             0x1000'0957    0x38  Code  Gb  tasks.o [1]
xTaskCreateStatic       0x1000'08a3    0x42  Code  Gb  tasks.o [1]
xTaskGetTickCount       0x1000'0d59     0x8  Code  Gb  tasks.o [1]
xTaskIncrementTick      0x1000'0db1   0x16c  Code  Gb  tasks.o [1]
xTaskPriorityDisinherit
                        0x1000'130d    0x80  Code  Gb  tasks.o [1]
xTaskRemoveFromEventList
                        0x1000'0ffb    0xe6  Code  Gb  tasks.o [1]
xTaskResumeAll          0x1000'0c25   0x134  Code  Gb  tasks.o [1]
xTasksWaitingTermination
                        0x3800'87c8    0x1c  Data  Lc  tasks.o [1]
xTickCount              0x3800'8860     0x4  Data  Lc  tasks.o [1]
xTimerCreateTimerTask   0x1000'2e01    0x58  Code  Gb  timers.o [1]
xTimerQueue             0x3800'8890     0x4  Data  Lc  timers.o [1]
xTimerTaskHandle        0x3800'8894     0x4  Data  Lc  timers.o [1]
xYieldPendings          0x3800'8870     0x4  Data  Lc  tasks.o [1]


[1] = C:\Users\xidon\code\github\qemu-simulator\boards\mps2-an505\FreeRTOS\build\iar
[2] = dl7M_tln.a
[3] = m7M_tls.a
[4] = rt7M_tl.a
[5] = shb_l.a

  17'740 bytes of readonly  code memory
   1'324 bytes of readonly  data memory
  39'100 bytes of readwrite data memory

Errors: none
Warnings: none
