Archive member included to satisfy reference by file (symbol)

/opt/gcc-arm-none-eabi-10.3-2021.10/bin/../lib/gcc/arm-none-eabi/10.3.1/../../../../arm-none-eabi/lib/thumb/v7e-m+fp/hard/libc_nano.a(lib_a-errno.o)
                              ./build/gcc/sysmem.o (__errno)
/opt/gcc-arm-none-eabi-10.3-2021.10/bin/../lib/gcc/arm-none-eabi/10.3.1/../../../../arm-none-eabi/lib/thumb/v7e-m+fp/hard/libc_nano.a(lib_a-exit.o)
                              /opt/gcc-arm-none-eabi-10.3-2021.10/bin/../lib/gcc/arm-none-eabi/10.3.1/../../../../arm-none-eabi/lib/thumb/v7e-m+fp/hard/crt0.o (exit)
/opt/gcc-arm-none-eabi-10.3-2021.10/bin/../lib/gcc/arm-none-eabi/10.3.1/../../../../arm-none-eabi/lib/thumb/v7e-m+fp/hard/libc_nano.a(lib_a-impure.o)
                              /opt/gcc-arm-none-eabi-10.3-2021.10/bin/../lib/gcc/arm-none-eabi/10.3.1/../../../../arm-none-eabi/lib/thumb/v7e-m+fp/hard/libc_nano.a(lib_a-exit.o) (_global_impure_ptr)
/opt/gcc-arm-none-eabi-10.3-2021.10/bin/../lib/gcc/arm-none-eabi/10.3.1/../../../../arm-none-eabi/lib/thumb/v7e-m+fp/hard/libc_nano.a(lib_a-init.o)
                              /opt/gcc-arm-none-eabi-10.3-2021.10/bin/../lib/gcc/arm-none-eabi/10.3.1/../../../../arm-none-eabi/lib/thumb/v7e-m+fp/hard/crt0.o (__libc_init_array)
/opt/gcc-arm-none-eabi-10.3-2021.10/bin/../lib/gcc/arm-none-eabi/10.3.1/../../../../arm-none-eabi/lib/thumb/v7e-m+fp/hard/libc_nano.a(lib_a-memset.o)
                              /opt/gcc-arm-none-eabi-10.3-2021.10/bin/../lib/gcc/arm-none-eabi/10.3.1/../../../../arm-none-eabi/lib/thumb/v7e-m+fp/hard/crt0.o (memset)
/opt/gcc-arm-none-eabi-10.3-2021.10/bin/../lib/gcc/arm-none-eabi/10.3.1/../../../../arm-none-eabi/lib/thumb/v7e-m+fp/hard/libc_nano.a(lib_a-printf.o)
                              ./build/gcc/main.o (printf)
/opt/gcc-arm-none-eabi-10.3-2021.10/bin/../lib/gcc/arm-none-eabi/10.3.1/../../../../arm-none-eabi/lib/thumb/v7e-m+fp/hard/libc_nano.a(lib_a-puts.o)
                              ./build/gcc/main.o (puts)
/opt/gcc-arm-none-eabi-10.3-2021.10/bin/../lib/gcc/arm-none-eabi/10.3.1/../../../../arm-none-eabi/lib/thumb/v7e-m+fp/hard/libc_nano.a(lib_a-wbuf.o)
                              /opt/gcc-arm-none-eabi-10.3-2021.10/bin/../lib/gcc/arm-none-eabi/10.3.1/../../../../arm-none-eabi/lib/thumb/v7e-m+fp/hard/libc_nano.a(lib_a-puts.o) (__swbuf_r)
/opt/gcc-arm-none-eabi-10.3-2021.10/bin/../lib/gcc/arm-none-eabi/10.3.1/../../../../arm-none-eabi/lib/thumb/v7e-m+fp/hard/libc_nano.a(lib_a-wsetup.o)
                              /opt/gcc-arm-none-eabi-10.3-2021.10/bin/../lib/gcc/arm-none-eabi/10.3.1/../../../../arm-none-eabi/lib/thumb/v7e-m+fp/hard/libc_nano.a(lib_a-puts.o) (__swsetup_r)
/opt/gcc-arm-none-eabi-10.3-2021.10/bin/../lib/gcc/arm-none-eabi/10.3.1/../../../../arm-none-eabi/lib/thumb/v7e-m+fp/hard/libc_nano.a(lib_a-fflush.o)
                              /opt/gcc-arm-none-eabi-10.3-2021.10/bin/../lib/gcc/arm-none-eabi/10.3.1/../../../../arm-none-eabi/lib/thumb/v7e-m+fp/hard/libc_nano.a(lib_a-wbuf.o) (_fflush_r)
/opt/gcc-arm-none-eabi-10.3-2021.10/bin/../lib/gcc/arm-none-eabi/10.3.1/../../../../arm-none-eabi/lib/thumb/v7e-m+fp/hard/libc_nano.a(lib_a-findfp.o)
                              /opt/gcc-arm-none-eabi-10.3-2021.10/bin/../lib/gcc/arm-none-eabi/10.3.1/../../../../arm-none-eabi/lib/thumb/v7e-m+fp/hard/libc_nano.a(lib_a-printf.o) (__sinit)
/opt/gcc-arm-none-eabi-10.3-2021.10/bin/../lib/gcc/arm-none-eabi/10.3.1/../../../../arm-none-eabi/lib/thumb/v7e-m+fp/hard/libc_nano.a(lib_a-fwalk.o)
                              /opt/gcc-arm-none-eabi-10.3-2021.10/bin/../lib/gcc/arm-none-eabi/10.3.1/../../../../arm-none-eabi/lib/thumb/v7e-m+fp/hard/libc_nano.a(lib_a-findfp.o) (_fwalk)
/opt/gcc-arm-none-eabi-10.3-2021.10/bin/../lib/gcc/arm-none-eabi/10.3.1/../../../../arm-none-eabi/lib/thumb/v7e-m+fp/hard/libc_nano.a(lib_a-lock.o)
                              /opt/gcc-arm-none-eabi-10.3-2021.10/bin/../lib/gcc/arm-none-eabi/10.3.1/../../../../arm-none-eabi/lib/thumb/v7e-m+fp/hard/libc_nano.a(lib_a-findfp.o) (__retarget_lock_init_recursive)
/opt/gcc-arm-none-eabi-10.3-2021.10/bin/../lib/gcc/arm-none-eabi/10.3.1/../../../../arm-none-eabi/lib/thumb/v7e-m+fp/hard/libc_nano.a(lib_a-makebuf.o)
                              /opt/gcc-arm-none-eabi-10.3-2021.10/bin/../lib/gcc/arm-none-eabi/10.3.1/../../../../arm-none-eabi/lib/thumb/v7e-m+fp/hard/libc_nano.a(lib_a-wsetup.o) (__smakebuf_r)
/opt/gcc-arm-none-eabi-10.3-2021.10/bin/../lib/gcc/arm-none-eabi/10.3.1/../../../../arm-none-eabi/lib/thumb/v7e-m+fp/hard/libc_nano.a(lib_a-nano-freer.o)
                              /opt/gcc-arm-none-eabi-10.3-2021.10/bin/../lib/gcc/arm-none-eabi/10.3.1/../../../../arm-none-eabi/lib/thumb/v7e-m+fp/hard/libc_nano.a(lib_a-wsetup.o) (_free_r)
/opt/gcc-arm-none-eabi-10.3-2021.10/bin/../lib/gcc/arm-none-eabi/10.3.1/../../../../arm-none-eabi/lib/thumb/v7e-m+fp/hard/libc_nano.a(lib_a-nano-mallocr.o)
[...]
Memory Configuration

Name             Origin             Length             Attributes
RAM              0x0000000020000000 0x0000000000020000 xrw
CCMRAM           0x0000000010000000 0x0000000000010000 xrw
FLASH            0x0000000008000000 0x0000000000100000 xr
*default*        0x0000000000000000 0xffffffffffffffff

Linker script and memory map

LOAD /opt/gcc-arm-none-eabi-10.3-2021.10/bin/../lib/gcc/arm-none-eabi/10.3.1/thumb/v7e-m+fp/hard/crti.o
LOAD /opt/gcc-arm-none-eabi-10.3-2021.10/bin/../lib/gcc/arm-none-eabi/10.3.1/thumb/v7e-m+fp/hard/crtbegin.o
LOAD /opt/gcc-arm-none-eabi-10.3-2021.10/bin/../lib/gcc/arm-none-eabi/10.3.1/../../../../arm-none-eabi/lib/thumb/v7e-m+fp/hard/crt0.o
LOAD ./build/gcc/main.o
LOAD ./build/gcc/stm32f4xx_it.o
LOAD ./build/gcc/gpio.o
LOAD ./build/gcc/usart.o
LOAD ./build/gcc/stm32f4xx_hal_msp.o
LOAD ./build/gcc/stm32f4xx_hal_tim.o
LOAD ./build/gcc/stm32f4xx_hal_tim_ex.o
LOAD ./build/gcc/stm32f4xx_hal_uart.o
LOAD ./build/gcc/stm32f4xx_hal_rcc.o
LOAD ./build/gcc/stm32f4xx_hal_rcc_ex.o
LOAD ./build/gcc/stm32f4xx_hal_flash.o
LOAD ./build/gcc/stm32f4xx_hal_flash_ex.o
LOAD ./build/gcc/stm32f4xx_hal_flash_ramfunc.o
LOAD ./build/gcc/stm32f4xx_hal_gpio.o
LOAD ./build/gcc/stm32f4xx_hal_dma_ex.o
LOAD ./build/gcc/stm32f4xx_hal_dma.o
LOAD ./build/gcc/stm32f4xx_hal_pwr.o
LOAD ./build/gcc/stm32f4xx_hal_pwr_ex.o
LOAD ./build/gcc/stm32f4xx_hal_cortex.o
LOAD ./build/gcc/stm32f4xx_hal.o
LOAD ./build/gcc/stm32f4xx_hal_exti.o
LOAD ./build/gcc/system_stm32f4xx.o
LOAD ./build/gcc/fault-dump.o
LOAD ./build/gcc/fault-hal.o
LOAD ./build/gcc/sysmem.o
LOAD ./build/gcc/syscalls.o
LOAD ./build/gcc/startup_stm32f405xx.o
LOAD ./build/gcc/fault-gcc.o
LOAD /opt/gcc-arm-none-eabi-10.3-2021.10/bin/../lib/gcc/arm-none-eabi/10.3.1/../../../../arm-none-eabi/lib/thumb/v7e-m+fp/hard/libc_nano.a
LOAD /opt/gcc-arm-none-eabi-10.3-2021.10/bin/../lib/gcc/arm-none-eabi/10.3.1/../../../../arm-none-eabi/lib/thumb/v7e-m+fp/hard/libm.a
LOAD /opt/gcc-arm-none-eabi-10.3-2021.10/bin/../lib/gcc/arm-none-eabi/10.3.1/../../../../arm-none-eabi/lib/thumb/v7e-m+fp/hard/libnosys.a
START GROUP
LOAD /opt/gcc-arm-none-eabi-10.3-2021.10/bin/../lib/gcc/arm-none-eabi/10.3.1/thumb/v7e-m+fp/hard/libgcc.a
LOAD /opt/gcc-arm-none-eabi-10.3-2021.10/bin/../lib/gcc/arm-none-eabi/10.3.1/../../../../arm-none-eabi/lib/thumb/v7e-m+fp/hard/libc_nano.a
END GROUP
START GROUP
LOAD /opt/gcc-arm-none-eabi-10.3-2021.10/bin/../lib/gcc/arm-none-eabi/10.3.1/thumb/v7e-m+fp/hard/libgcc.a
LOAD /opt/gcc-arm-none-eabi-10.3-2021.10/bin/../lib/gcc/arm-none-eabi/10.3.1/../../../../arm-none-eabi/lib/thumb/v7e-m+fp/hard/libc_nano.a
END GROUP
LOAD /opt/gcc-arm-none-eabi-10.3-2021.10/bin/../lib/gcc/arm-none-eabi/10.3.1/thumb/v7e-m+fp/hard/crtend.o
LOAD /opt/gcc-arm-none-eabi-10.3-2021.10/bin/../lib/gcc/arm-none-eabi/10.3.1/thumb/v7e-m+fp/hard/crtn.o
                0x0000000020001238                _estack = (ORIGIN (RAM) + LENGTH (RAM))
                0x0000000000000800                _Min_Heap_Size = 0x800
                0x0000000000000800                _Min_Stack_Size = 0x800

.isr_vector     0x0000000008000000      0x188
                0x0000000008000000                . = ALIGN (0x4)
 *(.isr_vector)
 .isr_vector    0x0000000008000000      0x188 ./build/gcc/startup_stm32f405xx.o
                0x0000000008000000                g_pfnVectors
                0x0000000008000188                . = ALIGN (0x4)

.text           0x0000000008000190     0x2a40
                0x0000000008000190                . = ALIGN (0x4)
                0x0000000008000190                _stext = .
 *(.text)
 .text          0x0000000008000190       0x40 /opt/gcc-arm-none-eabi-10.3-2021.10/bin/../lib/gcc/arm-none-eabi/10.3.1/thumb/v7e-m+fp/hard/crtbegin.o
 .text          0x00000000080001d0       0x48 ./build/gcc/fault-gcc.o
                0x00000000080001d0                HardFault_Handler
 *fill*         0x0000000008000218        0x8 
 .text          0x0000000008000220       0xa0 /opt/gcc-arm-none-eabi-10.3-2021.10/bin/../lib/gcc/arm-none-eabi/10.3.1/../../../../arm-none-eabi/lib/thumb/v7e-m+fp/hard/libc_nano.a(lib_a-memchr.o)
                0x0000000008000220                memchr
 .text          0x00000000080002c0       0x30 /opt/gcc-arm-none-eabi-10.3-2021.10/bin/../lib/gcc/arm-none-eabi/10.3.1/thumb/v7e-m+fp/hard/libgcc.a(_aeabi_uldivmod.o)
                0x00000000080002c0                __aeabi_uldivmod
 .text          0x00000000080002f0      0x2d0 /opt/gcc-arm-none-eabi-10.3-2021.10/bin/../lib/gcc/arm-none-eabi/10.3.1/thumb/v7e-m+fp/hard/libgcc.a(_udivmoddi4.o)
                0x00000000080002f0                __udivmoddi4
 .text          0x00000000080005c0        0x4 /opt/gcc-arm-none-eabi-10.3-2021.10/bin/../lib/gcc/arm-none-eabi/10.3.1/thumb/v7e-m+fp/hard/libgcc.a(_dvmd_tls.o)
                0x00000000080005c0                __aeabi_ldiv0
                0x00000000080005c0                __aeabi_idiv0
 *(.text*)
 .text.__io_putchar
                0x00000000080005c4       0x20 ./build/gcc/main.o
                0x00000000080005c4                __io_putchar
 .text.fault_unalign_trigger
                0x00000000080005e4       0x4c ./build/gcc/main.o
                0x00000000080005e4                fault_unalign_trigger
 .text.test0    0x0000000008000630       0x18 ./build/gcc/main.o
                0x0000000008000630                test0
 .text.test1    0x0000000008000648       0x18 ./build/gcc/main.o
                0x0000000008000648                test1
 .text.test2    0x0000000008000660       0x18 ./build/gcc/main.o
                0x0000000008000660                test2
 .text.test3    0x0000000008000678       0x18 ./build/gcc/main.o
                0x0000000008000678                test3
 .text.test4    0x0000000008000690       0x18 ./build/gcc/main.o
                0x0000000008000690                test4
 .text.test5    0x00000000080006a8       0x18 ./build/gcc/main.o
                0x00000000080006a8                test5
 .text.main     0x00000000080006c0       0x2c ./build/gcc/main.o
                0x00000000080006c0                main
 .text.NMI_Handler
                0x00000000080006ec       0x14 ./build/gcc/stm32f4xx_it.o
                0x00000000080006ec                NMI_Handler
 .text.MemManage_Handler
                0x0000000008000700       0x14 ./build/gcc/stm32f4xx_it.o
                0x0000000008000700                MemManage_Handler
 .text.BusFault_Handler
                0x0000000008000714       0x14 ./build/gcc/stm32f4xx_it.o
                0x0000000008000714                BusFault_Handler
 .text.UsageFault_Handler
                0x0000000008000728       0x14 ./build/gcc/stm32f4xx_it.o
                0x0000000008000728                UsageFault_Handler
 .text.SVC_Handler
                0x000000000800073c        0x2 ./build/gcc/stm32f4xx_it.o
                0x000000000800073c                SVC_Handler
 .text.DebugMon_Handler
                0x000000000800073e        0x2 ./build/gcc/stm32f4xx_it.o
                0x000000000800073e                DebugMon_Handler
 .text.PendSV_Handler
                0x0000000008000740        0x2 ./build/gcc/stm32f4xx_it.o
                0x0000000008000740                PendSV_Handler
 .text.SysTick_Handler
                0x0000000008000742        0x8 ./build/gcc/stm32f4xx_it.o
                0x0000000008000742                SysTick_Handler
 *fill*         0x000000000800074a        0x2 
 .text.USART1_IRQHandler
                0x000000000800074c       0x10 ./build/gcc/stm32f4xx_it.o
                0x000000000800074c                USART1_IRQHandler
 .text.Error_Handler
                0x000000000800075c       0x18 ./build/gcc/stm32f4xx_it.o
                0x000000000800075c                Error_Handler
 .text.assert_failed
                0x0000000008000774       0x18 ./build/gcc/stm32f4xx_it.o
                0x0000000008000774                assert_failed
 .text.MX_GPIO_Init
                0x000000000800078c       0x4c ./build/gcc/gpio.o
                0x000000000800078c                MX_GPIO_Init
 .text.MX_USART1_UART_Init
                0x00000000080007d8       0x34 ./build/gcc/usart.o
                0x00000000080007d8                MX_USART1_UART_Init
 .text.HAL_UART_MspInit
                0x000000000800080c       0x80 ./build/gcc/usart.o
                0x000000000800080c                HAL_UART_MspInit
 .text.HAL_MspInit
                0x000000000800088c       0x38 ./build/gcc/stm32f4xx_hal_msp.o
                0x000000000800088c                HAL_MspInit
 .text.UART_EndRxTransfer
                0x00000000080008c4       0x5c ./build/gcc/stm32f4xx_hal_uart.o
 .text.UART_Transmit_IT
                0x0000000008000920       0x60 ./build/gcc/stm32f4xx_hal_uart.o
 .text.UART_SetConfig
                0x0000000008000980      0x174 ./build/gcc/stm32f4xx_hal_uart.o
 .text.UART_WaitOnFlagUntilTimeout
                0x0000000008000af4       0x8a ./build/gcc/stm32f4xx_hal_uart.o
 *fill*         0x0000000008000b7e        0x2 
 .text.HAL_UART_Init
                0x0000000008000b80      0x12c ./build/gcc/stm32f4xx_hal_uart.o
                0x0000000008000b80                HAL_UART_Init
 .text.HAL_UART_Transmit
                0x0000000008000cac       0xcc ./build/gcc/stm32f4xx_hal_uart.o
                0x0000000008000cac                HAL_UART_Transmit
 .text.HAL_UART_TxCpltCallback
                0x0000000008000d78        0x2 ./build/gcc/stm32f4xx_hal_uart.o
                0x0000000008000d78                HAL_UART_TxCpltCallback
 .text.UART_EndTransmit_IT
                0x0000000008000d7a       0x1a ./build/gcc/stm32f4xx_hal_uart.o
 .text.HAL_UART_RxCpltCallback
                0x0000000008000d94        0x2 ./build/gcc/stm32f4xx_hal_uart.o
                0x0000000008000d94                HAL_UART_RxCpltCallback
 .text.HAL_UART_ErrorCallback
                0x0000000008000d96        0x2 ./build/gcc/stm32f4xx_hal_uart.o
                0x0000000008000d96                HAL_UART_ErrorCallback
 .text.UART_DMAAbortOnError
                0x0000000008000d98       0x10 ./build/gcc/stm32f4xx_hal_uart.o
 .text.HAL_UARTEx_RxEventCallback
                0x0000000008000da8        0x2 ./build/gcc/stm32f4xx_hal_uart.o
                0x0000000008000da8                HAL_UARTEx_RxEventCallback
 .text.UART_Receive_IT
                0x0000000008000daa       0xe6 ./build/gcc/stm32f4xx_hal_uart.o
 .text.HAL_UART_IRQHandler
                0x0000000008000e90      0x288 ./build/gcc/stm32f4xx_hal_uart.o
                0x0000000008000e90                HAL_UART_IRQHandler
 .text.HAL_RCC_GetHCLKFreq
                0x0000000008001118        0xc ./build/gcc/stm32f4xx_hal_rcc.o
                0x0000000008001118                HAL_RCC_GetHCLKFreq
 .text.HAL_RCC_GetPCLK1Freq
                0x0000000008001124       0x20 ./build/gcc/stm32f4xx_hal_rcc.o
                0x0000000008001124                HAL_RCC_GetPCLK1Freq
 .text.HAL_RCC_GetPCLK2Freq
                0x0000000008001144       0x20 ./build/gcc/stm32f4xx_hal_rcc.o
                0x0000000008001144                HAL_RCC_GetPCLK2Freq
 .text.HAL_GPIO_Init
                0x0000000008001164      0x2e8 ./build/gcc/stm32f4xx_hal_gpio.o
                0x0000000008001164                HAL_GPIO_Init
 .text.HAL_DMA_Abort
                0x000000000800144c       0x94 ./build/gcc/stm32f4xx_hal_dma.o
                0x000000000800144c                HAL_DMA_Abort
 .text.HAL_DMA_Abort_IT
                0x00000000080014e0       0x26 ./build/gcc/stm32f4xx_hal_dma.o
                0x00000000080014e0                HAL_DMA_Abort_IT
 *fill*         0x0000000008001506        0x2 
 .text.HAL_NVIC_SetPriorityGrouping
                0x0000000008001508       0x3c ./build/gcc/stm32f4xx_hal_cortex.o
                0x0000000008001508                HAL_NVIC_SetPriorityGrouping
 .text.HAL_NVIC_SetPriority
                0x0000000008001544       0x8c ./build/gcc/stm32f4xx_hal_cortex.o
                0x0000000008001544                HAL_NVIC_SetPriority
 .text.HAL_NVIC_EnableIRQ
                0x00000000080015d0       0x30 ./build/gcc/stm32f4xx_hal_cortex.o
                0x00000000080015d0                HAL_NVIC_EnableIRQ
 .text.HAL_SYSTICK_Config
                0x0000000008001600       0x28 ./build/gcc/stm32f4xx_hal_cortex.o
                0x0000000008001600                HAL_SYSTICK_Config
 .text.HAL_InitTick
                0x0000000008001628       0x4c ./build/gcc/stm32f4xx_hal.o
                0x0000000008001628                HAL_InitTick
 .text.HAL_Init
                0x0000000008001674       0x34 ./build/gcc/stm32f4xx_hal.o
                0x0000000008001674                HAL_Init
 .text.HAL_IncTick
                0x00000000080016a8       0x18 ./build/gcc/stm32f4xx_hal.o
                0x00000000080016a8                HAL_IncTick
 .text.HAL_GetTick
                0x00000000080016c0        0xc ./build/gcc/stm32f4xx_hal.o
                0x00000000080016c0                HAL_GetTick
 .text.HAL_Delay
                0x00000000080016cc       0x28 ./build/gcc/stm32f4xx_hal.o
                0x00000000080016cc                HAL_Delay
 .text.SystemInit
                0x00000000080016f4       0x14 ./build/gcc/system_stm32f4xx.o
                0x00000000080016f4                SystemInit
 .text.fault_dump_opcode
                0x0000000008001708       0x2c ./build/gcc/fault-dump.o
 .text.opcode_is_bl_or_blx
                0x0000000008001734       0x36 ./build/gcc/fault-dump.o
 *fill*         0x000000000800176a        0x2 
 .text.dump_exc_return
                0x000000000800176c       0x18 ./build/gcc/fault-dump.o
 .text.fault_dump_init
                0x0000000008001784       0x50 ./build/gcc/fault-dump.o
                0x0000000008001784                fault_dump_init
 .text.fault_dump_callstack
                0x00000000080017d4       0x7c ./build/gcc/fault-dump.o
                0x00000000080017d4                fault_dump_callstack
 .text.fault_dump_handler
                0x0000000008001850      0x184 ./build/gcc/fault-dump.o
                0x0000000008001850                fault_dump_handler
 .text.fault_dump_exc_return
                0x00000000080019d4       0x88 ./build/gcc/fault-hal.o
                0x00000000080019d4                fault_dump_exc_return
 .text._sbrk    0x0000000008001a5c       0x48 ./build/gcc/sysmem.o
                0x0000000008001a5c                _sbrk
 .text._read    0x0000000008001aa4       0x20 ./build/gcc/syscalls.o
                0x0000000008001aa4                _read
 .text._write   0x0000000008001ac4       0x1c ./build/gcc/syscalls.o
                0x0000000008001ac4                _write
 .text._close   0x0000000008001ae0        0x6 ./build/gcc/syscalls.o
                0x0000000008001ae0                _close
 .text._fstat   0x0000000008001ae6        0xa ./build/gcc/syscalls.o
                0x0000000008001ae6                _fstat
 .text._isatty  0x0000000008001af0        0x4 ./build/gcc/syscalls.o
                0x0000000008001af0                _isatty
 .text._lseek   0x0000000008001af4        0x4 ./build/gcc/syscalls.o
                0x0000000008001af4                _lseek
 .text.Reset_Handler
                0x0000000008001af8       0x50 ./build/gcc/startup_stm32f405xx.o
                0x0000000008001af8                Reset_Handler
 .text.Default_Handler
                0x0000000008001b48        0x2 ./build/gcc/startup_stm32f405xx.o
                0x0000000008001b48                RTC_Alarm_IRQHandler
                0x0000000008001b48                HASH_RNG_IRQHandler
                0x0000000008001b48                EXTI2_IRQHandler
                0x0000000008001b48                TIM8_CC_IRQHandler
                0x0000000008001b48                TIM1_CC_IRQHandler
                0x0000000008001b48                DMA2_Stream5_IRQHandler
                0x0000000008001b48                DMA1_Stream5_IRQHandler
                0x0000000008001b48                PVD_IRQHandler
                0x0000000008001b48                SDIO_IRQHandler
                0x0000000008001b48                TAMP_STAMP_IRQHandler
                0x0000000008001b48                CAN2_RX1_IRQHandler
                0x0000000008001b48                EXTI3_IRQHandler
                0x0000000008001b48                TIM8_TRG_COM_TIM14_IRQHandler
                0x0000000008001b48                TIM1_UP_TIM10_IRQHandler
                0x0000000008001b48                TIM8_UP_TIM13_IRQHandler
                0x0000000008001b48                I2C3_ER_IRQHandler
                0x0000000008001b48                EXTI0_IRQHandler
                0x0000000008001b48                I2C2_EV_IRQHandler
                0x0000000008001b48                DMA1_Stream2_IRQHandler
                0x0000000008001b48                CAN1_RX0_IRQHandler
                0x0000000008001b48                FPU_IRQHandler
                0x0000000008001b48                OTG_HS_WKUP_IRQHandler
                0x0000000008001b48                CAN2_SCE_IRQHandler
                0x0000000008001b48                DMA2_Stream2_IRQHandler
                0x0000000008001b48                SPI1_IRQHandler
                0x0000000008001b48                TIM6_DAC_IRQHandler
                0x0000000008001b48                TIM1_BRK_TIM9_IRQHandler
                0x0000000008001b48                CAN2_RX0_IRQHandler
                0x0000000008001b48                DMA2_Stream3_IRQHandler
                0x0000000008001b48                USART6_IRQHandler
                0x0000000008001b48                USART3_IRQHandler
                0x0000000008001b48                CAN1_RX1_IRQHandler
                0x0000000008001b48                UART5_IRQHandler
                0x0000000008001b48                DMA2_Stream0_IRQHandler
                0x0000000008001b48                TIM4_IRQHandler
                0x0000000008001b48                I2C1_EV_IRQHandler
                0x0000000008001b48                DMA1_Stream6_IRQHandler
                0x0000000008001b48                DMA1_Stream1_IRQHandler
                0x0000000008001b48                UART4_IRQHandler
                0x0000000008001b48                TIM3_IRQHandler
                0x0000000008001b48                RCC_IRQHandler
                0x0000000008001b48                TIM8_BRK_TIM12_IRQHandler
                0x0000000008001b48                Default_Handler
                0x0000000008001b48                EXTI15_10_IRQHandler
                0x0000000008001b48                ADC_IRQHandler
                0x0000000008001b48                DMA1_Stream7_IRQHandler
                0x0000000008001b48                TIM7_IRQHandler
                0x0000000008001b48                CAN2_TX_IRQHandler
                0x0000000008001b48                TIM5_IRQHandler
                0x0000000008001b48                DMA2_Stream7_IRQHandler
                0x0000000008001b48                I2C3_EV_IRQHandler
                0x0000000008001b48                EXTI9_5_IRQHandler
                0x0000000008001b48                RTC_WKUP_IRQHandler
                0x0000000008001b48                SPI2_IRQHandler
                0x0000000008001b48                OTG_HS_EP1_IN_IRQHandler
                0x0000000008001b48                DMA1_Stream0_IRQHandler
                0x0000000008001b48                CAN1_TX_IRQHandler
                0x0000000008001b48                EXTI4_IRQHandler
                0x0000000008001b48                FSMC_IRQHandler
                0x0000000008001b48                OTG_HS_EP1_OUT_IRQHandler
                0x0000000008001b48                WWDG_IRQHandler
                0x0000000008001b48                TIM2_IRQHandler
                0x0000000008001b48                OTG_FS_WKUP_IRQHandler
                0x0000000008001b48                TIM1_TRG_COM_TIM11_IRQHandler
                0x0000000008001b48                OTG_HS_IRQHandler
                0x0000000008001b48                EXTI1_IRQHandler
                0x0000000008001b48                USART2_IRQHandler
                0x0000000008001b48                I2C2_ER_IRQHandler
                0x0000000008001b48                DMA2_Stream1_IRQHandler
                0x0000000008001b48                CAN1_SCE_IRQHandler
                0x0000000008001b48                FLASH_IRQHandler
                0x0000000008001b48                DMA2_Stream4_IRQHandler
                0x0000000008001b48                OTG_FS_IRQHandler
                0x0000000008001b48                SPI3_IRQHandler
                0x0000000008001b48                DMA1_Stream4_IRQHandler
                0x0000000008001b48                I2C1_ER_IRQHandler
                0x0000000008001b48                DMA2_Stream6_IRQHandler
                0x0000000008001b48                DMA1_Stream3_IRQHandler
 *fill*         0x0000000008001b4a        0x2 
 .text.__errno  0x0000000008001b4c        0xc /opt/gcc-arm-none-eabi-10.3-2021.10/bin/../lib/gcc/arm-none-eabi/10.3.1/../../../../arm-none-eabi/lib/thumb/v7e-m+fp/hard/libc_nano.a(lib_a-errno.o)
                0x0000000008001b4c                __errno
 .text.__libc_init_array
                0x0000000008001b58       0x48 /opt/gcc-arm-none-eabi-10.3-2021.10/bin/../lib/gcc/arm-none-eabi/10.3.1/../../../../arm-none-eabi/lib/thumb/v7e-m+fp/hard/libc_nano.a(lib_a-init.o)
                0x0000000008001b58                __libc_init_array
 .text.memset   0x0000000008001ba0       0x10 /opt/gcc-arm-none-eabi-10.3-2021.10/bin/../lib/gcc/arm-none-eabi/10.3.1/../../../../arm-none-eabi/lib/thumb/v7e-m+fp/hard/libc_nano.a(lib_a-memset.o)
                0x0000000008001ba0                memset
 .text.printf   0x0000000008001bb0       0x30 /opt/gcc-arm-none-eabi-10.3-2021.10/bin/../lib/gcc/arm-none-eabi/10.3.1/../../../../arm-none-eabi/lib/thumb/v7e-m+fp/hard/libc_nano.a(lib_a-printf.o)
                0x0000000008001bb0                printf
                0x0000000008001bb0                iprintf
 .text._puts_r  0x0000000008001be0       0xdc /opt/gcc-arm-none-eabi-10.3-2021.10/bin/../lib/gcc/arm-none-eabi/10.3.1/../../../../arm-none-eabi/lib/thumb/v7e-m+fp/hard/libc_nano.a(lib_a-puts.o)
                0x0000000008001be0                _puts_r
 .text.puts     0x0000000008001cbc       0x10 /opt/gcc-arm-none-eabi-10.3-2021.10/bin/../lib/gcc/arm-none-eabi/10.3.1/../../../../arm-none-eabi/lib/thumb/v7e-m+fp/hard/libc_nano.a(lib_a-puts.o)
                0x0000000008001cbc                puts
 .text.__swbuf_r
                0x0000000008001ccc       0xa4 /opt/gcc-arm-none-eabi-10.3-2021.10/bin/../lib/gcc/arm-none-eabi/10.3.1/../../../../arm-none-eabi/lib/thumb/v7e-m+fp/hard/libc_nano.a(lib_a-wbuf.o)
                0x0000000008001ccc                __swbuf_r
 .text.__swsetup_r
                0x0000000008001d70       0xdc /opt/gcc-arm-none-eabi-10.3-2021.10/bin/../lib/gcc/arm-none-eabi/10.3.1/../../../../arm-none-eabi/lib/thumb/v7e-m+fp/hard/libc_nano.a(lib_a-wsetup.o)
                0x0000000008001d70                __swsetup_r
 .text.__sflush_r
                0x0000000008001e4c      0x10c /opt/gcc-arm-none-eabi-10.3-2021.10/bin/../lib/gcc/arm-none-eabi/10.3.1/../../../../arm-none-eabi/lib/thumb/v7e-m+fp/hard/libc_nano.a(lib_a-fflush.o)
                0x0000000008001e4c                __sflush_r
 .text._fflush_r
                0x0000000008001f58       0x78 /opt/gcc-arm-none-eabi-10.3-2021.10/bin/../lib/gcc/arm-none-eabi/10.3.1/../../../../arm-none-eabi/lib/thumb/v7e-m+fp/hard/libc_nano.a(lib_a-fflush.o)
                0x0000000008001f58                _fflush_r
 .text.std      0x0000000008001fd0       0x48 /opt/gcc-arm-none-eabi-10.3-2021.10/bin/../lib/gcc/arm-none-eabi/10.3.1/../../../../arm-none-eabi/lib/thumb/v7e-m+fp/hard/libc_nano.a(lib_a-findfp.o)
 .text._cleanup_r
                0x0000000008002018        0xc /opt/gcc-arm-none-eabi-10.3-2021.10/bin/../lib/gcc/arm-none-eabi/10.3.1/../../../../arm-none-eabi/lib/thumb/v7e-m+fp/hard/libc_nano.a(lib_a-findfp.o)
                0x0000000008002018                _cleanup_r
 .text.__sfmoreglue
                0x0000000008002024       0x2c /opt/gcc-arm-none-eabi-10.3-2021.10/bin/../lib/gcc/arm-none-eabi/10.3.1/../../../../arm-none-eabi/lib/thumb/v7e-m+fp/hard/libc_nano.a(lib_a-findfp.o)
                0x0000000008002024                __sfmoreglue
 .text.__sfp_lock_acquire
                0x0000000008002050        0xc /opt/gcc-arm-none-eabi-10.3-2021.10/bin/../lib/gcc/arm-none-eabi/10.3.1/../../../../arm-none-eabi/lib/thumb/v7e-m+fp/hard/libc_nano.a(lib_a-findfp.o)
                0x0000000008002050                __sfp_lock_acquire
 .text.__sfp_lock_release
                0x000000000800205c        0xc /opt/gcc-arm-none-eabi-10.3-2021.10/bin/../lib/gcc/arm-none-eabi/10.3.1/../../../../arm-none-eabi/lib/thumb/v7e-m+fp/hard/libc_nano.a(lib_a-findfp.o)
                0x000000000800205c                __sfp_lock_release
 .text.__sinit_lock_acquire
                0x0000000008002068        0xc /opt/gcc-arm-none-eabi-10.3-2021.10/bin/../lib/gcc/arm-none-eabi/10.3.1/../../../../arm-none-eabi/lib/thumb/v7e-m+fp/hard/libc_nano.a(lib_a-findfp.o)
                0x0000000008002068                __sinit_lock_acquire
 .text.__sinit_lock_release
                0x0000000008002074        0xc /opt/gcc-arm-none-eabi-10.3-2021.10/bin/../lib/gcc/arm-none-eabi/10.3.1/../../../../arm-none-eabi/lib/thumb/v7e-m+fp/hard/libc_nano.a(lib_a-findfp.o)
                0x0000000008002074                __sinit_lock_release
 .text.__sinit  0x0000000008002080       0x70 /opt/gcc-arm-none-eabi-10.3-2021.10/bin/../lib/gcc/arm-none-eabi/10.3.1/../../../../arm-none-eabi/lib/thumb/v7e-m+fp/hard/libc_nano.a(lib_a-findfp.o)
                0x0000000008002080                __sinit
 .text.__sfp    0x00000000080020f0       0x8c /opt/gcc-arm-none-eabi-10.3-2021.10/bin/../lib/gcc/arm-none-eabi/10.3.1/../../../../arm-none-eabi/lib/thumb/v7e-m+fp/hard/libc_nano.a(lib_a-findfp.o)
                0x00000000080020f0                __sfp
 .text._fwalk_reent
                0x000000000800217c       0x3e /opt/gcc-arm-none-eabi-10.3-2021.10/bin/../lib/gcc/arm-none-eabi/10.3.1/../../../../arm-none-eabi/lib/thumb/v7e-m+fp/hard/libc_nano.a(lib_a-fwalk.o)
                0x000000000800217c                _fwalk_reent
 .text.__retarget_lock_init_recursive
                0x00000000080021ba        0x2 /opt/gcc-arm-none-eabi-10.3-2021.10/bin/../lib/gcc/arm-none-eabi/10.3.1/../../../../arm-none-eabi/lib/thumb/v7e-m+fp/hard/libc_nano.a(lib_a-lock.o)
                0x00000000080021ba                __retarget_lock_init_recursive
 .text.__retarget_lock_acquire_recursive
                0x00000000080021bc        0x2 /opt/gcc-arm-none-eabi-10.3-2021.10/bin/../lib/gcc/arm-none-eabi/10.3.1/../../../../arm-none-eabi/lib/thumb/v7e-m+fp/hard/libc_nano.a(lib_a-lock.o)
                0x00000000080021bc                __retarget_lock_acquire_recursive
 .text.__retarget_lock_release_recursive
                0x00000000080021be        0x2 /opt/gcc-arm-none-eabi-10.3-2021.10/bin/../lib/gcc/arm-none-eabi/10.3.1/../../../../arm-none-eabi/lib/thumb/v7e-m+fp/hard/libc_nano.a(lib_a-lock.o)
                0x00000000080021be                __retarget_lock_release_recursive
 .text.__swhatbuf_r
                0x00000000080021c0       0x4a /opt/gcc-arm-none-eabi-10.3-2021.10/bin/../lib/gcc/arm-none-eabi/10.3.1/../../../../arm-none-eabi/lib/thumb/v7e-m+fp/hard/libc_nano.a(lib_a-makebuf.o)
                0x00000000080021c0                __swhatbuf_r
 *fill*         0x000000000800220a        0x2 
 .text.__smakebuf_r
                0x000000000800220c       0x80 /opt/gcc-arm-none-eabi-10.3-2021.10/bin/../lib/gcc/arm-none-eabi/10.3.1/../../../../arm-none-eabi/lib/thumb/v7e-m+fp/hard/libc_nano.a(lib_a-makebuf.o)
                0x000000000800220c                __smakebuf_r
 .text._free_r  0x000000000800228c       0x98 /opt/gcc-arm-none-eabi-10.3-2021.10/bin/../lib/gcc/arm-none-eabi/10.3.1/../../../../arm-none-eabi/lib/thumb/v7e-m+fp/hard/libc_nano.a(lib_a-nano-freer.o)
                0x000000000800228c                _free_r
 .text.sbrk_aligned
                0x0000000008002324       0x40 /opt/gcc-arm-none-eabi-10.3-2021.10/bin/../lib/gcc/arm-none-eabi/10.3.1/../../../../arm-none-eabi/lib/thumb/v7e-m+fp/hard/libc_nano.a(lib_a-nano-mallocr.o)
 .text._malloc_r
                0x0000000008002364       0xe8 /opt/gcc-arm-none-eabi-10.3-2021.10/bin/../lib/gcc/arm-none-eabi/10.3.1/../../../../arm-none-eabi/lib/thumb/v7e-m+fp/hard/libc_nano.a(lib_a-nano-mallocr.o)
                0x0000000008002364                _malloc_r
 .text.__sfputc_r
                0x000000000800244c       0x2e /opt/gcc-arm-none-eabi-10.3-2021.10/bin/../lib/gcc/arm-none-eabi/10.3.1/../../../../arm-none-eabi/lib/thumb/v7e-m+fp/hard/libc_nano.a(lib_a-nano-vfprintf.o)
 .text.__sfputs_r
                0x000000000800247a       0x24 /opt/gcc-arm-none-eabi-10.3-2021.10/bin/../lib/gcc/arm-none-eabi/10.3.1/../../../../arm-none-eabi/lib/thumb/v7e-m+fp/hard/libc_nano.a(lib_a-nano-vfprintf.o)
                0x000000000800247a                __sfputs_r
 *fill*         0x000000000800249e        0x2 
 .text._vfprintf_r
                0x00000000080024a0      0x260 /opt/gcc-arm-none-eabi-10.3-2021.10/bin/../lib/gcc/arm-none-eabi/10.3.1/../../../../arm-none-eabi/lib/thumb/v7e-m+fp/hard/libc_nano.a(lib_a-nano-vfprintf.o)
                0x00000000080024a0                _vfiprintf_r
                0x00000000080024a0                _vfprintf_r
 .text._printf_common
                0x0000000008002700       0xda /opt/gcc-arm-none-eabi-10.3-2021.10/bin/../lib/gcc/arm-none-eabi/10.3.1/../../../../arm-none-eabi/lib/thumb/v7e-m+fp/hard/libc_nano.a(lib_a-nano-vfprintf_i.o)
                0x0000000008002700                _printf_common
 *fill*         0x00000000080027da        0x2 
 .text._printf_i
                0x00000000080027dc      0x24c /opt/gcc-arm-none-eabi-10.3-2021.10/bin/../lib/gcc/arm-none-eabi/10.3.1/../../../../arm-none-eabi/lib/thumb/v7e-m+fp/hard/libc_nano.a(lib_a-nano-vfprintf_i.o)
                0x00000000080027dc                _printf_i
 .text._sbrk_r  0x0000000008002a28       0x20 /opt/gcc-arm-none-eabi-10.3-2021.10/bin/../lib/gcc/arm-none-eabi/10.3.1/../../../../arm-none-eabi/lib/thumb/v7e-m+fp/hard/libc_nano.a(lib_a-sbrkr.o)
                0x0000000008002a28                _sbrk_r
 .text.__sread  0x0000000008002a48       0x22 /opt/gcc-arm-none-eabi-10.3-2021.10/bin/../lib/gcc/arm-none-eabi/10.3.1/../../../../arm-none-eabi/lib/thumb/v7e-m+fp/hard/libc_nano.a(lib_a-stdio.o)
                0x0000000008002a48                __sread
 .text.__swrite
                0x0000000008002a6a       0x38 /opt/gcc-arm-none-eabi-10.3-2021.10/bin/../lib/gcc/arm-none-eabi/10.3.1/../../../../arm-none-eabi/lib/thumb/v7e-m+fp/hard/libc_nano.a(lib_a-stdio.o)
                0x0000000008002a6a                __swrite
 .text.__sseek  0x0000000008002aa2       0x24 /opt/gcc-arm-none-eabi-10.3-2021.10/bin/../lib/gcc/arm-none-eabi/10.3.1/../../../../arm-none-eabi/lib/thumb/v7e-m+fp/hard/libc_nano.a(lib_a-stdio.o)
                0x0000000008002aa2                __sseek
 .text.__sclose
                0x0000000008002ac6        0x8 /opt/gcc-arm-none-eabi-10.3-2021.10/bin/../lib/gcc/arm-none-eabi/10.3.1/../../../../arm-none-eabi/lib/thumb/v7e-m+fp/hard/libc_nano.a(lib_a-stdio.o)
                0x0000000008002ac6                __sclose
 *fill*         0x0000000008002ace        0x2 
 .text._write_r
                0x0000000008002ad0       0x24 /opt/gcc-arm-none-eabi-10.3-2021.10/bin/../lib/gcc/arm-none-eabi/10.3.1/../../../../arm-none-eabi/lib/thumb/v7e-m+fp/hard/libc_nano.a(lib_a-writer.o)
                0x0000000008002ad0                _write_r
 .text._close_r
                0x0000000008002af4       0x20 /opt/gcc-arm-none-eabi-10.3-2021.10/bin/../lib/gcc/arm-none-eabi/10.3.1/../../../../arm-none-eabi/lib/thumb/v7e-m+fp/hard/libc_nano.a(lib_a-closer.o)
                0x0000000008002af4                _close_r
 .text._fstat_r
                0x0000000008002b14       0x24 /opt/gcc-arm-none-eabi-10.3-2021.10/bin/../lib/gcc/arm-none-eabi/10.3.1/../../../../arm-none-eabi/lib/thumb/v7e-m+fp/hard/libc_nano.a(lib_a-fstatr.o)
                0x0000000008002b14                _fstat_r
 .text._isatty_r
                0x0000000008002b38       0x20 /opt/gcc-arm-none-eabi-10.3-2021.10/bin/../lib/gcc/arm-none-eabi/10.3.1/../../../../arm-none-eabi/lib/thumb/v7e-m+fp/hard/libc_nano.a(lib_a-isattyr.o)
                0x0000000008002b38                _isatty_r
 .text._lseek_r
                0x0000000008002b58       0x24 /opt/gcc-arm-none-eabi-10.3-2021.10/bin/../lib/gcc/arm-none-eabi/10.3.1/../../../../arm-none-eabi/lib/thumb/v7e-m+fp/hard/libc_nano.a(lib_a-lseekr.o)
                0x0000000008002b58                _lseek_r
 .text.__malloc_lock
                0x0000000008002b7c        0xc /opt/gcc-arm-none-eabi-10.3-2021.10/bin/../lib/gcc/arm-none-eabi/10.3.1/../../../../arm-none-eabi/lib/thumb/v7e-m+fp/hard/libc_nano.a(lib_a-mlock.o)
                0x0000000008002b7c                __malloc_lock
 .text.__malloc_unlock
                0x0000000008002b88        0xc /opt/gcc-arm-none-eabi-10.3-2021.10/bin/../lib/gcc/arm-none-eabi/10.3.1/../../../../arm-none-eabi/lib/thumb/v7e-m+fp/hard/libc_nano.a(lib_a-mlock.o)
                0x0000000008002b88                __malloc_unlock
 .text._read_r  0x0000000008002b94       0x24 /opt/gcc-arm-none-eabi-10.3-2021.10/bin/../lib/gcc/arm-none-eabi/10.3.1/../../../../arm-none-eabi/lib/thumb/v7e-m+fp/hard/libc_nano.a(lib_a-readr.o)
                0x0000000008002b94                _read_r
 *(.glue_7)
 .glue_7        0x0000000008002bb8        0x0 linker stubs
 *(.glue_7t)
 .glue_7t       0x0000000008002bb8        0x0 linker stubs
 *(.eh_frame)
 .eh_frame      0x0000000008002bb8        0x0 /opt/gcc-arm-none-eabi-10.3-2021.10/bin/../lib/gcc/arm-none-eabi/10.3.1/thumb/v7e-m+fp/hard/crtbegin.o
 *(.init)
 .init          0x0000000008002bb8        0x4 /opt/gcc-arm-none-eabi-10.3-2021.10/bin/../lib/gcc/arm-none-eabi/10.3.1/thumb/v7e-m+fp/hard/crti.o
                0x0000000008002bb8                _init
 .init          0x0000000008002bbc        0x8 /opt/gcc-arm-none-eabi-10.3-2021.10/bin/../lib/gcc/arm-none-eabi/10.3.1/thumb/v7e-m+fp/hard/crtn.o
 *(.fini)
 .fini          0x0000000008002bc4        0x4 /opt/gcc-arm-none-eabi-10.3-2021.10/bin/../lib/gcc/arm-none-eabi/10.3.1/thumb/v7e-m+fp/hard/crti.o
                0x0000000008002bc4                _fini
 .fini          0x0000000008002bc8        0x8 /opt/gcc-arm-none-eabi-10.3-2021.10/bin/../lib/gcc/arm-none-eabi/10.3.1/thumb/v7e-m+fp/hard/crtn.o
                0x0000000008002bd0                . = ALIGN (0x4)
                0x0000000008002bd0                _etext = .

.vfp11_veneer   0x0000000008002bd0        0x0
 .vfp11_veneer  0x0000000008002bd0        0x0 linker stubs

.v4_bx          0x0000000008002bd0        0x0
 .v4_bx         0x0000000008002bd0        0x0 linker stubs

.iplt           0x0000000008002bd0        0x0
 .iplt          0x0000000008002bd0        0x0 /opt/gcc-arm-none-eabi-10.3-2021.10/bin/../lib/gcc/arm-none-eabi/10.3.1/thumb/v7e-m+fp/hard/crtbegin.o

.rodata         0x0000000008002bd0      0x534
                0x0000000008002bd0                . = ALIGN (0x4)
 *(.rodata)
 *(.rodata*)
 .rodata.fault_unalign_trigger.str1.4
                0x0000000008002bd0       0x1b ./build/gcc/main.o
 *fill*         0x0000000008002beb        0x1 
 .rodata.test0.str1.4
                0x0000000008002bec        0xe ./build/gcc/main.o
 *fill*         0x0000000008002bfa        0x2 
 .rodata.main.str1.4
                0x0000000008002bfc        0xd ./build/gcc/main.o
 *fill*         0x0000000008002c09        0x3 
 .rodata.__func__.0
                0x0000000008002c0c        0x6 ./build/gcc/main.o
 *fill*         0x0000000008002c12        0x2 
 .rodata.__func__.1
                0x0000000008002c14        0x6 ./build/gcc/main.o
 *fill*         0x0000000008002c1a        0x2 
 .rodata.__func__.2
                0x0000000008002c1c        0x6 ./build/gcc/main.o
 *fill*         0x0000000008002c22        0x2 
 .rodata.__func__.3
                0x0000000008002c24        0x6 ./build/gcc/main.o
 *fill*         0x0000000008002c2a        0x2 
 .rodata.__func__.4
                0x0000000008002c2c        0x6 ./build/gcc/main.o
 *fill*         0x0000000008002c32        0x2 
 .rodata.__func__.5
                0x0000000008002c34        0x6 ./build/gcc/main.o
 .rodata.NMI_Handler.str1.4
                0x0000000008002c3a        0xe ./build/gcc/stm32f4xx_it.o
 *fill*         0x0000000008002c3a        0x2 
 .rodata.__func__.0
                0x0000000008002c3c        0xe ./build/gcc/stm32f4xx_it.o
 *fill*         0x0000000008002c4a        0x2 
 .rodata.__func__.1
                0x0000000008002c4c        0xe ./build/gcc/stm32f4xx_it.o
 *fill*         0x0000000008002c5a        0x2 
 .rodata.__func__.2
                0x0000000008002c5c       0x13 ./build/gcc/stm32f4xx_it.o
 *fill*         0x0000000008002c6f        0x1 
 .rodata.__func__.3
                0x0000000008002c70       0x11 ./build/gcc/stm32f4xx_it.o
 *fill*         0x0000000008002c81        0x3 
 .rodata.__func__.4
                0x0000000008002c84       0x12 ./build/gcc/stm32f4xx_it.o
 *fill*         0x0000000008002c96        0x2 
 .rodata.__func__.6
                0x0000000008002c98        0xc ./build/gcc/stm32f4xx_it.o
 .rodata.UART_SetConfig.str1.4
                0x0000000008002ca4       0x39 ./build/gcc/stm32f4xx_hal_uart.o
 *fill*         0x0000000008002cdd        0x3 
 .rodata.HAL_GPIO_Init.str1.4
                0x0000000008002ce0       0x39 ./build/gcc/stm32f4xx_hal_gpio.o
 *fill*         0x0000000008002d19        0x3 
 .rodata.HAL_NVIC_SetPriorityGrouping.str1.4
                0x0000000008002d1c       0x3b ./build/gcc/stm32f4xx_hal_cortex.o
 *fill*         0x0000000008002d57        0x1 
 .rodata.APBPrescTable
                0x0000000008002d58        0x8 ./build/gcc/system_stm32f4xx.o
                0x0000000008002d58                APBPrescTable
 .rodata.dump_exc_return.str1.4
                0x0000000008002d60       0x17 ./build/gcc/fault-dump.o
 *fill*         0x0000000008002d77        0x1 
 .rodata.fault_dump_init.str1.4
                0x0000000008002d78       0x68 ./build/gcc/fault-dump.o
 .rodata.fault_dump_handler.str1.4
                0x0000000008002de0      0x18a ./build/gcc/fault-dump.o
                                        0x18e (size before relaxing)
 *fill*         0x0000000008002f6a        0x2 
 .rodata.fault_dump_exc_return.str1.4
                0x0000000008002f6c       0xff ./build/gcc/fault-hal.o
 *fill*         0x000000000800306b        0x1 
 .rodata._global_impure_ptr
                0x000000000800306c        0x4 /opt/gcc-arm-none-eabi-10.3-2021.10/bin/../lib/gcc/arm-none-eabi/10.3.1/../../../../arm-none-eabi/lib/thumb/v7e-m+fp/hard/libc_nano.a(lib_a-impure.o)
                0x000000000800306c                _global_impure_ptr
 .rodata.__sf_fake_stderr
                0x0000000008003070       0x20 /opt/gcc-arm-none-eabi-10.3-2021.10/bin/../lib/gcc/arm-none-eabi/10.3.1/../../../../arm-none-eabi/lib/thumb/v7e-m+fp/hard/libc_nano.a(lib_a-findfp.o)
                0x0000000008003070                __sf_fake_stderr
 .rodata.__sf_fake_stdin
                0x0000000008003090       0x20 /opt/gcc-arm-none-eabi-10.3-2021.10/bin/../lib/gcc/arm-none-eabi/10.3.1/../../../../arm-none-eabi/lib/thumb/v7e-m+fp/hard/libc_nano.a(lib_a-findfp.o)
                0x0000000008003090                __sf_fake_stdin
 .rodata.__sf_fake_stdout
                0x00000000080030b0       0x20 /opt/gcc-arm-none-eabi-10.3-2021.10/bin/../lib/gcc/arm-none-eabi/10.3.1/../../../../arm-none-eabi/lib/thumb/v7e-m+fp/hard/libc_nano.a(lib_a-findfp.o)
                0x00000000080030b0                __sf_fake_stdout
 .rodata._vfprintf_r.str1.1
                0x00000000080030d0       0x11 /opt/gcc-arm-none-eabi-10.3-2021.10/bin/../lib/gcc/arm-none-eabi/10.3.1/../../../../arm-none-eabi/lib/thumb/v7e-m+fp/hard/libc_nano.a(lib_a-nano-vfprintf.o)
 .rodata._printf_i.str1.1
                0x00000000080030e1       0x22 /opt/gcc-arm-none-eabi-10.3-2021.10/bin/../lib/gcc/arm-none-eabi/10.3.1/../../../../arm-none-eabi/lib/thumb/v7e-m+fp/hard/libc_nano.a(lib_a-nano-vfprintf_i.o)
                0x0000000008003104                . = ALIGN (0x4)
 *fill*         0x0000000008003103        0x1 

.ARM.extab
 *(.ARM.extab* .gnu.linkonce.armextab.*)

.ARM            0x0000000008003104        0x8
                0x0000000008003104                __exidx_start = .
 *(.ARM.exidx*)
 .ARM.exidx     0x0000000008003104        0x8 /opt/gcc-arm-none-eabi-10.3-2021.10/bin/../lib/gcc/arm-none-eabi/10.3.1/thumb/v7e-m+fp/hard/libgcc.a(_udivmoddi4.o)
                0x000000000800310c                __exidx_end = .

.rel.dyn        0x000000000800310c        0x0
 .rel.iplt      0x000000000800310c        0x0 /opt/gcc-arm-none-eabi-10.3-2021.10/bin/../lib/gcc/arm-none-eabi/10.3.1/thumb/v7e-m+fp/hard/crtbegin.o

.preinit_array  0x000000000800310c        0x0
                0x000000000800310c                PROVIDE (__preinit_array_start = .)
 *(.preinit_array*)
                0x000000000800310c                PROVIDE (__preinit_array_end = .)

.init_array     0x000000000800310c        0x4
                0x000000000800310c                PROVIDE (__init_array_start = .)
 *(SORT_BY_NAME(.init_array.*))
 *(.init_array*)
 .init_array    0x000000000800310c        0x4 /opt/gcc-arm-none-eabi-10.3-2021.10/bin/../lib/gcc/arm-none-eabi/10.3.1/thumb/v7e-m+fp/hard/crtbegin.o
                0x0000000008003110                PROVIDE (__init_array_end = .)

.fini_array     0x0000000008003110        0x4
                [!provide]                        PROVIDE (__fini_array_start = .)
 *(SORT_BY_NAME(.fini_array.*))
 *(.fini_array*)
 .fini_array    0x0000000008003110        0x4 /opt/gcc-arm-none-eabi-10.3-2021.10/bin/../lib/gcc/arm-none-eabi/10.3.1/thumb/v7e-m+fp/hard/crtbegin.o
                [!provide]                        PROVIDE (__fini_array_end = .)
                0x0000000008003114                _sidata = LOADADDR (.data)

.data           0x0000000020000000       0x70 load address 0x0000000008003114
                0x0000000020000000                . = ALIGN (0x4)
                0x0000000020000000                _sdata = .
 *(.data)
 *(.data*)
 .data.uwTickFreq
                0x0000000020000000        0x1 ./build/gcc/stm32f4xx_hal.o
                0x0000000020000000                uwTickFreq
 *fill*         0x0000000020000001        0x3 
 .data.uwTickPrio
                0x0000000020000004        0x4 ./build/gcc/stm32f4xx_hal.o
                0x0000000020000004                uwTickPrio
 .data.SystemCoreClock
                0x0000000020000008        0x4 ./build/gcc/system_stm32f4xx.o
                0x0000000020000008                SystemCoreClock
 .data._impure_ptr
                0x000000002000000c        0x4 /opt/gcc-arm-none-eabi-10.3-2021.10/bin/../lib/gcc/arm-none-eabi/10.3.1/../../../../arm-none-eabi/lib/thumb/v7e-m+fp/hard/libc_nano.a(lib_a-impure.o)
                0x000000002000000c                _impure_ptr
 .data.impure_data
                0x0000000020000010       0x60 /opt/gcc-arm-none-eabi-10.3-2021.10/bin/../lib/gcc/arm-none-eabi/10.3.1/../../../../arm-none-eabi/lib/thumb/v7e-m+fp/hard/libc_nano.a(lib_a-impure.o)
                0x0000000020000070                . = ALIGN (0x4)
                0x0000000020000070                _edata = .
                0x0000000008003184                _siccmram = LOADADDR (.ccmram)

.igot.plt       0x0000000020000070        0x0 load address 0x0000000008003184
 .igot.plt      0x0000000020000070        0x0 /opt/gcc-arm-none-eabi-10.3-2021.10/bin/../lib/gcc/arm-none-eabi/10.3.1/thumb/v7e-m+fp/hard/crtbegin.o

.ccmram         0x0000000010000000        0x0 load address 0x0000000008003184
                0x0000000010000000                . = ALIGN (0x4)
                0x0000000010000000                _sccmram = .
 *(.ccmram)
 *(.ccmram*)
                0x0000000010000000                . = ALIGN (0x4)
                0x0000000010000000                _eccmram = .
                0x0000000010000000                . = ALIGN (0x4)

.bss            0x0000000020000070      0x1c4
                0x0000000020000070                _sbss = .
                0x0000000020000070                __bss_start__ = _sbss
 *(.bss)
 .bss           0x0000000020000070       0x1c /opt/gcc-arm-none-eabi-10.3-2021.10/bin/../lib/gcc/arm-none-eabi/10.3.1/thumb/v7e-m+fp/hard/crtbegin.o
 *(.bss*)
 .bss.huart1    0x000000002000008c       0x48 ./build/gcc/usart.o
                0x000000002000008c                huart1
 .bss.uwTick    0x00000000200000d4        0x4 ./build/gcc/stm32f4xx_hal.o
                0x00000000200000d4                uwTick
 .bss.buffer.0  0x00000000200000d8      0x100 ./build/gcc/fault-dump.o
 .bss.fd_main_stack_base
                0x00000000200001d8        0x4 ./build/gcc/fault-dump.o
                0x00000000200001d8                fd_main_stack_base
 .bss.fd_main_stack_full
                0x00000000200001dc        0x4 ./build/gcc/fault-dump.o
                0x00000000200001dc                fd_main_stack_full
 .bss.frame.1   0x00000000200001e0       0x40 ./build/gcc/fault-dump.o
 .bss.__sbrk_heap_end
                0x0000000020000220        0x4 ./build/gcc/sysmem.o
 .bss.__lock___malloc_recursive_mutex
                0x0000000020000224        0x1 /opt/gcc-arm-none-eabi-10.3-2021.10/bin/../lib/gcc/arm-none-eabi/10.3.1/../../../../arm-none-eabi/lib/thumb/v7e-m+fp/hard/libc_nano.a(lib_a-lock.o)
                0x0000000020000224                __lock___malloc_recursive_mutex
 .bss.__lock___sfp_recursive_mutex
                0x0000000020000225        0x1 /opt/gcc-arm-none-eabi-10.3-2021.10/bin/../lib/gcc/arm-none-eabi/10.3.1/../../../../arm-none-eabi/lib/thumb/v7e-m+fp/hard/libc_nano.a(lib_a-lock.o)
                0x0000000020000225                __lock___sfp_recursive_mutex
 .bss.__lock___sinit_recursive_mutex
                0x0000000020000226        0x1 /opt/gcc-arm-none-eabi-10.3-2021.10/bin/../lib/gcc/arm-none-eabi/10.3.1/../../../../arm-none-eabi/lib/thumb/v7e-m+fp/hard/libc_nano.a(lib_a-lock.o)
                0x0000000020000226                __lock___sinit_recursive_mutex
 *fill*         0x0000000020000227        0x1 
 .bss.__malloc_free_list
                0x0000000020000228        0x4 /opt/gcc-arm-none-eabi-10.3-2021.10/bin/../lib/gcc/arm-none-eabi/10.3.1/../../../../arm-none-eabi/lib/thumb/v7e-m+fp/hard/libc_nano.a(lib_a-nano-mallocr.o)
                0x0000000020000228                __malloc_free_list
 .bss.__malloc_sbrk_start
                0x000000002000022c        0x4 /opt/gcc-arm-none-eabi-10.3-2021.10/bin/../lib/gcc/arm-none-eabi/10.3.1/../../../../arm-none-eabi/lib/thumb/v7e-m+fp/hard/libc_nano.a(lib_a-nano-mallocr.o)
                0x000000002000022c                __malloc_sbrk_start
 .bss.errno     0x0000000020000230        0x4 /opt/gcc-arm-none-eabi-10.3-2021.10/bin/../lib/gcc/arm-none-eabi/10.3.1/../../../../arm-none-eabi/lib/thumb/v7e-m+fp/hard/libc_nano.a(lib_a-reent.o)
                0x0000000020000230                errno
 *(COMMON)
                0x0000000020000234                . = ALIGN (0x4)
                0x0000000020000234                _ebss = .
                0x0000000020000234                __bss_end__ = _ebss

._user_heap_stack
                0x0000000020000234     0x1004
                0x0000000020000238                . = ALIGN (0x8)
 *fill*         0x0000000020000234        0x4 
                [!provide]                        PROVIDE (end = .)
                0x0000000020000238                PROVIDE (_end = .)
                0x0000000020000a38                . = (. + _Min_Heap_Size)
 *fill*         0x0000000020000238      0x800 
                0x0000000020000a38                _sstack = .
                0x0000000020001238                . = (. + _Min_Stack_Size)
 *fill*         0x0000000020000a38      0x800 
                0x0000000020001238                . = ALIGN (0x8)
                0x0000000020001238                _estack = .

/DISCARD/
 libc.a(*)
 libm.a(*)
 libgcc.a(*)

.ARM.attributes
                0x0000000000000000       0x30
 *(.ARM.attributes)
 .ARM.attributes
                0x0000000000000000       0x1e /opt/gcc-arm-none-eabi-10.3-2021.10/bin/../lib/gcc/arm-none-eabi/10.3.1/thumb/v7e-m+fp/hard/crti.o
 .ARM.attributes
                0x000000000000001e       0x34 /opt/gcc-arm-none-eabi-10.3-2021.10/bin/../lib/gcc/arm-none-eabi/10.3.1/thumb/v7e-m+fp/hard/crtbegin.o
 .ARM.attributes
                0x0000000000000052       0x34 ./build/gcc/main.o
 .ARM.attributes
                0x0000000000000086       0x34 ./build/gcc/stm32f4xx_it.o
 .ARM.attributes
                0x00000000000000ba       0x34 ./build/gcc/gpio.o
 .ARM.attributes
                0x00000000000000ee       0x34 ./build/gcc/usart.o
 .ARM.attributes
                0x0000000000000122       0x34 ./build/gcc/stm32f4xx_hal_msp.o
 .ARM.attributes
                0x0000000000000156       0x34 ./build/gcc/stm32f4xx_hal_uart.o
 .ARM.attributes
                0x000000000000018a       0x34 ./build/gcc/stm32f4xx_hal_rcc.o
 .ARM.attributes
                0x00000000000001be       0x34 ./build/gcc/stm32f4xx_hal_gpio.o
 .ARM.attributes
                0x00000000000001f2       0x34 ./build/gcc/stm32f4xx_hal_dma.o
 .ARM.attributes
                0x0000000000000226       0x34 ./build/gcc/stm32f4xx_hal_cortex.o
 .ARM.attributes
                0x000000000000025a       0x34 ./build/gcc/stm32f4xx_hal.o
 .ARM.attributes
                0x000000000000028e       0x34 ./build/gcc/system_stm32f4xx.o
 .ARM.attributes
                0x00000000000002c2       0x34 ./build/gcc/fault-dump.o
 .ARM.attributes
                0x00000000000002f6       0x34 ./build/gcc/fault-hal.o
 .ARM.attributes
                0x000000000000032a       0x34 ./build/gcc/sysmem.o
 .ARM.attributes
                0x000000000000035e       0x34 ./build/gcc/syscalls.o
 .ARM.attributes
                0x0000000000000392       0x21 ./build/gcc/startup_stm32f405xx.o
 .ARM.attributes
                0x00000000000003b3       0x25 ./build/gcc/fault-gcc.o
 .ARM.attributes
                0x00000000000003d8       0x34 /opt/gcc-arm-none-eabi-10.3-2021.10/bin/../lib/gcc/arm-none-eabi/10.3.1/../../../../arm-none-eabi/lib/thumb/v7e-m+fp/hard/libc_nano.a(lib_a-errno.o)
 .ARM.attributes
                0x000000000000040c       0x34 /opt/gcc-arm-none-eabi-10.3-2021.10/bin/../lib/gcc/arm-none-eabi/10.3.1/../../../../arm-none-eabi/lib/thumb/v7e-m+fp/hard/libc_nano.a(lib_a-impure.o)
 .ARM.attributes
                0x0000000000000440       0x34 /opt/gcc-arm-none-eabi-10.3-2021.10/bin/../lib/gcc/arm-none-eabi/10.3.1/../../../../arm-none-eabi/lib/thumb/v7e-m+fp/hard/libc_nano.a(lib_a-init.o)
 .ARM.attributes
                0x0000000000000474       0x34 /opt/gcc-arm-none-eabi-10.3-2021.10/bin/../lib/gcc/arm-none-eabi/10.3.1/../../../../arm-none-eabi/lib/thumb/v7e-m+fp/hard/libc_nano.a(lib_a-memset.o)
 .ARM.attributes
                0x00000000000004a8       0x34 /opt/gcc-arm-none-eabi-10.3-2021.10/bin/../lib/gcc/arm-none-eabi/10.3.1/../../../../arm-none-eabi/lib/thumb/v7e-m+fp/hard/libc_nano.a(lib_a-printf.o)
 .ARM.attributes
                0x00000000000004dc       0x34 /opt/gcc-arm-none-eabi-10.3-2021.10/bin/../lib/gcc/arm-none-eabi/10.3.1/../../../../arm-none-eabi/lib/thumb/v7e-m+fp/hard/libc_nano.a(lib_a-puts.o)
 .ARM.attributes
                0x0000000000000510       0x34 /opt/gcc-arm-none-eabi-10.3-2021.10/bin/../lib/gcc/arm-none-eabi/10.3.1/../../../../arm-none-eabi/lib/thumb/v7e-m+fp/hard/libc_nano.a(lib_a-wbuf.o)
 .ARM.attributes
                0x0000000000000544       0x34 /opt/gcc-arm-none-eabi-10.3-2021.10/bin/../lib/gcc/arm-none-eabi/10.3.1/../../../../arm-none-eabi/lib/thumb/v7e-m+fp/hard/libc_nano.a(lib_a-wsetup.o)
 .ARM.attributes
                0x0000000000000578       0x34 /opt/gcc-arm-none-eabi-10.3-2021.10/bin/../lib/gcc/arm-none-eabi/10.3.1/../../../../arm-none-eabi/lib/thumb/v7e-m+fp/hard/libc_nano.a(lib_a-fflush.o)
 .ARM.attributes
                0x00000000000005ac       0x34 /opt/gcc-arm-none-eabi-10.3-2021.10/bin/../lib/gcc/arm-none-eabi/10.3.1/../../../../arm-none-eabi/lib/thumb/v7e-m+fp/hard/libc_nano.a(lib_a-findfp.o)
 .ARM.attributes
                0x00000000000005e0       0x34 /opt/gcc-arm-none-eabi-10.3-2021.10/bin/../lib/gcc/arm-none-eabi/10.3.1/../../../../arm-none-eabi/lib/thumb/v7e-m+fp/hard/libc_nano.a(lib_a-fwalk.o)
 .ARM.attributes
                0x0000000000000614       0x34 /opt/gcc-arm-none-eabi-10.3-2021.10/bin/../lib/gcc/arm-none-eabi/10.3.1/../../../../arm-none-eabi/lib/thumb/v7e-m+fp/hard/libc_nano.a(lib_a-lock.o)
 .ARM.attributes
                0x0000000000000648       0x34 /opt/gcc-arm-none-eabi-10.3-2021.10/bin/../lib/gcc/arm-none-eabi/10.3.1/../../../../arm-none-eabi/lib/thumb/v7e-m+fp/hard/libc_nano.a(lib_a-makebuf.o)
 .ARM.attributes
                0x000000000000067c       0x34 /opt/gcc-arm-none-eabi-10.3-2021.10/bin/../lib/gcc/arm-none-eabi/10.3.1/../../../../arm-none-eabi/lib/thumb/v7e-m+fp/hard/libc_nano.a(lib_a-nano-freer.o)
 .ARM.attributes
                0x00000000000006b0       0x34 /opt/gcc-arm-none-eabi-10.3-2021.10/bin/../lib/gcc/arm-none-eabi/10.3.1/../../../../arm-none-eabi/lib/thumb/v7e-m+fp/hard/libc_nano.a(lib_a-nano-mallocr.o)
 .ARM.attributes
                0x00000000000006e4       0x34 /opt/gcc-arm-none-eabi-10.3-2021.10/bin/../lib/gcc/arm-none-eabi/10.3.1/../../../../arm-none-eabi/lib/thumb/v7e-m+fp/hard/libc_nano.a(lib_a-nano-vfprintf.o)
 .ARM.attributes
                0x0000000000000718       0x34 /opt/gcc-arm-none-eabi-10.3-2021.10/bin/../lib/gcc/arm-none-eabi/10.3.1/../../../../arm-none-eabi/lib/thumb/v7e-m+fp/hard/libc_nano.a(lib_a-nano-vfprintf_i.o)
 .ARM.attributes
                0x000000000000074c       0x34 /opt/gcc-arm-none-eabi-10.3-2021.10/bin/../lib/gcc/arm-none-eabi/10.3.1/../../../../arm-none-eabi/lib/thumb/v7e-m+fp/hard/libc_nano.a(lib_a-sbrkr.o)
 .ARM.attributes
                0x0000000000000780       0x34 /opt/gcc-arm-none-eabi-10.3-2021.10/bin/../lib/gcc/arm-none-eabi/10.3.1/../../../../arm-none-eabi/lib/thumb/v7e-m+fp/hard/libc_nano.a(lib_a-stdio.o)
 .ARM.attributes
                0x00000000000007b4       0x34 /opt/gcc-arm-none-eabi-10.3-2021.10/bin/../lib/gcc/arm-none-eabi/10.3.1/../../../../arm-none-eabi/lib/thumb/v7e-m+fp/hard/libc_nano.a(lib_a-writer.o)
 .ARM.attributes
                0x00000000000007e8       0x34 /opt/gcc-arm-none-eabi-10.3-2021.10/bin/../lib/gcc/arm-none-eabi/10.3.1/../../../../arm-none-eabi/lib/thumb/v7e-m+fp/hard/libc_nano.a(lib_a-closer.o)
 .ARM.attributes
                0x000000000000081c       0x34 /opt/gcc-arm-none-eabi-10.3-2021.10/bin/../lib/gcc/arm-none-eabi/10.3.1/../../../../arm-none-eabi/lib/thumb/v7e-m+fp/hard/libc_nano.a(lib_a-fstatr.o)
 .ARM.attributes
                0x0000000000000850       0x34 /opt/gcc-arm-none-eabi-10.3-2021.10/bin/../lib/gcc/arm-none-eabi/10.3.1/../../../../arm-none-eabi/lib/thumb/v7e-m+fp/hard/libc_nano.a(lib_a-isattyr.o)
 .ARM.attributes
                0x0000000000000884       0x34 /opt/gcc-arm-none-eabi-10.3-2021.10/bin/../lib/gcc/arm-none-eabi/10.3.1/../../../../arm-none-eabi/lib/thumb/v7e-m+fp/hard/libc_nano.a(lib_a-lseekr.o)
 .ARM.attributes
                0x00000000000008b8       0x1c /opt/gcc-arm-none-eabi-10.3-2021.10/bin/../lib/gcc/arm-none-eabi/10.3.1/../../../../arm-none-eabi/lib/thumb/v7e-m+fp/hard/libc_nano.a(lib_a-memchr.o)
 .ARM.attributes
                0x00000000000008d4       0x34 /opt/gcc-arm-none-eabi-10.3-2021.10/bin/../lib/gcc/arm-none-eabi/10.3.1/../../../../arm-none-eabi/lib/thumb/v7e-m+fp/hard/libc_nano.a(lib_a-mlock.o)
 .ARM.attributes
                0x0000000000000908       0x34 /opt/gcc-arm-none-eabi-10.3-2021.10/bin/../lib/gcc/arm-none-eabi/10.3.1/../../../../arm-none-eabi/lib/thumb/v7e-m+fp/hard/libc_nano.a(lib_a-readr.o)
 .ARM.attributes
                0x000000000000093c       0x34 /opt/gcc-arm-none-eabi-10.3-2021.10/bin/../lib/gcc/arm-none-eabi/10.3.1/../../../../arm-none-eabi/lib/thumb/v7e-m+fp/hard/libc_nano.a(lib_a-reent.o)
 .ARM.attributes
                0x0000000000000970       0x1e /opt/gcc-arm-none-eabi-10.3-2021.10/bin/../lib/gcc/arm-none-eabi/10.3.1/thumb/v7e-m+fp/hard/libgcc.a(_aeabi_uldivmod.o)
 .ARM.attributes
                0x000000000000098e       0x34 /opt/gcc-arm-none-eabi-10.3-2021.10/bin/../lib/gcc/arm-none-eabi/10.3.1/thumb/v7e-m+fp/hard/libgcc.a(_udivmoddi4.o)
 .ARM.attributes
                0x00000000000009c2       0x1e /opt/gcc-arm-none-eabi-10.3-2021.10/bin/../lib/gcc/arm-none-eabi/10.3.1/thumb/v7e-m+fp/hard/libgcc.a(_dvmd_tls.o)
 .ARM.attributes
                0x00000000000009e0       0x1e /opt/gcc-arm-none-eabi-10.3-2021.10/bin/../lib/gcc/arm-none-eabi/10.3.1/thumb/v7e-m+fp/hard/crtn.o
OUTPUT(build/gcc/stm32-qemu.elf elf32-littlearm)
LOAD linker stubs
LOAD /opt/gcc-arm-none-eabi-10.3-2021.10/bin/../lib/gcc/arm-none-eabi/10.3.1/../../../../arm-none-eabi/lib/thumb/v7e-m+fp/hard/libc.a
LOAD /opt/gcc-arm-none-eabi-10.3-2021.10/bin/../lib/gcc/arm-none-eabi/10.3.1/../../../../arm-none-eabi/lib/thumb/v7e-m+fp/hard/libm.a
LOAD /opt/gcc-arm-none-eabi-10.3-2021.10/bin/../lib/gcc/arm-none-eabi/10.3.1/thumb/v7e-m+fp/hard/libgcc.a

.debug_info     0x0000000000000000     0xd3ea
 .debug_info    0x0000000000000000     0x1113 ./build/gcc/main.o
 .debug_info    0x0000000000001113      0x9c3 ./build/gcc/stm32f4xx_it.o
 .debug_info    0x0000000000001ad6      0x308 ./build/gcc/gpio.o
 .debug_info    0x0000000000001dde      0xd68 ./build/gcc/usart.o
 .debug_info    0x0000000000002b46      0x2eb ./build/gcc/stm32f4xx_hal_msp.o
 .debug_info    0x0000000000002e31     0x462e ./build/gcc/stm32f4xx_hal_uart.o
 .debug_info    0x000000000000745f      0xe83 ./build/gcc/stm32f4xx_hal_rcc.o
 .debug_info    0x00000000000082e2      0x9de ./build/gcc/stm32f4xx_hal_gpio.o
 .debug_info    0x0000000000008cc0      0xdd7 ./build/gcc/stm32f4xx_hal_dma.o
 .debug_info    0x0000000000009a97     0x1428 ./build/gcc/stm32f4xx_hal_cortex.o
 .debug_info    0x000000000000aebf      0xb02 ./build/gcc/stm32f4xx_hal.o
 .debug_info    0x000000000000b9c1      0x5b3 ./build/gcc/system_stm32f4xx.o
 .debug_info    0x000000000000bf74      0x8b2 ./build/gcc/fault-dump.o
 .debug_info    0x000000000000c826      0x1c2 ./build/gcc/fault-hal.o
 .debug_info    0x000000000000c9e8      0x185 ./build/gcc/sysmem.o
 .debug_info    0x000000000000cb6d      0x835 ./build/gcc/syscalls.o
 .debug_info    0x000000000000d3a2       0x22 ./build/gcc/startup_stm32f405xx.o
 .debug_info    0x000000000000d3c4       0x26 ./build/gcc/fault-gcc.o

.debug_abbrev   0x0000000000000000     0x200b
 .debug_abbrev  0x0000000000000000      0x231 ./build/gcc/main.o
 .debug_abbrev  0x0000000000000231      0x1e3 ./build/gcc/stm32f4xx_it.o
 .debug_abbrev  0x0000000000000414       0xd3 ./build/gcc/gpio.o
 .debug_abbrev  0x00000000000004e7      0x1e7 ./build/gcc/usart.o
 .debug_abbrev  0x00000000000006ce       0xd3 ./build/gcc/stm32f4xx_hal_msp.o
 .debug_abbrev  0x00000000000007a1      0x356 ./build/gcc/stm32f4xx_hal_uart.o
 .debug_abbrev  0x0000000000000af7      0x2be ./build/gcc/stm32f4xx_hal_rcc.o
 .debug_abbrev  0x0000000000000db5      0x24a ./build/gcc/stm32f4xx_hal_gpio.o
 .debug_abbrev  0x0000000000000fff      0x313 ./build/gcc/stm32f4xx_hal_dma.o
 .debug_abbrev  0x0000000000001312      0x3be ./build/gcc/stm32f4xx_hal_cortex.o
 .debug_abbrev  0x00000000000016d0      0x209 ./build/gcc/stm32f4xx_hal.o
 .debug_abbrev  0x00000000000018d9      0x11b ./build/gcc/system_stm32f4xx.o
 .debug_abbrev  0x00000000000019f4      0x29d ./build/gcc/fault-dump.o
 .debug_abbrev  0x0000000000001c91       0xa6 ./build/gcc/fault-hal.o
 .debug_abbrev  0x0000000000001d37       0xea ./build/gcc/sysmem.o
 .debug_abbrev  0x0000000000001e21      0x1c4 ./build/gcc/syscalls.o
 .debug_abbrev  0x0000000000001fe5       0x12 ./build/gcc/startup_stm32f405xx.o
 .debug_abbrev  0x0000000000001ff7       0x14 ./build/gcc/fault-gcc.o

.debug_loc      0x0000000000000000     0x8678
 .debug_loc     0x0000000000000000      0x20b ./build/gcc/main.o
 .debug_loc     0x000000000000020b      0x16a ./build/gcc/stm32f4xx_it.o
 .debug_loc     0x0000000000000375       0x2c ./build/gcc/gpio.o
 .debug_loc     0x00000000000003a1      0x108 ./build/gcc/usart.o
 .debug_loc     0x00000000000004a9       0x2c ./build/gcc/stm32f4xx_hal_msp.o
 .debug_loc     0x00000000000004d5     0x4cab ./build/gcc/stm32f4xx_hal_uart.o
 .debug_loc     0x0000000000005180      0x6c7 ./build/gcc/stm32f4xx_hal_rcc.o
 .debug_loc     0x0000000000005847      0x793 ./build/gcc/stm32f4xx_hal_gpio.o
 .debug_loc     0x0000000000005fda      0xcc7 ./build/gcc/stm32f4xx_hal_dma.o
 .debug_loc     0x0000000000006ca1      0xaae ./build/gcc/stm32f4xx_hal_cortex.o
 .debug_loc     0x000000000000774f      0x1d0 ./build/gcc/stm32f4xx_hal.o
 .debug_loc     0x000000000000791f      0x158 ./build/gcc/system_stm32f4xx.o
 .debug_loc     0x0000000000007a77      0x62a ./build/gcc/fault-dump.o
 .debug_loc     0x00000000000080a1       0x42 ./build/gcc/fault-hal.o
 .debug_loc     0x00000000000080e3       0x84 ./build/gcc/sysmem.o
 .debug_loc     0x0000000000008167      0x511 ./build/gcc/syscalls.o

.debug_aranges  0x0000000000000000      0x820
 .debug_aranges
                0x0000000000000000       0x70 ./build/gcc/main.o
 .debug_aranges
                0x0000000000000070       0x78 ./build/gcc/stm32f4xx_it.o
 .debug_aranges
                0x00000000000000e8       0x20 ./build/gcc/gpio.o
 .debug_aranges
                0x0000000000000108       0x30 ./build/gcc/usart.o
 .debug_aranges
                0x0000000000000138       0x20 ./build/gcc/stm32f4xx_hal_msp.o
 .debug_aranges
                0x0000000000000158      0x208 ./build/gcc/stm32f4xx_hal_uart.o
 .debug_aranges
                0x0000000000000360       0x88 ./build/gcc/stm32f4xx_hal_rcc.o
 .debug_aranges
                0x00000000000003e8       0x58 ./build/gcc/stm32f4xx_hal_gpio.o
 .debug_aranges
                0x0000000000000440       0x90 ./build/gcc/stm32f4xx_hal_dma.o
 .debug_aranges
                0x00000000000004d0       0xb0 ./build/gcc/stm32f4xx_hal_cortex.o
 .debug_aranges
                0x0000000000000580       0xf0 ./build/gcc/stm32f4xx_hal.o
 .debug_aranges
                0x0000000000000670       0x28 ./build/gcc/system_stm32f4xx.o
 .debug_aranges
                0x0000000000000698       0x58 ./build/gcc/fault-dump.o
 .debug_aranges
                0x00000000000006f0       0x20 ./build/gcc/fault-hal.o
 .debug_aranges
                0x0000000000000710       0x20 ./build/gcc/sysmem.o
 .debug_aranges
                0x0000000000000730       0xa8 ./build/gcc/syscalls.o
 .debug_aranges
                0x00000000000007d8       0x28 ./build/gcc/startup_stm32f405xx.o
 .debug_aranges
                0x0000000000000800       0x20 ./build/gcc/fault-gcc.o

.debug_ranges   0x0000000000000000      0x7b8
 .debug_ranges  0x0000000000000000       0x60 ./build/gcc/main.o
 .debug_ranges  0x0000000000000060       0x68 ./build/gcc/stm32f4xx_it.o
 .debug_ranges  0x00000000000000c8       0x10 ./build/gcc/gpio.o
 .debug_ranges  0x00000000000000d8       0x20 ./build/gcc/usart.o
 .debug_ranges  0x00000000000000f8       0x10 ./build/gcc/stm32f4xx_hal_msp.o
 .debug_ranges  0x0000000000000108      0x210 ./build/gcc/stm32f4xx_hal_uart.o
 .debug_ranges  0x0000000000000318       0x90 ./build/gcc/stm32f4xx_hal_rcc.o
 .debug_ranges  0x00000000000003a8       0x48 ./build/gcc/stm32f4xx_hal_gpio.o
 .debug_ranges  0x00000000000003f0       0x80 ./build/gcc/stm32f4xx_hal_dma.o
 .debug_ranges  0x0000000000000470      0x130 ./build/gcc/stm32f4xx_hal_cortex.o
 .debug_ranges  0x00000000000005a0       0xe0 ./build/gcc/stm32f4xx_hal.o
 .debug_ranges  0x0000000000000680       0x18 ./build/gcc/system_stm32f4xx.o
 .debug_ranges  0x0000000000000698       0x48 ./build/gcc/fault-dump.o
 .debug_ranges  0x00000000000006e0       0x10 ./build/gcc/fault-hal.o
 .debug_ranges  0x00000000000006f0       0x10 ./build/gcc/sysmem.o
 .debug_ranges  0x0000000000000700       0x98 ./build/gcc/syscalls.o
 .debug_ranges  0x0000000000000798       0x20 ./build/gcc/startup_stm32f405xx.o

.debug_line     0x0000000000000000     0x9465
 .debug_line    0x0000000000000000      0x4c0 ./build/gcc/main.o
 .debug_line    0x00000000000004c0      0x3a8 ./build/gcc/stm32f4xx_it.o
 .debug_line    0x0000000000000868      0x13b ./build/gcc/gpio.o
 .debug_line    0x00000000000009a3      0x2dc ./build/gcc/usart.o
 .debug_line    0x0000000000000c7f      0x142 ./build/gcc/stm32f4xx_hal_msp.o
 .debug_line    0x0000000000000dc1     0x44c4 ./build/gcc/stm32f4xx_hal_uart.o
 .debug_line    0x0000000000005285      0xc77 ./build/gcc/stm32f4xx_hal_rcc.o
 .debug_line    0x0000000000005efc      0x851 ./build/gcc/stm32f4xx_hal_gpio.o
 .debug_line    0x000000000000674d      0xfe0 ./build/gcc/stm32f4xx_hal_dma.o
 .debug_line    0x000000000000772d      0x8be ./build/gcc/stm32f4xx_hal_cortex.o
 .debug_line    0x0000000000007feb      0x58e ./build/gcc/stm32f4xx_hal.o
 .debug_line    0x0000000000008579      0x23b ./build/gcc/system_stm32f4xx.o
 .debug_line    0x00000000000087b4      0x533 ./build/gcc/fault-dump.o
 .debug_line    0x0000000000008ce7       0xf5 ./build/gcc/fault-hal.o
 .debug_line    0x0000000000008ddc      0x19a ./build/gcc/sysmem.o
 .debug_line    0x0000000000008f76      0x3e9 ./build/gcc/syscalls.o
 .debug_line    0x000000000000935f       0x84 ./build/gcc/startup_stm32f405xx.o
 .debug_line    0x00000000000093e3       0x82 ./build/gcc/fault-gcc.o

.debug_str      0x0000000000000000     0x2957
 .debug_str     0x0000000000000000      0x93e ./build/gcc/main.o
                                        0x9f2 (size before relaxing)
 .debug_str     0x000000000000093e      0x10d ./build/gcc/stm32f4xx_it.o
                                        0x72a (size before relaxing)
 .debug_str     0x0000000000000a4b       0x13 ./build/gcc/gpio.o
                                        0x2a7 (size before relaxing)
 .debug_str     0x0000000000000a5e      0x5e0 ./build/gcc/usart.o
                                        0xd25 (size before relaxing)
 .debug_str     0x000000000000103e       0x2c ./build/gcc/stm32f4xx_hal_msp.o
                                        0x2b3 (size before relaxing)
 .debug_str     0x000000000000106a      0x6bd ./build/gcc/stm32f4xx_hal_uart.o
                                        0xda1 (size before relaxing)
 .debug_str     0x0000000000001727      0x1da ./build/gcc/stm32f4xx_hal_rcc.o
                                        0x70c (size before relaxing)
 .debug_str     0x0000000000001901      0x156 ./build/gcc/stm32f4xx_hal_gpio.o
                                        0x4e6 (size before relaxing)
 .debug_str     0x0000000000001a57      0x2d3 ./build/gcc/stm32f4xx_hal_dma.o
                                        0x77c (size before relaxing)
 .debug_str     0x0000000000001d2a      0x491 ./build/gcc/stm32f4xx_hal_cortex.o
                                        0xc3c (size before relaxing)
 .debug_str     0x00000000000021bb      0x293 ./build/gcc/stm32f4xx_hal.o
                                        0xb51 (size before relaxing)
 .debug_str     0x000000000000244e       0x4a ./build/gcc/system_stm32f4xx.o
                                        0x36d (size before relaxing)
 .debug_str     0x0000000000002498      0x1a8 ./build/gcc/fault-dump.o
                                        0x3e9 (size before relaxing)
 .debug_str     0x0000000000002640       0x37 ./build/gcc/fault-hal.o
                                        0x1e8 (size before relaxing)
 .debug_str     0x0000000000002677       0x77 ./build/gcc/sysmem.o
                                        0x21f (size before relaxing)
 .debug_str     0x00000000000026ee      0x200 ./build/gcc/syscalls.o
                                        0x3f3 (size before relaxing)
 .debug_str     0x00000000000028ee       0x32 ./build/gcc/startup_stm32f405xx.o
                                         0x6d (size before relaxing)
 .debug_str     0x0000000000002920       0x37 ./build/gcc/fault-gcc.o
                                         0x80 (size before relaxing)

.comment        0x0000000000000000       0x49
 .comment       0x0000000000000000       0x49 ./build/gcc/main.o
                                         0x4a (size before relaxing)
 .comment       0x0000000000000049       0x4a ./build/gcc/stm32f4xx_it.o
 .comment       0x0000000000000049       0x4a ./build/gcc/gpio.o
 .comment       0x0000000000000049       0x4a ./build/gcc/usart.o
 .comment       0x0000000000000049       0x4a ./build/gcc/stm32f4xx_hal_msp.o
 .comment       0x0000000000000049       0x4a ./build/gcc/stm32f4xx_hal_uart.o
 .comment       0x0000000000000049       0x4a ./build/gcc/stm32f4xx_hal_rcc.o
 .comment       0x0000000000000049       0x4a ./build/gcc/stm32f4xx_hal_gpio.o
 .comment       0x0000000000000049       0x4a ./build/gcc/stm32f4xx_hal_dma.o
 .comment       0x0000000000000049       0x4a ./build/gcc/stm32f4xx_hal_cortex.o
 .comment       0x0000000000000049       0x4a ./build/gcc/stm32f4xx_hal.o
 .comment       0x0000000000000049       0x4a ./build/gcc/system_stm32f4xx.o
 .comment       0x0000000000000049       0x4a ./build/gcc/fault-dump.o
 .comment       0x0000000000000049       0x4a ./build/gcc/fault-hal.o
 .comment       0x0000000000000049       0x4a ./build/gcc/sysmem.o
 .comment       0x0000000000000049       0x4a ./build/gcc/syscalls.o

.debug_frame    0x0000000000000000     0x1c28
 .debug_frame   0x0000000000000000      0x12c ./build/gcc/main.o
 .debug_frame   0x000000000000012c      0x118 ./build/gcc/stm32f4xx_it.o
 .debug_frame   0x0000000000000244       0x28 ./build/gcc/gpio.o
 .debug_frame   0x000000000000026c       0x60 ./build/gcc/usart.o
 .debug_frame   0x00000000000002cc       0x28 ./build/gcc/stm32f4xx_hal_msp.o
 .debug_frame   0x00000000000002f4      0x604 ./build/gcc/stm32f4xx_hal_uart.o
 .debug_frame   0x00000000000008f8      0x16c ./build/gcc/stm32f4xx_hal_rcc.o
 .debug_frame   0x0000000000000a64       0xf8 ./build/gcc/stm32f4xx_hal_gpio.o
 .debug_frame   0x0000000000000b5c      0x190 ./build/gcc/stm32f4xx_hal_dma.o
 .debug_frame   0x0000000000000cec      0x1ac ./build/gcc/stm32f4xx_hal_cortex.o
 .debug_frame   0x0000000000000e98      0x1f0 ./build/gcc/stm32f4xx_hal.o
 .debug_frame   0x0000000000001088       0x30 ./build/gcc/system_stm32f4xx.o
 .debug_frame   0x00000000000010b8       0xcc ./build/gcc/fault-dump.o
 .debug_frame   0x0000000000001184       0x28 ./build/gcc/fault-hal.o
 .debug_frame   0x00000000000011ac       0x28 ./build/gcc/sysmem.o
 .debug_frame   0x00000000000011d4      0x190 ./build/gcc/syscalls.o
 .debug_frame   0x0000000000001364       0x20 /opt/gcc-arm-none-eabi-10.3-2021.10/bin/../lib/gcc/arm-none-eabi/10.3.1/../../../../arm-none-eabi/lib/thumb/v7e-m+fp/hard/libc_nano.a(lib_a-errno.o)
 .debug_frame   0x0000000000001384       0x2c /opt/gcc-arm-none-eabi-10.3-2021.10/bin/../lib/gcc/arm-none-eabi/10.3.1/../../../../arm-none-eabi/lib/thumb/v7e-m+fp/hard/libc_nano.a(lib_a-init.o)
 .debug_frame   0x00000000000013b0       0x20 /opt/gcc-arm-none-eabi-10.3-2021.10/bin/../lib/gcc/arm-none-eabi/10.3.1/../../../../arm-none-eabi/lib/thumb/v7e-m+fp/hard/libc_nano.a(lib_a-memset.o)
 .debug_frame   0x00000000000013d0       0x74 /opt/gcc-arm-none-eabi-10.3-2021.10/bin/../lib/gcc/arm-none-eabi/10.3.1/../../../../arm-none-eabi/lib/thumb/v7e-m+fp/hard/libc_nano.a(lib_a-printf.o)
 .debug_frame   0x0000000000001444       0x3c /opt/gcc-arm-none-eabi-10.3-2021.10/bin/../lib/gcc/arm-none-eabi/10.3.1/../../../../arm-none-eabi/lib/thumb/v7e-m+fp/hard/libc_nano.a(lib_a-puts.o)
 .debug_frame   0x0000000000001480       0x40 /opt/gcc-arm-none-eabi-10.3-2021.10/bin/../lib/gcc/arm-none-eabi/10.3.1/../../../../arm-none-eabi/lib/thumb/v7e-m+fp/hard/libc_nano.a(lib_a-wbuf.o)
 .debug_frame   0x00000000000014c0       0x2c /opt/gcc-arm-none-eabi-10.3-2021.10/bin/../lib/gcc/arm-none-eabi/10.3.1/../../../../arm-none-eabi/lib/thumb/v7e-m+fp/hard/libc_nano.a(lib_a-wsetup.o)
 .debug_frame   0x00000000000014ec       0x5c /opt/gcc-arm-none-eabi-10.3-2021.10/bin/../lib/gcc/arm-none-eabi/10.3.1/../../../../arm-none-eabi/lib/thumb/v7e-m+fp/hard/libc_nano.a(lib_a-fflush.o)
 .debug_frame   0x0000000000001548      0x14c /opt/gcc-arm-none-eabi-10.3-2021.10/bin/../lib/gcc/arm-none-eabi/10.3.1/../../../../arm-none-eabi/lib/thumb/v7e-m+fp/hard/libc_nano.a(lib_a-findfp.o)
 .debug_frame   0x0000000000001694       0x54 /opt/gcc-arm-none-eabi-10.3-2021.10/bin/../lib/gcc/arm-none-eabi/10.3.1/../../../../arm-none-eabi/lib/thumb/v7e-m+fp/hard/libc_nano.a(lib_a-fwalk.o)
 .debug_frame   0x00000000000016e8       0xb0 /opt/gcc-arm-none-eabi-10.3-2021.10/bin/../lib/gcc/arm-none-eabi/10.3.1/../../../../arm-none-eabi/lib/thumb/v7e-m+fp/hard/libc_nano.a(lib_a-lock.o)
 .debug_frame   0x0000000000001798       0x58 /opt/gcc-arm-none-eabi-10.3-2021.10/bin/../lib/gcc/arm-none-eabi/10.3.1/../../../../arm-none-eabi/lib/thumb/v7e-m+fp/hard/libc_nano.a(lib_a-makebuf.o)
 .debug_frame   0x00000000000017f0       0x38 /opt/gcc-arm-none-eabi-10.3-2021.10/bin/../lib/gcc/arm-none-eabi/10.3.1/../../../../arm-none-eabi/lib/thumb/v7e-m+fp/hard/libc_nano.a(lib_a-nano-freer.o)
 .debug_frame   0x0000000000001828       0x4c /opt/gcc-arm-none-eabi-10.3-2021.10/bin/../lib/gcc/arm-none-eabi/10.3.1/../../../../arm-none-eabi/lib/thumb/v7e-m+fp/hard/libc_nano.a(lib_a-nano-mallocr.o)
 .debug_frame   0x0000000000001874       0xac /opt/gcc-arm-none-eabi-10.3-2021.10/bin/../lib/gcc/arm-none-eabi/10.3.1/../../../../arm-none-eabi/lib/thumb/v7e-m+fp/hard/libc_nano.a(lib_a-nano-vfprintf.o)
 .debug_frame   0x0000000000001920       0x60 /opt/gcc-arm-none-eabi-10.3-2021.10/bin/../lib/gcc/arm-none-eabi/10.3.1/../../../../arm-none-eabi/lib/thumb/v7e-m+fp/hard/libc_nano.a(lib_a-nano-vfprintf_i.o)
 .debug_frame   0x0000000000001980       0x2c /opt/gcc-arm-none-eabi-10.3-2021.10/bin/../lib/gcc/arm-none-eabi/10.3.1/../../../../arm-none-eabi/lib/thumb/v7e-m+fp/hard/libc_nano.a(lib_a-sbrkr.o)
 .debug_frame   0x00000000000019ac       0x88 /opt/gcc-arm-none-eabi-10.3-2021.10/bin/../lib/gcc/arm-none-eabi/10.3.1/../../../../arm-none-eabi/lib/thumb/v7e-m+fp/hard/libc_nano.a(lib_a-stdio.o)
 .debug_frame   0x0000000000001a34       0x2c /opt/gcc-arm-none-eabi-10.3-2021.10/bin/../lib/gcc/arm-none-eabi/10.3.1/../../../../arm-none-eabi/lib/thumb/v7e-m+fp/hard/libc_nano.a(lib_a-writer.o)
 .debug_frame   0x0000000000001a60       0x2c /opt/gcc-arm-none-eabi-10.3-2021.10/bin/../lib/gcc/arm-none-eabi/10.3.1/../../../../arm-none-eabi/lib/thumb/v7e-m+fp/hard/libc_nano.a(lib_a-closer.o)
 .debug_frame   0x0000000000001a8c       0x2c /opt/gcc-arm-none-eabi-10.3-2021.10/bin/../lib/gcc/arm-none-eabi/10.3.1/../../../../arm-none-eabi/lib/thumb/v7e-m+fp/hard/libc_nano.a(lib_a-fstatr.o)
 .debug_frame   0x0000000000001ab8       0x2c /opt/gcc-arm-none-eabi-10.3-2021.10/bin/../lib/gcc/arm-none-eabi/10.3.1/../../../../arm-none-eabi/lib/thumb/v7e-m+fp/hard/libc_nano.a(lib_a-isattyr.o)
 .debug_frame   0x0000000000001ae4       0x2c /opt/gcc-arm-none-eabi-10.3-2021.10/bin/../lib/gcc/arm-none-eabi/10.3.1/../../../../arm-none-eabi/lib/thumb/v7e-m+fp/hard/libc_nano.a(lib_a-lseekr.o)
 .debug_frame   0x0000000000001b10       0x30 /opt/gcc-arm-none-eabi-10.3-2021.10/bin/../lib/gcc/arm-none-eabi/10.3.1/../../../../arm-none-eabi/lib/thumb/v7e-m+fp/hard/libc_nano.a(lib_a-mlock.o)
 .debug_frame   0x0000000000001b40       0x2c /opt/gcc-arm-none-eabi-10.3-2021.10/bin/../lib/gcc/arm-none-eabi/10.3.1/../../../../arm-none-eabi/lib/thumb/v7e-m+fp/hard/libc_nano.a(lib_a-readr.o)
 .debug_frame   0x0000000000001b6c       0x5c /opt/gcc-arm-none-eabi-10.3-2021.10/bin/../lib/gcc/arm-none-eabi/10.3.1/../../../../arm-none-eabi/lib/thumb/v7e-m+fp/hard/libc_nano.a(lib_a-reent.o)
 .debug_frame   0x0000000000001bc8       0x2c /opt/gcc-arm-none-eabi-10.3-2021.10/bin/../lib/gcc/arm-none-eabi/10.3.1/thumb/v7e-m+fp/hard/libgcc.a(_aeabi_uldivmod.o)
 .debug_frame   0x0000000000001bf4       0x34 /opt/gcc-arm-none-eabi-10.3-2021.10/bin/../lib/gcc/arm-none-eabi/10.3.1/thumb/v7e-m+fp/hard/libgcc.a(_udivmoddi4.o)

Cross Reference Table

Symbol                                            File
ADC_IRQHandler                                    ./build/gcc/startup_stm32f405xx.o
AHBPrescTable                                     ./build/gcc/system_stm32f4xx.o
                                                  ./build/gcc/stm32f4xx_hal_rcc.o
APBPrescTable                                     ./build/gcc/system_stm32f4xx.o
                                                  ./build/gcc/stm32f4xx_hal_rcc.o
BusFault_Handler                                  ./build/gcc/stm32f4xx_it.o
CAN1_RX0_IRQHandler                               ./build/gcc/startup_stm32f405xx.o
CAN1_RX1_IRQHandler                               ./build/gcc/startup_stm32f405xx.o
CAN1_SCE_IRQHandler                               ./build/gcc/startup_stm32f405xx.o
CAN1_TX_IRQHandler                                ./build/gcc/startup_stm32f405xx.o
CAN2_RX0_IRQHandler                               ./build/gcc/startup_stm32f405xx.o
CAN2_RX1_IRQHandler                               ./build/gcc/startup_stm32f405xx.o
CAN2_SCE_IRQHandler                               ./build/gcc/startup_stm32f405xx.o
CAN2_TX_IRQHandler                                ./build/gcc/startup_stm32f405xx.o
DMA1_Stream0_IRQHandler                           ./build/gcc/startup_stm32f405xx.o
DMA1_Stream1_IRQHandler                           ./build/gcc/startup_stm32f405xx.o
DMA1_Stream2_IRQHandler                           ./build/gcc/startup_stm32f405xx.o
DMA1_Stream3_IRQHandler                           ./build/gcc/startup_stm32f405xx.o
DMA1_Stream4_IRQHandler                           ./build/gcc/startup_stm32f405xx.o
DMA1_Stream5_IRQHandler                           ./build/gcc/startup_stm32f405xx.o
DMA1_Stream6_IRQHandler                           ./build/gcc/startup_stm32f405xx.o
DMA1_Stream7_IRQHandler                           ./build/gcc/startup_stm32f405xx.o
DMA2_Stream0_IRQHandler                           ./build/gcc/startup_stm32f405xx.o
DMA2_Stream1_IRQHandler                           ./build/gcc/startup_stm32f405xx.o
DMA2_Stream2_IRQHandler                           ./build/gcc/startup_stm32f405xx.o
DMA2_Stream3_IRQHandler                           ./build/gcc/startup_stm32f405xx.o
DMA2_Stream4_IRQHandler                           ./build/gcc/startup_stm32f405xx.o
DMA2_Stream5_IRQHandler                           ./build/gcc/startup_stm32f405xx.o
DMA2_Stream6_IRQHandler                           ./build/gcc/startup_stm32f405xx.o
DMA2_Stream7_IRQHandler                           ./build/gcc/startup_stm32f405xx.o
DebugMon_Handler                                  ./build/gcc/stm32f4xx_it.o
Default_Handler                                   ./build/gcc/startup_stm32f405xx.o
EXTI0_IRQHandler                                  ./build/gcc/startup_stm32f405xx.o
EXTI15_10_IRQHandler                              ./build/gcc/startup_stm32f405xx.o
EXTI1_IRQHandler                                  ./build/gcc/startup_stm32f405xx.o
EXTI2_IRQHandler                                  ./build/gcc/startup_stm32f405xx.o
EXTI3_IRQHandler                                  ./build/gcc/startup_stm32f405xx.o
EXTI4_IRQHandler                                  ./build/gcc/startup_stm32f405xx.o
EXTI9_5_IRQHandler                                ./build/gcc/startup_stm32f405xx.o
Error_Handler                                     ./build/gcc/stm32f4xx_it.o
                                                  ./build/gcc/usart.o
                                                  ./build/gcc/main.o
FLASH_Erase_Sector                                ./build/gcc/stm32f4xx_hal_flash_ex.o
                                                  ./build/gcc/stm32f4xx_hal_flash.o
FLASH_FlushCaches                                 ./build/gcc/stm32f4xx_hal_flash_ex.o
                                                  ./build/gcc/stm32f4xx_hal_flash.o
FLASH_IRQHandler                                  ./build/gcc/startup_stm32f405xx.o
FLASH_WaitForLastOperation                        ./build/gcc/stm32f4xx_hal_flash.o
                                                  ./build/gcc/stm32f4xx_hal_flash_ex.o
FPU_IRQHandler                                    ./build/gcc/startup_stm32f405xx.o
FSMC_IRQHandler                                   ./build/gcc/startup_stm32f405xx.o
HAL_CORTEX_ClearEvent                             ./build/gcc/stm32f4xx_hal_cortex.o
HAL_DBGMCU_DisableDBGSleepMode                    ./build/gcc/stm32f4xx_hal.o
HAL_DBGMCU_DisableDBGStandbyMode                  ./build/gcc/stm32f4xx_hal.o
HAL_DBGMCU_DisableDBGStopMode                     ./build/gcc/stm32f4xx_hal.o
HAL_DBGMCU_EnableDBGSleepMode                     ./build/gcc/stm32f4xx_hal.o
HAL_DBGMCU_EnableDBGStandbyMode                   ./build/gcc/stm32f4xx_hal.o
HAL_DBGMCU_EnableDBGStopMode                      ./build/gcc/stm32f4xx_hal.o
HAL_DMAEx_ChangeMemory                            ./build/gcc/stm32f4xx_hal_dma_ex.o
HAL_DMAEx_MultiBufferStart                        ./build/gcc/stm32f4xx_hal_dma_ex.o
HAL_DMAEx_MultiBufferStart_IT                     ./build/gcc/stm32f4xx_hal_dma_ex.o
HAL_DMA_Abort                                     ./build/gcc/stm32f4xx_hal_dma.o
                                                  ./build/gcc/stm32f4xx_hal_uart.o
HAL_DMA_Abort_IT                                  ./build/gcc/stm32f4xx_hal_dma.o
                                                  ./build/gcc/stm32f4xx_hal_uart.o
HAL_DMA_DeInit                                    ./build/gcc/stm32f4xx_hal_dma.o
HAL_DMA_GetError                                  ./build/gcc/stm32f4xx_hal_dma.o
                                                  ./build/gcc/stm32f4xx_hal_uart.o
HAL_DMA_GetState                                  ./build/gcc/stm32f4xx_hal_dma.o
HAL_DMA_IRQHandler                                ./build/gcc/stm32f4xx_hal_dma.o
HAL_DMA_Init                                      ./build/gcc/stm32f4xx_hal_dma.o
HAL_DMA_PollForTransfer                           ./build/gcc/stm32f4xx_hal_dma.o
HAL_DMA_RegisterCallback                          ./build/gcc/stm32f4xx_hal_dma.o
HAL_DMA_Start                                     ./build/gcc/stm32f4xx_hal_dma.o
HAL_DMA_Start_IT                                  ./build/gcc/stm32f4xx_hal_dma.o
                                                  ./build/gcc/stm32f4xx_hal_uart.o
HAL_DMA_UnRegisterCallback                        ./build/gcc/stm32f4xx_hal_dma.o
HAL_DeInit                                        ./build/gcc/stm32f4xx_hal.o
HAL_Delay                                         ./build/gcc/stm32f4xx_hal.o
                                                  ./build/gcc/main.o
HAL_DisableCompensationCell                       ./build/gcc/stm32f4xx_hal.o
HAL_EXTI_ClearConfigLine                          ./build/gcc/stm32f4xx_hal_exti.o
HAL_EXTI_ClearPending                             ./build/gcc/stm32f4xx_hal_exti.o
HAL_EXTI_GenerateSWI                              ./build/gcc/stm32f4xx_hal_exti.o
HAL_EXTI_GetConfigLine                            ./build/gcc/stm32f4xx_hal_exti.o
HAL_EXTI_GetHandle                                ./build/gcc/stm32f4xx_hal_exti.o
HAL_EXTI_GetPending                               ./build/gcc/stm32f4xx_hal_exti.o
HAL_EXTI_IRQHandler                               ./build/gcc/stm32f4xx_hal_exti.o
HAL_EXTI_RegisterCallback                         ./build/gcc/stm32f4xx_hal_exti.o
HAL_EXTI_SetConfigLine                            ./build/gcc/stm32f4xx_hal_exti.o
HAL_EnableCompensationCell                        ./build/gcc/stm32f4xx_hal.o
HAL_FLASHEx_Erase                                 ./build/gcc/stm32f4xx_hal_flash_ex.o
HAL_FLASHEx_Erase_IT                              ./build/gcc/stm32f4xx_hal_flash_ex.o
HAL_FLASHEx_OBGetConfig                           ./build/gcc/stm32f4xx_hal_flash_ex.o
HAL_FLASHEx_OBProgram                             ./build/gcc/stm32f4xx_hal_flash_ex.o
HAL_FLASH_EndOfOperationCallback                  ./build/gcc/stm32f4xx_hal_flash.o
HAL_FLASH_GetError                                ./build/gcc/stm32f4xx_hal_flash.o
HAL_FLASH_IRQHandler                              ./build/gcc/stm32f4xx_hal_flash.o
HAL_FLASH_Lock                                    ./build/gcc/stm32f4xx_hal_flash.o
HAL_FLASH_OB_Launch                               ./build/gcc/stm32f4xx_hal_flash.o
HAL_FLASH_OB_Lock                                 ./build/gcc/stm32f4xx_hal_flash.o
HAL_FLASH_OB_Unlock                               ./build/gcc/stm32f4xx_hal_flash.o
HAL_FLASH_OperationErrorCallback                  ./build/gcc/stm32f4xx_hal_flash.o
HAL_FLASH_Program                                 ./build/gcc/stm32f4xx_hal_flash.o
HAL_FLASH_Program_IT                              ./build/gcc/stm32f4xx_hal_flash.o
HAL_FLASH_Unlock                                  ./build/gcc/stm32f4xx_hal_flash.o
HAL_GPIO_DeInit                                   ./build/gcc/stm32f4xx_hal_gpio.o
                                                  ./build/gcc/usart.o
HAL_GPIO_EXTI_Callback                            ./build/gcc/stm32f4xx_hal_gpio.o
HAL_GPIO_EXTI_IRQHandler                          ./build/gcc/stm32f4xx_hal_gpio.o
HAL_GPIO_Init                                     ./build/gcc/stm32f4xx_hal_gpio.o
                                                  ./build/gcc/stm32f4xx_hal_rcc.o
                                                  ./build/gcc/usart.o
HAL_GPIO_LockPin                                  ./build/gcc/stm32f4xx_hal_gpio.o
HAL_GPIO_ReadPin                                  ./build/gcc/stm32f4xx_hal_gpio.o
HAL_GPIO_TogglePin                                ./build/gcc/stm32f4xx_hal_gpio.o
HAL_GPIO_WritePin                                 ./build/gcc/stm32f4xx_hal_gpio.o
HAL_GetDEVID                                      ./build/gcc/stm32f4xx_hal.o
HAL_GetHalVersion                                 ./build/gcc/stm32f4xx_hal.o
HAL_GetREVID                                      ./build/gcc/stm32f4xx_hal.o
HAL_GetTick                                       ./build/gcc/stm32f4xx_hal.o
                                                  ./build/gcc/stm32f4xx_hal_pwr_ex.o
                                                  ./build/gcc/stm32f4xx_hal_dma.o
                                                  ./build/gcc/stm32f4xx_hal_flash.o
                                                  ./build/gcc/stm32f4xx_hal_rcc_ex.o
                                                  ./build/gcc/stm32f4xx_hal_rcc.o
                                                  ./build/gcc/stm32f4xx_hal_uart.o
HAL_GetTickFreq                                   ./build/gcc/stm32f4xx_hal.o
HAL_GetTickPrio                                   ./build/gcc/stm32f4xx_hal.o
HAL_GetUIDw0                                      ./build/gcc/stm32f4xx_hal.o
HAL_GetUIDw1                                      ./build/gcc/stm32f4xx_hal.o
HAL_GetUIDw2                                      ./build/gcc/stm32f4xx_hal.o
HAL_HalfDuplex_EnableReceiver                     ./build/gcc/stm32f4xx_hal_uart.o
HAL_HalfDuplex_EnableTransmitter                  ./build/gcc/stm32f4xx_hal_uart.o
HAL_HalfDuplex_Init                               ./build/gcc/stm32f4xx_hal_uart.o
HAL_IncTick                                       ./build/gcc/stm32f4xx_hal.o
                                                  ./build/gcc/stm32f4xx_it.o
HAL_Init                                          ./build/gcc/stm32f4xx_hal.o
                                                  ./build/gcc/main.o
HAL_InitTick                                      ./build/gcc/stm32f4xx_hal.o
                                                  ./build/gcc/stm32f4xx_hal_rcc_ex.o
                                                  ./build/gcc/stm32f4xx_hal_rcc.o
HAL_LIN_Init                                      ./build/gcc/stm32f4xx_hal_uart.o
HAL_LIN_SendBreak                                 ./build/gcc/stm32f4xx_hal_uart.o
HAL_MPU_ConfigRegion                              ./build/gcc/stm32f4xx_hal_cortex.o
HAL_MPU_Disable                                   ./build/gcc/stm32f4xx_hal_cortex.o
HAL_MPU_Enable                                    ./build/gcc/stm32f4xx_hal_cortex.o
HAL_MspDeInit                                     ./build/gcc/stm32f4xx_hal.o
HAL_MspInit                                       ./build/gcc/stm32f4xx_hal_msp.o
HAL_MultiProcessor_EnterMuteMode                  ./build/gcc/stm32f4xx_hal_uart.o
HAL_MultiProcessor_ExitMuteMode                   ./build/gcc/stm32f4xx_hal_uart.o
HAL_MultiProcessor_Init                           ./build/gcc/stm32f4xx_hal_uart.o
HAL_NVIC_ClearPendingIRQ                          ./build/gcc/stm32f4xx_hal_cortex.o
HAL_NVIC_DisableIRQ                               ./build/gcc/stm32f4xx_hal_cortex.o
                                                  ./build/gcc/usart.o
HAL_NVIC_EnableIRQ                                ./build/gcc/stm32f4xx_hal_cortex.o
                                                  ./build/gcc/usart.o
HAL_NVIC_GetActive                                ./build/gcc/stm32f4xx_hal_cortex.o
HAL_NVIC_GetPendingIRQ                            ./build/gcc/stm32f4xx_hal_cortex.o
HAL_NVIC_GetPriority                              ./build/gcc/stm32f4xx_hal_cortex.o
HAL_NVIC_GetPriorityGrouping                      ./build/gcc/stm32f4xx_hal_cortex.o
HAL_NVIC_SetPendingIRQ                            ./build/gcc/stm32f4xx_hal_cortex.o
HAL_NVIC_SetPriority                              ./build/gcc/stm32f4xx_hal_cortex.o
                                                  ./build/gcc/stm32f4xx_hal.o
                                                  ./build/gcc/usart.o
HAL_NVIC_SetPriorityGrouping                      ./build/gcc/stm32f4xx_hal_cortex.o
                                                  ./build/gcc/stm32f4xx_hal.o
HAL_NVIC_SystemReset                              ./build/gcc/stm32f4xx_hal_cortex.o
HAL_PWREx_ControlVoltageScaling                   ./build/gcc/stm32f4xx_hal_pwr_ex.o
HAL_PWREx_DisableBkUpReg                          ./build/gcc/stm32f4xx_hal_pwr_ex.o
HAL_PWREx_DisableFlashPowerDown                   ./build/gcc/stm32f4xx_hal_pwr_ex.o
HAL_PWREx_EnableBkUpReg                           ./build/gcc/stm32f4xx_hal_pwr_ex.o
HAL_PWREx_EnableFlashPowerDown                    ./build/gcc/stm32f4xx_hal_pwr_ex.o
HAL_PWREx_GetVoltageRange                         ./build/gcc/stm32f4xx_hal_pwr_ex.o
HAL_PWR_ConfigPVD                                 ./build/gcc/stm32f4xx_hal_pwr.o
HAL_PWR_DeInit                                    ./build/gcc/stm32f4xx_hal_pwr.o
HAL_PWR_DisableBkUpAccess                         ./build/gcc/stm32f4xx_hal_pwr.o
HAL_PWR_DisablePVD                                ./build/gcc/stm32f4xx_hal_pwr.o
HAL_PWR_DisableSEVOnPend                          ./build/gcc/stm32f4xx_hal_pwr.o
HAL_PWR_DisableSleepOnExit                        ./build/gcc/stm32f4xx_hal_pwr.o
HAL_PWR_DisableWakeUpPin                          ./build/gcc/stm32f4xx_hal_pwr.o
HAL_PWR_EnableBkUpAccess                          ./build/gcc/stm32f4xx_hal_pwr.o
HAL_PWR_EnablePVD                                 ./build/gcc/stm32f4xx_hal_pwr.o
HAL_PWR_EnableSEVOnPend                           ./build/gcc/stm32f4xx_hal_pwr.o
HAL_PWR_EnableSleepOnExit                         ./build/gcc/stm32f4xx_hal_pwr.o
HAL_PWR_EnableWakeUpPin                           ./build/gcc/stm32f4xx_hal_pwr.o
HAL_PWR_EnterSLEEPMode                            ./build/gcc/stm32f4xx_hal_pwr.o
HAL_PWR_EnterSTANDBYMode                          ./build/gcc/stm32f4xx_hal_pwr.o
HAL_PWR_EnterSTOPMode                             ./build/gcc/stm32f4xx_hal_pwr.o
HAL_PWR_PVDCallback                               ./build/gcc/stm32f4xx_hal_pwr.o
HAL_PWR_PVD_IRQHandler                            ./build/gcc/stm32f4xx_hal_pwr.o
HAL_RCCEx_DisablePLLI2S                           ./build/gcc/stm32f4xx_hal_rcc_ex.o
HAL_RCCEx_EnablePLLI2S                            ./build/gcc/stm32f4xx_hal_rcc_ex.o
HAL_RCCEx_GetPeriphCLKConfig                      ./build/gcc/stm32f4xx_hal_rcc_ex.o
HAL_RCCEx_GetPeriphCLKFreq                        ./build/gcc/stm32f4xx_hal_rcc_ex.o
HAL_RCCEx_PeriphCLKConfig                         ./build/gcc/stm32f4xx_hal_rcc_ex.o
HAL_RCC_CSSCallback                               ./build/gcc/stm32f4xx_hal_rcc.o
HAL_RCC_ClockConfig                               ./build/gcc/stm32f4xx_hal_rcc.o
                                                  ./build/gcc/main.o
HAL_RCC_DeInit                                    ./build/gcc/stm32f4xx_hal_rcc_ex.o
                                                  ./build/gcc/stm32f4xx_hal_rcc.o
HAL_RCC_DisableCSS                                ./build/gcc/stm32f4xx_hal_rcc.o
HAL_RCC_EnableCSS                                 ./build/gcc/stm32f4xx_hal_rcc.o
HAL_RCC_GetClockConfig                            ./build/gcc/stm32f4xx_hal_rcc.o
HAL_RCC_GetHCLKFreq                               ./build/gcc/stm32f4xx_hal_rcc.o
HAL_RCC_GetOscConfig                              ./build/gcc/stm32f4xx_hal_rcc.o
HAL_RCC_GetPCLK1Freq                              ./build/gcc/stm32f4xx_hal_rcc.o
                                                  ./build/gcc/stm32f4xx_hal_uart.o
HAL_RCC_GetPCLK2Freq                              ./build/gcc/stm32f4xx_hal_rcc.o
                                                  ./build/gcc/stm32f4xx_hal_uart.o
HAL_RCC_GetSysClockFreq                           ./build/gcc/stm32f4xx_hal_rcc.o
HAL_RCC_MCOConfig                                 ./build/gcc/stm32f4xx_hal_rcc.o
HAL_RCC_NMI_IRQHandler                            ./build/gcc/stm32f4xx_hal_rcc.o
HAL_RCC_OscConfig                                 ./build/gcc/stm32f4xx_hal_rcc.o
                                                  ./build/gcc/main.o
HAL_ResumeTick                                    ./build/gcc/stm32f4xx_hal.o
HAL_SYSTICK_CLKSourceConfig                       ./build/gcc/stm32f4xx_hal_cortex.o
HAL_SYSTICK_Callback                              ./build/gcc/stm32f4xx_hal_cortex.o
HAL_SYSTICK_Config                                ./build/gcc/stm32f4xx_hal_cortex.o
                                                  ./build/gcc/stm32f4xx_hal.o
HAL_SYSTICK_IRQHandler                            ./build/gcc/stm32f4xx_hal_cortex.o
HAL_SetTickFreq                                   ./build/gcc/stm32f4xx_hal.o
HAL_SuspendTick                                   ./build/gcc/stm32f4xx_hal.o
HAL_UARTEx_GetRxEventType                         ./build/gcc/stm32f4xx_hal_uart.o
HAL_UARTEx_ReceiveToIdle                          ./build/gcc/stm32f4xx_hal_uart.o
HAL_UARTEx_ReceiveToIdle_DMA                      ./build/gcc/stm32f4xx_hal_uart.o