Archive member included to satisfy reference by file (symbol)

c:/users/xidon/program/arm_gcc/gcc-arm-none-eabi-10.3-2021.10/bin/../lib/gcc/arm-none-eabi/10.3.1/../../../../arm-none-eabi/lib/thumb/v8-m.main+fp/hard\libc_nano.a(lib_a-exit.o)
                              c:/users/xidon/program/arm_gcc/gcc-arm-none-eabi-10.3-2021.10/bin/../lib/gcc/arm-none-eabi/10.3.1/../../../../arm-none-eabi/lib/thumb/v8-m.main+fp/hard/crt0.o (exit)
c:/users/xidon/program/arm_gcc/gcc-arm-none-eabi-10.3-2021.10/bin/../lib/gcc/arm-none-eabi/10.3.1/../../../../arm-none-eabi/lib/thumb/v8-m.main+fp/hard\libc_nano.a(lib_a-impure.o)
                              c:/users/xidon/program/arm_gcc/gcc-arm-none-eabi-10.3-2021.10/bin/../lib/gcc/arm-none-eabi/10.3.1/../../../../arm-none-eabi/lib/thumb/v8-m.main+fp/hard\libc_nano.a(lib_a-exit.o) (_global_impure_ptr)
c:/users/xidon/program/arm_gcc/gcc-arm-none-eabi-10.3-2021.10/bin/../lib/gcc/arm-none-eabi/10.3.1/../../../../arm-none-eabi/lib/thumb/v8-m.main+fp/hard\libc_nano.a(lib_a-init.o)
                              c:/users/xidon/program/arm_gcc/gcc-arm-none-eabi-10.3-2021.10/bin/../lib/gcc/arm-none-eabi/10.3.1/../../../../arm-none-eabi/lib/thumb/v8-m.main+fp/hard/crt0.o (__libc_init_array)
c:/users/xidon/program/arm_gcc/gcc-arm-none-eabi-10.3-2021.10/bin/../lib/gcc/arm-none-eabi/10.3.1/../../../../arm-none-eabi/lib/thumb/v8-m.main+fp/hard\libc_nano.a(lib_a-memset.o)
                              c:/users/xidon/program/arm_gcc/gcc-arm-none-eabi-10.3-2021.10/bin/../lib/gcc/arm-none-eabi/10.3.1/../../../../arm-none-eabi/lib/thumb/v8-m.main+fp/hard/crt0.o (memset)
c:/users/xidon/program/arm_gcc/gcc-arm-none-eabi-10.3-2021.10/bin/../lib/gcc/arm-none-eabi/10.3.1/../../../../arm-none-eabi/lib/thumb/v8-m.main+fp/hard\libc_nano.a(lib_a-puts.o)
                              build/main.o (puts)
c:/users/xidon/program/arm_gcc/gcc-arm-none-eabi-10.3-2021.10/bin/../lib/gcc/arm-none-eabi/10.3.1/../../../../arm-none-eabi/lib/thumb/v8-m.main+fp/hard\libc_nano.a(lib_a-wbuf.o)
                              c:/users/xidon/program/arm_gcc/gcc-arm-none-eabi-10.3-2021.10/bin/../lib/gcc/arm-none-eabi/10.3.1/../../../../arm-none-eabi/lib/thumb/v8-m.main+fp/hard\libc_nano.a(lib_a-puts.o) (__swbuf_r)
c:/users/xidon/program/arm_gcc/gcc-arm-none-eabi-10.3-2021.10/bin/../lib/gcc/arm-none-eabi/10.3.1/../../../../arm-none-eabi/lib/thumb/v8-m.main+fp/hard\libc_nano.a(lib_a-wsetup.o)
                              c:/users/xidon/program/arm_gcc/gcc-arm-none-eabi-10.3-2021.10/bin/../lib/gcc/arm-none-eabi/10.3.1/../../../../arm-none-eabi/lib/thumb/v8-m.main+fp/hard\libc_nano.a(lib_a-puts.o) (__swsetup_r)
c:/users/xidon/program/arm_gcc/gcc-arm-none-eabi-10.3-2021.10/bin/../lib/gcc/arm-none-eabi/10.3.1/../../../../arm-none-eabi/lib/thumb/v8-m.main+fp/hard\libc_nano.a(lib_a-fflush.o)
                              c:/users/xidon/program/arm_gcc/gcc-arm-none-eabi-10.3-2021.10/bin/../lib/gcc/arm-none-eabi/10.3.1/../../../../arm-none-eabi/lib/thumb/v8-m.main+fp/hard\libc_nano.a(lib_a-wbuf.o) (_fflush_r)
c:/users/xidon/program/arm_gcc/gcc-arm-none-eabi-10.3-2021.10/bin/../lib/gcc/arm-none-eabi/10.3.1/../../../../arm-none-eabi/lib/thumb/v8-m.main+fp/hard\libc_nano.a(lib_a-findfp.o)
                              c:/users/xidon/program/arm_gcc/gcc-arm-none-eabi-10.3-2021.10/bin/../lib/gcc/arm-none-eabi/10.3.1/../../../../arm-none-eabi/lib/thumb/v8-m.main+fp/hard\libc_nano.a(lib_a-puts.o) (__sinit)
c:/users/xidon/program/arm_gcc/gcc-arm-none-eabi-10.3-2021.10/bin/../lib/gcc/arm-none-eabi/10.3.1/../../../../arm-none-eabi/lib/thumb/v8-m.main+fp/hard\libc_nano.a(lib_a-fwalk.o)
                              c:/users/xidon/program/arm_gcc/gcc-arm-none-eabi-10.3-2021.10/bin/../lib/gcc/arm-none-eabi/10.3.1/../../../../arm-none-eabi/lib/thumb/v8-m.main+fp/hard\libc_nano.a(lib_a-findfp.o) (_fwalk)
c:/users/xidon/program/arm_gcc/gcc-arm-none-eabi-10.3-2021.10/bin/../lib/gcc/arm-none-eabi/10.3.1/../../../../arm-none-eabi/lib/thumb/v8-m.main+fp/hard\libc_nano.a(lib_a-lock.o)
                              c:/users/xidon/program/arm_gcc/gcc-arm-none-eabi-10.3-2021.10/bin/../lib/gcc/arm-none-eabi/10.3.1/../../../../arm-none-eabi/lib/thumb/v8-m.main+fp/hard\libc_nano.a(lib_a-findfp.o) (__retarget_lock_init_recursive)
c:/users/xidon/program/arm_gcc/gcc-arm-none-eabi-10.3-2021.10/bin/../lib/gcc/arm-none-eabi/10.3.1/../../../../arm-none-eabi/lib/thumb/v8-m.main+fp/hard\libc_nano.a(lib_a-makebuf.o)
                              c:/users/xidon/program/arm_gcc/gcc-arm-none-eabi-10.3-2021.10/bin/../lib/gcc/arm-none-eabi/10.3.1/../../../../arm-none-eabi/lib/thumb/v8-m.main+fp/hard\libc_nano.a(lib_a-wsetup.o) (__smakebuf_r)
c:/users/xidon/program/arm_gcc/gcc-arm-none-eabi-10.3-2021.10/bin/../lib/gcc/arm-none-eabi/10.3.1/../../../../arm-none-eabi/lib/thumb/v8-m.main+fp/hard\libc_nano.a(lib_a-nano-freer.o)
[...]
Memory Configuration

Name             Origin             Length             Attributes
FLASH            0x10000000         0x00100000         xr
RAM              0x38000000         0x00100000         xrw
*default*        0x00000000         0xffffffff

Linker script and memory map

LOAD c:/users/xidon/program/arm_gcc/gcc-arm-none-eabi-10.3-2021.10/bin/../lib/gcc/arm-none-eabi/10.3.1/thumb/v8-m.main+fp/hard/crti.o
LOAD c:/users/xidon/program/arm_gcc/gcc-arm-none-eabi-10.3-2021.10/bin/../lib/gcc/arm-none-eabi/10.3.1/thumb/v8-m.main+fp/hard/crtbegin.o
LOAD c:/users/xidon/program/arm_gcc/gcc-arm-none-eabi-10.3-2021.10/bin/../lib/gcc/arm-none-eabi/10.3.1/../../../../arm-none-eabi/lib/thumb/v8-m.main+fp/hard/crt0.o
LOAD build/main.o
LOAD build/system_ARMCM33.o
LOAD build/printf.o
LOAD build/uart.o
LOAD build/semihosting.o
LOAD build/fault-dump.o
LOAD build/startup_ARMCM33.o
LOAD build/fault-gcc.o
LOAD c:/users/xidon/program/arm_gcc/gcc-arm-none-eabi-10.3-2021.10/bin/../lib/gcc/arm-none-eabi/10.3.1/../../../../arm-none-eabi/lib/thumb/v8-m.main+fp/hard\libc_nano.a
LOAD c:/users/xidon/program/arm_gcc/gcc-arm-none-eabi-10.3-2021.10/bin/../lib/gcc/arm-none-eabi/10.3.1/../../../../arm-none-eabi/lib/thumb/v8-m.main+fp/hard\libm.a
LOAD c:/users/xidon/program/arm_gcc/gcc-arm-none-eabi-10.3-2021.10/bin/../lib/gcc/arm-none-eabi/10.3.1/../../../../arm-none-eabi/lib/thumb/v8-m.main+fp/hard\libnosys.a
START GROUP
LOAD c:/users/xidon/program/arm_gcc/gcc-arm-none-eabi-10.3-2021.10/bin/../lib/gcc/arm-none-eabi/10.3.1/thumb/v8-m.main+fp/hard\libgcc.a
LOAD c:/users/xidon/program/arm_gcc/gcc-arm-none-eabi-10.3-2021.10/bin/../lib/gcc/arm-none-eabi/10.3.1/../../../../arm-none-eabi/lib/thumb/v8-m.main+fp/hard\libc_nano.a
END GROUP
START GROUP
LOAD c:/users/xidon/program/arm_gcc/gcc-arm-none-eabi-10.3-2021.10/bin/../lib/gcc/arm-none-eabi/10.3.1/thumb/v8-m.main+fp/hard\libgcc.a
LOAD c:/users/xidon/program/arm_gcc/gcc-arm-none-eabi-10.3-2021.10/bin/../lib/gcc/arm-none-eabi/10.3.1/../../../../arm-none-eabi/lib/thumb/v8-m.main+fp/hard\libc_nano.a
END GROUP
LOAD c:/users/xidon/program/arm_gcc/gcc-arm-none-eabi-10.3-2021.10/bin/../lib/gcc/arm-none-eabi/10.3.1/thumb/v8-m.main+fp/hard/crtend.o
LOAD c:/users/xidon/program/arm_gcc/gcc-arm-none-eabi-10.3-2021.10/bin/../lib/gcc/arm-none-eabi/10.3.1/thumb/v8-m.main+fp/hard/crtn.o
                0x10000000                __ROM_BASE = 0x10000000
                0x00100000                __ROM_SIZE = 0x100000
                0x38000000                __RAM_BASE = 0x38000000
                0x00100000                __RAM_SIZE = 0x100000
                0x00001000                __STACK_SIZE = 0x1000
                0x00001000                __HEAP_SIZE = 0x1000
                0x00000000                __STACKSEAL_SIZE = 0x0

.text           0x10000000     0x388c
                0x10000000                . = ALIGN (0x4)
                0x10000000                _stext = .
 *(.vectors)
 .vectors       0x10000000      0x7c0 build/startup_ARMCM33.o
                0x10000000                __Vectors
                0x100007c0                __Vectors_End
 *(.text*)
 .text          0x100007c0       0x40 c:/users/xidon/program/arm_gcc/gcc-arm-none-eabi-10.3-2021.10/bin/../lib/gcc/arm-none-eabi/10.3.1/thumb/v8-m.main+fp/hard/crtbegin.o
 .text.__aeabi_unwind_cpp_pr0
                0x10000800        0x2 build/main.o
                0x10000800                __aeabi_unwind_cpp_pr0
 *fill*         0x10000802        0x2 
 .text.fault_unalign_trigger
                0x10000804       0x4c build/main.o
                0x10000804                fault_unalign_trigger
 .text.test0    0x10000850       0x18 build/main.o
                0x10000850                test0
 .text.test1    0x10000868       0x18 build/main.o
                0x10000868                test1
 .text.test2    0x10000880       0x18 build/main.o
                0x10000880                test2
 .text.test3    0x10000898       0x18 build/main.o
                0x10000898                test3
 .text.test4    0x100008b0       0x18 build/main.o
                0x100008b0                test4
 .text.test5    0x100008c8       0x18 build/main.o
                0x100008c8                test5
 .text.main     0x100008e0       0x2c build/main.o
                0x100008e0                main
 .text.SystemInit
                0x1000090c       0x2c build/system_ARMCM33.o
                0x1000090c                SystemInit
 .text._out_null
                0x10000938        0x2 build/printf.o
 .text._atoi    0x1000093a       0x24 build/printf.o
 .text._out_rev
                0x1000095e       0x7e build/printf.o
 .text._ntoa_format
                0x100009dc      0x138 build/printf.o
 .text._ntoa_long
                0x10000b14       0x94 build/printf.o
 .text._ntoa_long_long
                0x10000ba8       0xc6 build/printf.o
 *fill*         0x10000c6e        0x2 
 .text._etoa    0x10000c70      0x3ec build/printf.o
 *fill*         0x1000105c        0x4 
 .text._ftoa    0x10001060      0x398 build/printf.o
 .text._vsnprintf
                0x100013f8      0x680 build/printf.o
 .text._out_char
                0x10001a78        0xc build/printf.o
 .text.printf   0x10001a84       0x2c build/printf.o
                0x10001a84                printf
 .text.putchar  0x10001ab0       0x14 build/uart.o
                0x10001ab0                putchar
 .text.uart_init
                0x10001ac4       0x24 build/uart.o
                0x10001ac4                uart_init
 .text.fault_dump_opcode
                0x10001ae8       0x2c build/fault-dump.o
 .text.opcode_is_bl_or_blx
                0x10001b14       0x36 build/fault-dump.o
 *fill*         0x10001b4a        0x2 
 .text.fault_dump_init
                0x10001b4c       0x44 build/fault-dump.o
                0x10001b4c                fault_dump_init
 .text.fault_dump_callstack
                0x10001b90       0x7c build/fault-dump.o
                0x10001b90                fault_dump_callstack
 .text.fault_dump_handler
                0x10001c0c      0x194 build/fault-dump.o
                0x10001c0c                fault_dump_handler
 .text          0x10001da0       0x70 build/startup_ARMCM33.o
                0x10001da0                Reset_Handler
                0x10001df4                SysTick_Handler
                0x10001df4                PendSV_Handler
                0x10001df4                NMI_Handler
                0x10001df4                Interrupt3_Handler
                0x10001df4                Interrupt8_Handler
                0x10001df4                Interrupt5_Handler
                0x10001df4                UsageFault_Handler
                0x10001df4                DebugMon_Handler
                0x10001df4                Interrupt7_Handler
                0x10001df4                Interrupt2_Handler
                0x10001df4                Interrupt0_Handler
                0x10001df4                Interrupt4_Handler
                0x10001df4                SecureFault_Handler
                0x10001df4                Interrupt9_Handler
                0x10001df4                Interrupt6_Handler
                0x10001df4                MemManage_Handler
                0x10001df4                SVC_Handler
                0x10001df4                Interrupt1_Handler
                0x10001df4                BusFault_Handler
 .text          0x10001e10       0x44 build/fault-gcc.o
                0x10001e10                HardFault_Handler
 .text.memset   0x10001e54       0x10 c:/users/xidon/program/arm_gcc/gcc-arm-none-eabi-10.3-2021.10/bin/../lib/gcc/arm-none-eabi/10.3.1/../../../../arm-none-eabi/lib/thumb/v8-m.main+fp/hard\libc_nano.a(lib_a-memset.o)
                0x10001e54                memset
 .text._puts_r  0x10001e64       0xdc c:/users/xidon/program/arm_gcc/gcc-arm-none-eabi-10.3-2021.10/bin/../lib/gcc/arm-none-eabi/10.3.1/../../../../arm-none-eabi/lib/thumb/v8-m.main+fp/hard\libc_nano.a(lib_a-puts.o)
                0x10001e64                _puts_r
 .text.puts     0x10001f40       0x10 c:/users/xidon/program/arm_gcc/gcc-arm-none-eabi-10.3-2021.10/bin/../lib/gcc/arm-none-eabi/10.3.1/../../../../arm-none-eabi/lib/thumb/v8-m.main+fp/hard\libc_nano.a(lib_a-puts.o)
                0x10001f40                puts
 .text.__swbuf_r
                0x10001f50       0xa4 c:/users/xidon/program/arm_gcc/gcc-arm-none-eabi-10.3-2021.10/bin/../lib/gcc/arm-none-eabi/10.3.1/../../../../arm-none-eabi/lib/thumb/v8-m.main+fp/hard\libc_nano.a(lib_a-wbuf.o)
                0x10001f50                __swbuf_r
 .text.__swsetup_r
                0x10001ff4       0xdc c:/users/xidon/program/arm_gcc/gcc-arm-none-eabi-10.3-2021.10/bin/../lib/gcc/arm-none-eabi/10.3.1/../../../../arm-none-eabi/lib/thumb/v8-m.main+fp/hard\libc_nano.a(lib_a-wsetup.o)
                0x10001ff4                __swsetup_r
 .text.__sflush_r
                0x100020d0      0x108 c:/users/xidon/program/arm_gcc/gcc-arm-none-eabi-10.3-2021.10/bin/../lib/gcc/arm-none-eabi/10.3.1/../../../../arm-none-eabi/lib/thumb/v8-m.main+fp/hard\libc_nano.a(lib_a-fflush.o)
                0x100020d0                __sflush_r
 .text._fflush_r
                0x100021d8       0x78 c:/users/xidon/program/arm_gcc/gcc-arm-none-eabi-10.3-2021.10/bin/../lib/gcc/arm-none-eabi/10.3.1/../../../../arm-none-eabi/lib/thumb/v8-m.main+fp/hard\libc_nano.a(lib_a-fflush.o)
                0x100021d8                _fflush_r
 .text.std      0x10002250       0x48 c:/users/xidon/program/arm_gcc/gcc-arm-none-eabi-10.3-2021.10/bin/../lib/gcc/arm-none-eabi/10.3.1/../../../../arm-none-eabi/lib/thumb/v8-m.main+fp/hard\libc_nano.a(lib_a-findfp.o)
 .text._cleanup_r
                0x10002298        0xc c:/users/xidon/program/arm_gcc/gcc-arm-none-eabi-10.3-2021.10/bin/../lib/gcc/arm-none-eabi/10.3.1/../../../../arm-none-eabi/lib/thumb/v8-m.main+fp/hard\libc_nano.a(lib_a-findfp.o)
                0x10002298                _cleanup_r
 .text.__sfmoreglue
                0x100022a4       0x2c c:/users/xidon/program/arm_gcc/gcc-arm-none-eabi-10.3-2021.10/bin/../lib/gcc/arm-none-eabi/10.3.1/../../../../arm-none-eabi/lib/thumb/v8-m.main+fp/hard\libc_nano.a(lib_a-findfp.o)
                0x100022a4                __sfmoreglue
 .text.__sfp_lock_acquire
                0x100022d0        0xc c:/users/xidon/program/arm_gcc/gcc-arm-none-eabi-10.3-2021.10/bin/../lib/gcc/arm-none-eabi/10.3.1/../../../../arm-none-eabi/lib/thumb/v8-m.main+fp/hard\libc_nano.a(lib_a-findfp.o)
                0x100022d0                __sfp_lock_acquire
 .text.__sfp_lock_release
                0x100022dc        0xc c:/users/xidon/program/arm_gcc/gcc-arm-none-eabi-10.3-2021.10/bin/../lib/gcc/arm-none-eabi/10.3.1/../../../../arm-none-eabi/lib/thumb/v8-m.main+fp/hard\libc_nano.a(lib_a-findfp.o)
                0x100022dc                __sfp_lock_release
 .text.__sinit_lock_acquire
                0x100022e8        0xc c:/users/xidon/program/arm_gcc/gcc-arm-none-eabi-10.3-2021.10/bin/../lib/gcc/arm-none-eabi/10.3.1/../../../../arm-none-eabi/lib/thumb/v8-m.main+fp/hard\libc_nano.a(lib_a-findfp.o)
                0x100022e8                __sinit_lock_acquire
 .text.__sinit_lock_release
                0x100022f4        0xc c:/users/xidon/program/arm_gcc/gcc-arm-none-eabi-10.3-2021.10/bin/../lib/gcc/arm-none-eabi/10.3.1/../../../../arm-none-eabi/lib/thumb/v8-m.main+fp/hard\libc_nano.a(lib_a-findfp.o)
                0x100022f4                __sinit_lock_release
 .text.__sinit  0x10002300       0x70 c:/users/xidon/program/arm_gcc/gcc-arm-none-eabi-10.3-2021.10/bin/../lib/gcc/arm-none-eabi/10.3.1/../../../../arm-none-eabi/lib/thumb/v8-m.main+fp/hard\libc_nano.a(lib_a-findfp.o)
                0x10002300                __sinit
 .text.__sfp    0x10002370       0x8c c:/users/xidon/program/arm_gcc/gcc-arm-none-eabi-10.3-2021.10/bin/../lib/gcc/arm-none-eabi/10.3.1/../../../../arm-none-eabi/lib/thumb/v8-m.main+fp/hard\libc_nano.a(lib_a-findfp.o)
                0x10002370                __sfp
 .text._fwalk_reent
                0x100023fc       0x3e c:/users/xidon/program/arm_gcc/gcc-arm-none-eabi-10.3-2021.10/bin/../lib/gcc/arm-none-eabi/10.3.1/../../../../arm-none-eabi/lib/thumb/v8-m.main+fp/hard\libc_nano.a(lib_a-fwalk.o)
                0x100023fc                _fwalk_reent
 .text.__retarget_lock_init_recursive
                0x1000243a        0x2 c:/users/xidon/program/arm_gcc/gcc-arm-none-eabi-10.3-2021.10/bin/../lib/gcc/arm-none-eabi/10.3.1/../../../../arm-none-eabi/lib/thumb/v8-m.main+fp/hard\libc_nano.a(lib_a-lock.o)
                0x1000243a                __retarget_lock_init_recursive
 .text.__retarget_lock_acquire_recursive
                0x1000243c        0x2 c:/users/xidon/program/arm_gcc/gcc-arm-none-eabi-10.3-2021.10/bin/../lib/gcc/arm-none-eabi/10.3.1/../../../../arm-none-eabi/lib/thumb/v8-m.main+fp/hard\libc_nano.a(lib_a-lock.o)
                0x1000243c                __retarget_lock_acquire_recursive
 .text.__retarget_lock_release_recursive
                0x1000243e        0x2 c:/users/xidon/program/arm_gcc/gcc-arm-none-eabi-10.3-2021.10/bin/../lib/gcc/arm-none-eabi/10.3.1/../../../../arm-none-eabi/lib/thumb/v8-m.main+fp/hard\libc_nano.a(lib_a-lock.o)
                0x1000243e                __retarget_lock_release_recursive
 .text.__swhatbuf_r
                0x10002440       0x4a c:/users/xidon/program/arm_gcc/gcc-arm-none-eabi-10.3-2021.10/bin/../lib/gcc/arm-none-eabi/10.3.1/../../../../arm-none-eabi/lib/thumb/v8-m.main+fp/hard\libc_nano.a(lib_a-makebuf.o)
                0x10002440                __swhatbuf_r
 *fill*         0x1000248a        0x2 
 .text.__smakebuf_r
                0x1000248c       0x80 c:/users/xidon/program/arm_gcc/gcc-arm-none-eabi-10.3-2021.10/bin/../lib/gcc/arm-none-eabi/10.3.1/../../../../arm-none-eabi/lib/thumb/v8-m.main+fp/hard\libc_nano.a(lib_a-makebuf.o)
                0x1000248c                __smakebuf_r
 .text._free_r  0x1000250c       0x98 c:/users/xidon/program/arm_gcc/gcc-arm-none-eabi-10.3-2021.10/bin/../lib/gcc/arm-none-eabi/10.3.1/../../../../arm-none-eabi/lib/thumb/v8-m.main+fp/hard\libc_nano.a(lib_a-nano-freer.o)
                0x1000250c                _free_r
 .text.sbrk_aligned
                0x100025a4       0x40 c:/users/xidon/program/arm_gcc/gcc-arm-none-eabi-10.3-2021.10/bin/../lib/gcc/arm-none-eabi/10.3.1/../../../../arm-none-eabi/lib/thumb/v8-m.main+fp/hard\libc_nano.a(lib_a-nano-mallocr.o)
 .text._malloc_r
                0x100025e4       0xe8 c:/users/xidon/program/arm_gcc/gcc-arm-none-eabi-10.3-2021.10/bin/../lib/gcc/arm-none-eabi/10.3.1/../../../../arm-none-eabi/lib/thumb/v8-m.main+fp/hard\libc_nano.a(lib_a-nano-mallocr.o)
                0x100025e4                _malloc_r
 .text._sbrk_r  0x100026cc       0x20 c:/users/xidon/program/arm_gcc/gcc-arm-none-eabi-10.3-2021.10/bin/../lib/gcc/arm-none-eabi/10.3.1/../../../../arm-none-eabi/lib/thumb/v8-m.main+fp/hard\libc_nano.a(lib_a-sbrkr.o)
                0x100026cc                _sbrk_r
 .text.__sread  0x100026ec       0x22 c:/users/xidon/program/arm_gcc/gcc-arm-none-eabi-10.3-2021.10/bin/../lib/gcc/arm-none-eabi/10.3.1/../../../../arm-none-eabi/lib/thumb/v8-m.main+fp/hard\libc_nano.a(lib_a-stdio.o)
                0x100026ec                __sread
 .text.__swrite
                0x1000270e       0x38 c:/users/xidon/program/arm_gcc/gcc-arm-none-eabi-10.3-2021.10/bin/../lib/gcc/arm-none-eabi/10.3.1/../../../../arm-none-eabi/lib/thumb/v8-m.main+fp/hard\libc_nano.a(lib_a-stdio.o)
                0x1000270e                __swrite
 .text.__sseek  0x10002746       0x24 c:/users/xidon/program/arm_gcc/gcc-arm-none-eabi-10.3-2021.10/bin/../lib/gcc/arm-none-eabi/10.3.1/../../../../arm-none-eabi/lib/thumb/v8-m.main+fp/hard\libc_nano.a(lib_a-stdio.o)
                0x10002746                __sseek
 .text.__sclose
                0x1000276a        0x8 c:/users/xidon/program/arm_gcc/gcc-arm-none-eabi-10.3-2021.10/bin/../lib/gcc/arm-none-eabi/10.3.1/../../../../arm-none-eabi/lib/thumb/v8-m.main+fp/hard\libc_nano.a(lib_a-stdio.o)
                0x1000276a                __sclose
 *fill*         0x10002772        0x2 
 .text._write_r
                0x10002774       0x24 c:/users/xidon/program/arm_gcc/gcc-arm-none-eabi-10.3-2021.10/bin/../lib/gcc/arm-none-eabi/10.3.1/../../../../arm-none-eabi/lib/thumb/v8-m.main+fp/hard\libc_nano.a(lib_a-writer.o)
                0x10002774                _write_r
 .text._close_r
                0x10002798       0x20 c:/users/xidon/program/arm_gcc/gcc-arm-none-eabi-10.3-2021.10/bin/../lib/gcc/arm-none-eabi/10.3.1/../../../../arm-none-eabi/lib/thumb/v8-m.main+fp/hard\libc_nano.a(lib_a-closer.o)
                0x10002798                _close_r
 .text._fstat_r
                0x100027b8       0x24 c:/users/xidon/program/arm_gcc/gcc-arm-none-eabi-10.3-2021.10/bin/../lib/gcc/arm-none-eabi/10.3.1/../../../../arm-none-eabi/lib/thumb/v8-m.main+fp/hard\libc_nano.a(lib_a-fstatr.o)
                0x100027b8                _fstat_r
 .text._isatty_r
                0x100027dc       0x20 c:/users/xidon/program/arm_gcc/gcc-arm-none-eabi-10.3-2021.10/bin/../lib/gcc/arm-none-eabi/10.3.1/../../../../arm-none-eabi/lib/thumb/v8-m.main+fp/hard\libc_nano.a(lib_a-isattyr.o)
                0x100027dc                _isatty_r
 .text._lseek_r
                0x100027fc       0x24 c:/users/xidon/program/arm_gcc/gcc-arm-none-eabi-10.3-2021.10/bin/../lib/gcc/arm-none-eabi/10.3.1/../../../../arm-none-eabi/lib/thumb/v8-m.main+fp/hard\libc_nano.a(lib_a-lseekr.o)
                0x100027fc                _lseek_r
 .text.__malloc_lock
                0x10002820        0xc c:/users/xidon/program/arm_gcc/gcc-arm-none-eabi-10.3-2021.10/bin/../lib/gcc/arm-none-eabi/10.3.1/../../../../arm-none-eabi/lib/thumb/v8-m.main+fp/hard\libc_nano.a(lib_a-mlock.o)
                0x10002820                __malloc_lock
 .text.__malloc_unlock
                0x1000282c        0xc c:/users/xidon/program/arm_gcc/gcc-arm-none-eabi-10.3-2021.10/bin/../lib/gcc/arm-none-eabi/10.3.1/../../../../arm-none-eabi/lib/thumb/v8-m.main+fp/hard\libc_nano.a(lib_a-mlock.o)
                0x1000282c                __malloc_unlock
 .text._read_r  0x10002838       0x24 c:/users/xidon/program/arm_gcc/gcc-arm-none-eabi-10.3-2021.10/bin/../lib/gcc/arm-none-eabi/10.3.1/../../../../arm-none-eabi/lib/thumb/v8-m.main+fp/hard\libc_nano.a(lib_a-readr.o)
                0x10002838                _read_r
 .text._close   0x1000285c       0x10 c:/users/xidon/program/arm_gcc/gcc-arm-none-eabi-10.3-2021.10/bin/../lib/gcc/arm-none-eabi/10.3.1/../../../../arm-none-eabi/lib/thumb/v8-m.main+fp/hard\libnosys.a(close.o)
                0x1000285c                _close
 .text._fstat   0x1000286c       0x10 c:/users/xidon/program/arm_gcc/gcc-arm-none-eabi-10.3-2021.10/bin/../lib/gcc/arm-none-eabi/10.3.1/../../../../arm-none-eabi/lib/thumb/v8-m.main+fp/hard\libnosys.a(fstat.o)
                0x1000286c                _fstat
 .text._isatty  0x1000287c       0x10 c:/users/xidon/program/arm_gcc/gcc-arm-none-eabi-10.3-2021.10/bin/../lib/gcc/arm-none-eabi/10.3.1/../../../../arm-none-eabi/lib/thumb/v8-m.main+fp/hard\libnosys.a(isatty.o)
                0x1000287c                _isatty
 .text._lseek   0x1000288c       0x10 c:/users/xidon/program/arm_gcc/gcc-arm-none-eabi-10.3-2021.10/bin/../lib/gcc/arm-none-eabi/10.3.1/../../../../arm-none-eabi/lib/thumb/v8-m.main+fp/hard\libnosys.a(lseek.o)
                0x1000288c                _lseek
 .text._read    0x1000289c       0x10 c:/users/xidon/program/arm_gcc/gcc-arm-none-eabi-10.3-2021.10/bin/../lib/gcc/arm-none-eabi/10.3.1/../../../../arm-none-eabi/lib/thumb/v8-m.main+fp/hard\libnosys.a(read.o)
                0x1000289c                _read
 .text._sbrk    0x100028ac       0x20 c:/users/xidon/program/arm_gcc/gcc-arm-none-eabi-10.3-2021.10/bin/../lib/gcc/arm-none-eabi/10.3.1/../../../../arm-none-eabi/lib/thumb/v8-m.main+fp/hard\libnosys.a(sbrk.o)
                0x100028ac                _sbrk
 .text._write   0x100028cc       0x10 c:/users/xidon/program/arm_gcc/gcc-arm-none-eabi-10.3-2021.10/bin/../lib/gcc/arm-none-eabi/10.3.1/../../../../arm-none-eabi/lib/thumb/v8-m.main+fp/hard\libnosys.a(write.o)
                0x100028cc                _write
 .text          0x100028dc      0x378 c:/users/xidon/program/arm_gcc/gcc-arm-none-eabi-10.3-2021.10/bin/../lib/gcc/arm-none-eabi/10.3.1/thumb/v8-m.main+fp/hard\libgcc.a(_arm_addsubdf3.o)
                0x100028dc                __aeabi_drsub
                0x100028e4                __aeabi_dsub
                0x100028e4                __subdf3
                0x100028e8                __aeabi_dadd
                0x100028e8                __adddf3
                0x10002b60                __floatunsidf
                0x10002b60                __aeabi_ui2d
                0x10002b80                __floatsidf
                0x10002b80                __aeabi_i2d
                0x10002ba4                __aeabi_f2d
                0x10002ba4                __extendsfdf2
                0x10002be8                __floatundidf
                0x10002be8                __aeabi_ul2d
                0x10002bf8                __floatdidf
                0x10002bf8                __aeabi_l2d
 .text          0x10002c54      0x424 c:/users/xidon/program/arm_gcc/gcc-arm-none-eabi-10.3-2021.10/bin/../lib/gcc/arm-none-eabi/10.3.1/thumb/v8-m.main+fp/hard\libgcc.a(_arm_muldivdf3.o)
                0x10002c54                __aeabi_dmul
                0x10002c54                __muldf3
                0x10002ea8                __divdf3
                0x10002ea8                __aeabi_ddiv
 .text          0x10003078      0x110 c:/users/xidon/program/arm_gcc/gcc-arm-none-eabi-10.3-2021.10/bin/../lib/gcc/arm-none-eabi/10.3.1/thumb/v8-m.main+fp/hard\libgcc.a(_arm_cmpdf2.o)
                0x10003078                __gtdf2
                0x10003078                __gedf2
                0x10003080                __ltdf2
                0x10003080                __ledf2
                0x10003088                __nedf2
                0x10003088                __eqdf2
                0x10003088                __cmpdf2
                0x10003104                __aeabi_cdrcmple
                0x10003114                __aeabi_cdcmpeq
                0x10003114                __aeabi_cdcmple
                0x10003124                __aeabi_dcmpeq
                0x10003138                __aeabi_dcmplt
                0x1000314c                __aeabi_dcmple
                0x10003160                __aeabi_dcmpge
                0x10003174                __aeabi_dcmpgt
 .text          0x10003188       0x50 c:/users/xidon/program/arm_gcc/gcc-arm-none-eabi-10.3-2021.10/bin/../lib/gcc/arm-none-eabi/10.3.1/thumb/v8-m.main+fp/hard\libgcc.a(_arm_fixdfsi.o)
                0x10003188                __aeabi_d2iz
                0x10003188                __fixdfsi
 .text          0x100031d8       0x40 c:/users/xidon/program/arm_gcc/gcc-arm-none-eabi-10.3-2021.10/bin/../lib/gcc/arm-none-eabi/10.3.1/thumb/v8-m.main+fp/hard\libgcc.a(_arm_fixunsdfsi.o)
                0x100031d8                __aeabi_d2uiz
                0x100031d8                __fixunsdfsi
 .text          0x10003218       0x30 c:/users/xidon/program/arm_gcc/gcc-arm-none-eabi-10.3-2021.10/bin/../lib/gcc/arm-none-eabi/10.3.1/thumb/v8-m.main+fp/hard\libgcc.a(_aeabi_uldivmod.o)
                0x10003218                __aeabi_uldivmod
 .text          0x10003248      0x2ec c:/users/xidon/program/arm_gcc/gcc-arm-none-eabi-10.3-2021.10/bin/../lib/gcc/arm-none-eabi/10.3.1/thumb/v8-m.main+fp/hard\libgcc.a(_udivmoddi4.o)
                0x10003248                __udivmoddi4
 .text          0x10003534        0x4 c:/users/xidon/program/arm_gcc/gcc-arm-none-eabi-10.3-2021.10/bin/../lib/gcc/arm-none-eabi/10.3.1/thumb/v8-m.main+fp/hard\libgcc.a(_dvmd_tls.o)
                0x10003534                __aeabi_idiv0
                0x10003534                __aeabi_ldiv0
 *(.init)
 .init          0x10003538        0x4 c:/users/xidon/program/arm_gcc/gcc-arm-none-eabi-10.3-2021.10/bin/../lib/gcc/arm-none-eabi/10.3.1/thumb/v8-m.main+fp/hard/crti.o
                0x10003538                _init
 .init          0x1000353c        0x8 c:/users/xidon/program/arm_gcc/gcc-arm-none-eabi-10.3-2021.10/bin/../lib/gcc/arm-none-eabi/10.3.1/thumb/v8-m.main+fp/hard/crtn.o
 *(.fini)
 .fini          0x10003544        0x4 c:/users/xidon/program/arm_gcc/gcc-arm-none-eabi-10.3-2021.10/bin/../lib/gcc/arm-none-eabi/10.3.1/thumb/v8-m.main+fp/hard/crti.o
                0x10003544                _fini
 .fini          0x10003548        0x8 c:/users/xidon/program/arm_gcc/gcc-arm-none-eabi-10.3-2021.10/bin/../lib/gcc/arm-none-eabi/10.3.1/thumb/v8-m.main+fp/hard/crtn.o
 *crtbegin.o(.ctors)
 *crtbegin?.o(.ctors)
 *(EXCLUDE_FILE(*crtend.o *crtend?.o) .ctors)
 *(SORT_BY_NAME(.ctors.*))
 *(.ctors)
 *crtbegin.o(.dtors)
 *crtbegin?.o(.dtors)
 *(EXCLUDE_FILE(*crtend.o *crtend?.o) .dtors)
 *(SORT_BY_NAME(.dtors.*))
 *(.dtors)
 *(.rodata*)
 .rodata.fault_unalign_trigger.str1.4
                0x10003550       0x1b build/main.o
 *fill*         0x1000356b        0x1 
 .rodata.test0.str1.4
                0x1000356c        0xe build/main.o
 *fill*         0x1000357a        0x2 
 .rodata.main.str1.4
                0x1000357c       0x1b build/main.o
 *fill*         0x10003597        0x1 
 .rodata.__func__.0
                0x10003598        0x6 build/main.o
 *fill*         0x1000359e        0x2 
 .rodata.__func__.1
                0x100035a0        0x6 build/main.o
 *fill*         0x100035a6        0x2 
 .rodata.__func__.2
                0x100035a8        0x6 build/main.o
 *fill*         0x100035ae        0x2 
 .rodata.__func__.3
                0x100035b0        0x6 build/main.o
 *fill*         0x100035b6        0x2 
 .rodata.__func__.4
                0x100035b8        0x6 build/main.o
 *fill*         0x100035be        0x2 
 .rodata.__func__.5
                0x100035c0        0x6 build/main.o
 *fill*         0x100035c6        0x2 
 .rodata._ftoa.str1.4
                0x100035c8       0x15 build/printf.o
 *fill*         0x100035dd        0x3 
 .rodata.pow10.0
                0x100035e0       0x50 build/printf.o
 .rodata.fault_dump_init.str1.4
                0x10003630       0x4d build/fault-dump.o
 *fill*         0x1000367d        0x3 
 .rodata.fault_dump_handler.str1.4
                0x10003680      0x1a2 build/fault-dump.o
                                0x1a6 (size before relaxing)
 *fill*         0x10003822        0x2 
 .rodata._global_impure_ptr
                0x10003824        0x4 c:/users/xidon/program/arm_gcc/gcc-arm-none-eabi-10.3-2021.10/bin/../lib/gcc/arm-none-eabi/10.3.1/../../../../arm-none-eabi/lib/thumb/v8-m.main+fp/hard\libc_nano.a(lib_a-impure.o)
                0x10003824                _global_impure_ptr
 .rodata.__sf_fake_stderr
                0x10003828       0x20 c:/users/xidon/program/arm_gcc/gcc-arm-none-eabi-10.3-2021.10/bin/../lib/gcc/arm-none-eabi/10.3.1/../../../../arm-none-eabi/lib/thumb/v8-m.main+fp/hard\libc_nano.a(lib_a-findfp.o)
                0x10003828                __sf_fake_stderr
 .rodata.__sf_fake_stdin
                0x10003848       0x20 c:/users/xidon/program/arm_gcc/gcc-arm-none-eabi-10.3-2021.10/bin/../lib/gcc/arm-none-eabi/10.3.1/../../../../arm-none-eabi/lib/thumb/v8-m.main+fp/hard\libc_nano.a(lib_a-findfp.o)
                0x10003848                __sf_fake_stdin
 .rodata.__sf_fake_stdout
                0x10003868       0x20 c:/users/xidon/program/arm_gcc/gcc-arm-none-eabi-10.3-2021.10/bin/../lib/gcc/arm-none-eabi/10.3.1/../../../../arm-none-eabi/lib/thumb/v8-m.main+fp/hard\libc_nano.a(lib_a-findfp.o)
                0x10003868                __sf_fake_stdout
 *(.eh_frame*)
 .eh_frame      0x10003888        0x0 c:/users/xidon/program/arm_gcc/gcc-arm-none-eabi-10.3-2021.10/bin/../lib/gcc/arm-none-eabi/10.3.1/thumb/v8-m.main+fp/hard/crtbegin.o
 .eh_frame      0x10003888        0x4 c:/users/xidon/program/arm_gcc/gcc-arm-none-eabi-10.3-2021.10/bin/../lib/gcc/arm-none-eabi/10.3.1/thumb/v8-m.main+fp/hard/crtend.o
                0x1000388c                . = ALIGN (0x4)
                0x1000388c                _etext = .

.glue_7         0x1000388c        0x0
 .glue_7        0x1000388c        0x0 linker stubs

.glue_7t        0x1000388c        0x0
 .glue_7t       0x1000388c        0x0 linker stubs

.vfp11_veneer   0x1000388c        0x0
 .vfp11_veneer  0x1000388c        0x0 linker stubs

.v4_bx          0x1000388c        0x0
 .v4_bx         0x1000388c        0x0 linker stubs

.iplt           0x1000388c        0x0
 .iplt          0x1000388c        0x0 c:/users/xidon/program/arm_gcc/gcc-arm-none-eabi-10.3-2021.10/bin/../lib/gcc/arm-none-eabi/10.3.1/thumb/v8-m.main+fp/hard/crtbegin.o

.ARM.extab
 *(.ARM.extab* .gnu.linkonce.armextab.*)
                0x1000388c                __exidx_start = .

.ARM.exidx      0x1000388c       0x10
 *(.ARM.exidx* .gnu.linkonce.armexidx.*)
 .ARM.exidx     0x1000388c       0x10 build/startup_ARMCM33.o
                                 0x18 (size before relaxing)
 .ARM.exidx     0x1000389c        0x0 c:/users/xidon/program/arm_gcc/gcc-arm-none-eabi-10.3-2021.10/bin/../lib/gcc/arm-none-eabi/10.3.1/thumb/v8-m.main+fp/hard\libgcc.a(_udivmoddi4.o)
                                  0x8 (size before relaxing)
                0x1000389c                __exidx_end = .

.rel.dyn        0x1000389c        0x0
 .rel.iplt      0x1000389c        0x0 c:/users/xidon/program/arm_gcc/gcc-arm-none-eabi-10.3-2021.10/bin/../lib/gcc/arm-none-eabi/10.3.1/thumb/v8-m.main+fp/hard/crtbegin.o

.copy.table     0x1000389c        0xc
                0x1000389c                . = ALIGN (0x4)
                0x1000389c                __copy_table_start__ = .
                0x1000389c        0x4 LONG 0x100038a8 __etext
                0x100038a0        0x4 LONG 0x38000000 __data_start__
                0x100038a4        0x4 LONG 0x1c ((__data_end__ - __data_start__) / 0x4)
                0x100038a8                __copy_table_end__ = .

.zero.table     0x100038a8        0x0
                0x100038a8                . = ALIGN (0x4)
                0x100038a8                __zero_table_start__ = .
                0x100038a8                __zero_table_end__ = .
                0x100038a8                __etext = ALIGN (0x4)

.data           0x38000000       0x70 load address 0x100038a8
                0x38000000                __data_start__ = .
 *(vtable)
 *(.data)
 *(.data.*)
 .data.SystemCoreClock
                0x38000000        0x4 build/system_ARMCM33.o
                0x38000000                SystemCoreClock
 .data._impure_ptr
                0x38000004        0x4 c:/users/xidon/program/arm_gcc/gcc-arm-none-eabi-10.3-2021.10/bin/../lib/gcc/arm-none-eabi/10.3.1/../../../../arm-none-eabi/lib/thumb/v8-m.main+fp/hard\libc_nano.a(lib_a-impure.o)
                0x38000004                _impure_ptr
 .data.impure_data
                0x38000008       0x60 c:/users/xidon/program/arm_gcc/gcc-arm-none-eabi-10.3-2021.10/bin/../lib/gcc/arm-none-eabi/10.3.1/../../../../arm-none-eabi/lib/thumb/v8-m.main+fp/hard\libc_nano.a(lib_a-impure.o)
                0x38000068                . = ALIGN (0x4)
                0x38000068                PROVIDE (__preinit_array_start = .)
 *(.preinit_array)
                0x38000068                PROVIDE (__preinit_array_end = .)
                0x38000068                . = ALIGN (0x4)
                0x38000068                PROVIDE (__init_array_start = .)
 *(SORT_BY_NAME(.init_array.*))
 *(.init_array)
 .init_array    0x38000068        0x4 c:/users/xidon/program/arm_gcc/gcc-arm-none-eabi-10.3-2021.10/bin/../lib/gcc/arm-none-eabi/10.3.1/thumb/v8-m.main+fp/hard/crtbegin.o
                0x3800006c                PROVIDE (__init_array_end = .)
                0x3800006c                . = ALIGN (0x4)
                [!provide]                PROVIDE (__fini_array_start = .)
 *(SORT_BY_NAME(.fini_array.*))
 *(.fini_array)
 .fini_array    0x3800006c        0x4 c:/users/xidon/program/arm_gcc/gcc-arm-none-eabi-10.3-2021.10/bin/../lib/gcc/arm-none-eabi/10.3.1/thumb/v8-m.main+fp/hard/crtbegin.o
                [!provide]                PROVIDE (__fini_array_end = .)
 *(.jcr*)
                0x38000070                . = ALIGN (0x4)
                0x38000070                __data_end__ = .

.igot.plt       0x38000070        0x0 load address 0x10003918
 .igot.plt      0x38000070        0x0 c:/users/xidon/program/arm_gcc/gcc-arm-none-eabi-10.3-2021.10/bin/../lib/gcc/arm-none-eabi/10.3.1/thumb/v8-m.main+fp/hard/crtbegin.o

.bss            0x38000070      0x178
                0x38000070                . = ALIGN (0x4)
                0x38000070                __bss_start__ = .
 *(.bss)
 .bss           0x38000070       0x1c c:/users/xidon/program/arm_gcc/gcc-arm-none-eabi-10.3-2021.10/bin/../lib/gcc/arm-none-eabi/10.3.1/thumb/v8-m.main+fp/hard/crtbegin.o
 *(.bss.*)
 .bss.buffer.0  0x3800008c      0x100 build/fault-dump.o
 .bss.fd_code_stack_base
                0x3800018c        0x4 build/fault-dump.o
                0x3800018c                fd_code_stack_base
 .bss.fd_code_stack_full
                0x38000190        0x4 build/fault-dump.o
                0x38000190                fd_code_stack_full
 .bss.frame.1   0x38000194       0x40 build/fault-dump.o
 .bss.__lock___malloc_recursive_mutex
                0x380001d4        0x1 c:/users/xidon/program/arm_gcc/gcc-arm-none-eabi-10.3-2021.10/bin/../lib/gcc/arm-none-eabi/10.3.1/../../../../arm-none-eabi/lib/thumb/v8-m.main+fp/hard\libc_nano.a(lib_a-lock.o)
                0x380001d4                __lock___malloc_recursive_mutex
 .bss.__lock___sfp_recursive_mutex
                0x380001d5        0x1 c:/users/xidon/program/arm_gcc/gcc-arm-none-eabi-10.3-2021.10/bin/../lib/gcc/arm-none-eabi/10.3.1/../../../../arm-none-eabi/lib/thumb/v8-m.main+fp/hard\libc_nano.a(lib_a-lock.o)
                0x380001d5                __lock___sfp_recursive_mutex
 .bss.__lock___sinit_recursive_mutex
                0x380001d6        0x1 c:/users/xidon/program/arm_gcc/gcc-arm-none-eabi-10.3-2021.10/bin/../lib/gcc/arm-none-eabi/10.3.1/../../../../arm-none-eabi/lib/thumb/v8-m.main+fp/hard\libc_nano.a(lib_a-lock.o)
                0x380001d6                __lock___sinit_recursive_mutex
 *fill*         0x380001d7        0x1 
 .bss.__malloc_free_list
                0x380001d8        0x4 c:/users/xidon/program/arm_gcc/gcc-arm-none-eabi-10.3-2021.10/bin/../lib/gcc/arm-none-eabi/10.3.1/../../../../arm-none-eabi/lib/thumb/v8-m.main+fp/hard\libc_nano.a(lib_a-nano-mallocr.o)
                0x380001d8                __malloc_free_list
 .bss.__malloc_sbrk_start
                0x380001dc        0x4 c:/users/xidon/program/arm_gcc/gcc-arm-none-eabi-10.3-2021.10/bin/../lib/gcc/arm-none-eabi/10.3.1/../../../../arm-none-eabi/lib/thumb/v8-m.main+fp/hard\libc_nano.a(lib_a-nano-mallocr.o)
                0x380001dc                __malloc_sbrk_start
 .bss.errno     0x380001e0        0x4 c:/users/xidon/program/arm_gcc/gcc-arm-none-eabi-10.3-2021.10/bin/../lib/gcc/arm-none-eabi/10.3.1/../../../../arm-none-eabi/lib/thumb/v8-m.main+fp/hard\libc_nano.a(lib_a-reent.o)
                0x380001e0                errno
 .bss.heap_end.0
                0x380001e4        0x4 c:/users/xidon/program/arm_gcc/gcc-arm-none-eabi-10.3-2021.10/bin/../lib/gcc/arm-none-eabi/10.3.1/../../../../arm-none-eabi/lib/thumb/v8-m.main+fp/hard\libnosys.a(sbrk.o)
 *(COMMON)
                0x380001e8                . = ALIGN (0x4)
                0x380001e8                __bss_end__ = .

.heap           0x380001e8     0x1000
                0x380001e8                . = ALIGN (0x8)
                0x380001e8                __end__ = .
                0x380001e8                PROVIDE (end = .)
                0x380011e8                . = (. + __HEAP_SIZE)
 *fill*         0x380001e8     0x1000 
                0x380011e8                . = ALIGN (0x8)
                0x380011e8                __HeapLimit = .

.stack          0x380ff000     0x1000
                0x380ff000                . = ALIGN (0x8)
                0x380ff000                __StackLimit = .
                0x380ff000                _sstack = .
                0x38100000                . = (. + __STACK_SIZE)
 *fill*         0x380ff000     0x1000 
                0x38100000                . = ALIGN (0x8)
                0x38100000                __StackTop = .
                0x38100000                _estack = .
                0x38100000                PROVIDE (__stack = __StackTop)
                0x00000001                ASSERT ((__StackLimit >= __HeapLimit), region RAM overflowed with stack)
OUTPUT(build/an505-qemu.elf elf32-littlearm)
LOAD linker stubs

.ARM.attributes
                0x00000000       0x36
 .ARM.attributes
                0x00000000       0x22 c:/users/xidon/program/arm_gcc/gcc-arm-none-eabi-10.3-2021.10/bin/../lib/gcc/arm-none-eabi/10.3.1/thumb/v8-m.main+fp/hard/crti.o
 .ARM.attributes
                0x00000022       0x38 c:/users/xidon/program/arm_gcc/gcc-arm-none-eabi-10.3-2021.10/bin/../lib/gcc/arm-none-eabi/10.3.1/thumb/v8-m.main+fp/hard/crtbegin.o
 .ARM.attributes
                0x0000005a       0x3a build/main.o
 .ARM.attributes
                0x00000094       0x3a build/system_ARMCM33.o
 .ARM.attributes
                0x000000ce       0x3a build/printf.o
 .ARM.attributes
                0x00000108       0x3a build/uart.o
 .ARM.attributes
                0x00000142       0x3a build/fault-dump.o
 .ARM.attributes
                0x0000017c       0x24 build/startup_ARMCM33.o
 .ARM.attributes
                0x000001a0       0x28 build/fault-gcc.o
 .ARM.attributes
                0x000001c8       0x38 c:/users/xidon/program/arm_gcc/gcc-arm-none-eabi-10.3-2021.10/bin/../lib/gcc/arm-none-eabi/10.3.1/../../../../arm-none-eabi/lib/thumb/v8-m.main+fp/hard\libc_nano.a(lib_a-impure.o)
 .ARM.attributes
                0x00000200       0x38 c:/users/xidon/program/arm_gcc/gcc-arm-none-eabi-10.3-2021.10/bin/../lib/gcc/arm-none-eabi/10.3.1/../../../../arm-none-eabi/lib/thumb/v8-m.main+fp/hard\libc_nano.a(lib_a-memset.o)
 .ARM.attributes
                0x00000238       0x38 c:/users/xidon/program/arm_gcc/gcc-arm-none-eabi-10.3-2021.10/bin/../lib/gcc/arm-none-eabi/10.3.1/../../../../arm-none-eabi/lib/thumb/v8-m.main+fp/hard\libc_nano.a(lib_a-puts.o)
 .ARM.attributes
                0x00000270       0x38 c:/users/xidon/program/arm_gcc/gcc-arm-none-eabi-10.3-2021.10/bin/../lib/gcc/arm-none-eabi/10.3.1/../../../../arm-none-eabi/lib/thumb/v8-m.main+fp/hard\libc_nano.a(lib_a-wbuf.o)
 .ARM.attributes
                0x000002a8       0x38 c:/users/xidon/program/arm_gcc/gcc-arm-none-eabi-10.3-2021.10/bin/../lib/gcc/arm-none-eabi/10.3.1/../../../../arm-none-eabi/lib/thumb/v8-m.main+fp/hard\libc_nano.a(lib_a-wsetup.o)
 .ARM.attributes
                0x000002e0       0x38 c:/users/xidon/program/arm_gcc/gcc-arm-none-eabi-10.3-2021.10/bin/../lib/gcc/arm-none-eabi/10.3.1/../../../../arm-none-eabi/lib/thumb/v8-m.main+fp/hard\libc_nano.a(lib_a-fflush.o)
 .ARM.attributes
                0x00000318       0x38 c:/users/xidon/program/arm_gcc/gcc-arm-none-eabi-10.3-2021.10/bin/../lib/gcc/arm-none-eabi/10.3.1/../../../../arm-none-eabi/lib/thumb/v8-m.main+fp/hard\libc_nano.a(lib_a-findfp.o)
 .ARM.attributes
                0x00000350       0x38 c:/users/xidon/program/arm_gcc/gcc-arm-none-eabi-10.3-2021.10/bin/../lib/gcc/arm-none-eabi/10.3.1/../../../../arm-none-eabi/lib/thumb/v8-m.main+fp/hard\libc_nano.a(lib_a-fwalk.o)
 .ARM.attributes
                0x00000388       0x38 c:/users/xidon/program/arm_gcc/gcc-arm-none-eabi-10.3-2021.10/bin/../lib/gcc/arm-none-eabi/10.3.1/../../../../arm-none-eabi/lib/thumb/v8-m.main+fp/hard\libc_nano.a(lib_a-lock.o)
 .ARM.attributes
                0x000003c0       0x38 c:/users/xidon/program/arm_gcc/gcc-arm-none-eabi-10.3-2021.10/bin/../lib/gcc/arm-none-eabi/10.3.1/../../../../arm-none-eabi/lib/thumb/v8-m.main+fp/hard\libc_nano.a(lib_a-makebuf.o)
 .ARM.attributes
                0x000003f8       0x38 c:/users/xidon/program/arm_gcc/gcc-arm-none-eabi-10.3-2021.10/bin/../lib/gcc/arm-none-eabi/10.3.1/../../../../arm-none-eabi/lib/thumb/v8-m.main+fp/hard\libc_nano.a(lib_a-nano-freer.o)
 .ARM.attributes
                0x00000430       0x38 c:/users/xidon/program/arm_gcc/gcc-arm-none-eabi-10.3-2021.10/bin/../lib/gcc/arm-none-eabi/10.3.1/../../../../arm-none-eabi/lib/thumb/v8-m.main+fp/hard\libc_nano.a(lib_a-nano-mallocr.o)
 .ARM.attributes
                0x00000468       0x38 c:/users/xidon/program/arm_gcc/gcc-arm-none-eabi-10.3-2021.10/bin/../lib/gcc/arm-none-eabi/10.3.1/../../../../arm-none-eabi/lib/thumb/v8-m.main+fp/hard\libc_nano.a(lib_a-sbrkr.o)
 .ARM.attributes
                0x000004a0       0x38 c:/users/xidon/program/arm_gcc/gcc-arm-none-eabi-10.3-2021.10/bin/../lib/gcc/arm-none-eabi/10.3.1/../../../../arm-none-eabi/lib/thumb/v8-m.main+fp/hard\libc_nano.a(lib_a-stdio.o)
 .ARM.attributes
                0x000004d8       0x38 c:/users/xidon/program/arm_gcc/gcc-arm-none-eabi-10.3-2021.10/bin/../lib/gcc/arm-none-eabi/10.3.1/../../../../arm-none-eabi/lib/thumb/v8-m.main+fp/hard\libc_nano.a(lib_a-writer.o)
 .ARM.attributes
                0x00000510       0x38 c:/users/xidon/program/arm_gcc/gcc-arm-none-eabi-10.3-2021.10/bin/../lib/gcc/arm-none-eabi/10.3.1/../../../../arm-none-eabi/lib/thumb/v8-m.main+fp/hard\libc_nano.a(lib_a-closer.o)
 .ARM.attributes
                0x00000548       0x38 c:/users/xidon/program/arm_gcc/gcc-arm-none-eabi-10.3-2021.10/bin/../lib/gcc/arm-none-eabi/10.3.1/../../../../arm-none-eabi/lib/thumb/v8-m.main+fp/hard\libc_nano.a(lib_a-fstatr.o)
 .ARM.attributes
                0x00000580       0x38 c:/users/xidon/program/arm_gcc/gcc-arm-none-eabi-10.3-2021.10/bin/../lib/gcc/arm-none-eabi/10.3.1/../../../../arm-none-eabi/lib/thumb/v8-m.main+fp/hard\libc_nano.a(lib_a-isattyr.o)
 .ARM.attributes
                0x000005b8       0x38 c:/users/xidon/program/arm_gcc/gcc-arm-none-eabi-10.3-2021.10/bin/../lib/gcc/arm-none-eabi/10.3.1/../../../../arm-none-eabi/lib/thumb/v8-m.main+fp/hard\libc_nano.a(lib_a-lseekr.o)
 .ARM.attributes
                0x000005f0       0x38 c:/users/xidon/program/arm_gcc/gcc-arm-none-eabi-10.3-2021.10/bin/../lib/gcc/arm-none-eabi/10.3.1/../../../../arm-none-eabi/lib/thumb/v8-m.main+fp/hard\libc_nano.a(lib_a-mlock.o)
 .ARM.attributes
                0x00000628       0x38 c:/users/xidon/program/arm_gcc/gcc-arm-none-eabi-10.3-2021.10/bin/../lib/gcc/arm-none-eabi/10.3.1/../../../../arm-none-eabi/lib/thumb/v8-m.main+fp/hard\libc_nano.a(lib_a-readr.o)
 .ARM.attributes
                0x00000660       0x38 c:/users/xidon/program/arm_gcc/gcc-arm-none-eabi-10.3-2021.10/bin/../lib/gcc/arm-none-eabi/10.3.1/../../../../arm-none-eabi/lib/thumb/v8-m.main+fp/hard\libc_nano.a(lib_a-reent.o)
 .ARM.attributes
                0x00000698       0x38 c:/users/xidon/program/arm_gcc/gcc-arm-none-eabi-10.3-2021.10/bin/../lib/gcc/arm-none-eabi/10.3.1/../../../../arm-none-eabi/lib/thumb/v8-m.main+fp/hard\libnosys.a(close.o)
 .ARM.attributes
                0x000006d0       0x38 c:/users/xidon/program/arm_gcc/gcc-arm-none-eabi-10.3-2021.10/bin/../lib/gcc/arm-none-eabi/10.3.1/../../../../arm-none-eabi/lib/thumb/v8-m.main+fp/hard\libnosys.a(fstat.o)
 .ARM.attributes
                0x00000708       0x38 c:/users/xidon/program/arm_gcc/gcc-arm-none-eabi-10.3-2021.10/bin/../lib/gcc/arm-none-eabi/10.3.1/../../../../arm-none-eabi/lib/thumb/v8-m.main+fp/hard\libnosys.a(isatty.o)
 .ARM.attributes
                0x00000740       0x38 c:/users/xidon/program/arm_gcc/gcc-arm-none-eabi-10.3-2021.10/bin/../lib/gcc/arm-none-eabi/10.3.1/../../../../arm-none-eabi/lib/thumb/v8-m.main+fp/hard\libnosys.a(lseek.o)
 .ARM.attributes
                0x00000778       0x38 c:/users/xidon/program/arm_gcc/gcc-arm-none-eabi-10.3-2021.10/bin/../lib/gcc/arm-none-eabi/10.3.1/../../../../arm-none-eabi/lib/thumb/v8-m.main+fp/hard\libnosys.a(read.o)
 .ARM.attributes
                0x000007b0       0x38 c:/users/xidon/program/arm_gcc/gcc-arm-none-eabi-10.3-2021.10/bin/../lib/gcc/arm-none-eabi/10.3.1/../../../../arm-none-eabi/lib/thumb/v8-m.main+fp/hard\libnosys.a(sbrk.o)
 .ARM.attributes
                0x000007e8       0x38 c:/users/xidon/program/arm_gcc/gcc-arm-none-eabi-10.3-2021.10/bin/../lib/gcc/arm-none-eabi/10.3.1/../../../../arm-none-eabi/lib/thumb/v8-m.main+fp/hard\libnosys.a(write.o)
 .ARM.attributes
                0x00000820       0x22 c:/users/xidon/program/arm_gcc/gcc-arm-none-eabi-10.3-2021.10/bin/../lib/gcc/arm-none-eabi/10.3.1/thumb/v8-m.main+fp/hard\libgcc.a(_arm_addsubdf3.o)
 .ARM.attributes
                0x00000842       0x22 c:/users/xidon/program/arm_gcc/gcc-arm-none-eabi-10.3-2021.10/bin/../lib/gcc/arm-none-eabi/10.3.1/thumb/v8-m.main+fp/hard\libgcc.a(_arm_muldivdf3.o)
 .ARM.attributes
                0x00000864       0x22 c:/users/xidon/program/arm_gcc/gcc-arm-none-eabi-10.3-2021.10/bin/../lib/gcc/arm-none-eabi/10.3.1/thumb/v8-m.main+fp/hard\libgcc.a(_arm_cmpdf2.o)
 .ARM.attributes
                0x00000886       0x22 c:/users/xidon/program/arm_gcc/gcc-arm-none-eabi-10.3-2021.10/bin/../lib/gcc/arm-none-eabi/10.3.1/thumb/v8-m.main+fp/hard\libgcc.a(_arm_fixdfsi.o)
 .ARM.attributes
                0x000008a8       0x22 c:/users/xidon/program/arm_gcc/gcc-arm-none-eabi-10.3-2021.10/bin/../lib/gcc/arm-none-eabi/10.3.1/thumb/v8-m.main+fp/hard\libgcc.a(_arm_fixunsdfsi.o)
 .ARM.attributes
                0x000008ca       0x22 c:/users/xidon/program/arm_gcc/gcc-arm-none-eabi-10.3-2021.10/bin/../lib/gcc/arm-none-eabi/10.3.1/thumb/v8-m.main+fp/hard\libgcc.a(_aeabi_uldivmod.o)
 .ARM.attributes
                0x000008ec       0x38 c:/users/xidon/program/arm_gcc/gcc-arm-none-eabi-10.3-2021.10/bin/../lib/gcc/arm-none-eabi/10.3.1/thumb/v8-m.main+fp/hard\libgcc.a(_udivmoddi4.o)
 .ARM.attributes
                0x00000924       0x22 c:/users/xidon/program/arm_gcc/gcc-arm-none-eabi-10.3-2021.10/bin/../lib/gcc/arm-none-eabi/10.3.1/thumb/v8-m.main+fp/hard\libgcc.a(_dvmd_tls.o)
 .ARM.attributes
                0x00000946       0x38 c:/users/xidon/program/arm_gcc/gcc-arm-none-eabi-10.3-2021.10/bin/../lib/gcc/arm-none-eabi/10.3.1/thumb/v8-m.main+fp/hard/crtend.o
 .ARM.attributes
                0x0000097e       0x22 c:/users/xidon/program/arm_gcc/gcc-arm-none-eabi-10.3-2021.10/bin/../lib/gcc/arm-none-eabi/10.3.1/thumb/v8-m.main+fp/hard/crtn.o

.comment        0x00000000       0x49
 .comment       0x00000000       0x49 build/main.o
                                 0x4a (size before relaxing)
 .comment       0x00000049       0x4a build/system_ARMCM33.o
 .comment       0x00000049       0x4a build/printf.o
 .comment       0x00000049       0x4a build/uart.o
 .comment       0x00000049       0x4a build/fault-dump.o

.debug_info     0x00000000     0x3346
 .debug_info    0x00000000      0x8e5 build/main.o
 .debug_info    0x000008e5      0x4e9 build/system_ARMCM33.o
 .debug_info    0x00000dce     0x1bc5 build/printf.o
 .debug_info    0x00002993      0x1d9 build/uart.o
 .debug_info    0x00002b6c      0x78e build/fault-dump.o
 .debug_info    0x000032fa       0x26 build/startup_ARMCM33.o
 .debug_info    0x00003320       0x26 build/fault-gcc.o

.debug_abbrev   0x00000000      0x98f
 .debug_abbrev  0x00000000      0x190 build/main.o
 .debug_abbrev  0x00000190       0xf0 build/system_ARMCM33.o
 .debug_abbrev  0x00000280      0x3d1 build/printf.o
 .debug_abbrev  0x00000651      0x11e build/uart.o
 .debug_abbrev  0x0000076f      0x1f8 build/fault-dump.o
 .debug_abbrev  0x00000967       0x14 build/startup_ARMCM33.o
 .debug_abbrev  0x0000097b       0x14 build/fault-gcc.o

.debug_loc      0x00000000     0x2990
 .debug_loc     0x00000000      0x1da build/main.o
 .debug_loc     0x000001da     0x2213 build/printf.o
 .debug_loc     0x000023ed      0x10e build/uart.o
 .debug_loc     0x000024fb      0x495 build/fault-dump.o

.debug_aranges  0x00000000      0x208
 .debug_aranges
                0x00000000       0x78 build/main.o
 .debug_aranges
                0x00000078       0x28 build/system_ARMCM33.o
 .debug_aranges
                0x000000a0       0xa8 build/printf.o
 .debug_aranges
                0x00000148       0x40 build/uart.o
 .debug_aranges
                0x00000188       0x40 build/fault-dump.o
 .debug_aranges
                0x000001c8       0x20 build/startup_ARMCM33.o
 .debug_aranges
                0x000001e8       0x20 build/fault-gcc.o

.debug_ranges   0x00000000      0x230
 .debug_ranges  0x00000000       0x68 build/main.o
 .debug_ranges  0x00000068       0x18 build/system_ARMCM33.o
 .debug_ranges  0x00000080      0x150 build/printf.o
 .debug_ranges  0x000001d0       0x30 build/uart.o
 .debug_ranges  0x00000200       0x30 build/fault-dump.o

.debug_line     0x00000000     0x204d
 .debug_line    0x00000000      0x378 build/main.o
 .debug_line    0x00000378      0x1c7 build/system_ARMCM33.o
 .debug_line    0x0000053f     0x1211 build/printf.o
 .debug_line    0x00001750      0x317 build/uart.o
 .debug_line    0x00001a67      0x4ed build/fault-dump.o
 .debug_line    0x00001f54       0x78 build/startup_ARMCM33.o
 .debug_line    0x00001fcc       0x81 build/fault-gcc.o

.debug_str      0x00000000      0x864
 .debug_str     0x00000000      0x383 build/main.o
                                0x3d9 (size before relaxing)
 .debug_str     0x00000383       0x5e build/system_ARMCM33.o
                                0x339 (size before relaxing)
 .debug_str     0x000003e1      0x273 build/printf.o
                                0x474 (size before relaxing)
 .debug_str     0x00000654       0x36 build/uart.o
                                0x21b (size before relaxing)
 .debug_str     0x0000068a      0x182 build/fault-dump.o
                                0x396 (size before relaxing)
 .debug_str     0x0000080c       0x20 build/startup_ARMCM33.o
                                 0x67 (size before relaxing)
 .debug_str     0x0000082c       0x38 build/fault-gcc.o
                                 0x8d (size before relaxing)

.debug_frame    0x00000000      0xf18
 .debug_frame   0x00000000      0x130 build/main.o
 .debug_frame   0x00000130       0x30 build/system_ARMCM33.o
 .debug_frame   0x00000160      0x2cc build/printf.o
 .debug_frame   0x0000042c       0x74 build/uart.o
 .debug_frame   0x000004a0       0x94 build/fault-dump.o
 .debug_frame   0x00000534       0x20 c:/users/xidon/program/arm_gcc/gcc-arm-none-eabi-10.3-2021.10/bin/../lib/gcc/arm-none-eabi/10.3.1/../../../../arm-none-eabi/lib/thumb/v8-m.main+fp/hard\libc_nano.a(lib_a-memset.o)
 .debug_frame   0x00000554       0x3c c:/users/xidon/program/arm_gcc/gcc-arm-none-eabi-10.3-2021.10/bin/../lib/gcc/arm-none-eabi/10.3.1/../../../../arm-none-eabi/lib/thumb/v8-m.main+fp/hard\libc_nano.a(lib_a-puts.o)
 .debug_frame   0x00000590       0x40 c:/users/xidon/program/arm_gcc/gcc-arm-none-eabi-10.3-2021.10/bin/../lib/gcc/arm-none-eabi/10.3.1/../../../../arm-none-eabi/lib/thumb/v8-m.main+fp/hard\libc_nano.a(lib_a-wbuf.o)
 .debug_frame   0x000005d0       0x2c c:/users/xidon/program/arm_gcc/gcc-arm-none-eabi-10.3-2021.10/bin/../lib/gcc/arm-none-eabi/10.3.1/../../../../arm-none-eabi/lib/thumb/v8-m.main+fp/hard\libc_nano.a(lib_a-wsetup.o)
 .debug_frame   0x000005fc       0x5c c:/users/xidon/program/arm_gcc/gcc-arm-none-eabi-10.3-2021.10/bin/../lib/gcc/arm-none-eabi/10.3.1/../../../../arm-none-eabi/lib/thumb/v8-m.main+fp/hard\libc_nano.a(lib_a-fflush.o)
 .debug_frame   0x00000658      0x14c c:/users/xidon/program/arm_gcc/gcc-arm-none-eabi-10.3-2021.10/bin/../lib/gcc/arm-none-eabi/10.3.1/../../../../arm-none-eabi/lib/thumb/v8-m.main+fp/hard\libc_nano.a(lib_a-findfp.o)
 .debug_frame   0x000007a4       0x54 c:/users/xidon/program/arm_gcc/gcc-arm-none-eabi-10.3-2021.10/bin/../lib/gcc/arm-none-eabi/10.3.1/../../../../arm-none-eabi/lib/thumb/v8-m.main+fp/hard\libc_nano.a(lib_a-fwalk.o)
 .debug_frame   0x000007f8       0xb0 c:/users/xidon/program/arm_gcc/gcc-arm-none-eabi-10.3-2021.10/bin/../lib/gcc/arm-none-eabi/10.3.1/../../../../arm-none-eabi/lib/thumb/v8-m.main+fp/hard\libc_nano.a(lib_a-lock.o)
 .debug_frame   0x000008a8       0x58 c:/users/xidon/program/arm_gcc/gcc-arm-none-eabi-10.3-2021.10/bin/../lib/gcc/arm-none-eabi/10.3.1/../../../../arm-none-eabi/lib/thumb/v8-m.main+fp/hard\libc_nano.a(lib_a-makebuf.o)
 .debug_frame   0x00000900       0x38 c:/users/xidon/program/arm_gcc/gcc-arm-none-eabi-10.3-2021.10/bin/../lib/gcc/arm-none-eabi/10.3.1/../../../../arm-none-eabi/lib/thumb/v8-m.main+fp/hard\libc_nano.a(lib_a-nano-freer.o)
 .debug_frame   0x00000938       0x4c c:/users/xidon/program/arm_gcc/gcc-arm-none-eabi-10.3-2021.10/bin/../lib/gcc/arm-none-eabi/10.3.1/../../../../arm-none-eabi/lib/thumb/v8-m.main+fp/hard\libc_nano.a(lib_a-nano-mallocr.o)
 .debug_frame   0x00000984       0x2c c:/users/xidon/program/arm_gcc/gcc-arm-none-eabi-10.3-2021.10/bin/../lib/gcc/arm-none-eabi/10.3.1/../../../../arm-none-eabi/lib/thumb/v8-m.main+fp/hard\libc_nano.a(lib_a-sbrkr.o)
 .debug_frame   0x000009b0       0x88 c:/users/xidon/program/arm_gcc/gcc-arm-none-eabi-10.3-2021.10/bin/../lib/gcc/arm-none-eabi/10.3.1/../../../../arm-none-eabi/lib/thumb/v8-m.main+fp/hard\libc_nano.a(lib_a-stdio.o)
 .debug_frame   0x00000a38       0x2c c:/users/xidon/program/arm_gcc/gcc-arm-none-eabi-10.3-2021.10/bin/../lib/gcc/arm-none-eabi/10.3.1/../../../../arm-none-eabi/lib/thumb/v8-m.main+fp/hard\libc_nano.a(lib_a-writer.o)
 .debug_frame   0x00000a64       0x2c c:/users/xidon/program/arm_gcc/gcc-arm-none-eabi-10.3-2021.10/bin/../lib/gcc/arm-none-eabi/10.3.1/../../../../arm-none-eabi/lib/thumb/v8-m.main+fp/hard\libc_nano.a(lib_a-closer.o)
 .debug_frame   0x00000a90       0x2c c:/users/xidon/program/arm_gcc/gcc-arm-none-eabi-10.3-2021.10/bin/../lib/gcc/arm-none-eabi/10.3.1/../../../../arm-none-eabi/lib/thumb/v8-m.main+fp/hard\libc_nano.a(lib_a-fstatr.o)
 .debug_frame   0x00000abc       0x2c c:/users/xidon/program/arm_gcc/gcc-arm-none-eabi-10.3-2021.10/bin/../lib/gcc/arm-none-eabi/10.3.1/../../../../arm-none-eabi/lib/thumb/v8-m.main+fp/hard\libc_nano.a(lib_a-isattyr.o)
 .debug_frame   0x00000ae8       0x2c c:/users/xidon/program/arm_gcc/gcc-arm-none-eabi-10.3-2021.10/bin/../lib/gcc/arm-none-eabi/10.3.1/../../../../arm-none-eabi/lib/thumb/v8-m.main+fp/hard\libc_nano.a(lib_a-lseekr.o)
 .debug_frame   0x00000b14       0x30 c:/users/xidon/program/arm_gcc/gcc-arm-none-eabi-10.3-2021.10/bin/../lib/gcc/arm-none-eabi/10.3.1/../../../../arm-none-eabi/lib/thumb/v8-m.main+fp/hard\libc_nano.a(lib_a-mlock.o)
 .debug_frame   0x00000b44       0x2c c:/users/xidon/program/arm_gcc/gcc-arm-none-eabi-10.3-2021.10/bin/../lib/gcc/arm-none-eabi/10.3.1/../../../../arm-none-eabi/lib/thumb/v8-m.main+fp/hard\libc_nano.a(lib_a-readr.o)
 .debug_frame   0x00000b70       0x5c c:/users/xidon/program/arm_gcc/gcc-arm-none-eabi-10.3-2021.10/bin/../lib/gcc/arm-none-eabi/10.3.1/../../../../arm-none-eabi/lib/thumb/v8-m.main+fp/hard\libc_nano.a(lib_a-reent.o)
 .debug_frame   0x00000bcc       0x20 c:/users/xidon/program/arm_gcc/gcc-arm-none-eabi-10.3-2021.10/bin/../lib/gcc/arm-none-eabi/10.3.1/../../../../arm-none-eabi/lib/thumb/v8-m.main+fp/hard\libnosys.a(close.o)
 .debug_frame   0x00000bec       0x20 c:/users/xidon/program/arm_gcc/gcc-arm-none-eabi-10.3-2021.10/bin/../lib/gcc/arm-none-eabi/10.3.1/../../../../arm-none-eabi/lib/thumb/v8-m.main+fp/hard\libnosys.a(fstat.o)
 .debug_frame   0x00000c0c       0x20 c:/users/xidon/program/arm_gcc/gcc-arm-none-eabi-10.3-2021.10/bin/../lib/gcc/arm-none-eabi/10.3.1/../../../../arm-none-eabi/lib/thumb/v8-m.main+fp/hard\libnosys.a(isatty.o)
 .debug_frame   0x00000c2c       0x20 c:/users/xidon/program/arm_gcc/gcc-arm-none-eabi-10.3-2021.10/bin/../lib/gcc/arm-none-eabi/10.3.1/../../../../arm-none-eabi/lib/thumb/v8-m.main+fp/hard\libnosys.a(lseek.o)
 .debug_frame   0x00000c4c       0x20 c:/users/xidon/program/arm_gcc/gcc-arm-none-eabi-10.3-2021.10/bin/../lib/gcc/arm-none-eabi/10.3.1/../../../../arm-none-eabi/lib/thumb/v8-m.main+fp/hard\libnosys.a(read.o)
 .debug_frame   0x00000c6c       0x20 c:/users/xidon/program/arm_gcc/gcc-arm-none-eabi-10.3-2021.10/bin/../lib/gcc/arm-none-eabi/10.3.1/../../../../arm-none-eabi/lib/thumb/v8-m.main+fp/hard\libnosys.a(sbrk.o)
 .debug_frame   0x00000c8c       0x20 c:/users/xidon/program/arm_gcc/gcc-arm-none-eabi-10.3-2021.10/bin/../lib/gcc/arm-none-eabi/10.3.1/../../../../arm-none-eabi/lib/thumb/v8-m.main+fp/hard\libnosys.a(write.o)
 .debug_frame   0x00000cac       0xac c:/users/xidon/program/arm_gcc/gcc-arm-none-eabi-10.3-2021.10/bin/../lib/gcc/arm-none-eabi/10.3.1/thumb/v8-m.main+fp/hard\libgcc.a(_arm_addsubdf3.o)
 .debug_frame   0x00000d58       0x50 c:/users/xidon/program/arm_gcc/gcc-arm-none-eabi-10.3-2021.10/bin/../lib/gcc/arm-none-eabi/10.3.1/thumb/v8-m.main+fp/hard\libgcc.a(_arm_muldivdf3.o)
 .debug_frame   0x00000da8       0xc4 c:/users/xidon/program/arm_gcc/gcc-arm-none-eabi-10.3-2021.10/bin/../lib/gcc/arm-none-eabi/10.3.1/thumb/v8-m.main+fp/hard\libgcc.a(_arm_cmpdf2.o)
 .debug_frame   0x00000e6c       0x24 c:/users/xidon/program/arm_gcc/gcc-arm-none-eabi-10.3-2021.10/bin/../lib/gcc/arm-none-eabi/10.3.1/thumb/v8-m.main+fp/hard\libgcc.a(_arm_fixdfsi.o)
 .debug_frame   0x00000e90       0x24 c:/users/xidon/program/arm_gcc/gcc-arm-none-eabi-10.3-2021.10/bin/../lib/gcc/arm-none-eabi/10.3.1/thumb/v8-m.main+fp/hard\libgcc.a(_arm_fixunsdfsi.o)
 .debug_frame   0x00000eb4       0x2c c:/users/xidon/program/arm_gcc/gcc-arm-none-eabi-10.3-2021.10/bin/../lib/gcc/arm-none-eabi/10.3.1/thumb/v8-m.main+fp/hard\libgcc.a(_aeabi_uldivmod.o)
 .debug_frame   0x00000ee0       0x38 c:/users/xidon/program/arm_gcc/gcc-arm-none-eabi-10.3-2021.10/bin/../lib/gcc/arm-none-eabi/10.3.1/thumb/v8-m.main+fp/hard\libgcc.a(_udivmoddi4.o)

.stab           0x00000000       0x9c
 .stab          0x00000000       0x24 c:/users/xidon/program/arm_gcc/gcc-arm-none-eabi-10.3-2021.10/bin/../lib/gcc/arm-none-eabi/10.3.1/../../../../arm-none-eabi/lib/thumb/v8-m.main+fp/hard\libnosys.a(close.o)
 .stab          0x00000024       0x18 c:/users/xidon/program/arm_gcc/gcc-arm-none-eabi-10.3-2021.10/bin/../lib/gcc/arm-none-eabi/10.3.1/../../../../arm-none-eabi/lib/thumb/v8-m.main+fp/hard\libnosys.a(fstat.o)
                                 0x24 (size before relaxing)
 .stab          0x0000003c       0x18 c:/users/xidon/program/arm_gcc/gcc-arm-none-eabi-10.3-2021.10/bin/../lib/gcc/arm-none-eabi/10.3.1/../../../../arm-none-eabi/lib/thumb/v8-m.main+fp/hard\libnosys.a(isatty.o)
                                 0x24 (size before relaxing)
 .stab          0x00000054       0x18 c:/users/xidon/program/arm_gcc/gcc-arm-none-eabi-10.3-2021.10/bin/../lib/gcc/arm-none-eabi/10.3.1/../../../../arm-none-eabi/lib/thumb/v8-m.main+fp/hard\libnosys.a(lseek.o)
                                 0x24 (size before relaxing)
 .stab          0x0000006c       0x18 c:/users/xidon/program/arm_gcc/gcc-arm-none-eabi-10.3-2021.10/bin/../lib/gcc/arm-none-eabi/10.3.1/../../../../arm-none-eabi/lib/thumb/v8-m.main+fp/hard\libnosys.a(read.o)
                                 0x24 (size before relaxing)
 .stab          0x00000084       0x18 c:/users/xidon/program/arm_gcc/gcc-arm-none-eabi-10.3-2021.10/bin/../lib/gcc/arm-none-eabi/10.3.1/../../../../arm-none-eabi/lib/thumb/v8-m.main+fp/hard\libnosys.a(write.o)
                                 0x24 (size before relaxing)

.stabstr        0x00000000      0x14d
 .stabstr       0x00000000      0x14d c:/users/xidon/program/arm_gcc/gcc-arm-none-eabi-10.3-2021.10/bin/../lib/gcc/arm-none-eabi/10.3.1/../../../../arm-none-eabi/lib/thumb/v8-m.main+fp/hard\libnosys.a(close.o)

Cross Reference Table

Symbol                                            File
BusFault_Handler                                  build/startup_ARMCM33.o
DebugMon_Handler                                  build/startup_ARMCM33.o
Default_Handler                                   build/main.o
HardFault_Handler                                 build/fault-gcc.o
                                                  build/startup_ARMCM33.o
HardFault_Handler_Legency                         build/main.o
Interrupt0_Handler                                build/startup_ARMCM33.o
Interrupt1_Handler                                build/startup_ARMCM33.o
Interrupt2_Handler                                build/startup_ARMCM33.o
Interrupt3_Handler                                build/startup_ARMCM33.o
Interrupt4_Handler                                build/startup_ARMCM33.o
Interrupt5_Handler                                build/startup_ARMCM33.o
Interrupt6_Handler                                build/startup_ARMCM33.o
Interrupt7_Handler                                build/startup_ARMCM33.o
Interrupt8_Handler                                build/startup_ARMCM33.o
Interrupt9_Handler                                build/startup_ARMCM33.o
MemManage_Handler                                 build/startup_ARMCM33.o
NMI_Handler                                       build/startup_ARMCM33.o
PendSV_Handler                                    build/startup_ARMCM33.o
Reset_Handler                                     build/startup_ARMCM33.o
SVC_Handler                                       build/startup_ARMCM33.o
SecureFault_Handler                               build/startup_ARMCM33.o
SysTick_Handler                                   build/startup_ARMCM33.o
SystemCoreClock                                   build/system_ARMCM33.o
SystemCoreClockUpdate                             build/system_ARMCM33.o
SystemInit                                        build/system_ARMCM33.o
                                                  build/startup_ARMCM33.o
UsageFault_Handler                                build/startup_ARMCM33.o
__StackLimit                                      build/startup_ARMCM33.o
__StackTop                                        build/startup_ARMCM33.o
__Vectors                                         build/startup_ARMCM33.o
                                                  build/system_ARMCM33.o
__Vectors_End                                     build/startup_ARMCM33.o
__Vectors_Size                                    build/startup_ARMCM33.o
__adddf3                                          c:/users/xidon/program/arm_gcc/gcc-arm-none-eabi-10.3-2021.10/bin/../lib/gcc/arm-none-eabi/10.3.1/thumb/v8-m.main+fp/hard\libgcc.a(_arm_addsubdf3.o)
__aeabi_cdcmpeq                                   c:/users/xidon/program/arm_gcc/gcc-arm-none-eabi-10.3-2021.10/bin/../lib/gcc/arm-none-eabi/10.3.1/thumb/v8-m.main+fp/hard\libgcc.a(_arm_cmpdf2.o)
__aeabi_cdcmple                                   c:/users/xidon/program/arm_gcc/gcc-arm-none-eabi-10.3-2021.10/bin/../lib/gcc/arm-none-eabi/10.3.1/thumb/v8-m.main+fp/hard\libgcc.a(_arm_cmpdf2.o)
__aeabi_cdrcmple                                  c:/users/xidon/program/arm_gcc/gcc-arm-none-eabi-10.3-2021.10/bin/../lib/gcc/arm-none-eabi/10.3.1/thumb/v8-m.main+fp/hard\libgcc.a(_arm_cmpdf2.o)
__aeabi_d2iz                                      c:/users/xidon/program/arm_gcc/gcc-arm-none-eabi-10.3-2021.10/bin/../lib/gcc/arm-none-eabi/10.3.1/thumb/v8-m.main+fp/hard\libgcc.a(_arm_fixdfsi.o)
                                                  build/printf.o
__aeabi_d2uiz                                     c:/users/xidon/program/arm_gcc/gcc-arm-none-eabi-10.3-2021.10/bin/../lib/gcc/arm-none-eabi/10.3.1/thumb/v8-m.main+fp/hard\libgcc.a(_arm_fixunsdfsi.o)
                                                  build/printf.o
__aeabi_dadd                                      c:/users/xidon/program/arm_gcc/gcc-arm-none-eabi-10.3-2021.10/bin/../lib/gcc/arm-none-eabi/10.3.1/thumb/v8-m.main+fp/hard\libgcc.a(_arm_addsubdf3.o)
                                                  build/printf.o
__aeabi_dcmpeq                                    c:/users/xidon/program/arm_gcc/gcc-arm-none-eabi-10.3-2021.10/bin/../lib/gcc/arm-none-eabi/10.3.1/thumb/v8-m.main+fp/hard\libgcc.a(_arm_cmpdf2.o)
                                                  build/printf.o
__aeabi_dcmpge                                    c:/users/xidon/program/arm_gcc/gcc-arm-none-eabi-10.3-2021.10/bin/../lib/gcc/arm-none-eabi/10.3.1/thumb/v8-m.main+fp/hard\libgcc.a(_arm_cmpdf2.o)
                                                  build/printf.o
__aeabi_dcmpgt                                    c:/users/xidon/program/arm_gcc/gcc-arm-none-eabi-10.3-2021.10/bin/../lib/gcc/arm-none-eabi/10.3.1/thumb/v8-m.main+fp/hard\libgcc.a(_arm_cmpdf2.o)
                                                  build/printf.o
__aeabi_dcmple                                    c:/users/xidon/program/arm_gcc/gcc-arm-none-eabi-10.3-2021.10/bin/../lib/gcc/arm-none-eabi/10.3.1/thumb/v8-m.main+fp/hard\libgcc.a(_arm_cmpdf2.o)
                                                  build/printf.o
__aeabi_dcmplt                                    c:/users/xidon/program/arm_gcc/gcc-arm-none-eabi-10.3-2021.10/bin/../lib/gcc/arm-none-eabi/10.3.1/thumb/v8-m.main+fp/hard\libgcc.a(_arm_cmpdf2.o)
                                                  build/printf.o
__aeabi_ddiv                                      c:/users/xidon/program/arm_gcc/gcc-arm-none-eabi-10.3-2021.10/bin/../lib/gcc/arm-none-eabi/10.3.1/thumb/v8-m.main+fp/hard\libgcc.a(_arm_muldivdf3.o)
                                                  build/printf.o
__aeabi_dmul                                      c:/users/xidon/program/arm_gcc/gcc-arm-none-eabi-10.3-2021.10/bin/../lib/gcc/arm-none-eabi/10.3.1/thumb/v8-m.main+fp/hard\libgcc.a(_arm_muldivdf3.o)
                                                  c:/users/xidon/program/arm_gcc/gcc-arm-none-eabi-10.3-2021.10/bin/../lib/gcc/arm-none-eabi/10.3.1/thumb/v8-m.main+fp/hard\libgcc.a(_arm_muldf3.o)
                                                  build/printf.o
__aeabi_drsub                                     c:/users/xidon/program/arm_gcc/gcc-arm-none-eabi-10.3-2021.10/bin/../lib/gcc/arm-none-eabi/10.3.1/thumb/v8-m.main+fp/hard\libgcc.a(_arm_addsubdf3.o)
__aeabi_dsub                                      c:/users/xidon/program/arm_gcc/gcc-arm-none-eabi-10.3-2021.10/bin/../lib/gcc/arm-none-eabi/10.3.1/thumb/v8-m.main+fp/hard\libgcc.a(_arm_addsubdf3.o)
                                                  build/printf.o
__aeabi_f2d                                       c:/users/xidon/program/arm_gcc/gcc-arm-none-eabi-10.3-2021.10/bin/../lib/gcc/arm-none-eabi/10.3.1/thumb/v8-m.main+fp/hard\libgcc.a(_arm_addsubdf3.o)
__aeabi_i2d                                       c:/users/xidon/program/arm_gcc/gcc-arm-none-eabi-10.3-2021.10/bin/../lib/gcc/arm-none-eabi/10.3.1/thumb/v8-m.main+fp/hard\libgcc.a(_arm_addsubdf3.o)
                                                  build/printf.o
__aeabi_idiv0                                     c:/users/xidon/program/arm_gcc/gcc-arm-none-eabi-10.3-2021.10/bin/../lib/gcc/arm-none-eabi/10.3.1/thumb/v8-m.main+fp/hard\libgcc.a(_dvmd_tls.o)
__aeabi_l2d                                       c:/users/xidon/program/arm_gcc/gcc-arm-none-eabi-10.3-2021.10/bin/../lib/gcc/arm-none-eabi/10.3.1/thumb/v8-m.main+fp/hard\libgcc.a(_arm_addsubdf3.o)
__aeabi_ldiv0                                     c:/users/xidon/program/arm_gcc/gcc-arm-none-eabi-10.3-2021.10/bin/../lib/gcc/arm-none-eabi/10.3.1/thumb/v8-m.main+fp/hard\libgcc.a(_dvmd_tls.o)
                                                  c:/users/xidon/program/arm_gcc/gcc-arm-none-eabi-10.3-2021.10/bin/../lib/gcc/arm-none-eabi/10.3.1/thumb/v8-m.main+fp/hard\libgcc.a(_aeabi_uldivmod.o)
__aeabi_ui2d                                      c:/users/xidon/program/arm_gcc/gcc-arm-none-eabi-10.3-2021.10/bin/../lib/gcc/arm-none-eabi/10.3.1/thumb/v8-m.main+fp/hard\libgcc.a(_arm_addsubdf3.o)
                                                  build/printf.o
__aeabi_ul2d                                      c:/users/xidon/program/arm_gcc/gcc-arm-none-eabi-10.3-2021.10/bin/../lib/gcc/arm-none-eabi/10.3.1/thumb/v8-m.main+fp/hard\libgcc.a(_arm_addsubdf3.o)
__aeabi_uldivmod                                  c:/users/xidon/program/arm_gcc/gcc-arm-none-eabi-10.3-2021.10/bin/../lib/gcc/arm-none-eabi/10.3.1/thumb/v8-m.main+fp/hard\libgcc.a(_aeabi_uldivmod.o)
                                                  build/printf.o
__aeabi_unwind_cpp_pr0                            build/main.o
                                                  build/startup_ARMCM33.o
__bss_end__                                       c:/users/xidon/program/arm_gcc/gcc-arm-none-eabi-10.3-2021.10/bin/../lib/gcc/arm-none-eabi/10.3.1/../../../../arm-none-eabi/lib/thumb/v8-m.main+fp/hard/crt0.o
__bss_start__                                     c:/users/xidon/program/arm_gcc/gcc-arm-none-eabi-10.3-2021.10/bin/../lib/gcc/arm-none-eabi/10.3.1/../../../../arm-none-eabi/lib/thumb/v8-m.main+fp/hard/crt0.o
__call_exitprocs                                  c:/users/xidon/program/arm_gcc/gcc-arm-none-eabi-10.3-2021.10/bin/../lib/gcc/arm-none-eabi/10.3.1/../../../../arm-none-eabi/lib/thumb/v8-m.main+fp/hard\libc_nano.a(lib_a-exit.o)
__cmpdf2                                          c:/users/xidon/program/arm_gcc/gcc-arm-none-eabi-10.3-2021.10/bin/../lib/gcc/arm-none-eabi/10.3.1/thumb/v8-m.main+fp/hard\libgcc.a(_arm_cmpdf2.o)
__copy_table_end__                                build/startup_ARMCM33.o
__copy_table_start__                              build/startup_ARMCM33.o
__deregister_frame_info                           c:/users/xidon/program/arm_gcc/gcc-arm-none-eabi-10.3-2021.10/bin/../lib/gcc/arm-none-eabi/10.3.1/thumb/v8-m.main+fp/hard/crtbegin.o
__divdf3                                          c:/users/xidon/program/arm_gcc/gcc-arm-none-eabi-10.3-2021.10/bin/../lib/gcc/arm-none-eabi/10.3.1/thumb/v8-m.main+fp/hard\libgcc.a(_arm_muldivdf3.o)
__dso_handle                                      c:/users/xidon/program/arm_gcc/gcc-arm-none-eabi-10.3-2021.10/bin/../lib/gcc/arm-none-eabi/10.3.1/thumb/v8-m.main+fp/hard/crtbegin.o
__eqdf2                                           c:/users/xidon/program/arm_gcc/gcc-arm-none-eabi-10.3-2021.10/bin/../lib/gcc/arm-none-eabi/10.3.1/thumb/v8-m.main+fp/hard\libgcc.a(_arm_cmpdf2.o)
__extendsfdf2                                     c:/users/xidon/program/arm_gcc/gcc-arm-none-eabi-10.3-2021.10/bin/../lib/gcc/arm-none-eabi/10.3.1/thumb/v8-m.main+fp/hard\libgcc.a(_arm_addsubdf3.o)
__fixdfsi                                         c:/users/xidon/program/arm_gcc/gcc-arm-none-eabi-10.3-2021.10/bin/../lib/gcc/arm-none-eabi/10.3.1/thumb/v8-m.main+fp/hard\libgcc.a(_arm_fixdfsi.o)
__fixunsdfsi                                      c:/users/xidon/program/arm_gcc/gcc-arm-none-eabi-10.3-2021.10/bin/../lib/gcc/arm-none-eabi/10.3.1/thumb/v8-m.main+fp/hard\libgcc.a(_arm_fixunsdfsi.o)
__floatdidf                                       c:/users/xidon/program/arm_gcc/gcc-arm-none-eabi-10.3-2021.10/bin/../lib/gcc/arm-none-eabi/10.3.1/thumb/v8-m.main+fp/hard\libgcc.a(_arm_addsubdf3.o)
__floatsidf                                       c:/users/xidon/program/arm_gcc/gcc-arm-none-eabi-10.3-2021.10/bin/../lib/gcc/arm-none-eabi/10.3.1/thumb/v8-m.main+fp/hard\libgcc.a(_arm_addsubdf3.o)
__floatundidf                                     c:/users/xidon/program/arm_gcc/gcc-arm-none-eabi-10.3-2021.10/bin/../lib/gcc/arm-none-eabi/10.3.1/thumb/v8-m.main+fp/hard\libgcc.a(_arm_addsubdf3.o)
__floatunsidf                                     c:/users/xidon/program/arm_gcc/gcc-arm-none-eabi-10.3-2021.10/bin/../lib/gcc/arm-none-eabi/10.3.1/thumb/v8-m.main+fp/hard\libgcc.a(_arm_addsubdf3.o)
__fp_lock_all                                     c:/users/xidon/program/arm_gcc/gcc-arm-none-eabi-10.3-2021.10/bin/../lib/gcc/arm-none-eabi/10.3.1/../../../../arm-none-eabi/lib/thumb/v8-m.main+fp/hard\libc_nano.a(lib_a-findfp.o)
__fp_unlock_all                                   c:/users/xidon/program/arm_gcc/gcc-arm-none-eabi-10.3-2021.10/bin/../lib/gcc/arm-none-eabi/10.3.1/../../../../arm-none-eabi/lib/thumb/v8-m.main+fp/hard\libc_nano.a(lib_a-findfp.o)
__gedf2                                           c:/users/xidon/program/arm_gcc/gcc-arm-none-eabi-10.3-2021.10/bin/../lib/gcc/arm-none-eabi/10.3.1/thumb/v8-m.main+fp/hard\libgcc.a(_arm_cmpdf2.o)
__gtdf2                                           c:/users/xidon/program/arm_gcc/gcc-arm-none-eabi-10.3-2021.10/bin/../lib/gcc/arm-none-eabi/10.3.1/thumb/v8-m.main+fp/hard\libgcc.a(_arm_cmpdf2.o)
__init_array_end                                  c:/users/xidon/program/arm_gcc/gcc-arm-none-eabi-10.3-2021.10/bin/../lib/gcc/arm-none-eabi/10.3.1/../../../../arm-none-eabi/lib/thumb/v8-m.main+fp/hard\libc_nano.a(lib_a-init.o)
__init_array_start                                c:/users/xidon/program/arm_gcc/gcc-arm-none-eabi-10.3-2021.10/bin/../lib/gcc/arm-none-eabi/10.3.1/../../../../arm-none-eabi/lib/thumb/v8-m.main+fp/hard\libc_nano.a(lib_a-init.o)
__ledf2                                           c:/users/xidon/program/arm_gcc/gcc-arm-none-eabi-10.3-2021.10/bin/../lib/gcc/arm-none-eabi/10.3.1/thumb/v8-m.main+fp/hard\libgcc.a(_arm_cmpdf2.o)
__libc_fini_array                                 c:/users/xidon/program/arm_gcc/gcc-arm-none-eabi-10.3-2021.10/bin/../lib/gcc/arm-none-eabi/10.3.1/../../../../arm-none-eabi/lib/thumb/v8-m.main+fp/hard/crt0.o
__libc_init_array                                 c:/users/xidon/program/arm_gcc/gcc-arm-none-eabi-10.3-2021.10/bin/../lib/gcc/arm-none-eabi/10.3.1/../../../../arm-none-eabi/lib/thumb/v8-m.main+fp/hard\libc_nano.a(lib_a-init.o)
                                                  c:/users/xidon/program/arm_gcc/gcc-arm-none-eabi-10.3-2021.10/bin/../lib/gcc/arm-none-eabi/10.3.1/../../../../arm-none-eabi/lib/thumb/v8-m.main+fp/hard/crt0.o
__lock___arc4random_mutex                         c:/users/xidon/program/arm_gcc/gcc-arm-none-eabi-10.3-2021.10/bin/../lib/gcc/arm-none-eabi/10.3.1/../../../../arm-none-eabi/lib/thumb/v8-m.main+fp/hard\libc_nano.a(lib_a-lock.o)
__lock___at_quick_exit_mutex                      c:/users/xidon/program/arm_gcc/gcc-arm-none-eabi-10.3-2021.10/bin/../lib/gcc/arm-none-eabi/10.3.1/../../../../arm-none-eabi/lib/thumb/v8-m.main+fp/hard\libc_nano.a(lib_a-lock.o)
__lock___atexit_recursive_mutex                   c:/users/xidon/program/arm_gcc/gcc-arm-none-eabi-10.3-2021.10/bin/../lib/gcc/arm-none-eabi/10.3.1/../../../../arm-none-eabi/lib/thumb/v8-m.main+fp/hard\libc_nano.a(lib_a-lock.o)
__lock___dd_hash_mutex                            c:/users/xidon/program/arm_gcc/gcc-arm-none-eabi-10.3-2021.10/bin/../lib/gcc/arm-none-eabi/10.3.1/../../../../arm-none-eabi/lib/thumb/v8-m.main+fp/hard\libc_nano.a(lib_a-lock.o)
__lock___env_recursive_mutex                      c:/users/xidon/program/arm_gcc/gcc-arm-none-eabi-10.3-2021.10/bin/../lib/gcc/arm-none-eabi/10.3.1/../../../../arm-none-eabi/lib/thumb/v8-m.main+fp/hard\libc_nano.a(lib_a-lock.o)
__lock___malloc_recursive_mutex                   c:/users/xidon/program/arm_gcc/gcc-arm-none-eabi-10.3-2021.10/bin/../lib/gcc/arm-none-eabi/10.3.1/../../../../arm-none-eabi/lib/thumb/v8-m.main+fp/hard\libc_nano.a(lib_a-lock.o)
                                                  c:/users/xidon/program/arm_gcc/gcc-arm-none-eabi-10.3-2021.10/bin/../lib/gcc/arm-none-eabi/10.3.1/../../../../arm-none-eabi/lib/thumb/v8-m.main+fp/hard\libc_nano.a(lib_a-mlock.o)
__lock___sfp_recursive_mutex                      c:/users/xidon/program/arm_gcc/gcc-arm-none-eabi-10.3-2021.10/bin/../lib/gcc/arm-none-eabi/10.3.1/../../../../arm-none-eabi/lib/thumb/v8-m.main+fp/hard\libc_nano.a(lib_a-lock.o)
                                                  c:/users/xidon/program/arm_gcc/gcc-arm-none-eabi-10.3-2021.10/bin/../lib/gcc/arm-none-eabi/10.3.1/../../../../arm-none-eabi/lib/thumb/v8-m.main+fp/hard\libc_nano.a(lib_a-findfp.o)
__lock___sinit_recursive_mutex                    c:/users/xidon/program/arm_gcc/gcc-arm-none-eabi-10.3-2021.10/bin/../lib/gcc/arm-none-eabi/10.3.1/../../../../arm-none-eabi/lib/thumb/v8-m.main+fp/hard\libc_nano.a(lib_a-lock.o)
                                                  c:/users/xidon/program/arm_gcc/gcc-arm-none-eabi-10.3-2021.10/bin/../lib/gcc/arm-none-eabi/10.3.1/../../../../arm-none-eabi/lib/thumb/v8-m.main+fp/hard\libc_nano.a(lib_a-findfp.o)
__lock___tz_mutex                                 c:/users/xidon/program/arm_gcc/gcc-arm-none-eabi-10.3-2021.10/bin/../lib/gcc/arm-none-eabi/10.3.1/../../../../arm-none-eabi/lib/thumb/v8-m.main+fp/hard\libc_nano.a(lib_a-lock.o)
__ltdf2                                           c:/users/xidon/program/arm_gcc/gcc-arm-none-eabi-10.3-2021.10/bin/../lib/gcc/arm-none-eabi/10.3.1/thumb/v8-m.main+fp/hard\libgcc.a(_arm_cmpdf2.o)
__malloc_free_list                                c:/users/xidon/program/arm_gcc/gcc-arm-none-eabi-10.3-2021.10/bin/../lib/gcc/arm-none-eabi/10.3.1/../../../../arm-none-eabi/lib/thumb/v8-m.main+fp/hard\libc_nano.a(lib_a-nano-mallocr.o)
                                                  c:/users/xidon/program/arm_gcc/gcc-arm-none-eabi-10.3-2021.10/bin/../lib/gcc/arm-none-eabi/10.3.1/../../../../arm-none-eabi/lib/thumb/v8-m.main+fp/hard\libc_nano.a(lib_a-nano-freer.o)
__malloc_lock                                     c:/users/xidon/program/arm_gcc/gcc-arm-none-eabi-10.3-2021.10/bin/../lib/gcc/arm-none-eabi/10.3.1/../../../../arm-none-eabi/lib/thumb/v8-m.main+fp/hard\libc_nano.a(lib_a-mlock.o)
                                                  c:/users/xidon/program/arm_gcc/gcc-arm-none-eabi-10.3-2021.10/bin/../lib/gcc/arm-none-eabi/10.3.1/../../../../arm-none-eabi/lib/thumb/v8-m.main+fp/hard\libc_nano.a(lib_a-nano-mallocr.o)
                                                  c:/users/xidon/program/arm_gcc/gcc-arm-none-eabi-10.3-2021.10/bin/../lib/gcc/arm-none-eabi/10.3.1/../../../../arm-none-eabi/lib/thumb/v8-m.main+fp/hard\libc_nano.a(lib_a-nano-freer.o)
__malloc_sbrk_start                               c:/users/xidon/program/arm_gcc/gcc-arm-none-eabi-10.3-2021.10/bin/../lib/gcc/arm-none-eabi/10.3.1/../../../../arm-none-eabi/lib/thumb/v8-m.main+fp/hard\libc_nano.a(lib_a-nano-mallocr.o)
__malloc_unlock                                   c:/users/xidon/program/arm_gcc/gcc-arm-none-eabi-10.3-2021.10/bin/../lib/gcc/arm-none-eabi/10.3.1/../../../../arm-none-eabi/lib/thumb/v8-m.main+fp/hard\libc_nano.a(lib_a-mlock.o)
                                                  c:/users/xidon/program/arm_gcc/gcc-arm-none-eabi-10.3-2021.10/bin/../lib/gcc/arm-none-eabi/10.3.1/../../../../arm-none-eabi/lib/thumb/v8-m.main+fp/hard\libc_nano.a(lib_a-nano-mallocr.o)
                                                  c:/users/xidon/program/arm_gcc/gcc-arm-none-eabi-10.3-2021.10/bin/../lib/gcc/arm-none-eabi/10.3.1/../../../../arm-none-eabi/lib/thumb/v8-m.main+fp/hard\libc_nano.a(lib_a-nano-freer.o)
__muldf3                                          c:/users/xidon/program/arm_gcc/gcc-arm-none-eabi-10.3-2021.10/bin/../lib/gcc/arm-none-eabi/10.3.1/thumb/v8-m.main+fp/hard\libgcc.a(_arm_muldivdf3.o)
                                                  c:/users/xidon/program/arm_gcc/gcc-arm-none-eabi-10.3-2021.10/bin/../lib/gcc/arm-none-eabi/10.3.1/thumb/v8-m.main+fp/hard\libgcc.a(_arm_muldf3.o)
__nedf2                                           c:/users/xidon/program/arm_gcc/gcc-arm-none-eabi-10.3-2021.10/bin/../lib/gcc/arm-none-eabi/10.3.1/thumb/v8-m.main+fp/hard\libgcc.a(_arm_cmpdf2.o)
__preinit_array_end                               c:/users/xidon/program/arm_gcc/gcc-arm-none-eabi-10.3-2021.10/bin/../lib/gcc/arm-none-eabi/10.3.1/../../../../arm-none-eabi/lib/thumb/v8-m.main+fp/hard\libc_nano.a(lib_a-init.o)
__preinit_array_start                             c:/users/xidon/program/arm_gcc/gcc-arm-none-eabi-10.3-2021.10/bin/../lib/gcc/arm-none-eabi/10.3.1/../../../../arm-none-eabi/lib/thumb/v8-m.main+fp/hard\libc_nano.a(lib_a-init.o)
__register_frame_info                             c:/users/xidon/program/arm_gcc/gcc-arm-none-eabi-10.3-2021.10/bin/../lib/gcc/arm-none-eabi/10.3.1/thumb/v8-m.main+fp/hard/crtbegin.o
__retarget_lock_acquire                           c:/users/xidon/program/arm_gcc/gcc-arm-none-eabi-10.3-2021.10/bin/../lib/gcc/arm-none-eabi/10.3.1/../../../../arm-none-eabi/lib/thumb/v8-m.main+fp/hard\libc_nano.a(lib_a-lock.o)
__retarget_lock_acquire_recursive                 c:/users/xidon/program/arm_gcc/gcc-arm-none-eabi-10.3-2021.10/bin/../lib/gcc/arm-none-eabi/10.3.1/../../../../arm-none-eabi/lib/thumb/v8-m.main+fp/hard\libc_nano.a(lib_a-lock.o)
                                                  c:/users/xidon/program/arm_gcc/gcc-arm-none-eabi-10.3-2021.10/bin/../lib/gcc/arm-none-eabi/10.3.1/../../../../arm-none-eabi/lib/thumb/v8-m.main+fp/hard\libc_nano.a(lib_a-mlock.o)
                                                  c:/users/xidon/program/arm_gcc/gcc-arm-none-eabi-10.3-2021.10/bin/../lib/gcc/arm-none-eabi/10.3.1/../../../../arm-none-eabi/lib/thumb/v8-m.main+fp/hard\libc_nano.a(lib_a-findfp.o)
                                                  c:/users/xidon/program/arm_gcc/gcc-arm-none-eabi-10.3-2021.10/bin/../lib/gcc/arm-none-eabi/10.3.1/../../../../arm-none-eabi/lib/thumb/v8-m.main+fp/hard\libc_nano.a(lib_a-fflush.o)
                                                  c:/users/xidon/program/arm_gcc/gcc-arm-none-eabi-10.3-2021.10/bin/../lib/gcc/arm-none-eabi/10.3.1/../../../../arm-none-eabi/lib/thumb/v8-m.main+fp/hard\libc_nano.a(lib_a-puts.o)
__retarget_lock_close                             c:/users/xidon/program/arm_gcc/gcc-arm-none-eabi-10.3-2021.10/bin/../lib/gcc/arm-none-eabi/10.3.1/../../../../arm-none-eabi/lib/thumb/v8-m.main+fp/hard\libc_nano.a(lib_a-lock.o)
__retarget_lock_close_recursive                   c:/users/xidon/program/arm_gcc/gcc-arm-none-eabi-10.3-2021.10/bin/../lib/gcc/arm-none-eabi/10.3.1/../../../../arm-none-eabi/lib/thumb/v8-m.main+fp/hard\libc_nano.a(lib_a-lock.o)
__retarget_lock_init                              c:/users/xidon/program/arm_gcc/gcc-arm-none-eabi-10.3-2021.10/bin/../lib/gcc/arm-none-eabi/10.3.1/../../../../arm-none-eabi/lib/thumb/v8-m.main+fp/hard\libc_nano.a(lib_a-lock.o)
__retarget_lock_init_recursive                    c:/users/xidon/program/arm_gcc/gcc-arm-none-eabi-10.3-2021.10/bin/../lib/gcc/arm-none-eabi/10.3.1/../../../../arm-none-eabi/lib/thumb/v8-m.main+fp/hard\libc_nano.a(lib_a-lock.o)
                                                  c:/users/xidon/program/arm_gcc/gcc-arm-none-eabi-10.3-2021.10/bin/../lib/gcc/arm-none-eabi/10.3.1/../../../../arm-none-eabi/lib/thumb/v8-m.main+fp/hard\libc_nano.a(lib_a-findfp.o)
__retarget_lock_release                           c:/users/xidon/program/arm_gcc/gcc-arm-none-eabi-10.3-2021.10/bin/../lib/gcc/arm-none-eabi/10.3.1/../../../../arm-none-eabi/lib/thumb/v8-m.main+fp/hard\libc_nano.a(lib_a-lock.o)
__retarget_lock_release_recursive                 c:/users/xidon/program/arm_gcc/gcc-arm-none-eabi-10.3-2021.10/bin/../lib/gcc/arm-none-eabi/10.3.1/../../../../arm-none-eabi/lib/thumb/v8-m.main+fp/hard\libc_nano.a(lib_a-lock.o)
                                                  c:/users/xidon/program/arm_gcc/gcc-arm-none-eabi-10.3-2021.10/bin/../lib/gcc/arm-none-eabi/10.3.1/../../../../arm-none-eabi/lib/thumb/v8-m.main+fp/hard\libc_nano.a(lib_a-mlock.o)
                                                  c:/users/xidon/program/arm_gcc/gcc-arm-none-eabi-10.3-2021.10/bin/../lib/gcc/arm-none-eabi/10.3.1/../../../../arm-none-eabi/lib/thumb/v8-m.main+fp/hard\libc_nano.a(lib_a-findfp.o)
                                                  c:/users/xidon/program/arm_gcc/gcc-arm-none-eabi-10.3-2021.10/bin/../lib/gcc/arm-none-eabi/10.3.1/../../../../arm-none-eabi/lib/thumb/v8-m.main+fp/hard\libc_nano.a(lib_a-fflush.o)
                                                  c:/users/xidon/program/arm_gcc/gcc-arm-none-eabi-10.3-2021.10/bin/../lib/gcc/arm-none-eabi/10.3.1/../../../../arm-none-eabi/lib/thumb/v8-m.main+fp/hard\libc_nano.a(lib_a-puts.o)
__retarget_lock_try_acquire                       c:/users/xidon/program/arm_gcc/gcc-arm-none-eabi-10.3-2021.10/bin/../lib/gcc/arm-none-eabi/10.3.1/../../../../arm-none-eabi/lib/thumb/v8-m.main+fp/hard\libc_nano.a(lib_a-lock.o)
__retarget_lock_try_acquire_recursive             c:/users/xidon/program/arm_gcc/gcc-arm-none-eabi-10.3-2021.10/bin/../lib/gcc/arm-none-eabi/10.3.1/../../../../arm-none-eabi/lib/thumb/v8-m.main+fp/hard\libc_nano.a(lib_a-lock.o)
__sclose                                          c:/users/xidon/program/arm_gcc/gcc-arm-none-eabi-10.3-2021.10/bin/../lib/gcc/arm-none-eabi/10.3.1/../../../../arm-none-eabi/lib/thumb/v8-m.main+fp/hard\libc_nano.a(lib_a-stdio.o)
                                                  c:/users/xidon/program/arm_gcc/gcc-arm-none-eabi-10.3-2021.10/bin/../lib/gcc/arm-none-eabi/10.3.1/../../../../arm-none-eabi/lib/thumb/v8-m.main+fp/hard\libc_nano.a(lib_a-findfp.o)
__seofread                                        c:/users/xidon/program/arm_gcc/gcc-arm-none-eabi-10.3-2021.10/bin/../lib/gcc/arm-none-eabi/10.3.1/../../../../arm-none-eabi/lib/thumb/v8-m.main+fp/hard\libc_nano.a(lib_a-stdio.o)
__sf_fake_stderr                                  c:/users/xidon/program/arm_gcc/gcc-arm-none-eabi-10.3-2021.10/bin/../lib/gcc/arm-none-eabi/10.3.1/../../../../arm-none-eabi/lib/thumb/v8-m.main+fp/hard\libc_nano.a(lib_a-findfp.o)
                                                  c:/users/xidon/program/arm_gcc/gcc-arm-none-eabi-10.3-2021.10/bin/../lib/gcc/arm-none-eabi/10.3.1/../../../../arm-none-eabi/lib/thumb/v8-m.main+fp/hard\libc_nano.a(lib_a-fflush.o)
                                                  c:/users/xidon/program/arm_gcc/gcc-arm-none-eabi-10.3-2021.10/bin/../lib/gcc/arm-none-eabi/10.3.1/../../../../arm-none-eabi/lib/thumb/v8-m.main+fp/hard\libc_nano.a(lib_a-wsetup.o)
                                                  c:/users/xidon/program/arm_gcc/gcc-arm-none-eabi-10.3-2021.10/bin/../lib/gcc/arm-none-eabi/10.3.1/../../../../arm-none-eabi/lib/thumb/v8-m.main+fp/hard\libc_nano.a(lib_a-wbuf.o)
                                                  c:/users/xidon/program/arm_gcc/gcc-arm-none-eabi-10.3-2021.10/bin/../lib/gcc/arm-none-eabi/10.3.1/../../../../arm-none-eabi/lib/thumb/v8-m.main+fp/hard\libc_nano.a(lib_a-puts.o)
                                                  c:/users/xidon/program/arm_gcc/gcc-arm-none-eabi-10.3-2021.10/bin/../lib/gcc/arm-none-eabi/10.3.1/../../../../arm-none-eabi/lib/thumb/v8-m.main+fp/hard\libc_nano.a(lib_a-impure.o)
__sf_fake_stdin                                   c:/users/xidon/program/arm_gcc/gcc-arm-none-eabi-10.3-2021.10/bin/../lib/gcc/arm-none-eabi/10.3.1/../../../../arm-none-eabi/lib/thumb/v8-m.main+fp/hard\libc_nano.a(lib_a-findfp.o)
                                                  c:/users/xidon/program/arm_gcc/gcc-arm-none-eabi-10.3-2021.10/bin/../lib/gcc/arm-none-eabi/10.3.1/../../../../arm-none-eabi/lib/thumb/v8-m.main+fp/hard\libc_nano.a(lib_a-fflush.o)
                                                  c:/users/xidon/program/arm_gcc/gcc-arm-none-eabi-10.3-2021.10/bin/../lib/gcc/arm-none-eabi/10.3.1/../../../../arm-none-eabi/lib/thumb/v8-m.main+fp/hard\libc_nano.a(lib_a-wsetup.o)
                                                  c:/users/xidon/program/arm_gcc/gcc-arm-none-eabi-10.3-2021.10/bin/../lib/gcc/arm-none-eabi/10.3.1/../../../../arm-none-eabi/lib/thumb/v8-m.main+fp/hard\libc_nano.a(lib_a-wbuf.o)
                                                  c:/users/xidon/program/arm_gcc/gcc-arm-none-eabi-10.3-2021.10/bin/../lib/gcc/arm-none-eabi/10.3.1/../../../../arm-none-eabi/lib/thumb/v8-m.main+fp/hard\libc_nano.a(lib_a-puts.o)
                                                  c:/users/xidon/program/arm_gcc/gcc-arm-none-eabi-10.3-2021.10/bin/../lib/gcc/arm-none-eabi/10.3.1/../../../../arm-none-eabi/lib/thumb/v8-m.main+fp/hard\libc_nano.a(lib_a-impure.o)
__sf_fake_stdout                                  c:/users/xidon/program/arm_gcc/gcc-arm-none-eabi-10.3-2021.10/bin/../lib/gcc/arm-none-eabi/10.3.1/../../../../arm-none-eabi/lib/thumb/v8-m.main+fp/hard\libc_nano.a(lib_a-findfp.o)
                                                  c:/users/xidon/program/arm_gcc/gcc-arm-none-eabi-10.3-2021.10/bin/../lib/gcc/arm-none-eabi/10.3.1/../../../../arm-none-eabi/lib/thumb/v8-m.main+fp/hard\libc_nano.a(lib_a-fflush.o)
                                                  c:/users/xidon/program/arm_gcc/gcc-arm-none-eabi-10.3-2021.10/bin/../lib/gcc/arm-none-eabi/10.3.1/../../../../arm-none-eabi/lib/thumb/v8-m.main+fp/hard\libc_nano.a(lib_a-wsetup.o)
                                                  c:/users/xidon/program/arm_gcc/gcc-arm-none-eabi-10.3-2021.10/bin/../lib/gcc/arm-none-eabi/10.3.1/../../../../arm-none-eabi/lib/thumb/v8-m.main+fp/hard\libc_nano.a(lib_a-wbuf.o)
                                                  c:/users/xidon/program/arm_gcc/gcc-arm-none-eabi-10.3-2021.10/bin/../lib/gcc/arm-none-eabi/10.3.1/../../../../arm-none-eabi/lib/thumb/v8-m.main+fp/hard\libc_nano.a(lib_a-puts.o)
                                                  c:/users/xidon/program/arm_gcc/gcc-arm-none-eabi-10.3-2021.10/bin/../lib/gcc/arm-none-eabi/10.3.1/../../../../arm-none-eabi/lib/thumb/v8-m.main+fp/hard\libc_nano.a(lib_a-impure.o)
__sflush_r                                        c:/users/xidon/program/arm_gcc/gcc-arm-none-eabi-10.3-2021.10/bin/../lib/gcc/arm-none-eabi/10.3.1/../../../../arm-none-eabi/lib/thumb/v8-m.main+fp/hard\libc_nano.a(lib_a-fflush.o)
__sfmoreglue                                      c:/users/xidon/program/arm_gcc/gcc-arm-none-eabi-10.3-2021.10/bin/../lib/gcc/arm-none-eabi/10.3.1/../../../../arm-none-eabi/lib/thumb/v8-m.main+fp/hard\libc_nano.a(lib_a-findfp.o)
__sfp                                             c:/users/xidon/program/arm_gcc/gcc-arm-none-eabi-10.3-2021.10/bin/../lib/gcc/arm-none-eabi/10.3.1/../../../../arm-none-eabi/lib/thumb/v8-m.main+fp/hard\libc_nano.a(lib_a-findfp.o)
__sfp_lock_acquire                                c:/users/xidon/program/arm_gcc/gcc-arm-none-eabi-10.3-2021.10/bin/../lib/gcc/arm-none-eabi/10.3.1/../../../../arm-none-eabi/lib/thumb/v8-m.main+fp/hard\libc_nano.a(lib_a-findfp.o)
__sfp_lock_release                                c:/users/xidon/program/arm_gcc/gcc-arm-none-eabi-10.3-2021.10/bin/../lib/gcc/arm-none-eabi/10.3.1/../../../../arm-none-eabi/lib/thumb/v8-m.main+fp/hard\libc_nano.a(lib_a-findfp.o)
__sinit                                           c:/users/xidon/program/arm_gcc/gcc-arm-none-eabi-10.3-2021.10/bin/../lib/gcc/arm-none-eabi/10.3.1/../../../../arm-none-eabi/lib/thumb/v8-m.main+fp/hard\libc_nano.a(lib_a-findfp.o)
                                                  c:/users/xidon/program/arm_gcc/gcc-arm-none-eabi-10.3-2021.10/bin/../lib/gcc/arm-none-eabi/10.3.1/../../../../arm-none-eabi/lib/thumb/v8-m.main+fp/hard\libc_nano.a(lib_a-fflush.o)
                                                  c:/users/xidon/program/arm_gcc/gcc-arm-none-eabi-10.3-2021.10/bin/../lib/gcc/arm-none-eabi/10.3.1/../../../../arm-none-eabi/lib/thumb/v8-m.main+fp/hard\libc_nano.a(lib_a-wsetup.o)
                                                  c:/users/xidon/program/arm_gcc/gcc-arm-none-eabi-10.3-2021.10/bin/../lib/gcc/arm-none-eabi/10.3.1/../../../../arm-none-eabi/lib/thumb/v8-m.main+fp/hard\libc_nano.a(lib_a-wbuf.o)
                                                  c:/users/xidon/program/arm_gcc/gcc-arm-none-eabi-10.3-2021.10/bin/../lib/gcc/arm-none-eabi/10.3.1/../../../../arm-none-eabi/lib/thumb/v8-m.main+fp/hard\libc_nano.a(lib_a-puts.o)
__sinit_lock_acquire                              c:/users/xidon/program/arm_gcc/gcc-arm-none-eabi-10.3-2021.10/bin/../lib/gcc/arm-none-eabi/10.3.1/../../../../arm-none-eabi/lib/thumb/v8-m.main+fp/hard\libc_nano.a(lib_a-findfp.o)
__sinit_lock_release                              c:/users/xidon/program/arm_gcc/gcc-arm-none-eabi-10.3-2021.10/bin/../lib/gcc/arm-none-eabi/10.3.1/../../../../arm-none-eabi/lib/thumb/v8-m.main+fp/hard\libc_nano.a(lib_a-findfp.o)
__smakebuf_r                                      c:/users/xidon/program/arm_gcc/gcc-arm-none-eabi-10.3-2021.10/bin/../lib/gcc/arm-none-eabi/10.3.1/../../../../arm-none-eabi/lib/thumb/v8-m.main+fp/hard\libc_nano.a(lib_a-makebuf.o)
                                                  c:/users/xidon/program/arm_gcc/gcc-arm-none-eabi-10.3-2021.10/bin/../lib/gcc/arm-none-eabi/10.3.1/../../../../arm-none-eabi/lib/thumb/v8-m.main+fp/hard\libc_nano.a(lib_a-wsetup.o)
__sread                                           c:/users/xidon/program/arm_gcc/gcc-arm-none-eabi-10.3-2021.10/bin/../lib/gcc/arm-none-eabi/10.3.1/../../../../arm-none-eabi/lib/thumb/v8-m.main+fp/hard\libc_nano.a(lib_a-stdio.o)
                                                  c:/users/xidon/program/arm_gcc/gcc-arm-none-eabi-10.3-2021.10/bin/../lib/gcc/arm-none-eabi/10.3.1/../../../../arm-none-eabi/lib/thumb/v8-m.main+fp/hard\libc_nano.a(lib_a-findfp.o)
__sseek                                           c:/users/xidon/program/arm_gcc/gcc-arm-none-eabi-10.3-2021.10/bin/../lib/gcc/arm-none-eabi/10.3.1/../../../../arm-none-eabi/lib/thumb/v8-m.main+fp/hard\libc_nano.a(lib_a-stdio.o)
                                                  c:/users/xidon/program/arm_gcc/gcc-arm-none-eabi-10.3-2021.10/bin/../lib/gcc/arm-none-eabi/10.3.1/../../../../arm-none-eabi/lib/thumb/v8-m.main+fp/hard\libc_nano.a(lib_a-findfp.o)
__stack                                           c:/users/xidon/program/arm_gcc/gcc-arm-none-eabi-10.3-2021.10/bin/../lib/gcc/arm-none-eabi/10.3.1/../../../../arm-none-eabi/lib/thumb/v8-m.main+fp/hard/crt0.o
__subdf3                                          c:/users/xidon/program/arm_gcc/gcc-arm-none-eabi-10.3-2021.10/bin/../lib/gcc/arm-none-eabi/10.3.1/thumb/v8-m.main+fp/hard\libgcc.a(_arm_addsubdf3.o)
__swbuf                                           c:/users/xidon/program/arm_gcc/gcc-arm-none-eabi-10.3-2021.10/bin/../lib/gcc/arm-none-eabi/10.3.1/../../../../arm-none-eabi/lib/thumb/v8-m.main+fp/hard\libc_nano.a(lib_a-wbuf.o)
__swbuf_r                                         c:/users/xidon/program/arm_gcc/gcc-arm-none-eabi-10.3-2021.10/bin/../lib/gcc/arm-none-eabi/10.3.1/../../../../arm-none-eabi/lib/thumb/v8-m.main+fp/hard\libc_nano.a(lib_a-wbuf.o)
                                                  c:/users/xidon/program/arm_gcc/gcc-arm-none-eabi-10.3-2021.10/bin/../lib/gcc/arm-none-eabi/10.3.1/../../../../arm-none-eabi/lib/thumb/v8-m.main+fp/hard\libc_nano.a(lib_a-puts.o)
__swhatbuf_r                                      c:/users/xidon/program/arm_gcc/gcc-arm-none-eabi-10.3-2021.10/bin/../lib/gcc/arm-none-eabi/10.3.1/../../../../arm-none-eabi/lib/thumb/v8-m.main+fp/hard\libc_nano.a(lib_a-makebuf.o)
__swrite                                          c:/users/xidon/program/arm_gcc/gcc-arm-none-eabi-10.3-2021.10/bin/../lib/gcc/arm-none-eabi/10.3.1/../../../../arm-none-eabi/lib/thumb/v8-m.main+fp/hard\libc_nano.a(lib_a-stdio.o)