###############################################################################
#
# IAR ELF Linker V9.50.2.385/W64 for ARM                  13/Jun/2024  23:35:29
# Copyright 2007-2024 IAR Systems AB.
#
#    Output file  =  .\build\iar/an505-qemu.out
#    Map file     =  .\build\iar/an505-qemu.map
#    Command line =
#        .\build\iar/main.o .\build\iar/system_ARMCM33.o .\build\iar/printf.o
#        .\build\iar/uart.o .\build\iar/fault-dump.o .\build\iar/fault-hal.o
#        .\build\iar/startup_ARMCM33.o .\build\iar/fault-iar.o --cpu=Cortex-M33
#        --fpu=VFPv5_sp --config ./startup/iar/ARMCM33_iar.icf --semihosting
#        --entry __iar_program_start --vfe --text_out locale --no_out_extension
#        --map .\build\iar/an505-qemu.map -o .\build\iar/an505-qemu.out
#
###############################################################################

*******************************************************************************
*** RUNTIME MODEL ATTRIBUTES
***

CppFlavor       = *
__CPP_Runtime   = 1
__SystemLibrary = DLib
__dlib_version  = 6


*******************************************************************************
*** HEAP SELECTION
***

The basic heap was selected because --advanced_heap
was not specified and the application did not appear to
be primarily optimized for speed.


*******************************************************************************
*** PLACEMENT SUMMARY
***

"A0":  place at address 0x1000'0000 { ro section .intvec };
"P1":  place in [from 0x1000'0000 to 0x1010'0000] { ro };
define block CSTACK with size = 4K, alignment = 8 { };
define block HEAP with size = 4K, alignment = 8 { };
"P2":  place in [from 0x3800'0000 to 0x3810'0000] {
          rw, block CSTACK, block HEAP };
initialize by copy { rw };

  Section            Kind         Address  Aligment    Size  Object
  -------            ----         -------  --------    ----  ------
"A0":                                                 0x7c0
  .intvec            ro code  0x1000'0000         4   0x7c0  startup_ARMCM33.o [1]
                            - 0x1000'07c0             0x7c0

"P1":                                                0x28cc
  .text                       0x1000'07c0            0x2364  <Block>
    .text            ro code  0x1000'07c0         4   0x11c  main.o [1]
    .text            ro code  0x1000'08dc         4    0x66  ABImemset.o [4]
    .text            ro code  0x1000'0942         2     0x2  startup_ARMCM33.o [1]
    .text            ro code  0x1000'0944         4   0x368  fault-dump.o [1]
    .text            ro code  0x1000'0cac         4  0x1138  printf.o [1]
    .text            ro code  0x1000'1de4         4   0x158  fault-hal.o [1]
    .text            ro code  0x1000'1f3c         4    0x58  uart.o [1]
    .text            ro code  0x1000'1f94         4   0x230  I64DivMod.o [4]
    .text            ro code  0x1000'21c4         4    0x20  DblCmpEq.o [3]
    .text            ro code  0x1000'21e4         4    0x34  DblCmpLe.o [3]
    .text            ro code  0x1000'2218         4    0x34  DblCmpGe.o [3]
    .text            ro code  0x1000'224c         4    0x36  DblToS32.o [3]
    .text            ro code  0x1000'2282         2    0x2a  copy_init3.o [4]
    .text            ro code  0x1000'22ac         4    0x22  S32ToDbl.o [3]
    .text            ro code  0x1000'22d0         4   0x25e  DblAddSub.o [3]
    .text            ro code  0x1000'2530         4   0x1aa  DblMul.o [3]
    .text            ro code  0x1000'26dc         4    0x22  DblToU32.o [3]
    .text            ro code  0x1000'2700         4    0x1c  U32ToDbl.o [3]
    .text            ro code  0x1000'271c         4   0x246  DblDiv.o [3]
    .text            ro code  0x1000'2964         4     0x2  I64DivZer.o [4]
    .text            ro code  0x1000'2968         4    0x2c  system_ARMCM33.o [1]
    .text            ro code  0x1000'2994         4    0x28  startup_ARMCM33.o [1]
    .text            ro code  0x1000'29bc         4    0x48  fault-iar.o [1]
    .text            ro code  0x1000'2a04         4    0x1c  cstartup_M.o [4]
    .text            ro code  0x1000'2a20         4    0x22  fpinit_M.o [3]
    .text            ro code  0x1000'2a44         4    0x1e  cmain.o [4]
    .text            ro code  0x1000'2a62         2     0x4  low_level_init.o [2]
    .text            ro code  0x1000'2a68         4    0x2a  data_init.o [4]
    .text            ro code  0x1000'2a92         2     0x4  exit.o [2]
    .text            ro code  0x1000'2a98         4     0xa  cexit.o [4]
    .text            ro code  0x1000'2aa4         4    0x14  exit.o [5]
    .text            ro code  0x1000'2ab8         4    0x2c  iarttio.o [5]
    .text            ro code  0x1000'2ae4         4     0x8  XShttio.o [2]
    .text            ro code  0x1000'2aec         2    0x38  zero_init3.o [4]
  .rodata            const    0x1000'2b24         4    0x24  fault-dump.o [1]
  .rodata            const    0x1000'2b48         8    0x50  printf.o [1]
  .rodata            const    0x1000'2b98         4    0x24  fault-dump.o [1]
  .iar.init_table    const    0x1000'2bbc         4    0x24  - Linker created -
  .rodata            const    0x1000'2be0         4    0x20  fault-dump.o [1]
  .rodata            const    0x1000'2c00         4    0x20  fault-dump.o [1]
  .rodata            const    0x1000'2c20         4    0x20  fault-hal.o [1]
  .rodata            const    0x1000'2c40         4    0x20  fault-hal.o [1]
  .rodata            const    0x1000'2c60         4    0x20  fault-hal.o [1]
  .rodata            const    0x1000'2c80         4    0x20  fault-hal.o [1]
  .rodata            const    0x1000'2ca0         4    0x20  fault-hal.o [1]
  .rodata            const    0x1000'2cc0         4    0x20  fault-hal.o [1]
  .rodata            const    0x1000'2ce0         4    0x1c  main.o [1]
  .rodata            const    0x1000'2cfc         4    0x1c  fault-hal.o [1]
  .rodata            const    0x1000'2d18         4    0x1c  fault-hal.o [1]
  .rodata            const    0x1000'2d34         4    0x1c  fault-hal.o [1]
  .rodata            const    0x1000'2d50         4    0x1c  fault-hal.o [1]
  .rodata            const    0x1000'2d6c         4    0x1c  fault-hal.o [1]
  .rodata            const    0x1000'2d88         4    0x1c  fault-hal.o [1]
  .rodata            const    0x1000'2da4         4    0x1c  fault-hal.o [1]
  .rodata            const    0x1000'2dc0         4    0x1c  fault-hal.o [1]
  .rodata            const    0x1000'2ddc         4    0x1c  fault-hal.o [1]
  .rodata            const    0x1000'2df8         4    0x1c  fault-hal.o [1]
  .rodata            const    0x1000'2e14         4    0x1c  fault-hal.o [1]
  .rodata            const    0x1000'2e30         4    0x1c  fault-hal.o [1]
  .rodata            const    0x1000'2e4c         4    0x1c  fault-hal.o [1]
  .rodata            const    0x1000'2e68         4    0x18  fault-dump.o [1]
  .rodata            const    0x1000'2e80         4    0x14  main.o [1]
  .rodata            const    0x1000'2e94         4    0x14  fault-dump.o [1]
  .rodata            const    0x1000'2ea8         4    0x14  fault-dump.o [1]
  .rodata            const    0x1000'2ebc         4    0x14  fault-dump.o [1]
  .rodata            const    0x1000'2ed0         4    0x14  fault-dump.o [1]
  .rodata            const    0x1000'2ee4         4    0x14  fault-dump.o [1]
  .rodata            const    0x1000'2ef8         4    0x14  fault-dump.o [1]
  .rodata            const    0x1000'2f0c         4    0x14  fault-dump.o [1]
  .rodata            const    0x1000'2f20         4    0x14  fault-dump.o [1]
  .rodata            const    0x1000'2f34         4    0x14  fault-dump.o [1]
  .rodata            const    0x1000'2f48         4    0x14  fault-dump.o [1]
  .rodata            const    0x1000'2f5c         4    0x14  fault-dump.o [1]
  .rodata            const    0x1000'2f70         4    0x14  fault-dump.o [1]
  .rodata            const    0x1000'2f84         4    0x14  fault-dump.o [1]
  .rodata            const    0x1000'2f98         4    0x14  fault-dump.o [1]
  .rodata            const    0x1000'2fac         4    0x14  fault-dump.o [1]
  .rodata            const    0x1000'2fc0         4    0x14  fault-dump.o [1]
  .rodata            const    0x1000'2fd4         4    0x14  fault-dump.o [1]
  Initializer bytes  const    0x1000'2fe8         4    0x14  <for P2-1>
  .rodata            const    0x1000'2ffc         4    0x10  main.o [1]
  .rodata            const    0x1000'300c         4    0x10  main.o [1]
  .rodata            const    0x1000'301c         4    0x10  fault-dump.o [1]
  .rodata            const    0x1000'302c         4     0x8  main.o [1]
  .rodata            const    0x1000'3034         4     0x8  main.o [1]
  .rodata            const    0x1000'303c         4     0x8  main.o [1]
  .rodata            const    0x1000'3044         4     0x8  main.o [1]
  .rodata            const    0x1000'304c         4     0x8  main.o [1]
  .rodata            const    0x1000'3054         4     0x8  main.o [1]
  .rodata            const    0x1000'305c         4     0x8  main.o [1]
  .rodata            const    0x1000'3064         4     0x8  main.o [1]
  .rodata            const    0x1000'306c         4     0x8  main.o [1]
  .rodata            const    0x1000'3074         4     0x8  printf.o [1]
  .rodata            const    0x1000'307c         4     0x8  printf.o [1]
  .rodata            const    0x1000'3084         4     0x8  fault-dump.o [1]
  .rodata            const    0x1000'308c               0x0  zero_init3.o [4]
  .rodata            const    0x1000'308c               0x0  copy_init3.o [4]
                            - 0x1000'308c            0x28cc

"P2", part 1 of 3:                                     0x14
  P2-1                        0x3800'0000         4    0x14  <Init block>
    .data            inited   0x3800'0000         4     0x4  system_ARMCM33.o [1]
    .data            inited   0x3800'0004         4     0x4  fault-dump.o [1]
    .data            inited   0x3800'0008         4     0x4  fault-dump.o [1]
    .data            inited   0x3800'000c         4     0x8  XShttio.o [2]
                            - 0x3800'0014              0x14

"P2", part 2 of 3:                                    0x148
  .bss               zero     0x3800'0014         4   0x100  fault-dump.o [1]
  .bss               zero     0x3800'0114         4    0x40  fault-dump.o [1]
  .bss               zero     0x3800'0154         4     0x4  fault-dump.o [1]
  .bss               zero     0x3800'0158         4     0x4  fault-dump.o [1]
                            - 0x3800'015c             0x148

"P2", part 3 of 3:                                   0x1000
  CSTACK                      0x3800'0160         8  0x1000  <Block>
    CSTACK           uninit   0x3800'0160            0x1000  <Block tail>
                            - 0x3800'1160            0x1000

Unused ranges:

         From           To      Size
         ----           --      ----
  0x1000'308c  0x1010'0000  0xf'cf75
  0x3800'015c  0x3800'015f       0x4
  0x3800'1160  0x3810'0000  0xf'eea1


*******************************************************************************
*** INIT TABLE
***

          Address      Size
          -------      ----
Zero (__iar_zero_init3)
    1 destination range, total size 0x148:
          0x3800'0014  0x148

Copy (__iar_copy_init3)
    1 source range, total size 0x14:
          0x1000'2fe8   0x14
    1 destination range, total size 0x14:
          0x3800'0000   0x14



*******************************************************************************
*** MODULE SUMMARY
***

    Module             ro code  ro data  rw data
    ------             -------  -------  -------
command line/config:
    --------------------------------------------
    Total:

C:\Users\xidon\code\github\qemu-simulator\boards\mps2-an505\BareMetal\build\iar: [1]
    fault-dump.o           872      532      336
    fault-hal.o            344      556
    fault-iar.o             72
    main.o                 284      152
    printf.o             4'408       96
    startup_ARMCM33.o    2'026
    system_ARMCM33.o        44        4        4
    uart.o                  88
    --------------------------------------------
    Total:               8'138    1'340      340

dl7M_tln.a: [2]
    XShttio.o                8        8        8
    exit.o                   4
    low_level_init.o         4
    --------------------------------------------
    Total:                  16        8        8

m7M_tls.a: [3]
    DblAddSub.o            606
    DblCmpEq.o              32
    DblCmpGe.o              52
    DblCmpLe.o              52
    DblDiv.o               582
    DblMul.o               426
    DblToS32.o              54
    DblToU32.o              34
    S32ToDbl.o              34
    U32ToDbl.o              28
    fpinit_M.o              34
    --------------------------------------------
    Total:               1'934

rt7M_tl.a: [4]
    ABImemset.o            102
    I64DivMod.o            560
    I64DivZer.o              2
    cexit.o                 10
    cmain.o                 30
    copy_init3.o            42
    cstartup_M.o            28
    data_init.o             42
    zero_init3.o            56
    --------------------------------------------
    Total:                 872

shb_l.a: [5]
    exit.o                  20
    iarttio.o               44
    --------------------------------------------
    Total:                  64

    Gaps                    20
    Linker created                   36    4'096
------------------------------------------------
    Grand Total:        11'044    1'384    4'444


*******************************************************************************
*** ENTRY LIST
***

Entry                       Address   Size  Type      Object
-----                       -------   ----  ----      ------
.iar.init_table$$Base   0x1000'2bbc          --   Gb  - Linker created -
.iar.init_table$$Limit  0x1000'2be0          --   Gb  - Linker created -
.text$$Base             0x1000'07c0          --   Gb  - Linker created -
.text$$Limit            0x1000'2b24          --   Gb  - Linker created -
?main                   0x1000'2a45         Code  Gb  cmain.o [4]
BusFault_Handler        0x1000'0943         Code  Wk  startup_ARMCM33.o [1]
CSTACK$$Base            0x3800'0160          --   Gb  - Linker created -
CSTACK$$Limit           0x3800'1160          --   Gb  - Linker created -
DebugMon_Handler        0x1000'0943         Code  Wk  startup_ARMCM33.o [1]
HardFault_Handler       0x1000'29bd         Code  Gb  fault-iar.o [1]
Interrupt0_Handler      0x1000'0943         Code  Wk  startup_ARMCM33.o [1]
Interrupt1_Handler      0x1000'0943         Code  Wk  startup_ARMCM33.o [1]
Interrupt2_Handler      0x1000'0943         Code  Wk  startup_ARMCM33.o [1]
Interrupt3_Handler      0x1000'0943         Code  Wk  startup_ARMCM33.o [1]
Interrupt4_Handler      0x1000'0943         Code  Wk  startup_ARMCM33.o [1]
Interrupt5_Handler      0x1000'0943         Code  Wk  startup_ARMCM33.o [1]
Interrupt6_Handler      0x1000'0943         Code  Wk  startup_ARMCM33.o [1]
Interrupt7_Handler      0x1000'0943         Code  Wk  startup_ARMCM33.o [1]
Interrupt8_Handler      0x1000'0943         Code  Wk  startup_ARMCM33.o [1]
Interrupt9_Handler      0x1000'0943         Code  Wk  startup_ARMCM33.o [1]
MemManage_Handler       0x1000'0943         Code  Wk  startup_ARMCM33.o [1]
NMI_Handler             0x1000'0943         Code  Wk  startup_ARMCM33.o [1]
PendSV_Handler          0x1000'0943         Code  Wk  startup_ARMCM33.o [1]
Region$$Table$$Base     0x1000'2bbc          --   Gb  - Linker created -
Region$$Table$$Limit    0x1000'2be0          --   Gb  - Linker created -
Reset_Handler           0x1000'2995         Code  Wk  startup_ARMCM33.o [1]
SVC_Handler             0x1000'0943         Code  Wk  startup_ARMCM33.o [1]
SecureFault_Handler     0x1000'0943         Code  Wk  startup_ARMCM33.o [1]
SysTick_Handler         0x1000'0943         Code  Wk  startup_ARMCM33.o [1]
SystemCoreClock         0x3800'0000    0x4  Data  Gb  system_ARMCM33.o [1]
SystemInit              0x1000'2969   0x18  Code  Gb  system_ARMCM33.o [1]
UsageFault_Handler      0x1000'0943         Code  Wk  startup_ARMCM33.o [1]
__Vectors               0x1000'0000          --   Gb  startup_ARMCM33.o [1]
__Vectors_End           0x1000'07c0         Data  Gb  startup_ARMCM33.o [1]
__Vectors_Size {Abs}          0x7c0          --   Gb  startup_ARMCM33.o [1]
__aeabi_cdcmpeq         0x1000'21c5         Code  Gb  DblCmpEq.o [3]
__aeabi_cdcmple         0x1000'21e5         Code  Gb  DblCmpLe.o [3]
__aeabi_cdrcmple        0x1000'2219         Code  Gb  DblCmpGe.o [3]
__aeabi_d2iz            0x1000'224d         Code  Gb  DblToS32.o [3]
__aeabi_d2uiz           0x1000'26dd         Code  Gb  DblToU32.o [3]
__aeabi_dadd            0x1000'22d1         Code  Gb  DblAddSub.o [3]
__aeabi_ddiv            0x1000'271d         Code  Gb  DblDiv.o [3]
__aeabi_dmul            0x1000'2531         Code  Gb  DblMul.o [3]
__aeabi_dsub            0x1000'244d         Code  Gb  DblAddSub.o [3]
__aeabi_i2d             0x1000'22ad         Code  Gb  S32ToDbl.o [3]
__aeabi_ldiv0           0x1000'2965         Code  Gb  I64DivZer.o [4]
__aeabi_memset          0x1000'08dd         Code  Gb  ABImemset.o [4]
__aeabi_ui2d            0x1000'2701         Code  Gb  U32ToDbl.o [3]
__aeabi_uldivmod        0x1000'1f95         Code  Gb  I64DivMod.o [4]
__cmain                 0x1000'2a45         Code  Gb  cmain.o [4]
__exit                  0x1000'2aa5   0x14  Code  Gb  exit.o [5]
__iar_Memset            0x1000'08dd         Code  Gb  ABImemset.o [4]
__iar_Memset_word       0x1000'08e5         Code  Gb  ABImemset.o [4]
__iar_close_ttio        0x1000'2ab9   0x2c  Code  Gb  iarttio.o [5]
__iar_copy_init3        0x1000'2283   0x2a  Code  Gb  copy_init3.o [4]
__iar_data_init3        0x1000'2a69   0x18  Code  Gb  data_init.o [4]
__iar_init_vfp          0x1000'2a21         Code  Gb  fpinit_M.o [3]
__iar_lookup_ttioh      0x1000'2ae5    0x8  Code  Gb  XShttio.o [2]
__iar_program_start     0x1000'2a05         Code  Gb  cstartup_M.o [4]
__iar_ttio_handles      0x3800'000c    0x8  Data  Lc  XShttio.o [2]
__iar_zero_init3        0x1000'2aed   0x38  Code  Gb  zero_init3.o [4]
__low_level_init        0x1000'2a63    0x4  Code  Gb  low_level_init.o [2]
__vector_table          0x1000'0000         Data  Gb  startup_ARMCM33.o [1]
__vector_table_0x1c     0x1000'001c         Data  Gb  startup_ARMCM33.o [1]
_atoi                   0x1000'0cfb   0x28  Code  Lc  printf.o [1]
_call_main              0x1000'2a51         Code  Gb  cmain.o [4]
_etoa                   0x1000'131d  0x380  Code  Lc  printf.o [1]
_exit                   0x1000'2a99         Code  Gb  cexit.o [4]
_ftoa                   0x1000'0ff9  0x314  Code  Lc  printf.o [1]
_ftoa::pow10            0x1000'2b48   0x50  Data  Lc  printf.o [1]
_is_digit               0x1000'0ce3   0x18  Code  Lc  printf.o [1]
_ntoa_format            0x1000'0d91  0x11c  Code  Lc  printf.o [1]
_ntoa_long              0x1000'0ead   0x9e  Code  Lc  printf.o [1]
_ntoa_long_long         0x1000'0f4b   0xaa  Code  Lc  printf.o [1]
_out_char               0x1000'0caf   0x1c  Code  Lc  printf.o [1]
_out_null               0x1000'0cad    0x2  Code  Lc  printf.o [1]
_out_rev                0x1000'0d23   0x6e  Code  Lc  printf.o [1]
_strnlen_s              0x1000'0ccb   0x18  Code  Lc  printf.o [1]
_vsnprintf              0x1000'16b5  0x6b0  Code  Lc  printf.o [1]
dump_callstack          0x1000'07c1   0x5e  Code  Gb  main.o [1]
dump_exc_return         0x1000'09e7   0x14  Code  Lc  fault-dump.o [1]
exit                    0x1000'2a93    0x4  Code  Gb  exit.o [2]
fault_dump_bm_stack_point
                        0x1000'0c15    0x6  Code  Gb  fault-dump.o [1]
fault_dump_bm_stack_start
                        0x1000'0c1b    0x4  Code  Gb  fault-dump.o [1]
fault_dump_callstack    0x1000'0b87   0x8e  Code  Gb  fault-dump.o [1]
fault_dump_exc_return   0x1000'1de5   0xa4  Code  Gb  fault-hal.o [1]
fault_dump_handler      0x1000'0a0b  0x17c  Code  Gb  fault-dump.o [1]
fault_dump_handler::buffer
                        0x3800'0014  0x100  Data  Lc  fault-dump.o [1]
fault_dump_handler::frame
                        0x3800'0114   0x40  Data  Lc  fault-dump.o [1]
fault_dump_init         0x1000'0945   0x2c  Code  Gb  fault-dump.o [1]
fault_dump_opcode       0x1000'0971   0x34  Code  Lc  fault-dump.o [1]
fault_dump_unalign      0x1000'1e97   0x4e  Code  Gb  fault-hal.o [1]
fault_dump_using_msp    0x1000'1e89    0xe  Code  Gb  fault-hal.o [1]
fd_main_stack_base      0x3800'0154    0x4  Data  Gb  fault-dump.o [1]
fd_main_stack_full      0x3800'0158    0x4  Data  Gb  fault-dump.o [1]
fd_msp_stack_parser     0x3800'0004    0x4  Data  Lc  fault-dump.o [1]
fd_psp_stack_parser     0x3800'0008    0x4  Data  Lc  fault-dump.o [1]
main                    0x1000'0883   0x24  Code  Gb  main.o [1]
opcode_is_bl_or_blx     0x1000'09a5   0x42  Code  Lc  fault-dump.o [1]
printf                  0x1000'1d65   0x1e  Code  Gb  printf.o [1]
put_char                0x1000'1f3d    0xe  Code  Gb  uart.o [1]
stack_using_msp         0x1000'09fb   0x10  Code  Lc  fault-dump.o [1]
test0                   0x1000'081f   0x14  Code  Gb  main.o [1]
test0::__func__         0x1000'303c    0x8  Data  Lc  main.o [1]
test1                   0x1000'0833   0x10  Code  Gb  main.o [1]
test1::__func__         0x1000'3044    0x8  Data  Lc  main.o [1]
test2                   0x1000'0843   0x10  Code  Gb  main.o [1]
test2::__func__         0x1000'304c    0x8  Data  Lc  main.o [1]
test3                   0x1000'0853   0x10  Code  Gb  main.o [1]
test3::__func__         0x1000'3054    0x8  Data  Lc  main.o [1]
test4                   0x1000'0863   0x10  Code  Gb  main.o [1]
test4::__func__         0x1000'305c    0x8  Data  Lc  main.o [1]
test5                   0x1000'0873   0x10  Code  Gb  main.o [1]
test5::__func__         0x1000'3064    0x8  Data  Lc  main.o [1]
uart_init               0x1000'1f4b   0x28  Code  Gb  uart.o [1]


[1] = C:\Users\xidon\code\github\qemu-simulator\boards\mps2-an505\BareMetal\build\iar
[2] = dl7M_tln.a
[3] = m7M_tls.a
[4] = rt7M_tl.a
[5] = shb_l.a

  11'044 bytes of readonly  code memory
   1'384 bytes of readonly  data memory
   4'444 bytes of readwrite data memory

Errors: none
Warnings: none
